-- The C compiler identification is GNU 11.4.0
-- The CXX compiler identification is GNU 11.4.0
-- Detecting C compiler ABI info
-- Detecting C compiler ABI info - done
-- Check for working C compiler: /usr/bin/cc - skipped
-- Detecting C compile features
-- Detecting C compile features - done
-- Detecting CXX compiler ABI info
-- Detecting CXX compiler ABI info - done
-- Check for working CXX compiler: /usr/bin/c++ - skipped
-- Detecting CXX compile features
-- Detecting CXX compile features - done
-- Found ament_cmake: 1.3.11 (/opt/ros/humble/share/ament_cmake/cmake)
-- Found Python3: /usr/bin/python3 (found version "3.10.12") found components: Interpreter 
-- Found rclcpp: 16.0.12 (/opt/ros/humble/share/rclcpp/cmake)
-- Found rosidl_generator_c: 3.1.6 (/opt/ros/humble/share/rosidl_generator_c/cmake)
-- Found rosidl_adapter: 3.1.6 (/opt/ros/humble/share/rosidl_adapter/cmake)
-- Found rosidl_generator_cpp: 3.1.6 (/opt/ros/humble/share/rosidl_generator_cpp/cmake)
-- Using all available rosidl_typesupport_c: rosidl_typesupport_fastrtps_c;rosidl_typesupport_introspection_c
-- Using all available rosidl_typesupport_cpp: rosidl_typesupport_fastrtps_cpp;rosidl_typesupport_introspection_cpp
-- Found rmw_implementation_cmake: 6.1.2 (/opt/ros/humble/share/rmw_implementation_cmake/cmake)
-- Found rmw_fastrtps_cpp: 6.2.7 (/opt/ros/humble/share/rmw_fastrtps_cpp/cmake)
-- Found OpenSSL: /usr/lib/x86_64-linux-gnu/libcrypto.so (found version "3.0.2")  
-- Found FastRTPS: /opt/ros/humble/include  
-- Using RMW implementation 'rmw_fastrtps_cpp' as default
-- Looking for pthread.h
-- Looking for pthread.h - found
-- Performing Test CMAKE_HAVE_LIBC_PTHREAD
-- Performing Test CMAKE_HAVE_LIBC_PTHREAD - Success
-- Found Threads: TRUE  
-- Found geometry_msgs: 4.8.0 (/opt/ros/humble/share/geometry_msgs/cmake)
-- Found visualization_msgs: 4.8.0 (/opt/ros/humble/share/visualization_msgs/cmake)
-- Found tf2: 0.25.12 (/opt/ros/humble/share/tf2/cmake)
-- Found tf2_ros: 0.25.12 (/opt/ros/humble/share/tf2_ros/cmake)
-- Found tf2_geometry_msgs: 0.25.12 (/opt/ros/humble/share/tf2_geometry_msgs/cmake)
-- Found eigen3_cmake_module: 0.1.1 (/opt/ros/humble/share/eigen3_cmake_module/cmake)
-- Found Eigen3: TRUE (found version "3.4.0") 
-- Ensuring Eigen3 include directory is part of orocos-kdl CMake target
-- Configuring done
-- Generating done
-- Build files have been written to: /home/acdl1/mj_ws/ws_px4_controls/build/ugv_controller
[ 16%] [32mBuilding CXX object CMakeFiles/mission_follower_node.dir/src/mission_follower_node.cpp.o[0m
[ 33%] [32mBuilding CXX object CMakeFiles/path_follower_node.dir/src/path_follower_node.cpp.o[0m
[ 50%] [32mBuilding CXX object CMakeFiles/manual_path_logger_node.dir/src/manual_path_logger_node.cpp.o[0m
[01m[K/home/acdl1/mj_ws/ws_px4_controls/src/ugv_ws/src/ugv_controller/src/mission_follower_node.cpp:[m[K In constructor ‘[01m[KPathFollower::PathFollower()[m[K’:
[01m[K/home/acdl1/mj_ws/ws_px4_controls/src/ugv_ws/src/ugv_controller/src/mission_follower_node.cpp:66:5:[m[K [01;31m[Kerror: [m[K‘[01m[Kready_to_go_sub[m[K’ was not declared in this scope
   66 |     [01;31m[Kready_to_go_sub[m[K = create_subscription<std_msgs::msg::Bool>(
      |     [01;31m[K^~~~~~~~~~~~~~~[m[K
[ 66%] [32m[1mLinking CXX executable manual_path_logger_node[0m
[ 66%] Built target manual_path_logger_node
gmake[2]: *** [CMakeFiles/mission_follower_node.dir/build.make:76: CMakeFiles/mission_follower_node.dir/src/mission_follower_node.cpp.o] Error 1
gmake[1]: *** [CMakeFiles/Makefile2:193: CMakeFiles/mission_follower_node.dir/all] Error 2
gmake[1]: *** Waiting for unfinished jobs....
[ 83%] [32m[1mLinking CXX executable path_follower_node[0m
[ 83%] Built target path_follower_node
gmake: *** [Makefile:146: all] Error 2
