[0.015s] Invoking command in '/home/acdl1/mj_ws/ws_px4_controls/build/ugv_controller': CMAKE_PREFIX_PATH=/opt/ros/humble /usr/bin/cmake /home/acdl1/mj_ws/ws_px4_controls/src/ugv_ws/src/ugv_controller -DCMAKE_INSTALL_PREFIX=/home/acdl1/mj_ws/ws_px4_controls/install/ugv_controller
[0.068s] -- The C compiler identification is GNU 11.4.0
[0.134s] -- The CXX compiler identification is GNU 11.4.0
[0.141s] -- Detecting C compiler ABI info
[0.212s] -- Detecting C compiler ABI info - done
[0.222s] -- Check for working C compiler: /usr/bin/cc - skipped
[0.222s] -- Detecting C compile features
[0.223s] -- Detecting C compile features - done
[0.226s] -- Detecting CXX compiler ABI info
[0.310s] -- Detecting CXX compiler ABI info - done
[0.321s] -- Check for working CXX compiler: /usr/bin/c++ - skipped
[0.321s] -- Detecting CXX compile features
[0.321s] -- Detecting CXX compile features - done
[0.323s] -- Found ament_cmake: 1.3.11 (/opt/ros/humble/share/ament_cmake/cmake)
[0.764s] -- Found Python3: /usr/bin/python3 (found version "3.10.12") found components: Interpreter 
[0.873s] -- Found rclcpp: 16.0.12 (/opt/ros/humble/share/rclcpp/cmake)
[0.905s] -- Found rosidl_generator_c: 3.1.6 (/opt/ros/humble/share/rosidl_generator_c/cmake)
[0.909s] -- Found rosidl_adapter: 3.1.6 (/opt/ros/humble/share/rosidl_adapter/cmake)
[0.916s] -- Found rosidl_generator_cpp: 3.1.6 (/opt/ros/humble/share/rosidl_generator_cpp/cmake)
[0.928s] -- Using all available rosidl_typesupport_c: rosidl_typesupport_fastrtps_c;rosidl_typesupport_introspection_c
[0.945s] -- Using all available rosidl_typesupport_cpp: rosidl_typesupport_fastrtps_cpp;rosidl_typesupport_introspection_cpp
[0.981s] -- Found rmw_implementation_cmake: 6.1.2 (/opt/ros/humble/share/rmw_implementation_cmake/cmake)
[0.983s] -- Found rmw_fastrtps_cpp: 6.2.7 (/opt/ros/humble/share/rmw_fastrtps_cpp/cmake)
[1.056s] -- Found OpenSSL: /usr/lib/x86_64-linux-gnu/libcrypto.so (found version "3.0.2")  
[1.095s] -- Found FastRTPS: /opt/ros/humble/include  
[1.145s] -- Using RMW implementation 'rmw_fastrtps_cpp' as default
[1.152s] -- Looking for pthread.h
[1.218s] -- Looking for pthread.h - found
[1.219s] -- Performing Test CMAKE_HAVE_LIBC_PTHREAD
[1.301s] -- Performing Test CMAKE_HAVE_LIBC_PTHREAD - Success
[1.302s] -- Found Threads: TRUE  
[1.353s] -- Found geometry_msgs: 4.8.0 (/opt/ros/humble/share/geometry_msgs/cmake)
[1.366s] -- Found visualization_msgs: 4.8.0 (/opt/ros/humble/share/visualization_msgs/cmake)
[1.411s] -- Found tf2: 0.25.12 (/opt/ros/humble/share/tf2/cmake)
[1.419s] -- Found tf2_ros: 0.25.12 (/opt/ros/humble/share/tf2_ros/cmake)
[1.515s] -- Found tf2_geometry_msgs: 0.25.12 (/opt/ros/humble/share/tf2_geometry_msgs/cmake)
[1.535s] -- Found eigen3_cmake_module: 0.1.1 (/opt/ros/humble/share/eigen3_cmake_module/cmake)
[1.535s] -- Found Eigen3: TRUE (found version "3.4.0") 
[1.535s] -- Ensuring Eigen3 include directory is part of orocos-kdl CMake target
[1.661s] -- Configuring done
[1.694s] -- Generating done
[1.726s] -- Build files have been written to: /home/acdl1/mj_ws/ws_px4_controls/build/ugv_controller
[1.744s] Invoked command in '/home/acdl1/mj_ws/ws_px4_controls/build/ugv_controller' returned '0': CMAKE_PREFIX_PATH=/opt/ros/humble /usr/bin/cmake /home/acdl1/mj_ws/ws_px4_controls/src/ugv_ws/src/ugv_controller -DCMAKE_INSTALL_PREFIX=/home/acdl1/mj_ws/ws_px4_controls/install/ugv_controller
[1.745s] Invoking command in '/home/acdl1/mj_ws/ws_px4_controls/build/ugv_controller': CMAKE_PREFIX_PATH=/opt/ros/humble /usr/bin/cmake --build /home/acdl1/mj_ws/ws_px4_controls/build/ugv_controller -- -j16 -l16
[1.816s] [ 16%] [32mBuilding CXX object CMakeFiles/mission_follower_node.dir/src/mission_follower_node.cpp.o[0m
[1.816s] [ 33%] [32mBuilding CXX object CMakeFiles/path_follower_node.dir/src/path_follower_node.cpp.o[0m
[1.816s] [ 50%] [32mBuilding CXX object CMakeFiles/manual_path_logger_node.dir/src/manual_path_logger_node.cpp.o[0m
[6.657s] [01m[K/home/acdl1/mj_ws/ws_px4_controls/src/ugv_ws/src/ugv_controller/src/mission_follower_node.cpp:[m[K In constructor ‘[01m[KPathFollower::PathFollower()[m[K’:
[6.657s] [01m[K/home/acdl1/mj_ws/ws_px4_controls/src/ugv_ws/src/ugv_controller/src/mission_follower_node.cpp:66:5:[m[K [01;31m[Kerror: [m[K‘[01m[Kready_to_go_sub[m[K’ was not declared in this scope
[6.657s]    66 |     [01;31m[Kready_to_go_sub[m[K = create_subscription<std_msgs::msg::Bool>(
[6.657s]       |     [01;31m[K^~~~~~~~~~~~~~~[m[K
[7.215s] [ 66%] [32m[1mLinking CXX executable manual_path_logger_node[0m
[7.464s] [ 66%] Built target manual_path_logger_node
[10.451s] gmake[2]: *** [CMakeFiles/mission_follower_node.dir/build.make:76: CMakeFiles/mission_follower_node.dir/src/mission_follower_node.cpp.o] Error 1
[10.452s] gmake[1]: *** [CMakeFiles/Makefile2:193: CMakeFiles/mission_follower_node.dir/all] Error 2
[10.452s] gmake[1]: *** Waiting for unfinished jobs....
[14.653s] [ 83%] [32m[1mLinking CXX executable path_follower_node[0m
[15.340s] [ 83%] Built target path_follower_node
[15.342s] gmake: *** [Makefile:146: all] Error 2
[15.347s] Invoked command in '/home/acdl1/mj_ws/ws_px4_controls/build/ugv_controller' returned '2': CMAKE_PREFIX_PATH=/opt/ros/humble /usr/bin/cmake --build /home/acdl1/mj_ws/ws_px4_controls/build/ugv_controller -- -j16 -l16
