[0.012s] Invoking command in '/home/jmj/pro_asp_ws/ws_px4_controls/build/px4_ros_com': CMAKE_PREFIX_PATH=/home/jmj/pro_asp_ws/ws_px4_controls/install/px4_msgs:/home/jmj/pro_asp_ws/ws_aruco/install/aruco_interfaces:/home/jmj/pro_asp_ws/ws_aruco/install/vision_opencv:/home/jmj/pro_asp_ws/ws_aruco/install/multi_tracker:/home/jmj/pro_asp_ws/ws_aruco/install/image_geometry:/home/jmj/pro_asp_ws/ws_aruco/install/cv_bridge:/home/jmj/pro_asp_ws/ws_px4_controls/install/utilities_pkg:/home/jmj/pro_asp_ws/ws_px4_controls/install/uav_controller_pkg:/home/jmj/pro_asp_ws/ws_px4_controls/install/px4_ros_com:/home/jmj/pro_asp_ws/ws_aruco/install/opencv_tests:/opt/ros/humble LD_LIBRARY_PATH=/home/jmj/pro_asp_ws/ws_px4_controls/install/px4_msgs/lib:/home/jmj/pro_asp_ws/ws_aruco/install/aruco_interfaces/lib:/home/jmj/pro_asp_ws/ws_aruco/install/multi_tracker/lib:/home/jmj/pro_asp_ws/ws_aruco/install/image_geometry/lib:/home/jmj/pro_asp_ws/ws_aruco/install/cv_bridge/lib:/home/jmj/pro_asp_ws/ws_px4_controls/install/px4_ros_com/lib:/opt/ros/humble/opt/rviz_ogre_vendor/lib:/opt/ros/humble/lib/x86_64-linux-gnu:/opt/ros/humble/lib:/usr/local/cuda/lib64 /usr/bin/cmake --build /home/jmj/pro_asp_ws/ws_px4_controls/build/px4_ros_com -- -j20 -l20
[0.044s] [35m[1mConsolidate compiler generated dependencies of target sensor_combined_listener[0m
[0.044s] [35m[1mConsolidate compiler generated dependencies of target vehicle_gps_position_listener[0m
[0.044s] [35m[1mConsolidate compiler generated dependencies of target offboard_control_key[0m
[0.044s] [35m[1mConsolidate compiler generated dependencies of target debug_vect_advertiser[0m
[0.044s] [35m[1mConsolidate compiler generated dependencies of target offboard_control[0m
[0.044s] [35m[1mConsolidate compiler generated dependencies of target frame_transforms[0m
[0.045s] [35m[1mConsolidate compiler generated dependencies of target offboard_control_srv[0m
[0.045s] [35m[1mConsolidate compiler generated dependencies of target cli_pose_command[0m
[0.060s] [ 31%] Built target frame_transforms
[0.060s] [ 31%] Built target sensor_combined_listener
[0.060s] [ 37%] Built target debug_vect_advertiser
[0.060s] [ 50%] Built target vehicle_gps_position_listener
[0.060s] [ 62%] Built target offboard_control_key
[0.060s] [ 62%] Built target ament_cmake_python_copy_px4_ros_com
[0.061s] [ 75%] Built target cli_pose_command
[0.061s] [ 87%] Built target offboard_control_srv
[0.065s] [100%] Built target offboard_control
[0.242s] running egg_info
[0.243s] writing px4_ros_com.egg-info/PKG-INFO
[0.243s] writing dependency_links to px4_ros_com.egg-info/dependency_links.txt
[0.243s] writing top-level names to px4_ros_com.egg-info/top_level.txt
[0.245s] reading manifest file 'px4_ros_com.egg-info/SOURCES.txt'
[0.245s] writing manifest file 'px4_ros_com.egg-info/SOURCES.txt'
[0.268s] [100%] Built target ament_cmake_python_build_px4_ros_com_egg
[0.277s] Invoked command in '/home/jmj/pro_asp_ws/ws_px4_controls/build/px4_ros_com' returned '0': CMAKE_PREFIX_PATH=/home/jmj/pro_asp_ws/ws_px4_controls/install/px4_msgs:/home/jmj/pro_asp_ws/ws_aruco/install/aruco_interfaces:/home/jmj/pro_asp_ws/ws_aruco/install/vision_opencv:/home/jmj/pro_asp_ws/ws_aruco/install/multi_tracker:/home/jmj/pro_asp_ws/ws_aruco/install/image_geometry:/home/jmj/pro_asp_ws/ws_aruco/install/cv_bridge:/home/jmj/pro_asp_ws/ws_px4_controls/install/utilities_pkg:/home/jmj/pro_asp_ws/ws_px4_controls/install/uav_controller_pkg:/home/jmj/pro_asp_ws/ws_px4_controls/install/px4_ros_com:/home/jmj/pro_asp_ws/ws_aruco/install/opencv_tests:/opt/ros/humble LD_LIBRARY_PATH=/home/jmj/pro_asp_ws/ws_px4_controls/install/px4_msgs/lib:/home/jmj/pro_asp_ws/ws_aruco/install/aruco_interfaces/lib:/home/jmj/pro_asp_ws/ws_aruco/install/multi_tracker/lib:/home/jmj/pro_asp_ws/ws_aruco/install/image_geometry/lib:/home/jmj/pro_asp_ws/ws_aruco/install/cv_bridge/lib:/home/jmj/pro_asp_ws/ws_px4_controls/install/px4_ros_com/lib:/opt/ros/humble/opt/rviz_ogre_vendor/lib:/opt/ros/humble/lib/x86_64-linux-gnu:/opt/ros/humble/lib:/usr/local/cuda/lib64 /usr/bin/cmake --build /home/jmj/pro_asp_ws/ws_px4_controls/build/px4_ros_com -- -j20 -l20
[0.278s] Invoking command in '/home/jmj/pro_asp_ws/ws_px4_controls/build/px4_ros_com': CMAKE_PREFIX_PATH=/home/jmj/pro_asp_ws/ws_px4_controls/install/px4_msgs:/home/jmj/pro_asp_ws/ws_aruco/install/aruco_interfaces:/home/jmj/pro_asp_ws/ws_aruco/install/vision_opencv:/home/jmj/pro_asp_ws/ws_aruco/install/multi_tracker:/home/jmj/pro_asp_ws/ws_aruco/install/image_geometry:/home/jmj/pro_asp_ws/ws_aruco/install/cv_bridge:/home/jmj/pro_asp_ws/ws_px4_controls/install/utilities_pkg:/home/jmj/pro_asp_ws/ws_px4_controls/install/uav_controller_pkg:/home/jmj/pro_asp_ws/ws_px4_controls/install/px4_ros_com:/home/jmj/pro_asp_ws/ws_aruco/install/opencv_tests:/opt/ros/humble LD_LIBRARY_PATH=/home/jmj/pro_asp_ws/ws_px4_controls/install/px4_msgs/lib:/home/jmj/pro_asp_ws/ws_aruco/install/aruco_interfaces/lib:/home/jmj/pro_asp_ws/ws_aruco/install/multi_tracker/lib:/home/jmj/pro_asp_ws/ws_aruco/install/image_geometry/lib:/home/jmj/pro_asp_ws/ws_aruco/install/cv_bridge/lib:/home/jmj/pro_asp_ws/ws_px4_controls/install/px4_ros_com/lib:/opt/ros/humble/opt/rviz_ogre_vendor/lib:/opt/ros/humble/lib/x86_64-linux-gnu:/opt/ros/humble/lib:/usr/local/cuda/lib64 /usr/bin/cmake --install /home/jmj/pro_asp_ws/ws_px4_controls/build/px4_ros_com
[0.283s] -- Install configuration: ""
[0.283s] -- Installing: /home/jmj/pro_asp_ws/ws_px4_controls/install/px4_ros_com/lib/px4_ros_com/sensor_combined_listener
[0.285s] -- Set runtime path of "/home/jmj/pro_asp_ws/ws_px4_controls/install/px4_ros_com/lib/px4_ros_com/sensor_combined_listener" to ""
[0.285s] -- Installing: /home/jmj/pro_asp_ws/ws_px4_controls/install/px4_ros_com/lib/px4_ros_com/vehicle_gps_position_listener
[0.287s] -- Set runtime path of "/home/jmj/pro_asp_ws/ws_px4_controls/install/px4_ros_com/lib/px4_ros_com/vehicle_gps_position_listener" to ""
[0.287s] -- Installing: /home/jmj/pro_asp_ws/ws_px4_controls/install/px4_ros_com/lib/px4_ros_com/debug_vect_advertiser
[0.287s] -- Set runtime path of "/home/jmj/pro_asp_ws/ws_px4_controls/install/px4_ros_com/lib/px4_ros_com/debug_vect_advertiser" to ""
[0.288s] -- Installing: /home/jmj/pro_asp_ws/ws_px4_controls/install/px4_ros_com/lib/px4_ros_com/offboard_control
[0.290s] -- Set runtime path of "/home/jmj/pro_asp_ws/ws_px4_controls/install/px4_ros_com/lib/px4_ros_com/offboard_control" to ""
[0.290s] -- Installing: /home/jmj/pro_asp_ws/ws_px4_controls/install/px4_ros_com/lib/px4_ros_com/offboard_control_srv
[0.291s] -- Set runtime path of "/home/jmj/pro_asp_ws/ws_px4_controls/install/px4_ros_com/lib/px4_ros_com/offboard_control_srv" to ""
[0.291s] -- Installing: /home/jmj/pro_asp_ws/ws_px4_controls/install/px4_ros_com/lib/px4_ros_com/offboard_control_key
[0.294s] -- Set runtime path of "/home/jmj/pro_asp_ws/ws_px4_controls/install/px4_ros_com/lib/px4_ros_com/offboard_control_key" to ""
[0.294s] -- Installing: /home/jmj/pro_asp_ws/ws_px4_controls/install/px4_ros_com/lib/px4_ros_com/cli_pose_command
[0.295s] -- Set runtime path of "/home/jmj/pro_asp_ws/ws_px4_controls/install/px4_ros_com/lib/px4_ros_com/cli_pose_command" to ""
[0.295s] -- Installing: /home/jmj/pro_asp_ws/ws_px4_controls/install/px4_ros_com/share/px4_ros_com/environment/library_path.sh
[0.295s] -- Installing: /home/jmj/pro_asp_ws/ws_px4_controls/install/px4_ros_com/share/px4_ros_com/environment/library_path.dsv
[0.295s] -- Installing: /home/jmj/pro_asp_ws/ws_px4_controls/install/px4_ros_com/include/px4_ros_com
[0.295s] -- Installing: /home/jmj/pro_asp_ws/ws_px4_controls/install/px4_ros_com/include/px4_ros_com/frame_transforms.h
[0.295s] -- Installing: /home/jmj/pro_asp_ws/ws_px4_controls/install/px4_ros_com/lib/libframe_transforms.so
[0.298s] -- Set runtime path of "/home/jmj/pro_asp_ws/ws_px4_controls/install/px4_ros_com/lib/libframe_transforms.so" to ""
[0.298s] -- Installing: /home/jmj/pro_asp_ws/ws_px4_controls/install/px4_ros_com/share/px4_ros_com//launch
[0.298s] -- Installing: /home/jmj/pro_asp_ws/ws_px4_controls/install/px4_ros_com/share/px4_ros_com//launch/sensor_combined_listener.launch.py
[0.298s] -- Installing: /home/jmj/pro_asp_ws/ws_px4_controls/install/px4_ros_com/share/px4_ros_com//launch/offboard_control_launch.yaml
[0.298s] -- Installing: /home/jmj/pro_asp_ws/ws_px4_controls/install/px4_ros_com/share/px4_ros_com//test
[0.298s] -- Installing: /home/jmj/pro_asp_ws/ws_px4_controls/install/px4_ros_com/share/px4_ros_com//test/test_input.py
[0.298s] -- Installing: /home/jmj/pro_asp_ws/ws_px4_controls/install/px4_ros_com/share/px4_ros_com//test/__init__.py
[0.298s] -- Installing: /home/jmj/pro_asp_ws/ws_px4_controls/install/px4_ros_com/share/px4_ros_com//test/test_output.py
[0.298s] -- Installing: /home/jmj/pro_asp_ws/ws_px4_controls/install/px4_ros_com/share/px4_ros_com//test/pipeline_io_test.py
[0.298s] -- Installing: /home/jmj/pro_asp_ws/ws_px4_controls/install/px4_ros_com/share/px4_ros_com/environment/pythonpath.sh
[0.299s] -- Installing: /home/jmj/pro_asp_ws/ws_px4_controls/install/px4_ros_com/share/px4_ros_com/environment/pythonpath.dsv
[0.299s] -- Installing: /home/jmj/pro_asp_ws/ws_px4_controls/install/px4_ros_com/local/lib/python3.10/dist-packages/px4_ros_com-0.1.0-py3.10.egg-info
[0.299s] -- Installing: /home/jmj/pro_asp_ws/ws_px4_controls/install/px4_ros_com/local/lib/python3.10/dist-packages/px4_ros_com-0.1.0-py3.10.egg-info/dependency_links.txt
[0.299s] -- Installing: /home/jmj/pro_asp_ws/ws_px4_controls/install/px4_ros_com/local/lib/python3.10/dist-packages/px4_ros_com-0.1.0-py3.10.egg-info/top_level.txt
[0.299s] -- Installing: /home/jmj/pro_asp_ws/ws_px4_controls/install/px4_ros_com/local/lib/python3.10/dist-packages/px4_ros_com-0.1.0-py3.10.egg-info/PKG-INFO
[0.299s] -- Installing: /home/jmj/pro_asp_ws/ws_px4_controls/install/px4_ros_com/local/lib/python3.10/dist-packages/px4_ros_com-0.1.0-py3.10.egg-info/SOURCES.txt
[0.299s] -- Installing: /home/jmj/pro_asp_ws/ws_px4_controls/install/px4_ros_com/local/lib/python3.10/dist-packages/px4_ros_com
[0.299s] -- Installing: /home/jmj/pro_asp_ws/ws_px4_controls/install/px4_ros_com/local/lib/python3.10/dist-packages/px4_ros_com/__init__.py
[0.299s] -- Installing: /home/jmj/pro_asp_ws/ws_px4_controls/install/px4_ros_com/local/lib/python3.10/dist-packages/px4_ros_com/module_to_import.py
[0.326s] Listing '/home/jmj/pro_asp_ws/ws_px4_controls/install/px4_ros_com/local/lib/python3.10/dist-packages/px4_ros_com'...
[0.326s] Compiling '/home/jmj/pro_asp_ws/ws_px4_controls/install/px4_ros_com/local/lib/python3.10/dist-packages/px4_ros_com/__init__.py'...
[0.326s] Compiling '/home/jmj/pro_asp_ws/ws_px4_controls/install/px4_ros_com/local/lib/python3.10/dist-packages/px4_ros_com/module_to_import.py'...
[0.329s] -- Installing: /home/jmj/pro_asp_ws/ws_px4_controls/install/px4_ros_com/lib/px4_ros_com/offboard_control.py
[0.329s] -- Installing: /home/jmj/pro_asp_ws/ws_px4_controls/install/px4_ros_com/share/ament_index/resource_index/package_run_dependencies/px4_ros_com
[0.329s] -- Installing: /home/jmj/pro_asp_ws/ws_px4_controls/install/px4_ros_com/share/ament_index/resource_index/parent_prefix_path/px4_ros_com
[0.329s] -- Installing: /home/jmj/pro_asp_ws/ws_px4_controls/install/px4_ros_com/share/px4_ros_com/environment/ament_prefix_path.sh
[0.329s] -- Installing: /home/jmj/pro_asp_ws/ws_px4_controls/install/px4_ros_com/share/px4_ros_com/environment/ament_prefix_path.dsv
[0.329s] -- Installing: /home/jmj/pro_asp_ws/ws_px4_controls/install/px4_ros_com/share/px4_ros_com/environment/path.sh
[0.329s] -- Installing: /home/jmj/pro_asp_ws/ws_px4_controls/install/px4_ros_com/share/px4_ros_com/environment/path.dsv
[0.329s] -- Installing: /home/jmj/pro_asp_ws/ws_px4_controls/install/px4_ros_com/share/px4_ros_com/local_setup.bash
[0.329s] -- Installing: /home/jmj/pro_asp_ws/ws_px4_controls/install/px4_ros_com/share/px4_ros_com/local_setup.sh
[0.329s] -- Installing: /home/jmj/pro_asp_ws/ws_px4_controls/install/px4_ros_com/share/px4_ros_com/local_setup.zsh
[0.329s] -- Installing: /home/jmj/pro_asp_ws/ws_px4_controls/install/px4_ros_com/share/px4_ros_com/local_setup.dsv
[0.330s] -- Installing: /home/jmj/pro_asp_ws/ws_px4_controls/install/px4_ros_com/share/px4_ros_com/package.dsv
[0.330s] -- Installing: /home/jmj/pro_asp_ws/ws_px4_controls/install/px4_ros_com/share/ament_index/resource_index/packages/px4_ros_com
[0.330s] -- Installing: /home/jmj/pro_asp_ws/ws_px4_controls/install/px4_ros_com/share/px4_ros_com/cmake/export_frame_transformsExport.cmake
[0.330s] -- Installing: /home/jmj/pro_asp_ws/ws_px4_controls/install/px4_ros_com/share/px4_ros_com/cmake/export_frame_transformsExport-noconfig.cmake
[0.330s] -- Installing: /home/jmj/pro_asp_ws/ws_px4_controls/install/px4_ros_com/share/px4_ros_com/cmake/ament_cmake_export_dependencies-extras.cmake
[0.330s] -- Installing: /home/jmj/pro_asp_ws/ws_px4_controls/install/px4_ros_com/share/px4_ros_com/cmake/ament_cmake_export_targets-extras.cmake
[0.330s] -- Installing: /home/jmj/pro_asp_ws/ws_px4_controls/install/px4_ros_com/share/px4_ros_com/cmake/ament_cmake_export_include_directories-extras.cmake
[0.330s] -- Installing: /home/jmj/pro_asp_ws/ws_px4_controls/install/px4_ros_com/share/px4_ros_com/cmake/ament_cmake_export_libraries-extras.cmake
[0.330s] -- Installing: /home/jmj/pro_asp_ws/ws_px4_controls/install/px4_ros_com/share/px4_ros_com/cmake/px4_ros_comConfig.cmake
[0.330s] -- Installing: /home/jmj/pro_asp_ws/ws_px4_controls/install/px4_ros_com/share/px4_ros_com/cmake/px4_ros_comConfig-version.cmake
[0.330s] -- Installing: /home/jmj/pro_asp_ws/ws_px4_controls/install/px4_ros_com/share/px4_ros_com/package.xml
[0.332s] Invoked command in '/home/jmj/pro_asp_ws/ws_px4_controls/build/px4_ros_com' returned '0': CMAKE_PREFIX_PATH=/home/jmj/pro_asp_ws/ws_px4_controls/install/px4_msgs:/home/jmj/pro_asp_ws/ws_aruco/install/aruco_interfaces:/home/jmj/pro_asp_ws/ws_aruco/install/vision_opencv:/home/jmj/pro_asp_ws/ws_aruco/install/multi_tracker:/home/jmj/pro_asp_ws/ws_aruco/install/image_geometry:/home/jmj/pro_asp_ws/ws_aruco/install/cv_bridge:/home/jmj/pro_asp_ws/ws_px4_controls/install/utilities_pkg:/home/jmj/pro_asp_ws/ws_px4_controls/install/uav_controller_pkg:/home/jmj/pro_asp_ws/ws_px4_controls/install/px4_ros_com:/home/jmj/pro_asp_ws/ws_aruco/install/opencv_tests:/opt/ros/humble LD_LIBRARY_PATH=/home/jmj/pro_asp_ws/ws_px4_controls/install/px4_msgs/lib:/home/jmj/pro_asp_ws/ws_aruco/install/aruco_interfaces/lib:/home/jmj/pro_asp_ws/ws_aruco/install/multi_tracker/lib:/home/jmj/pro_asp_ws/ws_aruco/install/image_geometry/lib:/home/jmj/pro_asp_ws/ws_aruco/install/cv_bridge/lib:/home/jmj/pro_asp_ws/ws_px4_controls/install/px4_ros_com/lib:/opt/ros/humble/opt/rviz_ogre_vendor/lib:/opt/ros/humble/lib/x86_64-linux-gnu:/opt/ros/humble/lib:/usr/local/cuda/lib64 /usr/bin/cmake --install /home/jmj/pro_asp_ws/ws_px4_controls/build/px4_ros_com
