[35m[1mConsolidate compiler generated dependencies of target offboard_control[0m
[ 12%] Built target frame_transforms
[ 25%] Built target vehicle_gps_position_listener
[ 37%] Built target sensor_combined_listener
[ 50%] Built target debug_vect_advertiser
[ 62%] Built target offboard_control_srv
[ 62%] Built target ament_cmake_python_copy_px4_ros_com
[ 75%] Built target cli_pose_command
[ 87%] Built target offboard_control_key
[ 93%] [32mBuilding CXX object CMakeFiles/offboard_control.dir/src/examples/offboard/offboard_control.cpp.o[0m
running egg_info
writing px4_ros_com.egg-info/PKG-INFO
writing dependency_links to px4_ros_com.egg-info/dependency_links.txt
writing top-level names to px4_ros_com.egg-info/top_level.txt
reading manifest file 'px4_ros_com.egg-info/SOURCES.txt'
writing manifest file 'px4_ros_com.egg-info/SOURCES.txt'
[ 93%] Built target ament_cmake_python_build_px4_ros_com_egg
[01m[K/home/jmj/pro_asp_ws/ws_px4_controls/src/px4_ros_com/src/examples/offboard/offboard_control.cpp:[m[K In constructor ‘[01m[KOffboardControl::OffboardControl()[m[K’:
[01m[K/home/jmj/pro_asp_ws/ws_px4_controls/src/px4_ros_com/src/examples/offboard/offboard_control.cpp:39:119:[m[K [01;31m[Kerror: [m[K‘[01m[Ktarget_waypoint_callback[m[K’ is not a member of ‘[01m[KOffboardControl[m[K’
   39 |     pose_sub_ = create_subscription<geometry_msgs::msg::PoseStamped>("/command/pose", 10, std::bind(&OffboardControl::[01;31m[Ktarget_waypoint_callback[m[K, this, _1)); // 이름 변경
      |                                                                                                                       [01;31m[K^~~~~~~~~~~~~~~~~~~~~~~~[m[K
In file included from [01m[K/opt/ros/humble/include/rclcpp/rclcpp/logging.hpp:24[m[K,
                 from [01m[K/opt/ros/humble/include/rclcpp/rclcpp/client.hpp:40[m[K,
                 from [01m[K/opt/ros/humble/include/rclcpp/rclcpp/callback_group.hpp:24[m[K,
                 from [01m[K/opt/ros/humble/include/rclcpp/rclcpp/any_executable.hpp:20[m[K,
                 from [01m[K/opt/ros/humble/include/rclcpp/rclcpp/memory_strategy.hpp:25[m[K,
                 from [01m[K/opt/ros/humble/include/rclcpp/rclcpp/memory_strategies.hpp:18[m[K,
                 from [01m[K/opt/ros/humble/include/rclcpp/rclcpp/executor_options.hpp:20[m[K,
                 from [01m[K/opt/ros/humble/include/rclcpp/rclcpp/executor.hpp:37[m[K,
                 from [01m[K/opt/ros/humble/include/rclcpp/rclcpp/executors/multi_threaded_executor.hpp:25[m[K,
                 from [01m[K/opt/ros/humble/include/rclcpp/rclcpp/executors.hpp:21[m[K,
                 from [01m[K/opt/ros/humble/include/rclcpp/rclcpp/rclcpp.hpp:155[m[K,
                 from [01m[K/opt/ros/humble/include/tf2_ros/tf2_ros/buffer_interface.h:48[m[K,
                 from [01m[K/opt/ros/humble/include/tf2_geometry_msgs/tf2_geometry_msgs/tf2_geometry_msgs.hpp:60[m[K,
                 from [01m[K/home/jmj/pro_asp_ws/ws_px4_controls/src/px4_ros_com/src/examples/offboard/offboard_control.cpp:10[m[K:
[01m[K/home/jmj/pro_asp_ws/ws_px4_controls/src/px4_ros_com/src/examples/offboard/offboard_control.cpp:[m[K In member function ‘[01m[Kvoid OffboardControl::target_pose_callback(geometry_msgs::msg::PoseStamped_<std::allocator<void> >::SharedPtr)[m[K’:
[01m[K/home/jmj/pro_asp_ws/ws_px4_controls/src/px4_ros_com/src/examples/offboard/offboard_control.cpp:204:32:[m[K [01;31m[Kerror: [m[K‘[01m[Kusing PoseStamped = struct geometry_msgs::msg::PoseStamped_<std::allocator<void> >[m[K’ {aka ‘[01m[Kstruct geometry_msgs::msg::PoseStamped_<std::allocator<void> >[m[K’} has no member named ‘[01m[Kposition[m[K’
  204 |                 odom_goal_pose.[01;31m[Kposition[m[K.x, odom_goal_pose.position.y,
      |                                [01;31m[K^~~~~~~~[m[K
[01m[K/home/jmj/pro_asp_ws/ws_px4_controls/src/px4_ros_com/src/examples/offboard/offboard_control.cpp:204:59:[m[K [01;31m[Kerror: [m[K‘[01m[Kusing PoseStamped = struct geometry_msgs::msg::PoseStamped_<std::allocator<void> >[m[K’ {aka ‘[01m[Kstruct geometry_msgs::msg::PoseStamped_<std::allocator<void> >[m[K’} has no member named ‘[01m[Kposition[m[K’
  204 |                 odom_goal_pose.position.x, odom_goal_pose.[01;31m[Kposition[m[K.y,
      |                                                           [01;31m[K^~~~~~~~[m[K
[01m[K/home/jmj/pro_asp_ws/ws_px4_controls/src/px4_ros_com/src/examples/offboard/offboard_control.cpp:205:32:[m[K [01;31m[Kerror: [m[K‘[01m[Kusing PoseStamped = struct geometry_msgs::msg::PoseStamped_<std::allocator<void> >[m[K’ {aka ‘[01m[Kstruct geometry_msgs::msg::PoseStamped_<std::allocator<void> >[m[K’} has no member named ‘[01m[Kposition[m[K’
  205 |                 odom_goal_pose.[01;31m[Kposition[m[K.z, tf2::getYaw(odom_goal_pose.orientation));
      |                                [01;31m[K^~~~~~~~[m[K
[01m[K/home/jmj/pro_asp_ws/ws_px4_controls/src/px4_ros_com/src/examples/offboard/offboard_control.cpp:205:71:[m[K [01;31m[Kerror: [m[K‘[01m[Kusing PoseStamped = struct geometry_msgs::msg::PoseStamped_<std::allocator<void> >[m[K’ {aka ‘[01m[Kstruct geometry_msgs::msg::PoseStamped_<std::allocator<void> >[m[K’} has no member named ‘[01m[Korientation[m[K’
  205 |                 odom_goal_pose.position.z, tf2::getYaw(odom_goal_pose.[01;31m[Korientation[m[K));
      |                                                                       [01;31m[K^~~~~~~~~~~[m[K
[01m[K/home/jmj/pro_asp_ws/ws_px4_controls/src/px4_ros_com/src/examples/offboard/offboard_control.cpp:208:59:[m[K [01;31m[Kerror: [m[K‘[01m[Kusing PoseStamped = struct geometry_msgs::msg::PoseStamped_<std::allocator<void> >[m[K’ {aka ‘[01m[Kstruct geometry_msgs::msg::PoseStamped_<std::allocator<void> >[m[K’} has no member named ‘[01m[Kposition[m[K’
  208 |     current_target_setpoint_.position[0] = odom_goal_pose.[01;31m[Kposition[m[K.x;   // PX4 X (North)
      |                                                           [01;31m[K^~~~~~~~[m[K
[01m[K/home/jmj/pro_asp_ws/ws_px4_controls/src/px4_ros_com/src/examples/offboard/offboard_control.cpp:209:59:[m[K [01;31m[Kerror: [m[K‘[01m[Kusing PoseStamped = struct geometry_msgs::msg::PoseStamped_<std::allocator<void> >[m[K’ {aka ‘[01m[Kstruct geometry_msgs::msg::PoseStamped_<std::allocator<void> >[m[K’} has no member named ‘[01m[Kposition[m[K’
  209 |     current_target_setpoint_.position[1] = odom_goal_pose.[01;31m[Kposition[m[K.y;   // PX4 Y (East)
      |                                                           [01;31m[K^~~~~~~~[m[K
[01m[K/home/jmj/pro_asp_ws/ws_px4_controls/src/px4_ros_com/src/examples/offboard/offboard_control.cpp:210:60:[m[K [01;31m[Kerror: [m[K‘[01m[Kusing PoseStamped = struct geometry_msgs::msg::PoseStamped_<std::allocator<void> >[m[K’ {aka ‘[01m[Kstruct geometry_msgs::msg::PoseStamped_<std::allocator<void> >[m[K’} has no member named ‘[01m[Kposition[m[K’
  210 |     current_target_setpoint_.position[2] = -odom_goal_pose.[01;31m[Kposition[m[K.z;  // PX4 Z (Down) <= -Up
      |                                                            [01;31m[K^~~~~~~~[m[K
[01m[K/home/jmj/pro_asp_ws/ws_px4_controls/src/px4_ros_com/src/examples/offboard/offboard_control.cpp:212:63:[m[K [01;31m[Kerror: [m[K‘[01m[Kusing PoseStamped = struct geometry_msgs::msg::PoseStamped_<std::allocator<void> >[m[K’ {aka ‘[01m[Kstruct geometry_msgs::msg::PoseStamped_<std::allocator<void> >[m[K’} has no member named ‘[01m[Korientation[m[K’
  212 |     current_target_setpoint_.yaw = tf2::getYaw(odom_goal_pose.[01;31m[Korientation[m[K); // Yaw
      |                                                               [01;31m[K^~~~~~~~~~~[m[K
gmake[2]: *** [CMakeFiles/offboard_control.dir/build.make:76: CMakeFiles/offboard_control.dir/src/examples/offboard/offboard_control.cpp.o] Error 1
gmake[1]: *** [CMakeFiles/Makefile2:258: CMakeFiles/offboard_control.dir/all] Error 2
gmake: *** [Makefile:146: all] Error 2
