[35m[1mConsolidate compiler generated dependencies of target uav_controller[0m
[ 50%] [32mBuilding CXX object CMakeFiles/uav_controller.dir/src/uav_controller.cpp.o[0m
[01m[K/home/jmj/pro_asp_ws/ws_px4_controls/src/uav_controller_pkg/src/uav_controller.cpp:[m[K In constructor ‘[01m[KUavController::UavController()[m[K’:
[01m[K/home/jmj/pro_asp_ws/ws_px4_controls/src/uav_controller_pkg/src/uav_controller.cpp:76:39:[m[K [01;31m[Kerror: [m[K‘[01m[Kodometry_cb[m[K’ is not a member of ‘[01m[KUavController[m[K’
   76 |             std::bind(&UavController::[01;31m[Kodometry_cb[m[K, this, std::placeholders::_1));
      |                                       [01;31m[K^~~~~~~~~~~[m[K
[01m[K/home/jmj/pro_asp_ws/ws_px4_controls/src/uav_controller_pkg/src/uav_controller.cpp:[m[K In member function ‘[01m[Kvoid UavController::set_local_static()[m[K’:
[01m[K/home/jmj/pro_asp_ws/ws_px4_controls/src/uav_controller_pkg/src/uav_controller.cpp:156:26:[m[K [01;31m[Kerror: [m[K‘[01m[Kclock_[m[K’ was not declared in this scope; did you mean ‘[01m[Kclock_t[m[K’?
  156 |         t.header.stamp = [01;31m[Kclock_[m[K->now();
      |                          [01;31m[K^~~~~~[m[K
      |                          [32m[Kclock_t[m[K
[01m[K/home/jmj/pro_asp_ws/ws_px4_controls/src/uav_controller_pkg/src/uav_controller.cpp:165:9:[m[K [01;31m[Kerror: [m[K‘[01m[Kstatic_broadcaster_[m[K’ was not declared in this scope
  165 |         [01;31m[Kstatic_broadcaster_[m[K->sendTransform(t);
      |         [01;31m[K^~~~~~~~~~~~~~~~~~~[m[K
[01m[K/home/jmj/pro_asp_ws/ws_px4_controls/src/uav_controller_pkg/src/uav_controller.cpp:[m[K In member function ‘[01m[Kvoid UavController::main_loop()[m[K’:
[01m[K/home/jmj/pro_asp_ws/ws_px4_controls/src/uav_controller_pkg/src/uav_controller.cpp:259:38:[m[K [01;31m[Kerror: [m[Kcannot convert ‘[01m[Kconst geometry_msgs::msg::Point_<std::allocator<void> >[m[K’ to ‘[01m[Kconst Pose&[m[K’ {aka ‘[01m[Kconst geometry_msgs::msg::Pose_<std::allocator<void> >&[m[K’}
  259 |             send_setpoint_enu_to_ned([01;31m[Kwp[m[K);
      |                                      [01;31m[K^~[m[K
      |                                      [01;31m[K|[m[K
      |                                      [01;31m[Kconst geometry_msgs::msg::Point_<std::allocator<void> >[m[K
[01m[K/home/jmj/pro_asp_ws/ws_px4_controls/src/uav_controller_pkg/src/uav_controller.cpp:456:67:[m[K [01;36m[Knote: [m[K  initializing argument 1 of ‘[01m[Kvoid UavController::send_setpoint_enu_to_ned(const Pose&)[m[K’
  456 |     void send_setpoint_enu_to_ned([01;36m[Kconst geometry_msgs::msg::Pose &target_pose_map[m[K)
      |                                   [01;36m[K~~~~~~~~~~~~~~~~~~~~~~~~~~~~~~~~^~~~~~~~~~~~~~~[m[K
[01m[K/home/jmj/pro_asp_ws/ws_px4_controls/src/uav_controller_pkg/src/uav_controller.cpp:305:42:[m[K [01;31m[Kerror: [m[Kcannot convert ‘[01m[Kconst geometry_msgs::msg::Point_<std::allocator<void> >[m[K’ to ‘[01m[Kconst Pose&[m[K’ {aka ‘[01m[Kconst geometry_msgs::msg::Pose_<std::allocator<void> >&[m[K’}
  305 |                 send_setpoint_enu_to_ned([01;31m[Kwp[m[K);
      |                                          [01;31m[K^~[m[K
      |                                          [01;31m[K|[m[K
      |                                          [01;31m[Kconst geometry_msgs::msg::Point_<std::allocator<void> >[m[K
[01m[K/home/jmj/pro_asp_ws/ws_px4_controls/src/uav_controller_pkg/src/uav_controller.cpp:456:67:[m[K [01;36m[Knote: [m[K  initializing argument 1 of ‘[01m[Kvoid UavController::send_setpoint_enu_to_ned(const Pose&)[m[K’
  456 |     void send_setpoint_enu_to_ned([01;36m[Kconst geometry_msgs::msg::Pose &target_pose_map[m[K)
      |                                   [01;36m[K~~~~~~~~~~~~~~~~~~~~~~~~~~~~~~~~^~~~~~~~~~~~~~~[m[K
[01m[K/home/jmj/pro_asp_ws/ws_px4_controls/src/uav_controller_pkg/src/uav_controller.cpp:310:42:[m[K [01;31m[Kerror: [m[Kcannot convert ‘[01m[Kconst geometry_msgs::msg::Point_<std::allocator<void> >[m[K’ to ‘[01m[Kconst Pose&[m[K’ {aka ‘[01m[Kconst geometry_msgs::msg::Pose_<std::allocator<void> >&[m[K’}
  310 |                 send_setpoint_enu_to_ned([01;31m[Kwp[m[K);
      |                                          [01;31m[K^~[m[K
      |                                          [01;31m[K|[m[K
      |                                          [01;31m[Kconst geometry_msgs::msg::Point_<std::allocator<void> >[m[K
[01m[K/home/jmj/pro_asp_ws/ws_px4_controls/src/uav_controller_pkg/src/uav_controller.cpp:456:67:[m[K [01;36m[Knote: [m[K  initializing argument 1 of ‘[01m[Kvoid UavController::send_setpoint_enu_to_ned(const Pose&)[m[K’
  456 |     void send_setpoint_enu_to_ned([01;36m[Kconst geometry_msgs::msg::Pose &target_pose_map[m[K)
      |                                   [01;36m[K~~~~~~~~~~~~~~~~~~~~~~~~~~~~~~~~^~~~~~~~~~~~~~~[m[K
[01m[K/home/jmj/pro_asp_ws/ws_px4_controls/src/uav_controller_pkg/src/uav_controller.cpp:333:42:[m[K [01;31m[Kerror: [m[Kcannot convert ‘[01m[Kconst geometry_msgs::msg::Point_<std::allocator<void> >[m[K’ to ‘[01m[Kconst Pose&[m[K’ {aka ‘[01m[Kconst geometry_msgs::msg::Pose_<std::allocator<void> >&[m[K’}
  333 |                 send_setpoint_enu_to_ned([01;31m[Kwp[m[K);
      |                                          [01;31m[K^~[m[K
      |                                          [01;31m[K|[m[K
      |                                          [01;31m[Kconst geometry_msgs::msg::Point_<std::allocator<void> >[m[K
[01m[K/home/jmj/pro_asp_ws/ws_px4_controls/src/uav_controller_pkg/src/uav_controller.cpp:456:67:[m[K [01;36m[Knote: [m[K  initializing argument 1 of ‘[01m[Kvoid UavController::send_setpoint_enu_to_ned(const Pose&)[m[K’
  456 |     void send_setpoint_enu_to_ned([01;36m[Kconst geometry_msgs::msg::Pose &target_pose_map[m[K)
      |                                   [01;36m[K~~~~~~~~~~~~~~~~~~~~~~~~~~~~~~~~^~~~~~~~~~~~~~~[m[K
[01m[K/home/jmj/pro_asp_ws/ws_px4_controls/src/uav_controller_pkg/src/uav_controller.cpp:337:42:[m[K [01;31m[Kerror: [m[Kcannot convert ‘[01m[Kconst geometry_msgs::msg::Point_<std::allocator<void> >[m[K’ to ‘[01m[Kconst Pose&[m[K’ {aka ‘[01m[Kconst geometry_msgs::msg::Pose_<std::allocator<void> >&[m[K’}
  337 |                 send_setpoint_enu_to_ned([01;31m[Kwp[m[K);
      |                                          [01;31m[K^~[m[K
      |                                          [01;31m[K|[m[K
      |                                          [01;31m[Kconst geometry_msgs::msg::Point_<std::allocator<void> >[m[K
[01m[K/home/jmj/pro_asp_ws/ws_px4_controls/src/uav_controller_pkg/src/uav_controller.cpp:456:67:[m[K [01;36m[Knote: [m[K  initializing argument 1 of ‘[01m[Kvoid UavController::send_setpoint_enu_to_ned(const Pose&)[m[K’
  456 |     void send_setpoint_enu_to_ned([01;36m[Kconst geometry_msgs::msg::Pose &target_pose_map[m[K)
      |                                   [01;36m[K~~~~~~~~~~~~~~~~~~~~~~~~~~~~~~~~^~~~~~~~~~~~~~~[m[K
[01m[K/home/jmj/pro_asp_ws/ws_px4_controls/src/uav_controller_pkg/src/uav_controller.cpp:356:46:[m[K [01;31m[Kerror: [m[Kcannot convert ‘[01m[Kconst geometry_msgs::msg::Point_<std::allocator<void> >[m[K’ to ‘[01m[Kconst Pose&[m[K’ {aka ‘[01m[Kconst geometry_msgs::msg::Pose_<std::allocator<void> >&[m[K’}
  356 |                     send_setpoint_enu_to_ned([01;31m[Kwp[m[K);
      |                                              [01;31m[K^~[m[K
      |                                              [01;31m[K|[m[K
      |                                              [01;31m[Kconst geometry_msgs::msg::Point_<std::allocator<void> >[m[K
[01m[K/home/jmj/pro_asp_ws/ws_px4_controls/src/uav_controller_pkg/src/uav_controller.cpp:456:67:[m[K [01;36m[Knote: [m[K  initializing argument 1 of ‘[01m[Kvoid UavController::send_setpoint_enu_to_ned(const Pose&)[m[K’
  456 |     void send_setpoint_enu_to_ned([01;36m[Kconst geometry_msgs::msg::Pose &target_pose_map[m[K)
      |                                   [01;36m[K~~~~~~~~~~~~~~~~~~~~~~~~~~~~~~~~^~~~~~~~~~~~~~~[m[K
[01m[K/home/jmj/pro_asp_ws/ws_px4_controls/src/uav_controller_pkg/src/uav_controller.cpp:360:46:[m[K [01;31m[Kerror: [m[Kcannot convert ‘[01m[Kconst geometry_msgs::msg::Point_<std::allocator<void> >[m[K’ to ‘[01m[Kconst Pose&[m[K’ {aka ‘[01m[Kconst geometry_msgs::msg::Pose_<std::allocator<void> >&[m[K’}
  360 |                     send_setpoint_enu_to_ned([01;31m[Kwp[m[K);
      |                                              [01;31m[K^~[m[K
      |                                              [01;31m[K|[m[K
      |                                              [01;31m[Kconst geometry_msgs::msg::Point_<std::allocator<void> >[m[K
[01m[K/home/jmj/pro_asp_ws/ws_px4_controls/src/uav_controller_pkg/src/uav_controller.cpp:456:67:[m[K [01;36m[Knote: [m[K  initializing argument 1 of ‘[01m[Kvoid UavController::send_setpoint_enu_to_ned(const Pose&)[m[K’
  456 |     void send_setpoint_enu_to_ned([01;36m[Kconst geometry_msgs::msg::Pose &target_pose_map[m[K)
      |                                   [01;36m[K~~~~~~~~~~~~~~~~~~~~~~~~~~~~~~~~^~~~~~~~~~~~~~~[m[K
[01m[K/home/jmj/pro_asp_ws/ws_px4_controls/src/uav_controller_pkg/src/uav_controller.cpp:374:37:[m[K [01;31m[Kerror: [m[Kno matching function for call to ‘[01m[KUavController::send_setpoint_enu_to_ned(geometry_msgs::msg::Point_<std::allocator<void> >::_x_type&, geometry_msgs::msg::Point_<std::allocator<void> >::_y_type&, double)[m[K’
  374 |             [01;31m[Ksend_setpoint_enu_to_ned(landing_spot_enu_.x, landing_spot_enu_.y, 1.0)[m[K; // Land mode
      |             [01;31m[K~~~~~~~~~~~~~~~~~~~~~~~~^~~~~~~~~~~~~~~~~~~~~~~~~~~~~~~~~~~~~~~~~~~~~~~[m[K
[01m[K/home/jmj/pro_asp_ws/ws_px4_controls/src/uav_controller_pkg/src/uav_controller.cpp:456:10:[m[K [01;36m[Knote: [m[Kcandidate: ‘[01m[Kvoid UavController::send_setpoint_enu_to_ned(const Pose&)[m[K’
  456 |     void [01;36m[Ksend_setpoint_enu_to_ned[m[K(const geometry_msgs::msg::Pose &target_pose_map)
      |          [01;36m[K^~~~~~~~~~~~~~~~~~~~~~~~[m[K
[01m[K/home/jmj/pro_asp_ws/ws_px4_controls/src/uav_controller_pkg/src/uav_controller.cpp:456:10:[m[K [01;36m[Knote: [m[K  candidate expects 1 argument, 3 provided
[01m[K/home/jmj/pro_asp_ws/ws_px4_controls/src/uav_controller_pkg/src/uav_controller.cpp:390:41:[m[K [01;31m[Kerror: [m[Kno matching function for call to ‘[01m[KUavController::send_setpoint_enu_to_ned(const _x_type&, const _y_type&, geometry_msgs::msg::Point_<std::allocator<void> >::_z_type)[m[K’
  390 |                 [01;31m[Ksend_setpoint_enu_to_ned(last_wp.x, last_wp.y, last_wp.z + 5.0)[m[K;
      |                 [01;31m[K~~~~~~~~~~~~~~~~~~~~~~~~^~~~~~~~~~~~~~~~~~~~~~~~~~~~~~~~~~~~~~~[m[K
[01m[K/home/jmj/pro_asp_ws/ws_px4_controls/src/uav_controller_pkg/src/uav_controller.cpp:456:10:[m[K [01;36m[Knote: [m[Kcandidate: ‘[01m[Kvoid UavController::send_setpoint_enu_to_ned(const Pose&)[m[K’
  456 |     void [01;36m[Ksend_setpoint_enu_to_ned[m[K(const geometry_msgs::msg::Pose &target_pose_map)
      |          [01;36m[K^~~~~~~~~~~~~~~~~~~~~~~~[m[K
[01m[K/home/jmj/pro_asp_ws/ws_px4_controls/src/uav_controller_pkg/src/uav_controller.cpp:456:10:[m[K [01;36m[Knote: [m[K  candidate expects 1 argument, 3 provided
[01m[K/home/jmj/pro_asp_ws/ws_px4_controls/src/uav_controller_pkg/src/uav_controller.cpp:[m[K In member function ‘[01m[Kvoid UavController::send_setpoint_enu_to_ned(const Pose&)[m[K’:
[01m[K/home/jmj/pro_asp_ws/ws_px4_controls/src/uav_controller_pkg/src/uav_controller.cpp:460:50:[m[K [01;31m[Kerror: [m[Krequest for member ‘[01m[Know[m[K’ in ‘[01m[K* clock[m[K’, which is of non-class type ‘[01m[Kclock_t() noexcept[m[K’ {aka ‘[01m[Klong int() noexcept[m[K’}
  460 |         input_pose_stamped.header.stamp = clock->[01;31m[Know[m[K();
      |                                                  [01;31m[K^~~[m[K
In file included from [01m[K/opt/ros/humble/include/rclcpp/rclcpp/client.hpp:40[m[K,
                 from [01m[K/opt/ros/humble/include/rclcpp/rclcpp/callback_group.hpp:24[m[K,
                 from [01m[K/opt/ros/humble/include/rclcpp/rclcpp/any_executable.hpp:20[m[K,
                 from [01m[K/opt/ros/humble/include/rclcpp/rclcpp/memory_strategy.hpp:25[m[K,
                 from [01m[K/opt/ros/humble/include/rclcpp/rclcpp/memory_strategies.hpp:18[m[K,
                 from [01m[K/opt/ros/humble/include/rclcpp/rclcpp/executor_options.hpp:20[m[K,
                 from [01m[K/opt/ros/humble/include/rclcpp/rclcpp/executor.hpp:37[m[K,
                 from [01m[K/opt/ros/humble/include/rclcpp/rclcpp/executors/multi_threaded_executor.hpp:25[m[K,
                 from [01m[K/opt/ros/humble/include/rclcpp/rclcpp/executors.hpp:21[m[K,
                 from [01m[K/opt/ros/humble/include/rclcpp/rclcpp/rclcpp.hpp:155[m[K,
                 from [01m[K/home/jmj/pro_asp_ws/ws_px4_controls/src/uav_controller_pkg/src/uav_controller.cpp:11[m[K:
[01m[K/home/jmj/pro_asp_ws/ws_px4_controls/src/uav_controller_pkg/src/uav_controller.cpp:469:9:[m[K [01;31m[Kerror: [m[Kexpected ‘[01m[Kcatch[m[K’ before ‘[01m[K{[m[K’ token
  469 |         [01;31m[KRCLCPP_INFO[m[K(this->get_logger(), "local_setpoint: x=%.2f, y=%.2f, z=%.2f",
      |         [01;31m[K^~~~~~~~~~~[m[K
[01m[K/home/jmj/pro_asp_ws/ws_px4_controls/src/uav_controller_pkg/src/uav_controller.cpp:469:9:[m[K [01;31m[Kerror: [m[Kexpected ‘[01m[K([m[K’ before ‘[01m[K{[m[K’ token
[01m[K/home/jmj/pro_asp_ws/ws_px4_controls/src/uav_controller_pkg/src/uav_controller.cpp:469:9:[m[K [01;31m[Kerror: [m[Kexpected type-specifier before ‘[01m[K{[m[K’ token
[01m[K/home/jmj/pro_asp_ws/ws_px4_controls/src/uav_controller_pkg/src/uav_controller.cpp:469:9:[m[K [01;31m[Kerror: [m[Kexpected ‘[01m[K)[m[K’ before ‘[01m[K{[m[K’ token
[01m[K/home/jmj/pro_asp_ws/ws_px4_controls/src/uav_controller_pkg/src/uav_controller.cpp:469:9:[m[K [01;36m[Knote: [m[Kto match this ‘[01m[K([m[K’
In file included from [01m[K/opt/ros/humble/include/rclcpp/rclcpp/logging.hpp:24[m[K,
                 from [01m[K/opt/ros/humble/include/rclcpp/rclcpp/client.hpp:40[m[K,
                 from [01m[K/opt/ros/humble/include/rclcpp/rclcpp/callback_group.hpp:24[m[K,
                 from [01m[K/opt/ros/humble/include/rclcpp/rclcpp/any_executable.hpp:20[m[K,
                 from [01m[K/opt/ros/humble/include/rclcpp/rclcpp/memory_strategy.hpp:25[m[K,
                 from [01m[K/opt/ros/humble/include/rclcpp/rclcpp/memory_strategies.hpp:18[m[K,
                 from [01m[K/opt/ros/humble/include/rclcpp/rclcpp/executor_options.hpp:20[m[K,
                 from [01m[K/opt/ros/humble/include/rclcpp/rclcpp/executor.hpp:37[m[K,
                 from [01m[K/opt/ros/humble/include/rclcpp/rclcpp/executors/multi_threaded_executor.hpp:25[m[K,
                 from [01m[K/opt/ros/humble/include/rclcpp/rclcpp/executors.hpp:21[m[K,
                 from [01m[K/opt/ros/humble/include/rclcpp/rclcpp/rclcpp.hpp:155[m[K,
                 from [01m[K/home/jmj/pro_asp_ws/ws_px4_controls/src/uav_controller_pkg/src/uav_controller.cpp:11[m[K:
[01m[K/home/jmj/pro_asp_ws/ws_px4_controls/src/uav_controller_pkg/src/uav_controller.cpp:470:21:[m[K [01;31m[Kerror: [m[K‘[01m[Ktransformed_pose_stamped[m[K’ was not declared in this scope
  470 |                     [01;31m[Ktransformed_pose_stamped[m[K.pose.position.x,
      |                     [01;31m[K^~~~~~~~~~~~~~~~~~~~~~~~[m[K
[01m[K/home/jmj/pro_asp_ws/ws_px4_controls/src/uav_controller_pkg/src/uav_controller.cpp:474:26:[m[K [01;31m[Kerror: [m[K‘[01m[KgetYaw[m[K’ is not a member of ‘[01m[Ktf2[m[K’
  474 |                     tf2::[01;31m[KgetYaw[m[K(transformed_pose_stamped.pose.orientation));
      |                          [01;31m[K^~~~~~[m[K
[01m[K/home/jmj/pro_asp_ws/ws_px4_controls/src/uav_controller_pkg/src/uav_controller.cpp:474:33:[m[K [01;31m[Kerror: [m[K‘[01m[Ktransformed_pose_stamped[m[K’ was not declared in this scope
  474 |                     tf2::getYaw([01;31m[Ktransformed_pose_stamped[m[K.pose.orientation));
      |                                 [01;31m[K^~~~~~~~~~~~~~~~~~~~~~~~[m[K
gmake[2]: *** [CMakeFiles/uav_controller.dir/build.make:76: CMakeFiles/uav_controller.dir/src/uav_controller.cpp.o] Error 1
gmake[1]: *** [CMakeFiles/Makefile2:137: CMakeFiles/uav_controller.dir/all] Error 2
gmake: *** [Makefile:146: all] Error 2
