[0.015s] Invoking command in '/home/acdl1/mj_ws/ws_px4_controls/build/px4_ros_com': CMAKE_PREFIX_PATH=/home/acdl1/mj_ws/ws_px4_controls/install/px4_msgs:/home/acdl1/mj_ws/ws_px4_controls/install/vision_opencv:/home/acdl1/mj_ws/ws_px4_controls/install/utilities_pkg:/home/acdl1/mj_ws/ws_px4_controls/install/ugv_controller:/home/acdl1/mj_ws/ws_px4_controls/install/uav_controller_pkg:/home/acdl1/mj_ws/ws_px4_controls/install/px4_ros_com:/home/acdl1/mj_ws/ws_px4_controls/install/multi_tracker:/home/acdl1/mj_ws/ws_px4_controls/install/image_geometry:/home/acdl1/mj_ws/ws_px4_controls/install/gazebo_env_setup:/home/acdl1/mj_ws/ws_px4_controls/install/drone_takeoff_pub:/home/acdl1/mj_ws/ws_px4_controls/install/cv_bridge:/home/acdl1/mj_ws/ws_px4_controls/install/aruco_interfaces:/home/acdl1/mj_ws/ws_px4_controls/install/opencv_tests:/opt/ros/humble LD_LIBRARY_PATH=/home/acdl1/mj_ws/ws_px4_controls/install/px4_msgs/lib:/home/acdl1/mj_ws/ws_px4_controls/install/px4_ros_com/lib:/home/acdl1/mj_ws/ws_px4_controls/install/image_geometry/lib:/home/acdl1/mj_ws/ws_px4_controls/install/cv_bridge/lib:/home/acdl1/mj_ws/ws_px4_controls/install/aruco_interfaces/lib:/opt/ros/humble/opt/rviz_ogre_vendor/lib:/opt/ros/humble/lib/x86_64-linux-gnu:/opt/ros/humble/lib /usr/bin/cmake --build /home/acdl1/mj_ws/ws_px4_controls/build/px4_ros_com -- -j16 -l16
[0.071s] [ 43%] Built target vehicle_gps_position_listener
[0.072s] [ 43%] Built target frame_transforms
[0.072s] [ 43%] Built target debug_vect_advertiser
[0.072s] [ 43%] [32mBuilding CXX object CMakeFiles/offboard_control.dir/src/examples/offboard/offboard_control.cpp.o[0m
[0.078s] [ 68%] Built target offboard_control_srv
[0.078s] [ 68%] Built target sensor_combined_listener
[0.080s] [ 81%] Built target cli_pose_command
[0.083s] [ 93%] Built target offboard_control_key
[0.089s] [ 93%] Built target ament_cmake_python_copy_px4_ros_com
[0.391s] running egg_info
[0.417s] writing px4_ros_com.egg-info/PKG-INFO
[0.418s] writing dependency_links to px4_ros_com.egg-info/dependency_links.txt
[0.418s] writing top-level names to px4_ros_com.egg-info/top_level.txt
[0.489s] reading manifest file 'px4_ros_com.egg-info/SOURCES.txt'
[0.491s] writing manifest file 'px4_ros_com.egg-info/SOURCES.txt'
[0.534s] [ 93%] Built target ament_cmake_python_build_px4_ros_com_egg
[16.857s] [100%] [32m[1mLinking CXX executable offboard_control[0m
[17.866s] [100%] Built target offboard_control
[17.877s] Invoked command in '/home/acdl1/mj_ws/ws_px4_controls/build/px4_ros_com' returned '0': CMAKE_PREFIX_PATH=/home/acdl1/mj_ws/ws_px4_controls/install/px4_msgs:/home/acdl1/mj_ws/ws_px4_controls/install/vision_opencv:/home/acdl1/mj_ws/ws_px4_controls/install/utilities_pkg:/home/acdl1/mj_ws/ws_px4_controls/install/ugv_controller:/home/acdl1/mj_ws/ws_px4_controls/install/uav_controller_pkg:/home/acdl1/mj_ws/ws_px4_controls/install/px4_ros_com:/home/acdl1/mj_ws/ws_px4_controls/install/multi_tracker:/home/acdl1/mj_ws/ws_px4_controls/install/image_geometry:/home/acdl1/mj_ws/ws_px4_controls/install/gazebo_env_setup:/home/acdl1/mj_ws/ws_px4_controls/install/drone_takeoff_pub:/home/acdl1/mj_ws/ws_px4_controls/install/cv_bridge:/home/acdl1/mj_ws/ws_px4_controls/install/aruco_interfaces:/home/acdl1/mj_ws/ws_px4_controls/install/opencv_tests:/opt/ros/humble LD_LIBRARY_PATH=/home/acdl1/mj_ws/ws_px4_controls/install/px4_msgs/lib:/home/acdl1/mj_ws/ws_px4_controls/install/px4_ros_com/lib:/home/acdl1/mj_ws/ws_px4_controls/install/image_geometry/lib:/home/acdl1/mj_ws/ws_px4_controls/install/cv_bridge/lib:/home/acdl1/mj_ws/ws_px4_controls/install/aruco_interfaces/lib:/opt/ros/humble/opt/rviz_ogre_vendor/lib:/opt/ros/humble/lib/x86_64-linux-gnu:/opt/ros/humble/lib /usr/bin/cmake --build /home/acdl1/mj_ws/ws_px4_controls/build/px4_ros_com -- -j16 -l16
[17.886s] Invoking command in '/home/acdl1/mj_ws/ws_px4_controls/build/px4_ros_com': CMAKE_PREFIX_PATH=/home/acdl1/mj_ws/ws_px4_controls/install/px4_msgs:/home/acdl1/mj_ws/ws_px4_controls/install/vision_opencv:/home/acdl1/mj_ws/ws_px4_controls/install/utilities_pkg:/home/acdl1/mj_ws/ws_px4_controls/install/ugv_controller:/home/acdl1/mj_ws/ws_px4_controls/install/uav_controller_pkg:/home/acdl1/mj_ws/ws_px4_controls/install/px4_ros_com:/home/acdl1/mj_ws/ws_px4_controls/install/multi_tracker:/home/acdl1/mj_ws/ws_px4_controls/install/image_geometry:/home/acdl1/mj_ws/ws_px4_controls/install/gazebo_env_setup:/home/acdl1/mj_ws/ws_px4_controls/install/drone_takeoff_pub:/home/acdl1/mj_ws/ws_px4_controls/install/cv_bridge:/home/acdl1/mj_ws/ws_px4_controls/install/aruco_interfaces:/home/acdl1/mj_ws/ws_px4_controls/install/opencv_tests:/opt/ros/humble LD_LIBRARY_PATH=/home/acdl1/mj_ws/ws_px4_controls/install/px4_msgs/lib:/home/acdl1/mj_ws/ws_px4_controls/install/px4_ros_com/lib:/home/acdl1/mj_ws/ws_px4_controls/install/image_geometry/lib:/home/acdl1/mj_ws/ws_px4_controls/install/cv_bridge/lib:/home/acdl1/mj_ws/ws_px4_controls/install/aruco_interfaces/lib:/opt/ros/humble/opt/rviz_ogre_vendor/lib:/opt/ros/humble/lib/x86_64-linux-gnu:/opt/ros/humble/lib /usr/bin/cmake --install /home/acdl1/mj_ws/ws_px4_controls/build/px4_ros_com
[17.893s] -- Install configuration: ""
[17.893s] -- Up-to-date: /home/acdl1/mj_ws/ws_px4_controls/install/px4_ros_com/lib/px4_ros_com/sensor_combined_listener
[17.893s] -- Up-to-date: /home/acdl1/mj_ws/ws_px4_controls/install/px4_ros_com/lib/px4_ros_com/vehicle_gps_position_listener
[17.894s] -- Up-to-date: /home/acdl1/mj_ws/ws_px4_controls/install/px4_ros_com/lib/px4_ros_com/debug_vect_advertiser
[17.894s] -- Installing: /home/acdl1/mj_ws/ws_px4_controls/install/px4_ros_com/lib/px4_ros_com/offboard_control
[17.903s] -- Set runtime path of "/home/acdl1/mj_ws/ws_px4_controls/install/px4_ros_com/lib/px4_ros_com/offboard_control" to ""
[17.903s] -- Up-to-date: /home/acdl1/mj_ws/ws_px4_controls/install/px4_ros_com/lib/px4_ros_com/offboard_control_srv
[17.903s] -- Up-to-date: /home/acdl1/mj_ws/ws_px4_controls/install/px4_ros_com/lib/px4_ros_com/offboard_control_key
[17.903s] -- Up-to-date: /home/acdl1/mj_ws/ws_px4_controls/install/px4_ros_com/lib/px4_ros_com/cli_pose_command
[17.904s] -- Up-to-date: /home/acdl1/mj_ws/ws_px4_controls/install/px4_ros_com/share/px4_ros_com/environment/library_path.sh
[17.904s] -- Up-to-date: /home/acdl1/mj_ws/ws_px4_controls/install/px4_ros_com/share/px4_ros_com/environment/library_path.dsv
[17.904s] -- Up-to-date: /home/acdl1/mj_ws/ws_px4_controls/install/px4_ros_com/include/px4_ros_com
[17.904s] -- Up-to-date: /home/acdl1/mj_ws/ws_px4_controls/install/px4_ros_com/include/px4_ros_com/frame_transforms.h
[17.904s] -- Up-to-date: /home/acdl1/mj_ws/ws_px4_controls/install/px4_ros_com/lib/libframe_transforms.so
[17.904s] -- Up-to-date: /home/acdl1/mj_ws/ws_px4_controls/install/px4_ros_com/share/px4_ros_com//launch
[17.904s] -- Up-to-date: /home/acdl1/mj_ws/ws_px4_controls/install/px4_ros_com/share/px4_ros_com//launch/sensor_combined_listener.launch.py
[17.904s] -- Up-to-date: /home/acdl1/mj_ws/ws_px4_controls/install/px4_ros_com/share/px4_ros_com//launch/offboard_control_launch.yaml
[17.904s] -- Up-to-date: /home/acdl1/mj_ws/ws_px4_controls/install/px4_ros_com/share/px4_ros_com//test
[17.905s] -- Up-to-date: /home/acdl1/mj_ws/ws_px4_controls/install/px4_ros_com/share/px4_ros_com//test/test_output.py
[17.905s] -- Up-to-date: /home/acdl1/mj_ws/ws_px4_controls/install/px4_ros_com/share/px4_ros_com//test/test_input.py
[17.905s] -- Up-to-date: /home/acdl1/mj_ws/ws_px4_controls/install/px4_ros_com/share/px4_ros_com//test/pipeline_io_test.py
[17.905s] -- Up-to-date: /home/acdl1/mj_ws/ws_px4_controls/install/px4_ros_com/share/px4_ros_com//test/__init__.py
[17.905s] -- Up-to-date: /home/acdl1/mj_ws/ws_px4_controls/install/px4_ros_com/share/px4_ros_com/environment/pythonpath.sh
[17.905s] -- Up-to-date: /home/acdl1/mj_ws/ws_px4_controls/install/px4_ros_com/share/px4_ros_com/environment/pythonpath.dsv
[17.905s] -- Up-to-date: /home/acdl1/mj_ws/ws_px4_controls/install/px4_ros_com/local/lib/python3.10/dist-packages/px4_ros_com-0.1.0-py3.10.egg-info
[17.905s] -- Installing: /home/acdl1/mj_ws/ws_px4_controls/install/px4_ros_com/local/lib/python3.10/dist-packages/px4_ros_com-0.1.0-py3.10.egg-info/SOURCES.txt
[17.905s] -- Installing: /home/acdl1/mj_ws/ws_px4_controls/install/px4_ros_com/local/lib/python3.10/dist-packages/px4_ros_com-0.1.0-py3.10.egg-info/PKG-INFO
[17.905s] -- Installing: /home/acdl1/mj_ws/ws_px4_controls/install/px4_ros_com/local/lib/python3.10/dist-packages/px4_ros_com-0.1.0-py3.10.egg-info/dependency_links.txt
[17.905s] -- Installing: /home/acdl1/mj_ws/ws_px4_controls/install/px4_ros_com/local/lib/python3.10/dist-packages/px4_ros_com-0.1.0-py3.10.egg-info/top_level.txt
[17.905s] -- Up-to-date: /home/acdl1/mj_ws/ws_px4_controls/install/px4_ros_com/local/lib/python3.10/dist-packages/px4_ros_com
[17.906s] -- Up-to-date: /home/acdl1/mj_ws/ws_px4_controls/install/px4_ros_com/local/lib/python3.10/dist-packages/px4_ros_com/module_to_import.py
[17.906s] -- Up-to-date: /home/acdl1/mj_ws/ws_px4_controls/install/px4_ros_com/local/lib/python3.10/dist-packages/px4_ros_com/__init__.py
[17.939s] Listing '/home/acdl1/mj_ws/ws_px4_controls/install/px4_ros_com/local/lib/python3.10/dist-packages/px4_ros_com'...
[17.943s] -- Up-to-date: /home/acdl1/mj_ws/ws_px4_controls/install/px4_ros_com/lib/px4_ros_com/offboard_control.py
[17.944s] -- Up-to-date: /home/acdl1/mj_ws/ws_px4_controls/install/px4_ros_com/share/ament_index/resource_index/package_run_dependencies/px4_ros_com
[17.944s] -- Up-to-date: /home/acdl1/mj_ws/ws_px4_controls/install/px4_ros_com/share/ament_index/resource_index/parent_prefix_path/px4_ros_com
[17.944s] -- Up-to-date: /home/acdl1/mj_ws/ws_px4_controls/install/px4_ros_com/share/px4_ros_com/environment/ament_prefix_path.sh
[17.944s] -- Up-to-date: /home/acdl1/mj_ws/ws_px4_controls/install/px4_ros_com/share/px4_ros_com/environment/ament_prefix_path.dsv
[17.944s] -- Up-to-date: /home/acdl1/mj_ws/ws_px4_controls/install/px4_ros_com/share/px4_ros_com/environment/path.sh
[17.944s] -- Up-to-date: /home/acdl1/mj_ws/ws_px4_controls/install/px4_ros_com/share/px4_ros_com/environment/path.dsv
[17.944s] -- Up-to-date: /home/acdl1/mj_ws/ws_px4_controls/install/px4_ros_com/share/px4_ros_com/local_setup.bash
[17.944s] -- Up-to-date: /home/acdl1/mj_ws/ws_px4_controls/install/px4_ros_com/share/px4_ros_com/local_setup.sh
[17.944s] -- Up-to-date: /home/acdl1/mj_ws/ws_px4_controls/install/px4_ros_com/share/px4_ros_com/local_setup.zsh
[17.944s] -- Up-to-date: /home/acdl1/mj_ws/ws_px4_controls/install/px4_ros_com/share/px4_ros_com/local_setup.dsv
[17.945s] -- Installing: /home/acdl1/mj_ws/ws_px4_controls/install/px4_ros_com/share/px4_ros_com/package.dsv
[17.945s] -- Up-to-date: /home/acdl1/mj_ws/ws_px4_controls/install/px4_ros_com/share/ament_index/resource_index/packages/px4_ros_com
[17.945s] -- Up-to-date: /home/acdl1/mj_ws/ws_px4_controls/install/px4_ros_com/share/px4_ros_com/cmake/export_frame_transformsExport.cmake
[17.945s] -- Up-to-date: /home/acdl1/mj_ws/ws_px4_controls/install/px4_ros_com/share/px4_ros_com/cmake/export_frame_transformsExport-noconfig.cmake
[17.945s] -- Up-to-date: /home/acdl1/mj_ws/ws_px4_controls/install/px4_ros_com/share/px4_ros_com/cmake/ament_cmake_export_dependencies-extras.cmake
[17.945s] -- Up-to-date: /home/acdl1/mj_ws/ws_px4_controls/install/px4_ros_com/share/px4_ros_com/cmake/ament_cmake_export_targets-extras.cmake
[17.945s] -- Up-to-date: /home/acdl1/mj_ws/ws_px4_controls/install/px4_ros_com/share/px4_ros_com/cmake/ament_cmake_export_include_directories-extras.cmake
[17.945s] -- Up-to-date: /home/acdl1/mj_ws/ws_px4_controls/install/px4_ros_com/share/px4_ros_com/cmake/ament_cmake_export_libraries-extras.cmake
[17.945s] -- Up-to-date: /home/acdl1/mj_ws/ws_px4_controls/install/px4_ros_com/share/px4_ros_com/cmake/px4_ros_comConfig.cmake
[17.945s] -- Up-to-date: /home/acdl1/mj_ws/ws_px4_controls/install/px4_ros_com/share/px4_ros_com/cmake/px4_ros_comConfig-version.cmake
[17.945s] -- Up-to-date: /home/acdl1/mj_ws/ws_px4_controls/install/px4_ros_com/share/px4_ros_com/package.xml
[17.946s] Invoked command in '/home/acdl1/mj_ws/ws_px4_controls/build/px4_ros_com' returned '0': CMAKE_PREFIX_PATH=/home/acdl1/mj_ws/ws_px4_controls/install/px4_msgs:/home/acdl1/mj_ws/ws_px4_controls/install/vision_opencv:/home/acdl1/mj_ws/ws_px4_controls/install/utilities_pkg:/home/acdl1/mj_ws/ws_px4_controls/install/ugv_controller:/home/acdl1/mj_ws/ws_px4_controls/install/uav_controller_pkg:/home/acdl1/mj_ws/ws_px4_controls/install/px4_ros_com:/home/acdl1/mj_ws/ws_px4_controls/install/multi_tracker:/home/acdl1/mj_ws/ws_px4_controls/install/image_geometry:/home/acdl1/mj_ws/ws_px4_controls/install/gazebo_env_setup:/home/acdl1/mj_ws/ws_px4_controls/install/drone_takeoff_pub:/home/acdl1/mj_ws/ws_px4_controls/install/cv_bridge:/home/acdl1/mj_ws/ws_px4_controls/install/aruco_interfaces:/home/acdl1/mj_ws/ws_px4_controls/install/opencv_tests:/opt/ros/humble LD_LIBRARY_PATH=/home/acdl1/mj_ws/ws_px4_controls/install/px4_msgs/lib:/home/acdl1/mj_ws/ws_px4_controls/install/px4_ros_com/lib:/home/acdl1/mj_ws/ws_px4_controls/install/image_geometry/lib:/home/acdl1/mj_ws/ws_px4_controls/install/cv_bridge/lib:/home/acdl1/mj_ws/ws_px4_controls/install/aruco_interfaces/lib:/opt/ros/humble/opt/rviz_ogre_vendor/lib:/opt/ros/humble/lib/x86_64-linux-gnu:/opt/ros/humble/lib /usr/bin/cmake --install /home/acdl1/mj_ws/ws_px4_controls/build/px4_ros_com
