[0.035s] Invoking command in '/home/jmj/pro_asp_ws/ws_px4_controls/build/cv_bridge': CMAKE_PREFIX_PATH=${CMAKE_PREFIX_PATH}:/home/jmj/pro_asp_ws/ws_px4_controls/install/opencv_tests:/opt/ros/humble /usr/bin/cmake --build /home/jmj/pro_asp_ws/ws_px4_controls/build/cv_bridge -- -j20 -l20
[0.094s] [ 12%] Built target gtest_main
[0.099s] [ 31%] Built target cv_bridge
[0.099s] [ 31%] Built target ament_cmake_python_copy_cv_bridge
[0.099s] [ 43%] Built target gtest
[0.144s] [ 81%] Built target cv_bridge-utest
[0.153s] [100%] Built target cv_bridge_boost
[0.440s] running egg_info
[0.440s] writing cv_bridge.egg-info/PKG-INFO
[0.440s] writing dependency_links to cv_bridge.egg-info/dependency_links.txt
[0.440s] writing top-level names to cv_bridge.egg-info/top_level.txt
[0.443s] reading manifest file 'cv_bridge.egg-info/SOURCES.txt'
[0.444s] writing manifest file 'cv_bridge.egg-info/SOURCES.txt'
[0.482s] [100%] Built target ament_cmake_python_build_cv_bridge_egg
[0.497s] Invoked command in '/home/jmj/pro_asp_ws/ws_px4_controls/build/cv_bridge' returned '0': CMAKE_PREFIX_PATH=${CMAKE_PREFIX_PATH}:/home/jmj/pro_asp_ws/ws_px4_controls/install/opencv_tests:/opt/ros/humble /usr/bin/cmake --build /home/jmj/pro_asp_ws/ws_px4_controls/build/cv_bridge -- -j20 -l20
[0.499s] Invoking command in '/home/jmj/pro_asp_ws/ws_px4_controls/build/cv_bridge': CMAKE_PREFIX_PATH=${CMAKE_PREFIX_PATH}:/home/jmj/pro_asp_ws/ws_px4_controls/install/opencv_tests:/opt/ros/humble /usr/bin/cmake --install /home/jmj/pro_asp_ws/ws_px4_controls/build/cv_bridge
[0.512s] -- Install configuration: ""
[0.512s] -- Up-to-date: /home/jmj/pro_asp_ws/ws_px4_controls/install/cv_bridge/share/cv_bridge/environment/pythonpath.sh
[0.512s] -- Up-to-date: /home/jmj/pro_asp_ws/ws_px4_controls/install/cv_bridge/share/cv_bridge/environment/pythonpath.dsv
[0.512s] -- Up-to-date: /home/jmj/pro_asp_ws/ws_px4_controls/install/cv_bridge/local/lib/python3.10/dist-packages/cv_bridge-3.2.1-py3.10.egg-info
[0.512s] -- Installing: /home/jmj/pro_asp_ws/ws_px4_controls/install/cv_bridge/local/lib/python3.10/dist-packages/cv_bridge-3.2.1-py3.10.egg-info/dependency_links.txt
[0.512s] -- Installing: /home/jmj/pro_asp_ws/ws_px4_controls/install/cv_bridge/local/lib/python3.10/dist-packages/cv_bridge-3.2.1-py3.10.egg-info/top_level.txt
[0.512s] -- Installing: /home/jmj/pro_asp_ws/ws_px4_controls/install/cv_bridge/local/lib/python3.10/dist-packages/cv_bridge-3.2.1-py3.10.egg-info/PKG-INFO
[0.512s] -- Installing: /home/jmj/pro_asp_ws/ws_px4_controls/install/cv_bridge/local/lib/python3.10/dist-packages/cv_bridge-3.2.1-py3.10.egg-info/SOURCES.txt
[0.512s] -- Up-to-date: /home/jmj/pro_asp_ws/ws_px4_controls/install/cv_bridge/local/lib/python3.10/dist-packages/cv_bridge
[0.512s] -- Up-to-date: /home/jmj/pro_asp_ws/ws_px4_controls/install/cv_bridge/local/lib/python3.10/dist-packages/cv_bridge/__init__.py
[0.512s] -- Up-to-date: /home/jmj/pro_asp_ws/ws_px4_controls/install/cv_bridge/local/lib/python3.10/dist-packages/cv_bridge/core.py
[0.548s] Listing '/home/jmj/pro_asp_ws/ws_px4_controls/install/cv_bridge/local/lib/python3.10/dist-packages/cv_bridge'...
[0.548s] Listing '/home/jmj/pro_asp_ws/ws_px4_controls/install/cv_bridge/local/lib/python3.10/dist-packages/cv_bridge/boost'...
[0.554s] -- Up-to-date: /home/jmj/pro_asp_ws/ws_px4_controls/install/cv_bridge/lib/libcv_bridge.so
[0.554s] -- Up-to-date: /home/jmj/pro_asp_ws/ws_px4_controls/install/cv_bridge/include/cv_bridge/cv_bridge/cv_bridge_export.h
[0.556s] -- Up-to-date: /home/jmj/pro_asp_ws/ws_px4_controls/install/cv_bridge/local/lib/python3.10/dist-packages/cv_bridge/boost/cv_bridge_boost.so
[0.556s] -- Up-to-date: /home/jmj/pro_asp_ws/ws_px4_controls/install/cv_bridge/include/cv_bridge
[0.556s] -- Up-to-date: /home/jmj/pro_asp_ws/ws_px4_controls/install/cv_bridge/include/cv_bridge/cv_bridge
[0.556s] -- Up-to-date: /home/jmj/pro_asp_ws/ws_px4_controls/install/cv_bridge/include/cv_bridge/cv_bridge/cv_bridge.h
[0.556s] -- Up-to-date: /home/jmj/pro_asp_ws/ws_px4_controls/install/cv_bridge/include/cv_bridge/cv_bridge/rgb_colors.h
[0.556s] -- Up-to-date: /home/jmj/pro_asp_ws/ws_px4_controls/install/cv_bridge/lib/libcv_bridge.so
[0.557s] -- Up-to-date: /home/jmj/pro_asp_ws/ws_px4_controls/install/cv_bridge/share/ament_index/resource_index/package_run_dependencies/cv_bridge
[0.557s] -- Up-to-date: /home/jmj/pro_asp_ws/ws_px4_controls/install/cv_bridge/share/ament_index/resource_index/parent_prefix_path/cv_bridge
[0.557s] -- Up-to-date: /home/jmj/pro_asp_ws/ws_px4_controls/install/cv_bridge/share/cv_bridge/environment/ament_prefix_path.sh
[0.557s] -- Up-to-date: /home/jmj/pro_asp_ws/ws_px4_controls/install/cv_bridge/share/cv_bridge/environment/ament_prefix_path.dsv
[0.557s] -- Up-to-date: /home/jmj/pro_asp_ws/ws_px4_controls/install/cv_bridge/share/cv_bridge/environment/path.sh
[0.557s] -- Up-to-date: /home/jmj/pro_asp_ws/ws_px4_controls/install/cv_bridge/share/cv_bridge/environment/path.dsv
[0.557s] -- Up-to-date: /home/jmj/pro_asp_ws/ws_px4_controls/install/cv_bridge/share/cv_bridge/local_setup.bash
[0.557s] -- Up-to-date: /home/jmj/pro_asp_ws/ws_px4_controls/install/cv_bridge/share/cv_bridge/local_setup.sh
[0.557s] -- Up-to-date: /home/jmj/pro_asp_ws/ws_px4_controls/install/cv_bridge/share/cv_bridge/local_setup.zsh
[0.557s] -- Up-to-date: /home/jmj/pro_asp_ws/ws_px4_controls/install/cv_bridge/share/cv_bridge/local_setup.dsv
[0.557s] -- Installing: /home/jmj/pro_asp_ws/ws_px4_controls/install/cv_bridge/share/cv_bridge/package.dsv
[0.557s] -- Up-to-date: /home/jmj/pro_asp_ws/ws_px4_controls/install/cv_bridge/share/ament_index/resource_index/packages/cv_bridge
[0.557s] -- Up-to-date: /home/jmj/pro_asp_ws/ws_px4_controls/install/cv_bridge/share/cv_bridge/cmake/export_cv_bridgeExport.cmake
[0.557s] -- Up-to-date: /home/jmj/pro_asp_ws/ws_px4_controls/install/cv_bridge/share/cv_bridge/cmake/export_cv_bridgeExport-noconfig.cmake
[0.557s] -- Up-to-date: /home/jmj/pro_asp_ws/ws_px4_controls/install/cv_bridge/share/cv_bridge/cmake/cv_bridge-extras.cmake
[0.557s] -- Up-to-date: /home/jmj/pro_asp_ws/ws_px4_controls/install/cv_bridge/share/cv_bridge/cmake/ament_cmake_export_dependencies-extras.cmake
[0.557s] -- Up-to-date: /home/jmj/pro_asp_ws/ws_px4_controls/install/cv_bridge/share/cv_bridge/cmake/ament_cmake_export_targets-extras.cmake
[0.557s] -- Up-to-date: /home/jmj/pro_asp_ws/ws_px4_controls/install/cv_bridge/share/cv_bridge/cmake/cv_bridgeConfig.cmake
[0.557s] -- Up-to-date: /home/jmj/pro_asp_ws/ws_px4_controls/install/cv_bridge/share/cv_bridge/cmake/cv_bridgeConfig-version.cmake
[0.558s] -- Up-to-date: /home/jmj/pro_asp_ws/ws_px4_controls/install/cv_bridge/share/cv_bridge/package.xml
[0.559s] Invoked command in '/home/jmj/pro_asp_ws/ws_px4_controls/build/cv_bridge' returned '0': CMAKE_PREFIX_PATH=${CMAKE_PREFIX_PATH}:/home/jmj/pro_asp_ws/ws_px4_controls/install/opencv_tests:/opt/ros/humble /usr/bin/cmake --install /home/jmj/pro_asp_ws/ws_px4_controls/build/cv_bridge
