[0.150s] DEBUG:colcon:Command line arguments: ['/usr/bin/colcon', 'build', '--packages-select', 'uav_controller_pkg']
[0.150s] DEBUG:colcon:Parsed command line arguments: Namespace(log_base=None, log_level=None, verb_name='build', build_base='build', install_base='install', merge_install=False, symlink_install=False, test_result_base=None, continue_on_error=False, executor='parallel', parallel_workers=20, event_handlers=None, ignore_user_meta=False, metas=['./colcon.meta'], base_paths=['.'], packages_ignore=None, packages_ignore_regex=None, paths=None, packages_up_to=None, packages_up_to_regex=None, packages_above=None, packages_above_and_dependencies=None, packages_above_depth=None, packages_select_by_dep=None, packages_skip_by_dep=None, packages_skip_up_to=None, packages_select_build_failed=False, packages_skip_build_finished=False, packages_select_test_failures=False, packages_skip_test_passed=False, packages_select=['uav_controller_pkg'], packages_skip=None, packages_select_regex=None, packages_skip_regex=None, packages_start=None, packages_end=None, allow_overriding=[], cmake_args=None, cmake_target=None, cmake_target_skip_unavailable=False, cmake_clean_cache=False, cmake_clean_first=False, cmake_force_configure=False, ament_cmake_args=None, catkin_cmake_args=None, catkin_skip_building_tests=False, mixin_files=None, mixin=None, verb_parser=<colcon_mixin.mixin.mixin_argument.MixinArgumentDecorator object at 0x78b1c4f1d3c0>, verb_extension=<colcon_core.verb.build.BuildVerb object at 0x78b1c5028970>, main=<bound method BuildVerb.main of <colcon_core.verb.build.BuildVerb object at 0x78b1c5028970>>, mixin_verb=('build',))
[0.408s] Level 1:colcon.colcon_core.package_discovery:discover_packages(colcon_meta) check parameters
[0.408s] Level 1:colcon.colcon_core.package_discovery:discover_packages(recursive) check parameters
[0.408s] Level 1:colcon.colcon_core.package_discovery:discover_packages(ignore) check parameters
[0.408s] Level 1:colcon.colcon_core.package_discovery:discover_packages(path) check parameters
[0.408s] Level 1:colcon.colcon_core.package_discovery:discover_packages(colcon_meta) discover
[0.408s] Level 1:colcon.colcon_core.package_discovery:discover_packages(recursive) discover
[0.408s] INFO:colcon.colcon_core.package_discovery:Crawling recursively for packages in '/home/jmj/pro_asp_ws/ws_px4_controls'
[0.408s] Level 1:colcon.colcon_core.package_identification:_identify(.) by extensions ['ignore', 'ignore_ament_install']
[0.408s] Level 1:colcon.colcon_core.package_identification:_identify(.) by extension 'ignore'
[0.409s] Level 1:colcon.colcon_core.package_identification:_identify(.) by extension 'ignore_ament_install'
[0.409s] Level 1:colcon.colcon_core.package_identification:_identify(.) by extensions ['colcon_pkg']
[0.409s] Level 1:colcon.colcon_core.package_identification:_identify(.) by extension 'colcon_pkg'
[0.409s] Level 1:colcon.colcon_core.package_identification:_identify(.) by extensions ['colcon_meta']
[0.409s] Level 1:colcon.colcon_core.package_identification:_identify(.) by extension 'colcon_meta'
[0.409s] Level 1:colcon.colcon_core.package_identification:_identify(.) by extensions ['ros']
[0.409s] Level 1:colcon.colcon_core.package_identification:_identify(.) by extension 'ros'
[0.431s] Level 1:colcon.colcon_core.package_identification:_identify(.) by extensions ['cmake', 'python']
[0.431s] Level 1:colcon.colcon_core.package_identification:_identify(.) by extension 'cmake'
[0.431s] Level 1:colcon.colcon_core.package_identification:_identify(.) by extension 'python'
[0.431s] Level 1:colcon.colcon_core.package_identification:_identify(.) by extensions ['python_setup_py']
[0.431s] Level 1:colcon.colcon_core.package_identification:_identify(.) by extension 'python_setup_py'
[0.431s] Level 1:colcon.colcon_core.package_identification:_identify(build) by extensions ['ignore', 'ignore_ament_install']
[0.431s] Level 1:colcon.colcon_core.package_identification:_identify(build) by extension 'ignore'
[0.431s] Level 1:colcon.colcon_core.package_identification:_identify(build) ignored
[0.431s] Level 1:colcon.colcon_core.package_identification:_identify(install) by extensions ['ignore', 'ignore_ament_install']
[0.431s] Level 1:colcon.colcon_core.package_identification:_identify(install) by extension 'ignore'
[0.431s] Level 1:colcon.colcon_core.package_identification:_identify(install) ignored
[0.432s] Level 1:colcon.colcon_core.package_identification:_identify(log) by extensions ['ignore', 'ignore_ament_install']
[0.432s] Level 1:colcon.colcon_core.package_identification:_identify(log) by extension 'ignore'
[0.432s] Level 1:colcon.colcon_core.package_identification:_identify(log) ignored
[0.432s] Level 1:colcon.colcon_core.package_identification:_identify(src) by extensions ['ignore', 'ignore_ament_install']
[0.432s] Level 1:colcon.colcon_core.package_identification:_identify(src) by extension 'ignore'
[0.432s] Level 1:colcon.colcon_core.package_identification:_identify(src) by extension 'ignore_ament_install'
[0.432s] Level 1:colcon.colcon_core.package_identification:_identify(src) by extensions ['colcon_pkg']
[0.432s] Level 1:colcon.colcon_core.package_identification:_identify(src) by extension 'colcon_pkg'
[0.432s] Level 1:colcon.colcon_core.package_identification:_identify(src) by extensions ['colcon_meta']
[0.432s] Level 1:colcon.colcon_core.package_identification:_identify(src) by extension 'colcon_meta'
[0.432s] Level 1:colcon.colcon_core.package_identification:_identify(src) by extensions ['ros']
[0.432s] Level 1:colcon.colcon_core.package_identification:_identify(src) by extension 'ros'
[0.432s] Level 1:colcon.colcon_core.package_identification:_identify(src) by extensions ['cmake', 'python']
[0.432s] Level 1:colcon.colcon_core.package_identification:_identify(src) by extension 'cmake'
[0.432s] Level 1:colcon.colcon_core.package_identification:_identify(src) by extension 'python'
[0.432s] Level 1:colcon.colcon_core.package_identification:_identify(src) by extensions ['python_setup_py']
[0.432s] Level 1:colcon.colcon_core.package_identification:_identify(src) by extension 'python_setup_py'
[0.432s] Level 1:colcon.colcon_core.package_identification:_identify(src/px4_msgs) by extensions ['ignore', 'ignore_ament_install']
[0.432s] Level 1:colcon.colcon_core.package_identification:_identify(src/px4_msgs) by extension 'ignore'
[0.432s] Level 1:colcon.colcon_core.package_identification:_identify(src/px4_msgs) by extension 'ignore_ament_install'
[0.432s] Level 1:colcon.colcon_core.package_identification:_identify(src/px4_msgs) by extensions ['colcon_pkg']
[0.432s] Level 1:colcon.colcon_core.package_identification:_identify(src/px4_msgs) by extension 'colcon_pkg'
[0.432s] Level 1:colcon.colcon_core.package_identification:_identify(src/px4_msgs) by extensions ['colcon_meta']
[0.433s] Level 1:colcon.colcon_core.package_identification:_identify(src/px4_msgs) by extension 'colcon_meta'
[0.433s] Level 1:colcon.colcon_core.package_identification:_identify(src/px4_msgs) by extensions ['ros']
[0.433s] Level 1:colcon.colcon_core.package_identification:_identify(src/px4_msgs) by extension 'ros'
[0.438s] DEBUG:colcon.colcon_core.package_identification:Package 'src/px4_msgs' with type 'ros.ament_cmake' and name 'px4_msgs'
[0.438s] Level 1:colcon.colcon_core.package_identification:_identify(src/px4_ros_com) by extensions ['ignore', 'ignore_ament_install']
[0.438s] Level 1:colcon.colcon_core.package_identification:_identify(src/px4_ros_com) by extension 'ignore'
[0.438s] Level 1:colcon.colcon_core.package_identification:_identify(src/px4_ros_com) by extension 'ignore_ament_install'
[0.438s] Level 1:colcon.colcon_core.package_identification:_identify(src/px4_ros_com) by extensions ['colcon_pkg']
[0.438s] Level 1:colcon.colcon_core.package_identification:_identify(src/px4_ros_com) by extension 'colcon_pkg'
[0.438s] Level 1:colcon.colcon_core.package_identification:_identify(src/px4_ros_com) by extensions ['colcon_meta']
[0.438s] Level 1:colcon.colcon_core.package_identification:_identify(src/px4_ros_com) by extension 'colcon_meta'
[0.438s] Level 1:colcon.colcon_core.package_identification:_identify(src/px4_ros_com) by extensions ['ros']
[0.438s] Level 1:colcon.colcon_core.package_identification:_identify(src/px4_ros_com) by extension 'ros'
[0.440s] DEBUG:colcon.colcon_core.package_identification:Package 'src/px4_ros_com' with type 'ros.ament_cmake' and name 'px4_ros_com'
[0.440s] Level 1:colcon.colcon_core.package_identification:_identify(src/uav_controller_pkg) by extensions ['ignore', 'ignore_ament_install']
[0.440s] Level 1:colcon.colcon_core.package_identification:_identify(src/uav_controller_pkg) by extension 'ignore'
[0.440s] Level 1:colcon.colcon_core.package_identification:_identify(src/uav_controller_pkg) by extension 'ignore_ament_install'
[0.440s] Level 1:colcon.colcon_core.package_identification:_identify(src/uav_controller_pkg) by extensions ['colcon_pkg']
[0.440s] Level 1:colcon.colcon_core.package_identification:_identify(src/uav_controller_pkg) by extension 'colcon_pkg'
[0.440s] Level 1:colcon.colcon_core.package_identification:_identify(src/uav_controller_pkg) by extensions ['colcon_meta']
[0.440s] Level 1:colcon.colcon_core.package_identification:_identify(src/uav_controller_pkg) by extension 'colcon_meta'
[0.440s] Level 1:colcon.colcon_core.package_identification:_identify(src/uav_controller_pkg) by extensions ['ros']
[0.440s] Level 1:colcon.colcon_core.package_identification:_identify(src/uav_controller_pkg) by extension 'ros'
[0.441s] DEBUG:colcon.colcon_core.package_identification:Package 'src/uav_controller_pkg' with type 'ros.ament_cmake' and name 'uav_controller_pkg'
[0.441s] Level 1:colcon.colcon_core.package_identification:_identify(src/ugv_ws) by extensions ['ignore', 'ignore_ament_install']
[0.442s] Level 1:colcon.colcon_core.package_identification:_identify(src/ugv_ws) by extension 'ignore'
[0.442s] Level 1:colcon.colcon_core.package_identification:_identify(src/ugv_ws) by extension 'ignore_ament_install'
[0.442s] Level 1:colcon.colcon_core.package_identification:_identify(src/ugv_ws) by extensions ['colcon_pkg']
[0.442s] Level 1:colcon.colcon_core.package_identification:_identify(src/ugv_ws) by extension 'colcon_pkg'
[0.442s] Level 1:colcon.colcon_core.package_identification:_identify(src/ugv_ws) by extensions ['colcon_meta']
[0.442s] Level 1:colcon.colcon_core.package_identification:_identify(src/ugv_ws) by extension 'colcon_meta'
[0.442s] Level 1:colcon.colcon_core.package_identification:_identify(src/ugv_ws) by extensions ['ros']
[0.442s] Level 1:colcon.colcon_core.package_identification:_identify(src/ugv_ws) by extension 'ros'
[0.442s] Level 1:colcon.colcon_core.package_identification:_identify(src/ugv_ws) by extensions ['cmake', 'python']
[0.442s] Level 1:colcon.colcon_core.package_identification:_identify(src/ugv_ws) by extension 'cmake'
[0.442s] Level 1:colcon.colcon_core.package_identification:_identify(src/ugv_ws) by extension 'python'
[0.442s] Level 1:colcon.colcon_core.package_identification:_identify(src/ugv_ws) by extensions ['python_setup_py']
[0.442s] Level 1:colcon.colcon_core.package_identification:_identify(src/ugv_ws) by extension 'python_setup_py'
[0.442s] Level 1:colcon.colcon_core.package_identification:_identify(src/ugv_ws/src) by extensions ['ignore', 'ignore_ament_install']
[0.442s] Level 1:colcon.colcon_core.package_identification:_identify(src/ugv_ws/src) by extension 'ignore'
[0.442s] Level 1:colcon.colcon_core.package_identification:_identify(src/ugv_ws/src) by extension 'ignore_ament_install'
[0.442s] Level 1:colcon.colcon_core.package_identification:_identify(src/ugv_ws/src) by extensions ['colcon_pkg']
[0.442s] Level 1:colcon.colcon_core.package_identification:_identify(src/ugv_ws/src) by extension 'colcon_pkg'
[0.442s] Level 1:colcon.colcon_core.package_identification:_identify(src/ugv_ws/src) by extensions ['colcon_meta']
[0.442s] Level 1:colcon.colcon_core.package_identification:_identify(src/ugv_ws/src) by extension 'colcon_meta'
[0.442s] Level 1:colcon.colcon_core.package_identification:_identify(src/ugv_ws/src) by extensions ['ros']
[0.442s] Level 1:colcon.colcon_core.package_identification:_identify(src/ugv_ws/src) by extension 'ros'
[0.442s] Level 1:colcon.colcon_core.package_identification:_identify(src/ugv_ws/src) by extensions ['cmake', 'python']
[0.443s] Level 1:colcon.colcon_core.package_identification:_identify(src/ugv_ws/src) by extension 'cmake'
[0.443s] Level 1:colcon.colcon_core.package_identification:_identify(src/ugv_ws/src) by extension 'python'
[0.443s] Level 1:colcon.colcon_core.package_identification:_identify(src/ugv_ws/src) by extensions ['python_setup_py']
[0.443s] Level 1:colcon.colcon_core.package_identification:_identify(src/ugv_ws/src) by extension 'python_setup_py'
[0.443s] Level 1:colcon.colcon_core.package_identification:_identify(src/ugv_ws/src/drone_takeoff_pub) by extensions ['ignore', 'ignore_ament_install']
[0.443s] Level 1:colcon.colcon_core.package_identification:_identify(src/ugv_ws/src/drone_takeoff_pub) by extension 'ignore'
[0.443s] Level 1:colcon.colcon_core.package_identification:_identify(src/ugv_ws/src/drone_takeoff_pub) by extension 'ignore_ament_install'
[0.443s] Level 1:colcon.colcon_core.package_identification:_identify(src/ugv_ws/src/drone_takeoff_pub) by extensions ['colcon_pkg']
[0.443s] Level 1:colcon.colcon_core.package_identification:_identify(src/ugv_ws/src/drone_takeoff_pub) by extension 'colcon_pkg'
[0.443s] Level 1:colcon.colcon_core.package_identification:_identify(src/ugv_ws/src/drone_takeoff_pub) by extensions ['colcon_meta']
[0.443s] Level 1:colcon.colcon_core.package_identification:_identify(src/ugv_ws/src/drone_takeoff_pub) by extension 'colcon_meta'
[0.443s] Level 1:colcon.colcon_core.package_identification:_identify(src/ugv_ws/src/drone_takeoff_pub) by extensions ['ros']
[0.443s] Level 1:colcon.colcon_core.package_identification:_identify(src/ugv_ws/src/drone_takeoff_pub) by extension 'ros'
[0.444s] DEBUG:colcon.colcon_core.package_identification:Package 'src/ugv_ws/src/drone_takeoff_pub' with type 'ros.ament_cmake' and name 'drone_takeoff_pub'
[0.444s] Level 1:colcon.colcon_core.package_identification:_identify(src/ugv_ws/src/gazebo_env_setup) by extensions ['ignore', 'ignore_ament_install']
[0.444s] Level 1:colcon.colcon_core.package_identification:_identify(src/ugv_ws/src/gazebo_env_setup) by extension 'ignore'
[0.444s] Level 1:colcon.colcon_core.package_identification:_identify(src/ugv_ws/src/gazebo_env_setup) by extension 'ignore_ament_install'
[0.444s] Level 1:colcon.colcon_core.package_identification:_identify(src/ugv_ws/src/gazebo_env_setup) by extensions ['colcon_pkg']
[0.444s] Level 1:colcon.colcon_core.package_identification:_identify(src/ugv_ws/src/gazebo_env_setup) by extension 'colcon_pkg'
[0.444s] Level 1:colcon.colcon_core.package_identification:_identify(src/ugv_ws/src/gazebo_env_setup) by extensions ['colcon_meta']
[0.444s] Level 1:colcon.colcon_core.package_identification:_identify(src/ugv_ws/src/gazebo_env_setup) by extension 'colcon_meta'
[0.444s] Level 1:colcon.colcon_core.package_identification:_identify(src/ugv_ws/src/gazebo_env_setup) by extensions ['ros']
[0.444s] Level 1:colcon.colcon_core.package_identification:_identify(src/ugv_ws/src/gazebo_env_setup) by extension 'ros'
[0.446s] DEBUG:colcon.colcon_core.package_identification:Package 'src/ugv_ws/src/gazebo_env_setup' with type 'ros.ament_cmake' and name 'gazebo_env_setup'
[0.446s] Level 1:colcon.colcon_core.package_identification:_identify(src/ugv_ws/src/ugv_controller) by extensions ['ignore', 'ignore_ament_install']
[0.446s] Level 1:colcon.colcon_core.package_identification:_identify(src/ugv_ws/src/ugv_controller) by extension 'ignore'
[0.446s] Level 1:colcon.colcon_core.package_identification:_identify(src/ugv_ws/src/ugv_controller) by extension 'ignore_ament_install'
[0.446s] Level 1:colcon.colcon_core.package_identification:_identify(src/ugv_ws/src/ugv_controller) by extensions ['colcon_pkg']
[0.446s] Level 1:colcon.colcon_core.package_identification:_identify(src/ugv_ws/src/ugv_controller) by extension 'colcon_pkg'
[0.446s] Level 1:colcon.colcon_core.package_identification:_identify(src/ugv_ws/src/ugv_controller) by extensions ['colcon_meta']
[0.446s] Level 1:colcon.colcon_core.package_identification:_identify(src/ugv_ws/src/ugv_controller) by extension 'colcon_meta'
[0.446s] Level 1:colcon.colcon_core.package_identification:_identify(src/ugv_ws/src/ugv_controller) by extensions ['ros']
[0.446s] Level 1:colcon.colcon_core.package_identification:_identify(src/ugv_ws/src/ugv_controller) by extension 'ros'
[0.447s] DEBUG:colcon.colcon_core.package_identification:Package 'src/ugv_ws/src/ugv_controller' with type 'ros.ament_cmake' and name 'ugv_controller'
[0.447s] Level 1:colcon.colcon_core.package_identification:_identify(src/utilities_pkg) by extensions ['ignore', 'ignore_ament_install']
[0.447s] Level 1:colcon.colcon_core.package_identification:_identify(src/utilities_pkg) by extension 'ignore'
[0.447s] Level 1:colcon.colcon_core.package_identification:_identify(src/utilities_pkg) by extension 'ignore_ament_install'
[0.447s] Level 1:colcon.colcon_core.package_identification:_identify(src/utilities_pkg) by extensions ['colcon_pkg']
[0.447s] Level 1:colcon.colcon_core.package_identification:_identify(src/utilities_pkg) by extension 'colcon_pkg'
[0.448s] Level 1:colcon.colcon_core.package_identification:_identify(src/utilities_pkg) by extensions ['colcon_meta']
[0.448s] Level 1:colcon.colcon_core.package_identification:_identify(src/utilities_pkg) by extension 'colcon_meta'
[0.448s] Level 1:colcon.colcon_core.package_identification:_identify(src/utilities_pkg) by extensions ['ros']
[0.448s] Level 1:colcon.colcon_core.package_identification:_identify(src/utilities_pkg) by extension 'ros'
[0.449s] DEBUG:colcon.colcon_core.package_identification:Package 'src/utilities_pkg' with type 'ros.ament_cmake' and name 'utilities_pkg'
[0.449s] Level 1:colcon.colcon_core.package_identification:_identify(src/ws_aruco) by extensions ['ignore', 'ignore_ament_install']
[0.449s] Level 1:colcon.colcon_core.package_identification:_identify(src/ws_aruco) by extension 'ignore'
[0.449s] Level 1:colcon.colcon_core.package_identification:_identify(src/ws_aruco) by extension 'ignore_ament_install'
[0.449s] Level 1:colcon.colcon_core.package_identification:_identify(src/ws_aruco) by extensions ['colcon_pkg']
[0.449s] Level 1:colcon.colcon_core.package_identification:_identify(src/ws_aruco) by extension 'colcon_pkg'
[0.449s] Level 1:colcon.colcon_core.package_identification:_identify(src/ws_aruco) by extensions ['colcon_meta']
[0.449s] Level 1:colcon.colcon_core.package_identification:_identify(src/ws_aruco) by extension 'colcon_meta'
[0.449s] Level 1:colcon.colcon_core.package_identification:_identify(src/ws_aruco) by extensions ['ros']
[0.449s] Level 1:colcon.colcon_core.package_identification:_identify(src/ws_aruco) by extension 'ros'
[0.449s] Level 1:colcon.colcon_core.package_identification:_identify(src/ws_aruco) by extensions ['cmake', 'python']
[0.449s] Level 1:colcon.colcon_core.package_identification:_identify(src/ws_aruco) by extension 'cmake'
[0.449s] Level 1:colcon.colcon_core.package_identification:_identify(src/ws_aruco) by extension 'python'
[0.449s] Level 1:colcon.colcon_core.package_identification:_identify(src/ws_aruco) by extensions ['python_setup_py']
[0.449s] Level 1:colcon.colcon_core.package_identification:_identify(src/ws_aruco) by extension 'python_setup_py'
[0.449s] Level 1:colcon.colcon_core.package_identification:_identify(src/ws_aruco/build) by extensions ['ignore', 'ignore_ament_install']
[0.449s] Level 1:colcon.colcon_core.package_identification:_identify(src/ws_aruco/build) by extension 'ignore'
[0.449s] Level 1:colcon.colcon_core.package_identification:_identify(src/ws_aruco/build) ignored
[0.449s] Level 1:colcon.colcon_core.package_identification:_identify(src/ws_aruco/install) by extensions ['ignore', 'ignore_ament_install']
[0.450s] Level 1:colcon.colcon_core.package_identification:_identify(src/ws_aruco/install) by extension 'ignore'
[0.450s] Level 1:colcon.colcon_core.package_identification:_identify(src/ws_aruco/install) ignored
[0.450s] Level 1:colcon.colcon_core.package_identification:_identify(src/ws_aruco/log) by extensions ['ignore', 'ignore_ament_install']
[0.450s] Level 1:colcon.colcon_core.package_identification:_identify(src/ws_aruco/log) by extension 'ignore'
[0.450s] Level 1:colcon.colcon_core.package_identification:_identify(src/ws_aruco/log) ignored
[0.450s] Level 1:colcon.colcon_core.package_identification:_identify(src/ws_aruco/src) by extensions ['ignore', 'ignore_ament_install']
[0.450s] Level 1:colcon.colcon_core.package_identification:_identify(src/ws_aruco/src) by extension 'ignore'
[0.450s] Level 1:colcon.colcon_core.package_identification:_identify(src/ws_aruco/src) by extension 'ignore_ament_install'
[0.450s] Level 1:colcon.colcon_core.package_identification:_identify(src/ws_aruco/src) by extensions ['colcon_pkg']
[0.450s] Level 1:colcon.colcon_core.package_identification:_identify(src/ws_aruco/src) by extension 'colcon_pkg'
[0.450s] Level 1:colcon.colcon_core.package_identification:_identify(src/ws_aruco/src) by extensions ['colcon_meta']
[0.450s] Level 1:colcon.colcon_core.package_identification:_identify(src/ws_aruco/src) by extension 'colcon_meta'
[0.450s] Level 1:colcon.colcon_core.package_identification:_identify(src/ws_aruco/src) by extensions ['ros']
[0.450s] Level 1:colcon.colcon_core.package_identification:_identify(src/ws_aruco/src) by extension 'ros'
[0.450s] Level 1:colcon.colcon_core.package_identification:_identify(src/ws_aruco/src) by extensions ['cmake', 'python']
[0.450s] Level 1:colcon.colcon_core.package_identification:_identify(src/ws_aruco/src) by extension 'cmake'
[0.450s] Level 1:colcon.colcon_core.package_identification:_identify(src/ws_aruco/src) by extension 'python'
[0.450s] Level 1:colcon.colcon_core.package_identification:_identify(src/ws_aruco/src) by extensions ['python_setup_py']
[0.450s] Level 1:colcon.colcon_core.package_identification:_identify(src/ws_aruco/src) by extension 'python_setup_py'
[0.450s] Level 1:colcon.colcon_core.package_identification:_identify(src/ws_aruco/src/aruco_interfaces) by extensions ['ignore', 'ignore_ament_install']
[0.450s] Level 1:colcon.colcon_core.package_identification:_identify(src/ws_aruco/src/aruco_interfaces) by extension 'ignore'
[0.451s] Level 1:colcon.colcon_core.package_identification:_identify(src/ws_aruco/src/aruco_interfaces) by extension 'ignore_ament_install'
[0.451s] Level 1:colcon.colcon_core.package_identification:_identify(src/ws_aruco/src/aruco_interfaces) by extensions ['colcon_pkg']
[0.451s] Level 1:colcon.colcon_core.package_identification:_identify(src/ws_aruco/src/aruco_interfaces) by extension 'colcon_pkg'
[0.451s] Level 1:colcon.colcon_core.package_identification:_identify(src/ws_aruco/src/aruco_interfaces) by extensions ['colcon_meta']
[0.451s] Level 1:colcon.colcon_core.package_identification:_identify(src/ws_aruco/src/aruco_interfaces) by extension 'colcon_meta'
[0.451s] Level 1:colcon.colcon_core.package_identification:_identify(src/ws_aruco/src/aruco_interfaces) by extensions ['ros']
[0.451s] Level 1:colcon.colcon_core.package_identification:_identify(src/ws_aruco/src/aruco_interfaces) by extension 'ros'
[0.452s] DEBUG:colcon.colcon_core.package_identification:Package 'src/ws_aruco/src/aruco_interfaces' with type 'ros.ament_cmake' and name 'aruco_interfaces'
[0.452s] Level 1:colcon.colcon_core.package_identification:_identify(src/ws_aruco/src/multi_tracker) by extensions ['ignore', 'ignore_ament_install']
[0.452s] Level 1:colcon.colcon_core.package_identification:_identify(src/ws_aruco/src/multi_tracker) by extension 'ignore'
[0.452s] Level 1:colcon.colcon_core.package_identification:_identify(src/ws_aruco/src/multi_tracker) by extension 'ignore_ament_install'
[0.452s] Level 1:colcon.colcon_core.package_identification:_identify(src/ws_aruco/src/multi_tracker) by extensions ['colcon_pkg']
[0.452s] Level 1:colcon.colcon_core.package_identification:_identify(src/ws_aruco/src/multi_tracker) by extension 'colcon_pkg'
[0.453s] Level 1:colcon.colcon_core.package_identification:_identify(src/ws_aruco/src/multi_tracker) by extensions ['colcon_meta']
[0.453s] Level 1:colcon.colcon_core.package_identification:_identify(src/ws_aruco/src/multi_tracker) by extension 'colcon_meta'
[0.453s] Level 1:colcon.colcon_core.package_identification:_identify(src/ws_aruco/src/multi_tracker) by extensions ['ros']
[0.453s] Level 1:colcon.colcon_core.package_identification:_identify(src/ws_aruco/src/multi_tracker) by extension 'ros'
[0.454s] DEBUG:colcon.colcon_core.package_identification:Package 'src/ws_aruco/src/multi_tracker' with type 'ros.ament_cmake' and name 'multi_tracker'
[0.455s] Level 1:colcon.colcon_core.package_identification:_identify(src/ws_aruco/src/vision_opencv) by extensions ['ignore', 'ignore_ament_install']
[0.455s] Level 1:colcon.colcon_core.package_identification:_identify(src/ws_aruco/src/vision_opencv) by extension 'ignore'
[0.455s] Level 1:colcon.colcon_core.package_identification:_identify(src/ws_aruco/src/vision_opencv) by extension 'ignore_ament_install'
[0.455s] Level 1:colcon.colcon_core.package_identification:_identify(src/ws_aruco/src/vision_opencv) by extensions ['colcon_pkg']
[0.455s] Level 1:colcon.colcon_core.package_identification:_identify(src/ws_aruco/src/vision_opencv) by extension 'colcon_pkg'
[0.455s] Level 1:colcon.colcon_core.package_identification:_identify(src/ws_aruco/src/vision_opencv) by extensions ['colcon_meta']
[0.455s] Level 1:colcon.colcon_core.package_identification:_identify(src/ws_aruco/src/vision_opencv) by extension 'colcon_meta'
[0.455s] Level 1:colcon.colcon_core.package_identification:_identify(src/ws_aruco/src/vision_opencv) by extensions ['ros']
[0.455s] Level 1:colcon.colcon_core.package_identification:_identify(src/ws_aruco/src/vision_opencv) by extension 'ros'
[0.455s] Level 1:colcon.colcon_core.package_identification:_identify(src/ws_aruco/src/vision_opencv) by extensions ['cmake', 'python']
[0.455s] Level 1:colcon.colcon_core.package_identification:_identify(src/ws_aruco/src/vision_opencv) by extension 'cmake'
[0.455s] Level 1:colcon.colcon_core.package_identification:_identify(src/ws_aruco/src/vision_opencv) by extension 'python'
[0.455s] Level 1:colcon.colcon_core.package_identification:_identify(src/ws_aruco/src/vision_opencv) by extensions ['python_setup_py']
[0.455s] Level 1:colcon.colcon_core.package_identification:_identify(src/ws_aruco/src/vision_opencv) by extension 'python_setup_py'
[0.455s] Level 1:colcon.colcon_core.package_identification:_identify(src/ws_aruco/src/vision_opencv/cv_bridge) by extensions ['ignore', 'ignore_ament_install']
[0.455s] Level 1:colcon.colcon_core.package_identification:_identify(src/ws_aruco/src/vision_opencv/cv_bridge) by extension 'ignore'
[0.455s] Level 1:colcon.colcon_core.package_identification:_identify(src/ws_aruco/src/vision_opencv/cv_bridge) by extension 'ignore_ament_install'
[0.455s] Level 1:colcon.colcon_core.package_identification:_identify(src/ws_aruco/src/vision_opencv/cv_bridge) by extensions ['colcon_pkg']
[0.455s] Level 1:colcon.colcon_core.package_identification:_identify(src/ws_aruco/src/vision_opencv/cv_bridge) by extension 'colcon_pkg'
[0.455s] Level 1:colcon.colcon_core.package_identification:_identify(src/ws_aruco/src/vision_opencv/cv_bridge) by extensions ['colcon_meta']
[0.456s] Level 1:colcon.colcon_core.package_identification:_identify(src/ws_aruco/src/vision_opencv/cv_bridge) by extension 'colcon_meta'
[0.456s] Level 1:colcon.colcon_core.package_identification:_identify(src/ws_aruco/src/vision_opencv/cv_bridge) by extensions ['ros']
[0.456s] Level 1:colcon.colcon_core.package_identification:_identify(src/ws_aruco/src/vision_opencv/cv_bridge) by extension 'ros'
[0.457s] DEBUG:colcon.colcon_core.package_identification:Package 'src/ws_aruco/src/vision_opencv/cv_bridge' with type 'ros.ament_cmake' and name 'cv_bridge'
[0.457s] Level 1:colcon.colcon_core.package_identification:_identify(src/ws_aruco/src/vision_opencv/image_geometry) by extensions ['ignore', 'ignore_ament_install']
[0.457s] Level 1:colcon.colcon_core.package_identification:_identify(src/ws_aruco/src/vision_opencv/image_geometry) by extension 'ignore'
[0.457s] Level 1:colcon.colcon_core.package_identification:_identify(src/ws_aruco/src/vision_opencv/image_geometry) by extension 'ignore_ament_install'
[0.457s] Level 1:colcon.colcon_core.package_identification:_identify(src/ws_aruco/src/vision_opencv/image_geometry) by extensions ['colcon_pkg']
[0.457s] Level 1:colcon.colcon_core.package_identification:_identify(src/ws_aruco/src/vision_opencv/image_geometry) by extension 'colcon_pkg'
[0.458s] Level 1:colcon.colcon_core.package_identification:_identify(src/ws_aruco/src/vision_opencv/image_geometry) by extensions ['colcon_meta']
[0.458s] Level 1:colcon.colcon_core.package_identification:_identify(src/ws_aruco/src/vision_opencv/image_geometry) by extension 'colcon_meta'
[0.458s] Level 1:colcon.colcon_core.package_identification:_identify(src/ws_aruco/src/vision_opencv/image_geometry) by extensions ['ros']
[0.458s] Level 1:colcon.colcon_core.package_identification:_identify(src/ws_aruco/src/vision_opencv/image_geometry) by extension 'ros'
[0.459s] DEBUG:colcon.colcon_core.package_identification:Package 'src/ws_aruco/src/vision_opencv/image_geometry' with type 'ros.ament_cmake' and name 'image_geometry'
[0.459s] Level 1:colcon.colcon_core.package_identification:_identify(src/ws_aruco/src/vision_opencv/opencv_tests) by extensions ['ignore', 'ignore_ament_install']
[0.459s] Level 1:colcon.colcon_core.package_identification:_identify(src/ws_aruco/src/vision_opencv/opencv_tests) by extension 'ignore'
[0.459s] Level 1:colcon.colcon_core.package_identification:_identify(src/ws_aruco/src/vision_opencv/opencv_tests) by extension 'ignore_ament_install'
[0.459s] Level 1:colcon.colcon_core.package_identification:_identify(src/ws_aruco/src/vision_opencv/opencv_tests) by extensions ['colcon_pkg']
[0.459s] Level 1:colcon.colcon_core.package_identification:_identify(src/ws_aruco/src/vision_opencv/opencv_tests) by extension 'colcon_pkg'
[0.459s] Level 1:colcon.colcon_core.package_identification:_identify(src/ws_aruco/src/vision_opencv/opencv_tests) by extensions ['colcon_meta']
[0.459s] Level 1:colcon.colcon_core.package_identification:_identify(src/ws_aruco/src/vision_opencv/opencv_tests) by extension 'colcon_meta'
[0.460s] Level 1:colcon.colcon_core.package_identification:_identify(src/ws_aruco/src/vision_opencv/opencv_tests) by extensions ['ros']
[0.460s] Level 1:colcon.colcon_core.package_identification:_identify(src/ws_aruco/src/vision_opencv/opencv_tests) by extension 'ros'
[0.461s] DEBUG:colcon.colcon_core.package_identification:Package 'src/ws_aruco/src/vision_opencv/opencv_tests' with type 'ros.ament_python' and name 'opencv_tests'
[0.461s] Level 1:colcon.colcon_core.package_identification:_identify(src/ws_aruco/src/vision_opencv/vision_opencv) by extensions ['ignore', 'ignore_ament_install']
[0.461s] Level 1:colcon.colcon_core.package_identification:_identify(src/ws_aruco/src/vision_opencv/vision_opencv) by extension 'ignore'
[0.461s] Level 1:colcon.colcon_core.package_identification:_identify(src/ws_aruco/src/vision_opencv/vision_opencv) by extension 'ignore_ament_install'
[0.461s] Level 1:colcon.colcon_core.package_identification:_identify(src/ws_aruco/src/vision_opencv/vision_opencv) by extensions ['colcon_pkg']
[0.461s] Level 1:colcon.colcon_core.package_identification:_identify(src/ws_aruco/src/vision_opencv/vision_opencv) by extension 'colcon_pkg'
[0.461s] Level 1:colcon.colcon_core.package_identification:_identify(src/ws_aruco/src/vision_opencv/vision_opencv) by extensions ['colcon_meta']
[0.461s] Level 1:colcon.colcon_core.package_identification:_identify(src/ws_aruco/src/vision_opencv/vision_opencv) by extension 'colcon_meta'
[0.461s] Level 1:colcon.colcon_core.package_identification:_identify(src/ws_aruco/src/vision_opencv/vision_opencv) by extensions ['ros']
[0.461s] Level 1:colcon.colcon_core.package_identification:_identify(src/ws_aruco/src/vision_opencv/vision_opencv) by extension 'ros'
[0.462s] DEBUG:colcon.colcon_core.package_identification:Package 'src/ws_aruco/src/vision_opencv/vision_opencv' with type 'ros.ament_cmake' and name 'vision_opencv'
[0.462s] Level 1:colcon.colcon_core.package_discovery:discover_packages(recursive) using defaults
[0.462s] Level 1:colcon.colcon_core.package_discovery:discover_packages(ignore) discover
[0.462s] Level 1:colcon.colcon_core.package_discovery:discover_packages(ignore) using defaults
[0.462s] Level 1:colcon.colcon_core.package_discovery:discover_packages(path) discover
[0.462s] Level 1:colcon.colcon_core.package_discovery:discover_packages(path) using defaults
[0.491s] INFO:colcon.colcon_core.package_selection:Skipping not selected package 'aruco_interfaces' in 'src/ws_aruco/src/aruco_interfaces'
[0.492s] INFO:colcon.colcon_core.package_selection:Skipping not selected package 'cv_bridge' in 'src/ws_aruco/src/vision_opencv/cv_bridge'
[0.492s] INFO:colcon.colcon_core.package_selection:Skipping not selected package 'drone_takeoff_pub' in 'src/ugv_ws/src/drone_takeoff_pub'
[0.492s] INFO:colcon.colcon_core.package_selection:Skipping not selected package 'gazebo_env_setup' in 'src/ugv_ws/src/gazebo_env_setup'
[0.492s] INFO:colcon.colcon_core.package_selection:Skipping not selected package 'image_geometry' in 'src/ws_aruco/src/vision_opencv/image_geometry'
[0.492s] INFO:colcon.colcon_core.package_selection:Skipping not selected package 'px4_msgs' in 'src/px4_msgs'
[0.492s] INFO:colcon.colcon_core.package_selection:Skipping not selected package 'ugv_controller' in 'src/ugv_ws/src/ugv_controller'
[0.492s] INFO:colcon.colcon_core.package_selection:Skipping not selected package 'multi_tracker' in 'src/ws_aruco/src/multi_tracker'
[0.492s] INFO:colcon.colcon_core.package_selection:Skipping not selected package 'opencv_tests' in 'src/ws_aruco/src/vision_opencv/opencv_tests'
[0.492s] INFO:colcon.colcon_core.package_selection:Skipping not selected package 'px4_ros_com' in 'src/px4_ros_com'
[0.492s] INFO:colcon.colcon_core.package_selection:Skipping not selected package 'utilities_pkg' in 'src/utilities_pkg'
[0.492s] INFO:colcon.colcon_core.package_selection:Skipping not selected package 'vision_opencv' in 'src/ws_aruco/src/vision_opencv/vision_opencv'
[0.493s] Level 1:colcon.colcon_core.package_discovery:discover_packages(prefix_path) check parameters
[0.493s] Level 1:colcon.colcon_core.package_discovery:discover_packages(prefix_path) discover
[0.496s] DEBUG:colcon.colcon_installed_package_information.package_discovery:Found 376 installed packages in /opt/ros/humble
[0.498s] Level 1:colcon.colcon_core.package_discovery:discover_packages(prefix_path) using defaults
[0.546s] Level 5:colcon.colcon_core.verb:set package 'uav_controller_pkg' build argument 'cmake_args' from command line to 'None'
[0.546s] Level 5:colcon.colcon_core.verb:set package 'uav_controller_pkg' build argument 'cmake_target' from command line to 'None'
[0.547s] Level 5:colcon.colcon_core.verb:set package 'uav_controller_pkg' build argument 'cmake_target_skip_unavailable' from command line to 'False'
[0.547s] Level 5:colcon.colcon_core.verb:set package 'uav_controller_pkg' build argument 'cmake_clean_cache' from command line to 'False'
[0.547s] Level 5:colcon.colcon_core.verb:set package 'uav_controller_pkg' build argument 'cmake_clean_first' from command line to 'False'
[0.547s] Level 5:colcon.colcon_core.verb:set package 'uav_controller_pkg' build argument 'cmake_force_configure' from command line to 'False'
[0.547s] Level 5:colcon.colcon_core.verb:set package 'uav_controller_pkg' build argument 'ament_cmake_args' from command line to 'None'
[0.547s] Level 5:colcon.colcon_core.verb:set package 'uav_controller_pkg' build argument 'catkin_cmake_args' from command line to 'None'
[0.547s] Level 5:colcon.colcon_core.verb:set package 'uav_controller_pkg' build argument 'catkin_skip_building_tests' from command line to 'False'
[0.547s] DEBUG:colcon.colcon_core.verb:Building package 'uav_controller_pkg' with the following arguments: {'ament_cmake_args': None, 'build_base': '/home/jmj/pro_asp_ws/ws_px4_controls/build/uav_controller_pkg', 'catkin_cmake_args': None, 'catkin_skip_building_tests': False, 'cmake_args': None, 'cmake_clean_cache': False, 'cmake_clean_first': False, 'cmake_force_configure': False, 'cmake_target': None, 'cmake_target_skip_unavailable': False, 'install_base': '/home/jmj/pro_asp_ws/ws_px4_controls/install/uav_controller_pkg', 'merge_install': False, 'path': '/home/jmj/pro_asp_ws/ws_px4_controls/src/uav_controller_pkg', 'symlink_install': False, 'test_result_base': None}
[0.547s] INFO:colcon.colcon_core.executor:Executing jobs using 'parallel' executor
[0.549s] DEBUG:colcon.colcon_parallel_executor.executor.parallel:run_until_complete
[0.550s] INFO:colcon.colcon_ros.task.ament_cmake.build:Building ROS package in '/home/jmj/pro_asp_ws/ws_px4_controls/src/uav_controller_pkg' with build type 'ament_cmake'
[0.550s] INFO:colcon.colcon_cmake.task.cmake.build:Building CMake package in '/home/jmj/pro_asp_ws/ws_px4_controls/src/uav_controller_pkg'
[0.554s] INFO:colcon.colcon_core.plugin_system:Skipping extension 'colcon_core.shell.bat': Not used on non-Windows systems
[0.555s] INFO:colcon.colcon_core.shell:Skip shell extension 'powershell' for command environment: Not usable outside of PowerShell
[0.555s] DEBUG:colcon.colcon_core.shell:Skip shell extension 'dsv' for command environment
[0.573s] DEBUG:colcon.colcon_core.event_handler.log_command:Invoking command in '/home/jmj/pro_asp_ws/ws_px4_controls/build/uav_controller_pkg': AMENT_PREFIX_PATH=/home/jmj/pro_asp_ws/ws_px4_controls/install/px4_msgs:/home/jmj/pro_asp_ws/ws_px4_controls/install/aruco_interfaces:${AMENT_PREFIX_PATH} CMAKE_PREFIX_PATH=/home/jmj/pro_asp_ws/ws_px4_controls/install/px4_msgs:/home/jmj/pro_asp_ws/ws_px4_controls/install/aruco_interfaces:/opt/ros/humble LD_LIBRARY_PATH=/home/jmj/pro_asp_ws/ws_px4_controls/install/px4_msgs/lib:/home/jmj/pro_asp_ws/ws_px4_controls/install/aruco_interfaces/lib:${LD_LIBRARY_PATH} PYTHONPATH=/home/jmj/pro_asp_ws/ws_px4_controls/install/px4_msgs/local/lib/python3.10/dist-packages:/home/jmj/pro_asp_ws/ws_px4_controls/install/aruco_interfaces/local/lib/python3.10/dist-packages:${PYTHONPATH} /usr/bin/cmake --build /home/jmj/pro_asp_ws/ws_px4_controls/build/uav_controller_pkg -- -j20 -l20
[19.688s] DEBUG:colcon.colcon_core.event_handler.log_command:Invoked command in '/home/jmj/pro_asp_ws/ws_px4_controls/build/uav_controller_pkg' returned '0': AMENT_PREFIX_PATH=/home/jmj/pro_asp_ws/ws_px4_controls/install/px4_msgs:/home/jmj/pro_asp_ws/ws_px4_controls/install/aruco_interfaces:${AMENT_PREFIX_PATH} CMAKE_PREFIX_PATH=/home/jmj/pro_asp_ws/ws_px4_controls/install/px4_msgs:/home/jmj/pro_asp_ws/ws_px4_controls/install/aruco_interfaces:/opt/ros/humble LD_LIBRARY_PATH=/home/jmj/pro_asp_ws/ws_px4_controls/install/px4_msgs/lib:/home/jmj/pro_asp_ws/ws_px4_controls/install/aruco_interfaces/lib:${LD_LIBRARY_PATH} PYTHONPATH=/home/jmj/pro_asp_ws/ws_px4_controls/install/px4_msgs/local/lib/python3.10/dist-packages:/home/jmj/pro_asp_ws/ws_px4_controls/install/aruco_interfaces/local/lib/python3.10/dist-packages:${PYTHONPATH} /usr/bin/cmake --build /home/jmj/pro_asp_ws/ws_px4_controls/build/uav_controller_pkg -- -j20 -l20
[19.700s] DEBUG:colcon.colcon_core.event_handler.log_command:Invoking command in '/home/jmj/pro_asp_ws/ws_px4_controls/build/uav_controller_pkg': AMENT_PREFIX_PATH=/home/jmj/pro_asp_ws/ws_px4_controls/install/px4_msgs:/home/jmj/pro_asp_ws/ws_px4_controls/install/aruco_interfaces:${AMENT_PREFIX_PATH} CMAKE_PREFIX_PATH=/home/jmj/pro_asp_ws/ws_px4_controls/install/px4_msgs:/home/jmj/pro_asp_ws/ws_px4_controls/install/aruco_interfaces:/opt/ros/humble LD_LIBRARY_PATH=/home/jmj/pro_asp_ws/ws_px4_controls/install/px4_msgs/lib:/home/jmj/pro_asp_ws/ws_px4_controls/install/aruco_interfaces/lib:${LD_LIBRARY_PATH} PYTHONPATH=/home/jmj/pro_asp_ws/ws_px4_controls/install/px4_msgs/local/lib/python3.10/dist-packages:/home/jmj/pro_asp_ws/ws_px4_controls/install/aruco_interfaces/local/lib/python3.10/dist-packages:${PYTHONPATH} /usr/bin/cmake --install /home/jmj/pro_asp_ws/ws_px4_controls/build/uav_controller_pkg
[19.734s] Level 1:colcon.colcon_core.environment:create_environment_scripts_only(uav_controller_pkg)
[19.735s] DEBUG:colcon.colcon_core.event_handler.log_command:Invoked command in '/home/jmj/pro_asp_ws/ws_px4_controls/build/uav_controller_pkg' returned '0': AMENT_PREFIX_PATH=/home/jmj/pro_asp_ws/ws_px4_controls/install/px4_msgs:/home/jmj/pro_asp_ws/ws_px4_controls/install/aruco_interfaces:${AMENT_PREFIX_PATH} CMAKE_PREFIX_PATH=/home/jmj/pro_asp_ws/ws_px4_controls/install/px4_msgs:/home/jmj/pro_asp_ws/ws_px4_controls/install/aruco_interfaces:/opt/ros/humble LD_LIBRARY_PATH=/home/jmj/pro_asp_ws/ws_px4_controls/install/px4_msgs/lib:/home/jmj/pro_asp_ws/ws_px4_controls/install/aruco_interfaces/lib:${LD_LIBRARY_PATH} PYTHONPATH=/home/jmj/pro_asp_ws/ws_px4_controls/install/px4_msgs/local/lib/python3.10/dist-packages:/home/jmj/pro_asp_ws/ws_px4_controls/install/aruco_interfaces/local/lib/python3.10/dist-packages:${PYTHONPATH} /usr/bin/cmake --install /home/jmj/pro_asp_ws/ws_px4_controls/build/uav_controller_pkg
[19.739s] Level 1:colcon.colcon_core.environment:checking '/home/jmj/pro_asp_ws/ws_px4_controls/install/uav_controller_pkg' for CMake module files
[19.740s] Level 1:colcon.colcon_core.environment:checking '/home/jmj/pro_asp_ws/ws_px4_controls/install/uav_controller_pkg' for CMake config files
[19.740s] Level 1:colcon.colcon_core.shell:create_environment_hook('uav_controller_pkg', 'cmake_prefix_path')
[19.740s] INFO:colcon.colcon_core.shell:Creating environment hook '/home/jmj/pro_asp_ws/ws_px4_controls/install/uav_controller_pkg/share/uav_controller_pkg/hook/cmake_prefix_path.ps1'
[19.741s] INFO:colcon.colcon_core.shell:Creating environment descriptor '/home/jmj/pro_asp_ws/ws_px4_controls/install/uav_controller_pkg/share/uav_controller_pkg/hook/cmake_prefix_path.dsv'
[19.741s] INFO:colcon.colcon_core.shell:Creating environment hook '/home/jmj/pro_asp_ws/ws_px4_controls/install/uav_controller_pkg/share/uav_controller_pkg/hook/cmake_prefix_path.sh'
[19.742s] Level 1:colcon.colcon_core.environment:checking '/home/jmj/pro_asp_ws/ws_px4_controls/install/uav_controller_pkg/lib'
[19.742s] Level 1:colcon.colcon_core.environment:checking '/home/jmj/pro_asp_ws/ws_px4_controls/install/uav_controller_pkg/bin'
[19.743s] Level 1:colcon.colcon_core.environment:checking '/home/jmj/pro_asp_ws/ws_px4_controls/install/uav_controller_pkg/lib/pkgconfig/uav_controller_pkg.pc'
[19.743s] Level 1:colcon.colcon_core.environment:checking '/home/jmj/pro_asp_ws/ws_px4_controls/install/uav_controller_pkg/lib/python3.10/site-packages'
[19.743s] Level 1:colcon.colcon_core.environment:checking '/home/jmj/pro_asp_ws/ws_px4_controls/install/uav_controller_pkg/bin'
[19.743s] INFO:colcon.colcon_core.shell:Creating package script '/home/jmj/pro_asp_ws/ws_px4_controls/install/uav_controller_pkg/share/uav_controller_pkg/package.ps1'
[19.744s] INFO:colcon.colcon_core.shell:Creating package descriptor '/home/jmj/pro_asp_ws/ws_px4_controls/install/uav_controller_pkg/share/uav_controller_pkg/package.dsv'
[19.745s] INFO:colcon.colcon_core.shell:Creating package script '/home/jmj/pro_asp_ws/ws_px4_controls/install/uav_controller_pkg/share/uav_controller_pkg/package.sh'
[19.745s] INFO:colcon.colcon_core.shell:Creating package script '/home/jmj/pro_asp_ws/ws_px4_controls/install/uav_controller_pkg/share/uav_controller_pkg/package.bash'
[19.746s] INFO:colcon.colcon_core.shell:Creating package script '/home/jmj/pro_asp_ws/ws_px4_controls/install/uav_controller_pkg/share/uav_controller_pkg/package.zsh'
[19.747s] Level 1:colcon.colcon_core.environment:create_file_with_runtime_dependencies(/home/jmj/pro_asp_ws/ws_px4_controls/install/uav_controller_pkg/share/colcon-core/packages/uav_controller_pkg)
[19.748s] Level 1:colcon.colcon_core.environment:create_environment_scripts_only(uav_controller_pkg)
[19.748s] Level 1:colcon.colcon_core.environment:checking '/home/jmj/pro_asp_ws/ws_px4_controls/install/uav_controller_pkg' for CMake module files
[19.748s] Level 1:colcon.colcon_core.environment:checking '/home/jmj/pro_asp_ws/ws_px4_controls/install/uav_controller_pkg' for CMake config files
[19.749s] Level 1:colcon.colcon_core.shell:create_environment_hook('uav_controller_pkg', 'cmake_prefix_path')
[19.749s] INFO:colcon.colcon_core.shell:Creating environment hook '/home/jmj/pro_asp_ws/ws_px4_controls/install/uav_controller_pkg/share/uav_controller_pkg/hook/cmake_prefix_path.ps1'
[19.749s] INFO:colcon.colcon_core.shell:Creating environment descriptor '/home/jmj/pro_asp_ws/ws_px4_controls/install/uav_controller_pkg/share/uav_controller_pkg/hook/cmake_prefix_path.dsv'
[19.750s] INFO:colcon.colcon_core.shell:Creating environment hook '/home/jmj/pro_asp_ws/ws_px4_controls/install/uav_controller_pkg/share/uav_controller_pkg/hook/cmake_prefix_path.sh'
[19.750s] Level 1:colcon.colcon_core.environment:checking '/home/jmj/pro_asp_ws/ws_px4_controls/install/uav_controller_pkg/lib'
[19.750s] Level 1:colcon.colcon_core.environment:checking '/home/jmj/pro_asp_ws/ws_px4_controls/install/uav_controller_pkg/bin'
[19.750s] Level 1:colcon.colcon_core.environment:checking '/home/jmj/pro_asp_ws/ws_px4_controls/install/uav_controller_pkg/lib/pkgconfig/uav_controller_pkg.pc'
[19.751s] Level 1:colcon.colcon_core.environment:checking '/home/jmj/pro_asp_ws/ws_px4_controls/install/uav_controller_pkg/lib/python3.10/site-packages'
[19.751s] Level 1:colcon.colcon_core.environment:checking '/home/jmj/pro_asp_ws/ws_px4_controls/install/uav_controller_pkg/bin'
[19.751s] INFO:colcon.colcon_core.shell:Creating package script '/home/jmj/pro_asp_ws/ws_px4_controls/install/uav_controller_pkg/share/uav_controller_pkg/package.ps1'
[19.752s] INFO:colcon.colcon_core.shell:Creating package descriptor '/home/jmj/pro_asp_ws/ws_px4_controls/install/uav_controller_pkg/share/uav_controller_pkg/package.dsv'
[19.752s] INFO:colcon.colcon_core.shell:Creating package script '/home/jmj/pro_asp_ws/ws_px4_controls/install/uav_controller_pkg/share/uav_controller_pkg/package.sh'
[19.753s] INFO:colcon.colcon_core.shell:Creating package script '/home/jmj/pro_asp_ws/ws_px4_controls/install/uav_controller_pkg/share/uav_controller_pkg/package.bash'
[19.753s] INFO:colcon.colcon_core.shell:Creating package script '/home/jmj/pro_asp_ws/ws_px4_controls/install/uav_controller_pkg/share/uav_controller_pkg/package.zsh'
[19.753s] Level 1:colcon.colcon_core.environment:create_file_with_runtime_dependencies(/home/jmj/pro_asp_ws/ws_px4_controls/install/uav_controller_pkg/share/colcon-core/packages/uav_controller_pkg)
[19.754s] DEBUG:colcon.colcon_parallel_executor.executor.parallel:closing loop
[19.754s] DEBUG:colcon.colcon_parallel_executor.executor.parallel:loop closed
[19.754s] DEBUG:colcon.colcon_parallel_executor.executor.parallel:run_until_complete finished with '0'
[19.754s] DEBUG:colcon.colcon_core.event_reactor:joining thread
[19.764s] INFO:colcon.colcon_core.plugin_system:Skipping extension 'colcon_notification.desktop_notification.terminal_notifier': Not used on non-Darwin systems
[19.764s] INFO:colcon.colcon_core.plugin_system:Skipping extension 'colcon_notification.desktop_notification.win32': Not used on non-Windows systems
[19.764s] INFO:colcon.colcon_notification.desktop_notification:Sending desktop notification using 'notify2'
[19.787s] DEBUG:colcon.colcon_core.event_reactor:joined thread
[19.787s] INFO:colcon.colcon_core.shell:Creating prefix script '/home/jmj/pro_asp_ws/ws_px4_controls/install/local_setup.ps1'
[19.789s] INFO:colcon.colcon_core.shell:Creating prefix util module '/home/jmj/pro_asp_ws/ws_px4_controls/install/_local_setup_util_ps1.py'
[19.791s] INFO:colcon.colcon_core.shell:Creating prefix chain script '/home/jmj/pro_asp_ws/ws_px4_controls/install/setup.ps1'
[19.792s] INFO:colcon.colcon_core.shell:Creating prefix script '/home/jmj/pro_asp_ws/ws_px4_controls/install/local_setup.sh'
[19.792s] INFO:colcon.colcon_core.shell:Creating prefix util module '/home/jmj/pro_asp_ws/ws_px4_controls/install/_local_setup_util_sh.py'
[19.793s] INFO:colcon.colcon_core.shell:Creating prefix chain script '/home/jmj/pro_asp_ws/ws_px4_controls/install/setup.sh'
[19.794s] INFO:colcon.colcon_core.shell:Creating prefix script '/home/jmj/pro_asp_ws/ws_px4_controls/install/local_setup.bash'
[19.794s] INFO:colcon.colcon_core.shell:Creating prefix chain script '/home/jmj/pro_asp_ws/ws_px4_controls/install/setup.bash'
[19.795s] INFO:colcon.colcon_core.shell:Creating prefix script '/home/jmj/pro_asp_ws/ws_px4_controls/install/local_setup.zsh'
[19.796s] INFO:colcon.colcon_core.shell:Creating prefix chain script '/home/jmj/pro_asp_ws/ws_px4_controls/install/setup.zsh'
