[0.011s] Invoking command in '/home/jmj/pro_asp_ws/ws_px4_controls/build/multi_tracker': CMAKE_PREFIX_PATH=/home/jmj/pro_asp_ws/ws_px4_controls/install/px4_msgs:/home/jmj/pro_asp_ws/ws_px4_controls/install/cv_bridge:/home/jmj/pro_asp_ws/ws_px4_controls/install/aruco_interfaces:/home/jmj/pro_asp_ws/ws_px4_controls/install/vision_opencv:/home/jmj/pro_asp_ws/ws_px4_controls/install/utilities_pkg:/home/jmj/pro_asp_ws/ws_px4_controls/install/ugv_controller:/home/jmj/pro_asp_ws/ws_px4_controls/install/uav_controller_pkg:/home/jmj/pro_asp_ws/ws_px4_controls/install/px4_ros_com:/home/jmj/pro_asp_ws/ws_px4_controls/install/multi_tracker:/home/jmj/pro_asp_ws/ws_px4_controls/install/image_geometry:/home/jmj/pro_asp_ws/ws_px4_controls/install/gazebo_env_setup:/home/jmj/pro_asp_ws/ws_px4_controls/install/drone_takeoff_pub:/home/jmj/pro_asp_ws/ws_px4_controls/install/opencv_tests:/opt/ros/humble LD_LIBRARY_PATH=/home/jmj/pro_asp_ws/ws_px4_controls/install/px4_msgs/lib:/home/jmj/pro_asp_ws/ws_px4_controls/install/cv_bridge/lib:/home/jmj/pro_asp_ws/ws_px4_controls/install/aruco_interfaces/lib:/home/jmj/pro_asp_ws/ws_px4_controls/install/px4_ros_com/lib:/home/jmj/pro_asp_ws/ws_px4_controls/install/image_geometry/lib:/opt/ros/humble/opt/rviz_ogre_vendor/lib:/opt/ros/humble/lib/x86_64-linux-gnu:/opt/ros/humble/lib:/usr/local/cuda/lib64 /usr/bin/cmake /home/jmj/pro_asp_ws/ws_px4_controls/src/ws_aruco/src/multi_tracker -DCMAKE_INSTALL_PREFIX=/home/jmj/pro_asp_ws/ws_px4_controls/install/multi_tracker
[0.052s] -- The C compiler identification is GNU 11.4.0
[0.095s] -- The CXX compiler identification is GNU 11.4.0
[0.100s] -- Detecting C compiler ABI info
[0.137s] -- Detecting C compiler ABI info - done
[0.144s] -- Check for working C compiler: /usr/lib/ccache/gcc - skipped
[0.144s] -- Detecting C compile features
[0.145s] -- Detecting C compile features - done
[0.147s] -- Detecting CXX compiler ABI info
[0.199s] -- Detecting CXX compiler ABI info - done
[0.205s] -- Check for working CXX compiler: /usr/lib/ccache/g++ - skipped
[0.205s] -- Detecting CXX compile features
[0.205s] -- Detecting CXX compile features - done
[0.208s] -- Found ament_cmake: 1.3.11 (/opt/ros/humble/share/ament_cmake/cmake)
[0.318s] -- Found Python3: /usr/bin/python3 (found version "3.10.12") found components: Interpreter 
[0.386s] -- Found rclcpp: 16.0.12 (/opt/ros/humble/share/rclcpp/cmake)
[0.415s] -- Found rosidl_generator_c: 3.1.6 (/opt/ros/humble/share/rosidl_generator_c/cmake)
[0.419s] -- Found rosidl_adapter: 3.1.6 (/opt/ros/humble/share/rosidl_adapter/cmake)
[0.425s] -- Found rosidl_generator_cpp: 3.1.6 (/opt/ros/humble/share/rosidl_generator_cpp/cmake)
[0.433s] -- Using all available rosidl_typesupport_c: rosidl_typesupport_fastrtps_c;rosidl_typesupport_introspection_c
[0.443s] -- Using all available rosidl_typesupport_cpp: rosidl_typesupport_fastrtps_cpp;rosidl_typesupport_introspection_cpp
[0.475s] -- Found rmw_implementation_cmake: 6.1.2 (/opt/ros/humble/share/rmw_implementation_cmake/cmake)
[0.477s] -- Found rmw_fastrtps_cpp: 6.2.7 (/opt/ros/humble/share/rmw_fastrtps_cpp/cmake)
[0.536s] -- Found OpenSSL: /usr/lib/x86_64-linux-gnu/libcrypto.so (found version "3.0.2")  
[0.559s] -- Found FastRTPS: /opt/ros/humble/include  
[0.589s] -- Using RMW implementation 'rmw_fastrtps_cpp' as default
[0.596s] -- Looking for pthread.h
[0.636s] -- Looking for pthread.h - found
[0.636s] -- Performing Test CMAKE_HAVE_LIBC_PTHREAD
[0.679s] -- Performing Test CMAKE_HAVE_LIBC_PTHREAD - Success
[0.680s] -- Found Threads: TRUE  
[0.720s] -- Found sensor_msgs: 4.8.0 (/opt/ros/humble/share/sensor_msgs/cmake)
[0.744s] -- Found OpenCV: /usr (found version "4.5.4") 
[0.744s] -- Found cv_bridge: 3.2.1 (/home/jmj/pro_asp_ws/ws_px4_controls/install/cv_bridge/share/cv_bridge/cmake)
[0.751s] -- Found image_transport: 3.1.11 (/opt/ros/humble/share/image_transport/cmake)
[0.775s] -- Found tf2: 0.25.12 (/opt/ros/humble/share/tf2/cmake)
[0.778s] -- Found tf2_geometry_msgs: 0.25.12 (/opt/ros/humble/share/tf2_geometry_msgs/cmake)
[0.784s] -- Found eigen3_cmake_module: 0.1.1 (/opt/ros/humble/share/eigen3_cmake_module/cmake)
[0.785s] -- Found Eigen3: TRUE (found version "3.4.0") 
[0.785s] -- Ensuring Eigen3 include directory is part of orocos-kdl CMake target
[0.836s] -- Found px4_msgs: 2.0.1 (/home/jmj/pro_asp_ws/ws_px4_controls/install/px4_msgs/share/px4_msgs/cmake)
[0.845s] -- Found rosidl_default_generators: 1.2.0 (/opt/ros/humble/share/rosidl_default_generators/cmake)
[0.851s] -- Found aruco_interfaces: 0.0.0 (/home/jmj/pro_asp_ws/ws_px4_controls/install/aruco_interfaces/share/aruco_interfaces/cmake)
[0.914s] -- Configuring done
[0.924s] -- Generating done
[0.929s] -- Build files have been written to: /home/jmj/pro_asp_ws/ws_px4_controls/build/multi_tracker
[0.937s] Invoked command in '/home/jmj/pro_asp_ws/ws_px4_controls/build/multi_tracker' returned '0': CMAKE_PREFIX_PATH=/home/jmj/pro_asp_ws/ws_px4_controls/install/px4_msgs:/home/jmj/pro_asp_ws/ws_px4_controls/install/cv_bridge:/home/jmj/pro_asp_ws/ws_px4_controls/install/aruco_interfaces:/home/jmj/pro_asp_ws/ws_px4_controls/install/vision_opencv:/home/jmj/pro_asp_ws/ws_px4_controls/install/utilities_pkg:/home/jmj/pro_asp_ws/ws_px4_controls/install/ugv_controller:/home/jmj/pro_asp_ws/ws_px4_controls/install/uav_controller_pkg:/home/jmj/pro_asp_ws/ws_px4_controls/install/px4_ros_com:/home/jmj/pro_asp_ws/ws_px4_controls/install/multi_tracker:/home/jmj/pro_asp_ws/ws_px4_controls/install/image_geometry:/home/jmj/pro_asp_ws/ws_px4_controls/install/gazebo_env_setup:/home/jmj/pro_asp_ws/ws_px4_controls/install/drone_takeoff_pub:/home/jmj/pro_asp_ws/ws_px4_controls/install/opencv_tests:/opt/ros/humble LD_LIBRARY_PATH=/home/jmj/pro_asp_ws/ws_px4_controls/install/px4_msgs/lib:/home/jmj/pro_asp_ws/ws_px4_controls/install/cv_bridge/lib:/home/jmj/pro_asp_ws/ws_px4_controls/install/aruco_interfaces/lib:/home/jmj/pro_asp_ws/ws_px4_controls/install/px4_ros_com/lib:/home/jmj/pro_asp_ws/ws_px4_controls/install/image_geometry/lib:/opt/ros/humble/opt/rviz_ogre_vendor/lib:/opt/ros/humble/lib/x86_64-linux-gnu:/opt/ros/humble/lib:/usr/local/cuda/lib64 /usr/bin/cmake /home/jmj/pro_asp_ws/ws_px4_controls/src/ws_aruco/src/multi_tracker -DCMAKE_INSTALL_PREFIX=/home/jmj/pro_asp_ws/ws_px4_controls/install/multi_tracker
[0.938s] Invoking command in '/home/jmj/pro_asp_ws/ws_px4_controls/build/multi_tracker': CMAKE_PREFIX_PATH=/home/jmj/pro_asp_ws/ws_px4_controls/install/px4_msgs:/home/jmj/pro_asp_ws/ws_px4_controls/install/cv_bridge:/home/jmj/pro_asp_ws/ws_px4_controls/install/aruco_interfaces:/home/jmj/pro_asp_ws/ws_px4_controls/install/vision_opencv:/home/jmj/pro_asp_ws/ws_px4_controls/install/utilities_pkg:/home/jmj/pro_asp_ws/ws_px4_controls/install/ugv_controller:/home/jmj/pro_asp_ws/ws_px4_controls/install/uav_controller_pkg:/home/jmj/pro_asp_ws/ws_px4_controls/install/px4_ros_com:/home/jmj/pro_asp_ws/ws_px4_controls/install/multi_tracker:/home/jmj/pro_asp_ws/ws_px4_controls/install/image_geometry:/home/jmj/pro_asp_ws/ws_px4_controls/install/gazebo_env_setup:/home/jmj/pro_asp_ws/ws_px4_controls/install/drone_takeoff_pub:/home/jmj/pro_asp_ws/ws_px4_controls/install/opencv_tests:/opt/ros/humble LD_LIBRARY_PATH=/home/jmj/pro_asp_ws/ws_px4_controls/install/px4_msgs/lib:/home/jmj/pro_asp_ws/ws_px4_controls/install/cv_bridge/lib:/home/jmj/pro_asp_ws/ws_px4_controls/install/aruco_interfaces/lib:/home/jmj/pro_asp_ws/ws_px4_controls/install/px4_ros_com/lib:/home/jmj/pro_asp_ws/ws_px4_controls/install/image_geometry/lib:/opt/ros/humble/opt/rviz_ogre_vendor/lib:/opt/ros/humble/lib/x86_64-linux-gnu:/opt/ros/humble/lib:/usr/local/cuda/lib64 /usr/bin/cmake --build /home/jmj/pro_asp_ws/ws_px4_controls/build/multi_tracker -- -j20 -l20
[0.976s] [ 50%] [32mBuilding CXX object CMakeFiles/multi_tracker_node.dir/src/multi_tracker_node.cpp.o[0m
[0.987s] [01m[K/home/jmj/pro_asp_ws/ws_px4_controls/src/ws_aruco/src/multi_tracker/src/multi_tracker_node.cpp:[m[K In member function ‘[01m[Kvoid MultiTrackerNode::image_callback(sensor_msgs::msg::Image_<std::allocator<void> >::SharedPtr)[m[K’:
[0.987s] [01m[K/home/jmj/pro_asp_ws/ws_px4_controls/src/ws_aruco/src/multi_tracker/src/multi_tracker_node.cpp:122:13:[m[K [01;35m[Kwarning: [m[Kunused variable ‘[01m[Kselected_id[m[K’ [[01;35m[K-Wunused-variable[m[K]
[0.987s]   122 |         int [01;35m[Kselected_id[m[K = ids[best_marker_idx];
[0.987s]       |             [01;35m[K^~~~~~~~~~~[m[K
[1.004s] [100%] [32m[1mLinking CXX executable multi_tracker_node[0m
[2.461s] [100%] Built target multi_tracker_node
[2.467s] Invoked command in '/home/jmj/pro_asp_ws/ws_px4_controls/build/multi_tracker' returned '0': CMAKE_PREFIX_PATH=/home/jmj/pro_asp_ws/ws_px4_controls/install/px4_msgs:/home/jmj/pro_asp_ws/ws_px4_controls/install/cv_bridge:/home/jmj/pro_asp_ws/ws_px4_controls/install/aruco_interfaces:/home/jmj/pro_asp_ws/ws_px4_controls/install/vision_opencv:/home/jmj/pro_asp_ws/ws_px4_controls/install/utilities_pkg:/home/jmj/pro_asp_ws/ws_px4_controls/install/ugv_controller:/home/jmj/pro_asp_ws/ws_px4_controls/install/uav_controller_pkg:/home/jmj/pro_asp_ws/ws_px4_controls/install/px4_ros_com:/home/jmj/pro_asp_ws/ws_px4_controls/install/multi_tracker:/home/jmj/pro_asp_ws/ws_px4_controls/install/image_geometry:/home/jmj/pro_asp_ws/ws_px4_controls/install/gazebo_env_setup:/home/jmj/pro_asp_ws/ws_px4_controls/install/drone_takeoff_pub:/home/jmj/pro_asp_ws/ws_px4_controls/install/opencv_tests:/opt/ros/humble LD_LIBRARY_PATH=/home/jmj/pro_asp_ws/ws_px4_controls/install/px4_msgs/lib:/home/jmj/pro_asp_ws/ws_px4_controls/install/cv_bridge/lib:/home/jmj/pro_asp_ws/ws_px4_controls/install/aruco_interfaces/lib:/home/jmj/pro_asp_ws/ws_px4_controls/install/px4_ros_com/lib:/home/jmj/pro_asp_ws/ws_px4_controls/install/image_geometry/lib:/opt/ros/humble/opt/rviz_ogre_vendor/lib:/opt/ros/humble/lib/x86_64-linux-gnu:/opt/ros/humble/lib:/usr/local/cuda/lib64 /usr/bin/cmake --build /home/jmj/pro_asp_ws/ws_px4_controls/build/multi_tracker -- -j20 -l20
[2.468s] Invoking command in '/home/jmj/pro_asp_ws/ws_px4_controls/build/multi_tracker': CMAKE_PREFIX_PATH=/home/jmj/pro_asp_ws/ws_px4_controls/install/px4_msgs:/home/jmj/pro_asp_ws/ws_px4_controls/install/cv_bridge:/home/jmj/pro_asp_ws/ws_px4_controls/install/aruco_interfaces:/home/jmj/pro_asp_ws/ws_px4_controls/install/vision_opencv:/home/jmj/pro_asp_ws/ws_px4_controls/install/utilities_pkg:/home/jmj/pro_asp_ws/ws_px4_controls/install/ugv_controller:/home/jmj/pro_asp_ws/ws_px4_controls/install/uav_controller_pkg:/home/jmj/pro_asp_ws/ws_px4_controls/install/px4_ros_com:/home/jmj/pro_asp_ws/ws_px4_controls/install/multi_tracker:/home/jmj/pro_asp_ws/ws_px4_controls/install/image_geometry:/home/jmj/pro_asp_ws/ws_px4_controls/install/gazebo_env_setup:/home/jmj/pro_asp_ws/ws_px4_controls/install/drone_takeoff_pub:/home/jmj/pro_asp_ws/ws_px4_controls/install/opencv_tests:/opt/ros/humble LD_LIBRARY_PATH=/home/jmj/pro_asp_ws/ws_px4_controls/install/px4_msgs/lib:/home/jmj/pro_asp_ws/ws_px4_controls/install/cv_bridge/lib:/home/jmj/pro_asp_ws/ws_px4_controls/install/aruco_interfaces/lib:/home/jmj/pro_asp_ws/ws_px4_controls/install/px4_ros_com/lib:/home/jmj/pro_asp_ws/ws_px4_controls/install/image_geometry/lib:/opt/ros/humble/opt/rviz_ogre_vendor/lib:/opt/ros/humble/lib/x86_64-linux-gnu:/opt/ros/humble/lib:/usr/local/cuda/lib64 /usr/bin/cmake --install /home/jmj/pro_asp_ws/ws_px4_controls/build/multi_tracker
[2.477s] -- Install configuration: ""
[2.477s] -- Installing: /home/jmj/pro_asp_ws/ws_px4_controls/install/multi_tracker/lib/multi_tracker/multi_tracker_node
[2.483s] -- Set runtime path of "/home/jmj/pro_asp_ws/ws_px4_controls/install/multi_tracker/lib/multi_tracker/multi_tracker_node" to ""
[2.483s] -- Installing: /home/jmj/pro_asp_ws/ws_px4_controls/install/multi_tracker/share/multi_tracker//launch
[2.483s] -- Installing: /home/jmj/pro_asp_ws/ws_px4_controls/install/multi_tracker/share/multi_tracker//launch/x1_aruco_detector.launch.py
[2.483s] -- Installing: /home/jmj/pro_asp_ws/ws_px4_controls/install/multi_tracker/share/multi_tracker//launch/x500_aruco_detector.launch.py
[2.483s] -- Installing: /home/jmj/pro_asp_ws/ws_px4_controls/install/multi_tracker/share/ament_index/resource_index/package_run_dependencies/multi_tracker
[2.484s] -- Installing: /home/jmj/pro_asp_ws/ws_px4_controls/install/multi_tracker/share/ament_index/resource_index/parent_prefix_path/multi_tracker
[2.484s] -- Installing: /home/jmj/pro_asp_ws/ws_px4_controls/install/multi_tracker/share/multi_tracker/environment/ament_prefix_path.sh
[2.484s] -- Installing: /home/jmj/pro_asp_ws/ws_px4_controls/install/multi_tracker/share/multi_tracker/environment/ament_prefix_path.dsv
[2.484s] -- Installing: /home/jmj/pro_asp_ws/ws_px4_controls/install/multi_tracker/share/multi_tracker/environment/path.sh
[2.484s] -- Installing: /home/jmj/pro_asp_ws/ws_px4_controls/install/multi_tracker/share/multi_tracker/environment/path.dsv
[2.484s] -- Installing: /home/jmj/pro_asp_ws/ws_px4_controls/install/multi_tracker/share/multi_tracker/local_setup.bash
[2.484s] -- Installing: /home/jmj/pro_asp_ws/ws_px4_controls/install/multi_tracker/share/multi_tracker/local_setup.sh
[2.484s] -- Installing: /home/jmj/pro_asp_ws/ws_px4_controls/install/multi_tracker/share/multi_tracker/local_setup.zsh
[2.484s] -- Installing: /home/jmj/pro_asp_ws/ws_px4_controls/install/multi_tracker/share/multi_tracker/local_setup.dsv
[2.485s] -- Installing: /home/jmj/pro_asp_ws/ws_px4_controls/install/multi_tracker/share/multi_tracker/package.dsv
[2.485s] -- Installing: /home/jmj/pro_asp_ws/ws_px4_controls/install/multi_tracker/share/ament_index/resource_index/packages/multi_tracker
[2.485s] -- Installing: /home/jmj/pro_asp_ws/ws_px4_controls/install/multi_tracker/share/multi_tracker/cmake/ament_cmake_export_dependencies-extras.cmake
[2.485s] -- Installing: /home/jmj/pro_asp_ws/ws_px4_controls/install/multi_tracker/share/multi_tracker/cmake/multi_trackerConfig.cmake
[2.486s] -- Installing: /home/jmj/pro_asp_ws/ws_px4_controls/install/multi_tracker/share/multi_tracker/cmake/multi_trackerConfig-version.cmake
[2.486s] -- Installing: /home/jmj/pro_asp_ws/ws_px4_controls/install/multi_tracker/share/multi_tracker/package.xml
[2.488s] Invoked command in '/home/jmj/pro_asp_ws/ws_px4_controls/build/multi_tracker' returned '0': CMAKE_PREFIX_PATH=/home/jmj/pro_asp_ws/ws_px4_controls/install/px4_msgs:/home/jmj/pro_asp_ws/ws_px4_controls/install/cv_bridge:/home/jmj/pro_asp_ws/ws_px4_controls/install/aruco_interfaces:/home/jmj/pro_asp_ws/ws_px4_controls/install/vision_opencv:/home/jmj/pro_asp_ws/ws_px4_controls/install/utilities_pkg:/home/jmj/pro_asp_ws/ws_px4_controls/install/ugv_controller:/home/jmj/pro_asp_ws/ws_px4_controls/install/uav_controller_pkg:/home/jmj/pro_asp_ws/ws_px4_controls/install/px4_ros_com:/home/jmj/pro_asp_ws/ws_px4_controls/install/multi_tracker:/home/jmj/pro_asp_ws/ws_px4_controls/install/image_geometry:/home/jmj/pro_asp_ws/ws_px4_controls/install/gazebo_env_setup:/home/jmj/pro_asp_ws/ws_px4_controls/install/drone_takeoff_pub:/home/jmj/pro_asp_ws/ws_px4_controls/install/opencv_tests:/opt/ros/humble LD_LIBRARY_PATH=/home/jmj/pro_asp_ws/ws_px4_controls/install/px4_msgs/lib:/home/jmj/pro_asp_ws/ws_px4_controls/install/cv_bridge/lib:/home/jmj/pro_asp_ws/ws_px4_controls/install/aruco_interfaces/lib:/home/jmj/pro_asp_ws/ws_px4_controls/install/px4_ros_com/lib:/home/jmj/pro_asp_ws/ws_px4_controls/install/image_geometry/lib:/opt/ros/humble/opt/rviz_ogre_vendor/lib:/opt/ros/humble/lib/x86_64-linux-gnu:/opt/ros/humble/lib:/usr/local/cuda/lib64 /usr/bin/cmake --install /home/jmj/pro_asp_ws/ws_px4_controls/build/multi_tracker
