[0.011s] Invoking command in '/home/acdl1/mj_ws/ws_px4_controls/build/uav_controller_pkg': AMENT_PREFIX_PATH=/home/acdl1/mj_ws/ws_px4_controls/install/px4_msgs:/home/acdl1/mj_ws/ws_px4_controls/install/aruco_interfaces:${AMENT_PREFIX_PATH} CMAKE_PREFIX_PATH=/home/acdl1/mj_ws/ws_px4_controls/install/px4_msgs:/home/acdl1/mj_ws/ws_px4_controls/install/aruco_interfaces:/opt/ros/humble LD_LIBRARY_PATH=/home/acdl1/mj_ws/ws_px4_controls/install/px4_msgs/lib:/home/acdl1/mj_ws/ws_px4_controls/install/aruco_interfaces/lib:${LD_LIBRARY_PATH} PYTHONPATH=/home/acdl1/mj_ws/ws_px4_controls/install/px4_msgs/local/lib/python3.10/dist-packages:/home/acdl1/mj_ws/ws_px4_controls/install/aruco_interfaces/local/lib/python3.10/dist-packages:${PYTHONPATH} /usr/bin/cmake /home/acdl1/mj_ws/ws_px4_controls/src/uav_controller_pkg -DCMAKE_INSTALL_PREFIX=/home/acdl1/mj_ws/ws_px4_controls/install/uav_controller_pkg
[0.061s] -- The C compiler identification is GNU 11.4.0
[0.115s] -- The CXX compiler identification is GNU 11.4.0
[0.121s] -- Detecting C compiler ABI info
[0.182s] -- Detecting C compiler ABI info - done
[0.187s] -- Check for working C compiler: /usr/bin/cc - skipped
[0.188s] -- Detecting C compile features
[0.188s] -- Detecting C compile features - done
[0.190s] -- Detecting CXX compiler ABI info
[0.263s] -- Detecting CXX compiler ABI info - done
[0.272s] -- Check for working CXX compiler: /usr/bin/c++ - skipped
[0.272s] -- Detecting CXX compile features
[0.272s] -- Detecting CXX compile features - done
[0.274s] -- Found ament_cmake: 1.3.11 (/opt/ros/humble/share/ament_cmake/cmake)
[0.686s] -- Found Python3: /usr/bin/python3 (found version "3.10.12") found components: Interpreter 
[0.778s] -- Found rclcpp: 16.0.12 (/opt/ros/humble/share/rclcpp/cmake)
[0.812s] -- Found rosidl_generator_c: 3.1.6 (/opt/ros/humble/share/rosidl_generator_c/cmake)
[0.815s] -- Found rosidl_adapter: 3.1.6 (/opt/ros/humble/share/rosidl_adapter/cmake)
[0.822s] -- Found rosidl_generator_cpp: 3.1.6 (/opt/ros/humble/share/rosidl_generator_cpp/cmake)
[0.832s] -- Using all available rosidl_typesupport_c: rosidl_typesupport_fastrtps_c;rosidl_typesupport_introspection_c
[0.846s] -- Using all available rosidl_typesupport_cpp: rosidl_typesupport_fastrtps_cpp;rosidl_typesupport_introspection_cpp
[0.882s] -- Found rmw_implementation_cmake: 6.1.2 (/opt/ros/humble/share/rmw_implementation_cmake/cmake)
[0.885s] -- Found rmw_fastrtps_cpp: 6.2.7 (/opt/ros/humble/share/rmw_fastrtps_cpp/cmake)
[0.955s] -- Found OpenSSL: /usr/lib/x86_64-linux-gnu/libcrypto.so (found version "3.0.2")  
[0.990s] -- Found FastRTPS: /opt/ros/humble/include  
[1.028s] -- Using RMW implementation 'rmw_fastrtps_cpp' as default
[1.037s] -- Looking for pthread.h
[1.105s] -- Looking for pthread.h - found
[1.105s] -- Performing Test CMAKE_HAVE_LIBC_PTHREAD
[1.170s] -- Performing Test CMAKE_HAVE_LIBC_PTHREAD - Success
[1.170s] -- Found Threads: TRUE  
[1.216s] -- Found geometry_msgs: 4.8.0 (/opt/ros/humble/share/geometry_msgs/cmake)
[1.227s] -- Found px4_msgs: 2.0.1 (/home/acdl1/mj_ws/ws_px4_controls/install/px4_msgs/share/px4_msgs/cmake)
[1.240s] -- Found tf2_ros: 0.25.12 (/opt/ros/humble/share/tf2_ros/cmake)
[1.323s] -- Found tf2_geometry_msgs: 0.25.12 (/opt/ros/humble/share/tf2_geometry_msgs/cmake)
[1.336s] -- Found eigen3_cmake_module: 0.1.1 (/opt/ros/humble/share/eigen3_cmake_module/cmake)
[1.337s] -- Found Eigen3: TRUE (found version "3.4.0") 
[1.337s] -- Ensuring Eigen3 include directory is part of orocos-kdl CMake target
[1.339s] -- Found aruco_interfaces: 0.0.0 (/home/acdl1/mj_ws/ws_px4_controls/install/aruco_interfaces/share/aruco_interfaces/cmake)
[1.358s] -- Found ament_lint_auto: 0.12.12 (/opt/ros/humble/share/ament_lint_auto/cmake)
[1.440s] -- Added test 'cppcheck' to perform static code analysis on C / C++ code
[1.441s] -- Configured cppcheck include dirs: 
[1.441s] -- Configured cppcheck exclude dirs and/or files: 
[1.441s] -- Added test 'lint_cmake' to check CMake code style
[1.442s] -- Added test 'uncrustify' to check C / C++ code style
[1.443s] -- Configured uncrustify additional arguments: 
[1.443s] -- Added test 'xmllint' to check XML markup files
[1.445s] -- Configuring done
[1.458s] -- Generating done
[1.463s] -- Build files have been written to: /home/acdl1/mj_ws/ws_px4_controls/build/uav_controller_pkg
[1.475s] Invoked command in '/home/acdl1/mj_ws/ws_px4_controls/build/uav_controller_pkg' returned '0': AMENT_PREFIX_PATH=/home/acdl1/mj_ws/ws_px4_controls/install/px4_msgs:/home/acdl1/mj_ws/ws_px4_controls/install/aruco_interfaces:${AMENT_PREFIX_PATH} CMAKE_PREFIX_PATH=/home/acdl1/mj_ws/ws_px4_controls/install/px4_msgs:/home/acdl1/mj_ws/ws_px4_controls/install/aruco_interfaces:/opt/ros/humble LD_LIBRARY_PATH=/home/acdl1/mj_ws/ws_px4_controls/install/px4_msgs/lib:/home/acdl1/mj_ws/ws_px4_controls/install/aruco_interfaces/lib:${LD_LIBRARY_PATH} PYTHONPATH=/home/acdl1/mj_ws/ws_px4_controls/install/px4_msgs/local/lib/python3.10/dist-packages:/home/acdl1/mj_ws/ws_px4_controls/install/aruco_interfaces/local/lib/python3.10/dist-packages:${PYTHONPATH} /usr/bin/cmake /home/acdl1/mj_ws/ws_px4_controls/src/uav_controller_pkg -DCMAKE_INSTALL_PREFIX=/home/acdl1/mj_ws/ws_px4_controls/install/uav_controller_pkg
[1.476s] Invoking command in '/home/acdl1/mj_ws/ws_px4_controls/build/uav_controller_pkg': AMENT_PREFIX_PATH=/home/acdl1/mj_ws/ws_px4_controls/install/px4_msgs:/home/acdl1/mj_ws/ws_px4_controls/install/aruco_interfaces:${AMENT_PREFIX_PATH} CMAKE_PREFIX_PATH=/home/acdl1/mj_ws/ws_px4_controls/install/px4_msgs:/home/acdl1/mj_ws/ws_px4_controls/install/aruco_interfaces:/opt/ros/humble LD_LIBRARY_PATH=/home/acdl1/mj_ws/ws_px4_controls/install/px4_msgs/lib:/home/acdl1/mj_ws/ws_px4_controls/install/aruco_interfaces/lib:${LD_LIBRARY_PATH} PYTHONPATH=/home/acdl1/mj_ws/ws_px4_controls/install/px4_msgs/local/lib/python3.10/dist-packages:/home/acdl1/mj_ws/ws_px4_controls/install/aruco_interfaces/local/lib/python3.10/dist-packages:${PYTHONPATH} /usr/bin/cmake --build /home/acdl1/mj_ws/ws_px4_controls/build/uav_controller_pkg -- -j16 -l16
[1.524s] [ 50%] [32mBuilding CXX object CMakeFiles/uav_controller.dir/src/uav_controller.cpp.o[0m
[7.635s] [01m[K/home/acdl1/mj_ws/ws_px4_controls/src/uav_controller_pkg/src/uav_controller.cpp:[m[K In constructor ‘[01m[KUavController::UavController()[m[K’:
[7.637s] [01m[K/home/acdl1/mj_ws/ws_px4_controls/src/uav_controller_pkg/src/uav_controller.cpp:76:14:[m[K [01;35m[Kwarning: [m[Kvariable ‘[01m[Ksensor_qos[m[K’ set but not used [[01;35m[K]8;;https://gcc.gnu.org/onlinedocs/gcc/Warning-Options.html#index-Wunused-but-set-variable-Wunused-but-set-variable]8;;[m[K]
[7.637s]    76 |         auto [01;35m[Ksensor_qos[m[K = rclcpp::SensorDataQoS();
[7.637s]       |              [01;35m[K^~~~~~~~~~[m[K
[23.952s] [100%] [32m[1mLinking CXX executable uav_controller[0m
[24.945s] [100%] Built target uav_controller
[24.954s] Invoked command in '/home/acdl1/mj_ws/ws_px4_controls/build/uav_controller_pkg' returned '0': AMENT_PREFIX_PATH=/home/acdl1/mj_ws/ws_px4_controls/install/px4_msgs:/home/acdl1/mj_ws/ws_px4_controls/install/aruco_interfaces:${AMENT_PREFIX_PATH} CMAKE_PREFIX_PATH=/home/acdl1/mj_ws/ws_px4_controls/install/px4_msgs:/home/acdl1/mj_ws/ws_px4_controls/install/aruco_interfaces:/opt/ros/humble LD_LIBRARY_PATH=/home/acdl1/mj_ws/ws_px4_controls/install/px4_msgs/lib:/home/acdl1/mj_ws/ws_px4_controls/install/aruco_interfaces/lib:${LD_LIBRARY_PATH} PYTHONPATH=/home/acdl1/mj_ws/ws_px4_controls/install/px4_msgs/local/lib/python3.10/dist-packages:/home/acdl1/mj_ws/ws_px4_controls/install/aruco_interfaces/local/lib/python3.10/dist-packages:${PYTHONPATH} /usr/bin/cmake --build /home/acdl1/mj_ws/ws_px4_controls/build/uav_controller_pkg -- -j16 -l16
[24.955s] Invoking command in '/home/acdl1/mj_ws/ws_px4_controls/build/uav_controller_pkg': AMENT_PREFIX_PATH=/home/acdl1/mj_ws/ws_px4_controls/install/px4_msgs:/home/acdl1/mj_ws/ws_px4_controls/install/aruco_interfaces:${AMENT_PREFIX_PATH} CMAKE_PREFIX_PATH=/home/acdl1/mj_ws/ws_px4_controls/install/px4_msgs:/home/acdl1/mj_ws/ws_px4_controls/install/aruco_interfaces:/opt/ros/humble LD_LIBRARY_PATH=/home/acdl1/mj_ws/ws_px4_controls/install/px4_msgs/lib:/home/acdl1/mj_ws/ws_px4_controls/install/aruco_interfaces/lib:${LD_LIBRARY_PATH} PYTHONPATH=/home/acdl1/mj_ws/ws_px4_controls/install/px4_msgs/local/lib/python3.10/dist-packages:/home/acdl1/mj_ws/ws_px4_controls/install/aruco_interfaces/local/lib/python3.10/dist-packages:${PYTHONPATH} /usr/bin/cmake --install /home/acdl1/mj_ws/ws_px4_controls/build/uav_controller_pkg
[24.960s] -- Install configuration: "Debug"
[24.961s] -- Installing: /home/acdl1/mj_ws/ws_px4_controls/install/uav_controller_pkg/lib/uav_controller_pkg/uav_controller
[24.975s] -- Set runtime path of "/home/acdl1/mj_ws/ws_px4_controls/install/uav_controller_pkg/lib/uav_controller_pkg/uav_controller" to ""
[24.975s] -- Installing: /home/acdl1/mj_ws/ws_px4_controls/install/uav_controller_pkg/share/ament_index/resource_index/package_run_dependencies/uav_controller_pkg
[24.975s] -- Installing: /home/acdl1/mj_ws/ws_px4_controls/install/uav_controller_pkg/share/ament_index/resource_index/parent_prefix_path/uav_controller_pkg
[24.975s] -- Installing: /home/acdl1/mj_ws/ws_px4_controls/install/uav_controller_pkg/share/uav_controller_pkg/environment/ament_prefix_path.sh
[24.975s] -- Installing: /home/acdl1/mj_ws/ws_px4_controls/install/uav_controller_pkg/share/uav_controller_pkg/environment/ament_prefix_path.dsv
[24.975s] -- Installing: /home/acdl1/mj_ws/ws_px4_controls/install/uav_controller_pkg/share/uav_controller_pkg/environment/path.sh
[24.975s] -- Installing: /home/acdl1/mj_ws/ws_px4_controls/install/uav_controller_pkg/share/uav_controller_pkg/environment/path.dsv
[24.975s] -- Installing: /home/acdl1/mj_ws/ws_px4_controls/install/uav_controller_pkg/share/uav_controller_pkg/local_setup.bash
[24.975s] -- Installing: /home/acdl1/mj_ws/ws_px4_controls/install/uav_controller_pkg/share/uav_controller_pkg/local_setup.sh
[24.976s] -- Installing: /home/acdl1/mj_ws/ws_px4_controls/install/uav_controller_pkg/share/uav_controller_pkg/local_setup.zsh
[24.976s] -- Installing: /home/acdl1/mj_ws/ws_px4_controls/install/uav_controller_pkg/share/uav_controller_pkg/local_setup.dsv
[24.976s] -- Installing: /home/acdl1/mj_ws/ws_px4_controls/install/uav_controller_pkg/share/uav_controller_pkg/package.dsv
[24.976s] -- Installing: /home/acdl1/mj_ws/ws_px4_controls/install/uav_controller_pkg/share/ament_index/resource_index/packages/uav_controller_pkg
[24.976s] -- Installing: /home/acdl1/mj_ws/ws_px4_controls/install/uav_controller_pkg/share/uav_controller_pkg/cmake/uav_controller_pkgConfig.cmake
[24.976s] -- Installing: /home/acdl1/mj_ws/ws_px4_controls/install/uav_controller_pkg/share/uav_controller_pkg/cmake/uav_controller_pkgConfig-version.cmake
[24.976s] -- Installing: /home/acdl1/mj_ws/ws_px4_controls/install/uav_controller_pkg/share/uav_controller_pkg/package.xml
[24.980s] Invoked command in '/home/acdl1/mj_ws/ws_px4_controls/build/uav_controller_pkg' returned '0': AMENT_PREFIX_PATH=/home/acdl1/mj_ws/ws_px4_controls/install/px4_msgs:/home/acdl1/mj_ws/ws_px4_controls/install/aruco_interfaces:${AMENT_PREFIX_PATH} CMAKE_PREFIX_PATH=/home/acdl1/mj_ws/ws_px4_controls/install/px4_msgs:/home/acdl1/mj_ws/ws_px4_controls/install/aruco_interfaces:/opt/ros/humble LD_LIBRARY_PATH=/home/acdl1/mj_ws/ws_px4_controls/install/px4_msgs/lib:/home/acdl1/mj_ws/ws_px4_controls/install/aruco_interfaces/lib:${LD_LIBRARY_PATH} PYTHONPATH=/home/acdl1/mj_ws/ws_px4_controls/install/px4_msgs/local/lib/python3.10/dist-packages:/home/acdl1/mj_ws/ws_px4_controls/install/aruco_interfaces/local/lib/python3.10/dist-packages:${PYTHONPATH} /usr/bin/cmake --install /home/acdl1/mj_ws/ws_px4_controls/build/uav_controller_pkg
