[0.015s] Invoking command in '/home/jmj/pro_asp_ws/ws_aruco/build/multi_tracker': CMAKE_PREFIX_PATH=/home/jmj/pro_asp_ws/ws_aruco/install/cv_bridge:/home/jmj/pro_asp_ws/ws_aruco/install/aruco_interfaces:/home/jmj/pro_asp_ws/ws_aruco/install/vision_opencv:/home/jmj/pro_asp_ws/ws_aruco/install/multi_tracker:/home/jmj/pro_asp_ws/ws_aruco/install/image_geometry:/home/jmj/pro_asp_ws/ws_px4_controls/install/utilities_pkg:/home/jmj/pro_asp_ws/ws_px4_controls/install/uav_controller_pkg:/home/jmj/pro_asp_ws/ws_px4_controls/install/px4_ros_com:/home/jmj/pro_asp_ws/ws_px4_controls/install/px4_msgs:/home/jmj/pro_asp_ws/ws_aruco/install/opencv_tests:/opt/ros/humble LD_LIBRARY_PATH=/home/jmj/pro_asp_ws/ws_aruco/install/cv_bridge/lib:/home/jmj/pro_asp_ws/ws_aruco/install/aruco_interfaces/lib:/home/jmj/pro_asp_ws/ws_aruco/install/image_geometry/lib:/home/jmj/pro_asp_ws/ws_px4_controls/install/px4_ros_com/lib:/home/jmj/pro_asp_ws/ws_px4_controls/install/px4_msgs/lib:/opt/ros/humble/opt/rviz_ogre_vendor/lib:/opt/ros/humble/lib/x86_64-linux-gnu:/opt/ros/humble/lib:/usr/local/cuda/lib64 /usr/bin/cmake --build /home/jmj/pro_asp_ws/ws_aruco/build/multi_tracker -- -j20 -l20
[0.056s] [35m[1mConsolidate compiler generated dependencies of target multi_tracker_node[0m
[0.076s] [ 50%] [32mBuilding CXX object CMakeFiles/multi_tracker_node.dir/src/multi_tracker_node.cpp.o[0m
[10.312s] [01m[K/home/jmj/pro_asp_ws/ws_aruco/src/multi_tracker/src/multi_tracker_node.cpp:[m[K In member function ‘[01m[Kvoid MultiTrackerNode::image_callback(sensor_msgs::msg::Image_<std::allocator<void> >::SharedPtr)[m[K’:
[10.312s] [01m[K/home/jmj/pro_asp_ws/ws_aruco/src/multi_tracker/src/multi_tracker_node.cpp:122:13:[m[K [01;35m[Kwarning: [m[Kunused variable ‘[01m[Kselected_id[m[K’ [[01;35m[K-Wunused-variable[m[K]
[10.312s]   122 |         int [01;35m[Kselected_id[m[K = ids[best_marker_idx];
[10.312s]       |             [01;35m[K^~~~~~~~~~~[m[K
[10.323s] [100%] [32m[1mLinking CXX executable multi_tracker_node[0m
[11.179s] [100%] Built target multi_tracker_node
[11.190s] Invoked command in '/home/jmj/pro_asp_ws/ws_aruco/build/multi_tracker' returned '0': CMAKE_PREFIX_PATH=/home/jmj/pro_asp_ws/ws_aruco/install/cv_bridge:/home/jmj/pro_asp_ws/ws_aruco/install/aruco_interfaces:/home/jmj/pro_asp_ws/ws_aruco/install/vision_opencv:/home/jmj/pro_asp_ws/ws_aruco/install/multi_tracker:/home/jmj/pro_asp_ws/ws_aruco/install/image_geometry:/home/jmj/pro_asp_ws/ws_px4_controls/install/utilities_pkg:/home/jmj/pro_asp_ws/ws_px4_controls/install/uav_controller_pkg:/home/jmj/pro_asp_ws/ws_px4_controls/install/px4_ros_com:/home/jmj/pro_asp_ws/ws_px4_controls/install/px4_msgs:/home/jmj/pro_asp_ws/ws_aruco/install/opencv_tests:/opt/ros/humble LD_LIBRARY_PATH=/home/jmj/pro_asp_ws/ws_aruco/install/cv_bridge/lib:/home/jmj/pro_asp_ws/ws_aruco/install/aruco_interfaces/lib:/home/jmj/pro_asp_ws/ws_aruco/install/image_geometry/lib:/home/jmj/pro_asp_ws/ws_px4_controls/install/px4_ros_com/lib:/home/jmj/pro_asp_ws/ws_px4_controls/install/px4_msgs/lib:/opt/ros/humble/opt/rviz_ogre_vendor/lib:/opt/ros/humble/lib/x86_64-linux-gnu:/opt/ros/humble/lib:/usr/local/cuda/lib64 /usr/bin/cmake --build /home/jmj/pro_asp_ws/ws_aruco/build/multi_tracker -- -j20 -l20
[11.197s] Invoking command in '/home/jmj/pro_asp_ws/ws_aruco/build/multi_tracker': CMAKE_PREFIX_PATH=/home/jmj/pro_asp_ws/ws_aruco/install/cv_bridge:/home/jmj/pro_asp_ws/ws_aruco/install/aruco_interfaces:/home/jmj/pro_asp_ws/ws_aruco/install/vision_opencv:/home/jmj/pro_asp_ws/ws_aruco/install/multi_tracker:/home/jmj/pro_asp_ws/ws_aruco/install/image_geometry:/home/jmj/pro_asp_ws/ws_px4_controls/install/utilities_pkg:/home/jmj/pro_asp_ws/ws_px4_controls/install/uav_controller_pkg:/home/jmj/pro_asp_ws/ws_px4_controls/install/px4_ros_com:/home/jmj/pro_asp_ws/ws_px4_controls/install/px4_msgs:/home/jmj/pro_asp_ws/ws_aruco/install/opencv_tests:/opt/ros/humble LD_LIBRARY_PATH=/home/jmj/pro_asp_ws/ws_aruco/install/cv_bridge/lib:/home/jmj/pro_asp_ws/ws_aruco/install/aruco_interfaces/lib:/home/jmj/pro_asp_ws/ws_aruco/install/image_geometry/lib:/home/jmj/pro_asp_ws/ws_px4_controls/install/px4_ros_com/lib:/home/jmj/pro_asp_ws/ws_px4_controls/install/px4_msgs/lib:/opt/ros/humble/opt/rviz_ogre_vendor/lib:/opt/ros/humble/lib/x86_64-linux-gnu:/opt/ros/humble/lib:/usr/local/cuda/lib64 /usr/bin/cmake --install /home/jmj/pro_asp_ws/ws_aruco/build/multi_tracker
[11.203s] -- Install configuration: ""
[11.203s] -- Installing: /home/jmj/pro_asp_ws/ws_aruco/install/multi_tracker/lib/multi_tracker/multi_tracker_node
[11.207s] -- Set runtime path of "/home/jmj/pro_asp_ws/ws_aruco/install/multi_tracker/lib/multi_tracker/multi_tracker_node" to ""
[11.207s] -- Up-to-date: /home/jmj/pro_asp_ws/ws_aruco/install/multi_tracker/share/multi_tracker//launch
[11.207s] -- Up-to-date: /home/jmj/pro_asp_ws/ws_aruco/install/multi_tracker/share/multi_tracker//launch/x1_aruco_detector.launch.py
[11.207s] -- Up-to-date: /home/jmj/pro_asp_ws/ws_aruco/install/multi_tracker/share/multi_tracker//launch/x500_aruco_detector.launch.py
[11.207s] -- Up-to-date: /home/jmj/pro_asp_ws/ws_aruco/install/multi_tracker/share/ament_index/resource_index/package_run_dependencies/multi_tracker
[11.207s] -- Up-to-date: /home/jmj/pro_asp_ws/ws_aruco/install/multi_tracker/share/ament_index/resource_index/parent_prefix_path/multi_tracker
[11.207s] -- Up-to-date: /home/jmj/pro_asp_ws/ws_aruco/install/multi_tracker/share/multi_tracker/environment/ament_prefix_path.sh
[11.208s] -- Up-to-date: /home/jmj/pro_asp_ws/ws_aruco/install/multi_tracker/share/multi_tracker/environment/ament_prefix_path.dsv
[11.208s] -- Up-to-date: /home/jmj/pro_asp_ws/ws_aruco/install/multi_tracker/share/multi_tracker/environment/path.sh
[11.208s] -- Up-to-date: /home/jmj/pro_asp_ws/ws_aruco/install/multi_tracker/share/multi_tracker/environment/path.dsv
[11.208s] -- Up-to-date: /home/jmj/pro_asp_ws/ws_aruco/install/multi_tracker/share/multi_tracker/local_setup.bash
[11.208s] -- Up-to-date: /home/jmj/pro_asp_ws/ws_aruco/install/multi_tracker/share/multi_tracker/local_setup.sh
[11.208s] -- Up-to-date: /home/jmj/pro_asp_ws/ws_aruco/install/multi_tracker/share/multi_tracker/local_setup.zsh
[11.208s] -- Up-to-date: /home/jmj/pro_asp_ws/ws_aruco/install/multi_tracker/share/multi_tracker/local_setup.dsv
[11.208s] -- Installing: /home/jmj/pro_asp_ws/ws_aruco/install/multi_tracker/share/multi_tracker/package.dsv
[11.208s] -- Up-to-date: /home/jmj/pro_asp_ws/ws_aruco/install/multi_tracker/share/ament_index/resource_index/packages/multi_tracker
[11.208s] -- Up-to-date: /home/jmj/pro_asp_ws/ws_aruco/install/multi_tracker/share/multi_tracker/cmake/ament_cmake_export_dependencies-extras.cmake
[11.208s] -- Up-to-date: /home/jmj/pro_asp_ws/ws_aruco/install/multi_tracker/share/multi_tracker/cmake/multi_trackerConfig.cmake
[11.208s] -- Up-to-date: /home/jmj/pro_asp_ws/ws_aruco/install/multi_tracker/share/multi_tracker/cmake/multi_trackerConfig-version.cmake
[11.208s] -- Up-to-date: /home/jmj/pro_asp_ws/ws_aruco/install/multi_tracker/share/multi_tracker/package.xml
[11.210s] Invoked command in '/home/jmj/pro_asp_ws/ws_aruco/build/multi_tracker' returned '0': CMAKE_PREFIX_PATH=/home/jmj/pro_asp_ws/ws_aruco/install/cv_bridge:/home/jmj/pro_asp_ws/ws_aruco/install/aruco_interfaces:/home/jmj/pro_asp_ws/ws_aruco/install/vision_opencv:/home/jmj/pro_asp_ws/ws_aruco/install/multi_tracker:/home/jmj/pro_asp_ws/ws_aruco/install/image_geometry:/home/jmj/pro_asp_ws/ws_px4_controls/install/utilities_pkg:/home/jmj/pro_asp_ws/ws_px4_controls/install/uav_controller_pkg:/home/jmj/pro_asp_ws/ws_px4_controls/install/px4_ros_com:/home/jmj/pro_asp_ws/ws_px4_controls/install/px4_msgs:/home/jmj/pro_asp_ws/ws_aruco/install/opencv_tests:/opt/ros/humble LD_LIBRARY_PATH=/home/jmj/pro_asp_ws/ws_aruco/install/cv_bridge/lib:/home/jmj/pro_asp_ws/ws_aruco/install/aruco_interfaces/lib:/home/jmj/pro_asp_ws/ws_aruco/install/image_geometry/lib:/home/jmj/pro_asp_ws/ws_px4_controls/install/px4_ros_com/lib:/home/jmj/pro_asp_ws/ws_px4_controls/install/px4_msgs/lib:/opt/ros/humble/opt/rviz_ogre_vendor/lib:/opt/ros/humble/lib/x86_64-linux-gnu:/opt/ros/humble/lib:/usr/local/cuda/lib64 /usr/bin/cmake --install /home/jmj/pro_asp_ws/ws_aruco/build/multi_tracker
