[35m[1mConsolidate compiler generated dependencies of target offboard_control[0m
[ 12%] Built target offboard_control_srv
[ 25%] Built target sensor_combined_listener
[ 37%] Built target debug_vect_advertiser
[ 62%] Built target offboard_control_key
[ 62%] Built target cli_pose_command
[ 75%] Built target vehicle_gps_position_listener
[ 87%] Built target frame_transforms
[ 87%] Built target ament_cmake_python_copy_px4_ros_com
[ 93%] [32mBuilding CXX object CMakeFiles/offboard_control.dir/src/examples/offboard/offboard_control.cpp.o[0m
running egg_info
writing px4_ros_com.egg-info/PKG-INFO
writing dependency_links to px4_ros_com.egg-info/dependency_links.txt
writing top-level names to px4_ros_com.egg-info/top_level.txt
reading manifest file 'px4_ros_com.egg-info/SOURCES.txt'
writing manifest file 'px4_ros_com.egg-info/SOURCES.txt'
[ 93%] Built target ament_cmake_python_build_px4_ros_com_egg
[01m[K/home/jmj/pro_asp_ws/ws_px4_controls/src/px4_ros_com/src/examples/offboard/offboard_control.cpp:130:46:[m[K [01;31m[Kerror: [m[K‘[01m[KBool[m[K’ in namespace ‘[01m[Kstd_msgs::msg[m[K’ does not name a type
  130 |   void takeoff_callback(const std_msgs::msg::[01;31m[KBool[m[K::SharedPtr msg)
      |                                              [01;31m[K^~~~[m[K
[01m[K/home/jmj/pro_asp_ws/ws_px4_controls/src/px4_ros_com/src/examples/offboard/offboard_control.cpp:130:62:[m[K [01;31m[Kerror: [m[Kexpected unqualified-id before ‘[01m[Kmsg[m[K’
  130 |   void takeoff_callback(const std_msgs::msg::Bool::SharedPtr [01;31m[Kmsg[m[K)
      |                                                              [01;31m[K^~~[m[K
[01m[K/home/jmj/pro_asp_ws/ws_px4_controls/src/px4_ros_com/src/examples/offboard/offboard_control.cpp:130:61:[m[K [01;31m[Kerror: [m[Kexpected ‘[01m[K)[m[K’ before ‘[01m[Kmsg[m[K’
  130 |   void takeoff_callback[34m[K([m[Kconst std_msgs::msg::Bool::SharedPtr[01;31m[K [m[K[32m[Kmsg[m[K)
      |                        [34m[K~[m[K                                    [01;31m[K^[m[K[32m[K~~~[m[K
      |                                                             [32m[K)[m[K
[01m[K/home/jmj/pro_asp_ws/ws_px4_controls/src/px4_ros_com/src/examples/offboard/offboard_control.cpp:130:52:[m[K [01;31m[Kerror: [m[Kexpected ‘[01m[K;[m[K’ at end of member declaration
  130 |   void takeoff_callback(const std_msgs::msg::Bool::[01;31m[KSharedPtr[m[K msg)
      |                                                    [01;31m[K^~~~~~~~~[m[K
      |                                                             [32m[K;[m[K
[01m[K/home/jmj/pro_asp_ws/ws_px4_controls/src/px4_ros_com/src/examples/offboard/offboard_control.cpp:130:62:[m[K [01;31m[Kerror: [m[K‘[01m[Kmsg[m[K’ does not name a type
  130 |   void takeoff_callback(const std_msgs::msg::Bool::SharedPtr [01;31m[Kmsg[m[K)
      |                                                              [01;31m[K^~~[m[K
[01m[K/home/jmj/pro_asp_ws/ws_px4_controls/src/px4_ros_com/src/examples/offboard/offboard_control.cpp:[m[K In constructor ‘[01m[KOffboardControl::OffboardControl()[m[K’:
[01m[K/home/jmj/pro_asp_ws/ws_px4_controls/src/px4_ros_com/src/examples/offboard/offboard_control.cpp:38:5:[m[K [01;31m[Kerror: [m[K‘[01m[Ktakeoff_sub_[m[K’ was not declared in this scope
   38 |     [01;31m[Ktakeoff_sub_[m[K = create_subscription<std_msgs::msg::Bool>("/command_takeoff", 10, [this](const std::bind(&OffboardControl::takeoff_callback), this, _1));
      |     [01;31m[K^~~~~~~~~~~~[m[K
[01m[K/home/jmj/pro_asp_ws/ws_px4_controls/src/px4_ros_com/src/examples/offboard/offboard_control.cpp:38:55:[m[K [01;31m[Kerror: [m[K‘[01m[KBool[m[K’ is not a member of ‘[01m[Kstd_msgs::msg[m[K’
   38 |     takeoff_sub_ = create_subscription<std_msgs::msg::[01;31m[KBool[m[K>("/command_takeoff", 10, [this](const std::bind(&OffboardControl::takeoff_callback), this, _1));
      |                                                       [01;31m[K^~~~[m[K
[01m[K/home/jmj/pro_asp_ws/ws_px4_controls/src/px4_ros_com/src/examples/offboard/offboard_control.cpp:38:107:[m[K [01;31m[Kerror: [m[Kexpected unqualified-id before ‘[01m[K([m[K’ token
   38 |     takeoff_sub_ = create_subscription<std_msgs::msg::Bool>("/command_takeoff", 10, [this](const std::bind[01;31m[K([m[K&OffboardControl::takeoff_callback), this, _1));
      |                                                                                                           [01;31m[K^[m[K
[01m[K/home/jmj/pro_asp_ws/ws_px4_controls/src/px4_ros_com/src/examples/offboard/offboard_control.cpp:38:107:[m[K [01;31m[Kerror: [m[Kexpected ‘[01m[K)[m[K’ before ‘[01m[K([m[K’ token
[01m[K/home/jmj/pro_asp_ws/ws_px4_controls/src/px4_ros_com/src/examples/offboard/offboard_control.cpp:38:91:[m[K [01;36m[Knote: [m[Kto match this ‘[01m[K([m[K’
   38 |     takeoff_sub_ = create_subscription<std_msgs::msg::Bool>("/command_takeoff", 10, [this][01;36m[K([m[Kconst std::bind(&OffboardControl::takeoff_callback), this, _1));
      |                                                                                           [01;36m[K^[m[K
[01m[K/home/jmj/pro_asp_ws/ws_px4_controls/src/px4_ros_com/src/examples/offboard/offboard_control.cpp:[m[K In lambda function:
[01m[K/home/jmj/pro_asp_ws/ws_px4_controls/src/px4_ros_com/src/examples/offboard/offboard_control.cpp:38:107:[m[K [01;31m[Kerror: [m[Kexpected ‘[01m[K{[m[K’ before ‘[01m[K([m[K’ token
   38 |     takeoff_sub_ = create_subscription<std_msgs::msg::Bool>("/command_takeoff", 10, [this](const std::bind[01;31m[K([m[K&OffboardControl::takeoff_callback), this, _1));
      |                                                                                                           [01;31m[K^[m[K
[01m[K/home/jmj/pro_asp_ws/ws_px4_controls/src/px4_ros_com/src/examples/offboard/offboard_control.cpp:[m[K In constructor ‘[01m[KOffboardControl::OffboardControl()[m[K’:
[01m[K/home/jmj/pro_asp_ws/ws_px4_controls/src/px4_ros_com/src/examples/offboard/offboard_control.cpp:38:107:[m[K [01;31m[Kerror: [m[Kinvalid use of void expression
   38 |     takeoff_sub_ = create_subscription<std_msgs::msg::Bool>("/command_takeoff", 10, [01;31m[K[this](const std::bind(&OffboardControl::takeoff_callback)[m[K, this, _1));
      |                                                                                     [01;31m[K~~~~~~~~~~~~~~~~~~~~~~^~~~~~~~~~~~~~~~~~~~~~~~~~~~~~~~~~~~[m[K
[01m[K/home/jmj/pro_asp_ws/ws_px4_controls/src/px4_ros_com/src/examples/offboard/offboard_control.cpp:[m[K In member function ‘[01m[Kvoid OffboardControl::timer_callback()[m[K’:
[01m[K/home/jmj/pro_asp_ws/ws_px4_controls/src/px4_ros_com/src/examples/offboard/offboard_control.cpp:79:11:[m[K [01;31m[Kerror: [m[Kexpected primary-expression before ‘[01m[K)[m[K’ token
   79 |       if ([01;31m[K)[m[K
      |           [01;31m[K^[m[K
gmake[2]: *** [CMakeFiles/offboard_control.dir/build.make:76: CMakeFiles/offboard_control.dir/src/examples/offboard/offboard_control.cpp.o] Error 1
gmake[1]: *** [CMakeFiles/Makefile2:258: CMakeFiles/offboard_control.dir/all] Error 2
gmake: *** [Makefile:146: all] Error 2
