[0.013s] Invoking command in '/home/jmj/pro_asp_ws/ws_px4_controls/build/ugv_controller': CMAKE_PREFIX_PATH=${CMAKE_PREFIX_PATH}:/home/jmj/pro_asp_ws/ws_px4_controls/install/opencv_tests:/opt/ros/humble /usr/bin/cmake /home/jmj/pro_asp_ws/ws_px4_controls/src/ugv_ws/src/ugv_controller -DCMAKE_INSTALL_PREFIX=/home/jmj/pro_asp_ws/ws_px4_controls/install/ugv_controller
[0.052s] -- The C compiler identification is GNU 11.4.0
[0.092s] -- The CXX compiler identification is GNU 11.4.0
[0.098s] -- Detecting C compiler ABI info
[0.136s] -- Detecting C compiler ABI info - done
[0.141s] -- Check for working C compiler: /usr/lib/ccache/gcc - skipped
[0.141s] -- Detecting C compile features
[0.141s] -- Detecting C compile features - done
[0.143s] -- Detecting CXX compiler ABI info
[0.192s] -- Detecting CXX compiler ABI info - done
[0.198s] -- Check for working CXX compiler: /usr/lib/ccache/g++ - skipped
[0.199s] -- Detecting CXX compile features
[0.199s] -- Detecting CXX compile features - done
[0.201s] -- Found ament_cmake: 1.3.11 (/opt/ros/humble/share/ament_cmake/cmake)
[0.303s] -- Found Python3: /usr/bin/python3 (found version "3.10.12") found components: Interpreter 
[0.364s] -- Found rclcpp: 16.0.12 (/opt/ros/humble/share/rclcpp/cmake)
[0.391s] -- Found rosidl_generator_c: 3.1.6 (/opt/ros/humble/share/rosidl_generator_c/cmake)
[0.393s] -- Found rosidl_adapter: 3.1.6 (/opt/ros/humble/share/rosidl_adapter/cmake)
[0.398s] -- Found rosidl_generator_cpp: 3.1.6 (/opt/ros/humble/share/rosidl_generator_cpp/cmake)
[0.405s] -- Using all available rosidl_typesupport_c: rosidl_typesupport_fastrtps_c;rosidl_typesupport_introspection_c
[0.415s] -- Using all available rosidl_typesupport_cpp: rosidl_typesupport_fastrtps_cpp;rosidl_typesupport_introspection_cpp
[0.443s] -- Found rmw_implementation_cmake: 6.1.2 (/opt/ros/humble/share/rmw_implementation_cmake/cmake)
[0.445s] -- Found rmw_fastrtps_cpp: 6.2.7 (/opt/ros/humble/share/rmw_fastrtps_cpp/cmake)
[0.503s] -- Found OpenSSL: /usr/lib/x86_64-linux-gnu/libcrypto.so (found version "3.0.2")  
[0.522s] -- Found FastRTPS: /opt/ros/humble/include  
[0.568s] -- Using RMW implementation 'rmw_fastrtps_cpp' as default
[0.573s] -- Looking for pthread.h
[0.634s] -- Looking for pthread.h - found
[0.634s] -- Performing Test CMAKE_HAVE_LIBC_PTHREAD
[0.726s] -- Performing Test CMAKE_HAVE_LIBC_PTHREAD - Success
[0.727s] -- Found Threads: TRUE  
[0.767s] -- Found geometry_msgs: 4.8.0 (/opt/ros/humble/share/geometry_msgs/cmake)
[0.776s] -- Found visualization_msgs: 4.8.0 (/opt/ros/humble/share/visualization_msgs/cmake)
[0.806s] -- Found tf2: 0.25.12 (/opt/ros/humble/share/tf2/cmake)
[0.816s] -- Found tf2_ros: 0.25.12 (/opt/ros/humble/share/tf2_ros/cmake)
[0.880s] -- Found tf2_geometry_msgs: 0.25.12 (/opt/ros/humble/share/tf2_geometry_msgs/cmake)
[0.890s] -- Found eigen3_cmake_module: 0.1.1 (/opt/ros/humble/share/eigen3_cmake_module/cmake)
[0.892s] -- Found Eigen3: TRUE (found version "3.4.0") 
[0.892s] -- Ensuring Eigen3 include directory is part of orocos-kdl CMake target
[0.970s] -- Configuring done
[0.984s] -- Generating done
[0.993s] -- Build files have been written to: /home/jmj/pro_asp_ws/ws_px4_controls/build/ugv_controller
[1.008s] Invoked command in '/home/jmj/pro_asp_ws/ws_px4_controls/build/ugv_controller' returned '0': CMAKE_PREFIX_PATH=${CMAKE_PREFIX_PATH}:/home/jmj/pro_asp_ws/ws_px4_controls/install/opencv_tests:/opt/ros/humble /usr/bin/cmake /home/jmj/pro_asp_ws/ws_px4_controls/src/ugv_ws/src/ugv_controller -DCMAKE_INSTALL_PREFIX=/home/jmj/pro_asp_ws/ws_px4_controls/install/ugv_controller
[1.010s] Invoking command in '/home/jmj/pro_asp_ws/ws_px4_controls/build/ugv_controller': CMAKE_PREFIX_PATH=${CMAKE_PREFIX_PATH}:/home/jmj/pro_asp_ws/ws_px4_controls/install/opencv_tests:/opt/ros/humble /usr/bin/cmake --build /home/jmj/pro_asp_ws/ws_px4_controls/build/ugv_controller -- -j20 -l20
[1.050s] [ 33%] [32mBuilding CXX object CMakeFiles/path_follower_node.dir/src/path_follower_node.cpp.o[0m
[1.050s] [ 33%] [32mBuilding CXX object CMakeFiles/mission_follower_node.dir/src/mission_follower_node.cpp.o[0m
[1.056s] [ 50%] [32mBuilding CXX object CMakeFiles/manual_path_logger_node.dir/src/manual_path_logger_node.cpp.o[0m
[1.077s] [ 83%] [32m[1mLinking CXX executable path_follower_node[0m
[1.077s] [ 83%] [32m[1mLinking CXX executable mission_follower_node[0m
[1.081s] [100%] [32m[1mLinking CXX executable manual_path_logger_node[0m
[1.237s] [100%] Built target manual_path_logger_node
[1.516s] [100%] Built target path_follower_node
[1.530s] [100%] Built target mission_follower_node
[1.538s] Invoked command in '/home/jmj/pro_asp_ws/ws_px4_controls/build/ugv_controller' returned '0': CMAKE_PREFIX_PATH=${CMAKE_PREFIX_PATH}:/home/jmj/pro_asp_ws/ws_px4_controls/install/opencv_tests:/opt/ros/humble /usr/bin/cmake --build /home/jmj/pro_asp_ws/ws_px4_controls/build/ugv_controller -- -j20 -l20
[1.540s] Invoking command in '/home/jmj/pro_asp_ws/ws_px4_controls/build/ugv_controller': CMAKE_PREFIX_PATH=${CMAKE_PREFIX_PATH}:/home/jmj/pro_asp_ws/ws_px4_controls/install/opencv_tests:/opt/ros/humble /usr/bin/cmake --install /home/jmj/pro_asp_ws/ws_px4_controls/build/ugv_controller
[1.545s] -- Install configuration: ""
[1.545s] -- Installing: /home/jmj/pro_asp_ws/ws_px4_controls/install/ugv_controller/lib/ugv_controller/path_follower_node
[1.548s] -- Set runtime path of "/home/jmj/pro_asp_ws/ws_px4_controls/install/ugv_controller/lib/ugv_controller/path_follower_node" to ""
[1.548s] -- Installing: /home/jmj/pro_asp_ws/ws_px4_controls/install/ugv_controller/lib/ugv_controller/manual_path_logger_node
[1.548s] -- Set runtime path of "/home/jmj/pro_asp_ws/ws_px4_controls/install/ugv_controller/lib/ugv_controller/manual_path_logger_node" to ""
[1.548s] -- Installing: /home/jmj/pro_asp_ws/ws_px4_controls/install/ugv_controller/lib/ugv_controller/mission_follower_node
[1.550s] -- Set runtime path of "/home/jmj/pro_asp_ws/ws_px4_controls/install/ugv_controller/lib/ugv_controller/mission_follower_node" to ""
[1.551s] -- Installing: /home/jmj/pro_asp_ws/ws_px4_controls/install/ugv_controller/share/ugv_controller/launch
[1.551s] -- Installing: /home/jmj/pro_asp_ws/ws_px4_controls/install/ugv_controller/share/ugv_controller/launch/path_follower.launch.py
[1.551s] -- Installing: /home/jmj/pro_asp_ws/ws_px4_controls/install/ugv_controller/share/ugv_controller/mission.csv
[1.551s] -- Installing: /home/jmj/pro_asp_ws/ws_px4_controls/install/ugv_controller/share/ament_index/resource_index/package_run_dependencies/ugv_controller
[1.551s] -- Installing: /home/jmj/pro_asp_ws/ws_px4_controls/install/ugv_controller/share/ament_index/resource_index/parent_prefix_path/ugv_controller
[1.551s] -- Installing: /home/jmj/pro_asp_ws/ws_px4_controls/install/ugv_controller/share/ugv_controller/environment/ament_prefix_path.sh
[1.551s] -- Installing: /home/jmj/pro_asp_ws/ws_px4_controls/install/ugv_controller/share/ugv_controller/environment/ament_prefix_path.dsv
[1.551s] -- Installing: /home/jmj/pro_asp_ws/ws_px4_controls/install/ugv_controller/share/ugv_controller/environment/path.sh
[1.551s] -- Installing: /home/jmj/pro_asp_ws/ws_px4_controls/install/ugv_controller/share/ugv_controller/environment/path.dsv
[1.551s] -- Installing: /home/jmj/pro_asp_ws/ws_px4_controls/install/ugv_controller/share/ugv_controller/local_setup.bash
[1.551s] -- Installing: /home/jmj/pro_asp_ws/ws_px4_controls/install/ugv_controller/share/ugv_controller/local_setup.sh
[1.551s] -- Installing: /home/jmj/pro_asp_ws/ws_px4_controls/install/ugv_controller/share/ugv_controller/local_setup.zsh
[1.552s] -- Installing: /home/jmj/pro_asp_ws/ws_px4_controls/install/ugv_controller/share/ugv_controller/local_setup.dsv
[1.552s] -- Installing: /home/jmj/pro_asp_ws/ws_px4_controls/install/ugv_controller/share/ugv_controller/package.dsv
[1.552s] -- Installing: /home/jmj/pro_asp_ws/ws_px4_controls/install/ugv_controller/share/ament_index/resource_index/packages/ugv_controller
[1.552s] -- Installing: /home/jmj/pro_asp_ws/ws_px4_controls/install/ugv_controller/share/ugv_controller/cmake/ugv_controllerConfig.cmake
[1.552s] -- Installing: /home/jmj/pro_asp_ws/ws_px4_controls/install/ugv_controller/share/ugv_controller/cmake/ugv_controllerConfig-version.cmake
[1.552s] -- Installing: /home/jmj/pro_asp_ws/ws_px4_controls/install/ugv_controller/share/ugv_controller/package.xml
[1.553s] Invoked command in '/home/jmj/pro_asp_ws/ws_px4_controls/build/ugv_controller' returned '0': CMAKE_PREFIX_PATH=${CMAKE_PREFIX_PATH}:/home/jmj/pro_asp_ws/ws_px4_controls/install/opencv_tests:/opt/ros/humble /usr/bin/cmake --install /home/jmj/pro_asp_ws/ws_px4_controls/build/ugv_controller
