[0.011s] Invoking command in '/home/jmj/pro_asp_ws/ws_px4_controls/build/px4_ros_com': CMAKE_PREFIX_PATH=/home/jmj/pro_asp_ws/ws_px4_controls/install/px4_msgs:/home/jmj/pro_asp_ws/ws_px4_controls/install/utilities_pkg:/home/jmj/pro_asp_ws/ws_px4_controls/install/uav_controller_pkg:/home/jmj/pro_asp_ws/ws_px4_controls/install/px4_ros_com:/home/jmj/pro_asp_ws/ws_px4_controls/install/multi_tracker:/home/jmj/pro_asp_ws/ws_px4_controls/install/aruco_interfaces:/opt/ros/humble LD_LIBRARY_PATH=/home/jmj/pro_asp_ws/ws_px4_controls/install/px4_msgs/lib:/home/jmj/pro_asp_ws/ws_px4_controls/install/px4_ros_com/lib:/home/jmj/pro_asp_ws/ws_px4_controls/install/aruco_interfaces/lib:/usr/local/cuda/lib64:/opt/ros/humble/opt/rviz_ogre_vendor/lib:/opt/ros/humble/lib/x86_64-linux-gnu:/opt/ros/humble/lib:/usr/local/cuda/lib64 /usr/bin/cmake --build /home/jmj/pro_asp_ws/ws_px4_controls/build/px4_ros_com -- -j20 -l20
[0.040s] [35m[1mConsolidate compiler generated dependencies of target offboard_control[0m
[0.049s] [ 18%] Built target sensor_combined_listener
[0.049s] [ 25%] Built target frame_transforms
[0.049s] [ 37%] Built target offboard_control_srv
[0.049s] [ 50%] Built target offboard_control_key
[0.050s] [ 62%] Built target vehicle_gps_position_listener
[0.050s] [ 75%] Built target cli_pose_command
[0.051s] [ 87%] Built target debug_vect_advertiser
[0.054s] [ 87%] Built target ament_cmake_python_copy_px4_ros_com
[0.054s] [ 93%] [32mBuilding CXX object CMakeFiles/offboard_control.dir/src/examples/offboard/offboard_control.cpp.o[0m
[0.244s] running egg_info
[0.245s] writing px4_ros_com.egg-info/PKG-INFO
[0.245s] writing dependency_links to px4_ros_com.egg-info/dependency_links.txt
[0.245s] writing top-level names to px4_ros_com.egg-info/top_level.txt
[0.249s] reading manifest file 'px4_ros_com.egg-info/SOURCES.txt'
[0.249s] writing manifest file 'px4_ros_com.egg-info/SOURCES.txt'
[0.279s] [ 93%] Built target ament_cmake_python_build_px4_ros_com_egg
[6.507s] [01m[K/home/jmj/pro_asp_ws/ws_px4_controls/src/px4_ros_com/src/examples/offboard/offboard_control.cpp:[m[K In member function ‘[01m[Kvoid OffboardControl::pose_callback(geometry_msgs::msg::PoseStamped_<std::allocator<void> >::SharedPtr)[m[K’:
[6.507s] [01m[K/home/jmj/pro_asp_ws/ws_px4_controls/src/px4_ros_com/src/examples/offboard/offboard_control.cpp:118:81:[m[K [01;31m[Kerror: [m[Kno matching function for call to ‘[01m[KtoMsg<geometry_msgs::msg::Pose>(tf2::Transform&)[m[K’
[6.507s]   118 |     geometry_msgs::msg::Pose pose_in_odom = [01;31m[Ktf2::toMsg<geometry_msgs::msg::Pose>(T_odom_to_current)[m[K;
[6.507s]       |                                             [01;31m[K~~~~~~~~~~~~~~~~~~~~~~~~~~~~~~~~~~~~^~~~~~~~~~~~~~~~~~~[m[K
[6.507s] In file included from [01m[K/opt/ros/humble/include/tf2_geometry_msgs/tf2_geometry_msgs/tf2_geometry_msgs.hpp:56[m[K,
[6.507s]                  from [01m[K/home/jmj/pro_asp_ws/ws_px4_controls/src/px4_ros_com/src/examples/offboard/offboard_control.cpp:10[m[K:
[6.507s] [01m[K/opt/ros/humble/include/tf2/tf2/convert.hpp:129:3:[m[K [01;36m[Knote: [m[Kcandidate: ‘[01m[Ktemplate<class A, class B> B tf2::toMsg(const A&)[m[K’
[6.507s]   129 | B [01;36m[KtoMsg[m[K(const A & a);
[6.507s]       |   [01;36m[K^~~~~[m[K
[6.507s] [01m[K/opt/ros/humble/include/tf2/tf2/convert.hpp:129:3:[m[K [01;36m[Knote: [m[K  template argument deduction/substitution failed:
[6.507s] [01m[K/home/jmj/pro_asp_ws/ws_px4_controls/src/px4_ros_com/src/examples/offboard/offboard_control.cpp:118:81:[m[K [01;36m[Knote: [m[K  couldn’t deduce template parameter ‘[01m[KB[m[K’
[6.507s]   118 |     geometry_msgs::msg::Pose pose_in_odom = [01;36m[Ktf2::toMsg<geometry_msgs::msg::Pose>(T_odom_to_current)[m[K;
[6.507s]       |                                             [01;36m[K~~~~~~~~~~~~~~~~~~~~~~~~~~~~~~~~~~~~^~~~~~~~~~~~~~~~~~~[m[K
[6.507s] gmake[2]: *** [CMakeFiles/offboard_control.dir/build.make:76: CMakeFiles/offboard_control.dir/src/examples/offboard/offboard_control.cpp.o] Error 1
[6.508s] gmake[1]: *** [CMakeFiles/Makefile2:258: CMakeFiles/offboard_control.dir/all] Error 2
[6.508s] gmake: *** [Makefile:146: all] Error 2
[6.510s] Invoked command in '/home/jmj/pro_asp_ws/ws_px4_controls/build/px4_ros_com' returned '2': CMAKE_PREFIX_PATH=/home/jmj/pro_asp_ws/ws_px4_controls/install/px4_msgs:/home/jmj/pro_asp_ws/ws_px4_controls/install/utilities_pkg:/home/jmj/pro_asp_ws/ws_px4_controls/install/uav_controller_pkg:/home/jmj/pro_asp_ws/ws_px4_controls/install/px4_ros_com:/home/jmj/pro_asp_ws/ws_px4_controls/install/multi_tracker:/home/jmj/pro_asp_ws/ws_px4_controls/install/aruco_interfaces:/opt/ros/humble LD_LIBRARY_PATH=/home/jmj/pro_asp_ws/ws_px4_controls/install/px4_msgs/lib:/home/jmj/pro_asp_ws/ws_px4_controls/install/px4_ros_com/lib:/home/jmj/pro_asp_ws/ws_px4_controls/install/aruco_interfaces/lib:/usr/local/cuda/lib64:/opt/ros/humble/opt/rviz_ogre_vendor/lib:/opt/ros/humble/lib/x86_64-linux-gnu:/opt/ros/humble/lib:/usr/local/cuda/lib64 /usr/bin/cmake --build /home/jmj/pro_asp_ws/ws_px4_controls/build/px4_ros_com -- -j20 -l20
