[0.010s] Invoking command in '/home/acdl1/mj_ws/ws_px4_controls/build/utilities_pkg': AMENT_PREFIX_PATH=/home/acdl1/mj_ws/ws_px4_controls/install/px4_msgs:${AMENT_PREFIX_PATH} CMAKE_PREFIX_PATH=/home/acdl1/mj_ws/ws_px4_controls/install/px4_msgs:/opt/ros/humble LD_LIBRARY_PATH=/home/acdl1/mj_ws/ws_px4_controls/install/px4_msgs/lib:${LD_LIBRARY_PATH} PYTHONPATH=/home/acdl1/mj_ws/ws_px4_controls/install/px4_msgs/local/lib/python3.10/dist-packages:${PYTHONPATH} /usr/bin/cmake /home/acdl1/mj_ws/ws_px4_controls/src/utilities_pkg -DCMAKE_INSTALL_PREFIX=/home/acdl1/mj_ws/ws_px4_controls/install/utilities_pkg
[0.058s] -- The C compiler identification is GNU 11.4.0
[0.111s] -- The CXX compiler identification is GNU 11.4.0
[0.116s] -- Detecting C compiler ABI info
[0.178s] -- Detecting C compiler ABI info - done
[0.184s] -- Check for working C compiler: /usr/bin/cc - skipped
[0.184s] -- Detecting C compile features
[0.184s] -- Detecting C compile features - done
[0.187s] -- Detecting CXX compiler ABI info
[0.261s] -- Detecting CXX compiler ABI info - done
[0.269s] -- Check for working CXX compiler: /usr/bin/c++ - skipped
[0.269s] -- Detecting CXX compile features
[0.270s] -- Detecting CXX compile features - done
[0.271s] -- Found ament_cmake: 1.3.11 (/opt/ros/humble/share/ament_cmake/cmake)
[0.674s] -- Found Python3: /usr/bin/python3 (found version "3.10.12") found components: Interpreter 
[0.766s] -- Found rclcpp: 16.0.12 (/opt/ros/humble/share/rclcpp/cmake)
[0.800s] -- Found rosidl_generator_c: 3.1.6 (/opt/ros/humble/share/rosidl_generator_c/cmake)
[0.803s] -- Found rosidl_adapter: 3.1.6 (/opt/ros/humble/share/rosidl_adapter/cmake)
[0.809s] -- Found rosidl_generator_cpp: 3.1.6 (/opt/ros/humble/share/rosidl_generator_cpp/cmake)
[0.819s] -- Using all available rosidl_typesupport_c: rosidl_typesupport_fastrtps_c;rosidl_typesupport_introspection_c
[0.835s] -- Using all available rosidl_typesupport_cpp: rosidl_typesupport_fastrtps_cpp;rosidl_typesupport_introspection_cpp
[0.870s] -- Found rmw_implementation_cmake: 6.1.2 (/opt/ros/humble/share/rmw_implementation_cmake/cmake)
[0.872s] -- Found rmw_fastrtps_cpp: 6.2.7 (/opt/ros/humble/share/rmw_fastrtps_cpp/cmake)
[0.941s] -- Found OpenSSL: /usr/lib/x86_64-linux-gnu/libcrypto.so (found version "3.0.2")  
[0.965s] -- Found FastRTPS: /opt/ros/humble/include  
[1.005s] -- Using RMW implementation 'rmw_fastrtps_cpp' as default
[1.010s] -- Looking for pthread.h
[1.076s] -- Looking for pthread.h - found
[1.076s] -- Performing Test CMAKE_HAVE_LIBC_PTHREAD
[1.147s] -- Performing Test CMAKE_HAVE_LIBC_PTHREAD - Success
[1.148s] -- Found Threads: TRUE  
[1.194s] -- Found geometry_msgs: 4.8.0 (/opt/ros/humble/share/geometry_msgs/cmake)
[1.205s] -- Found tf2_ros: 0.25.12 (/opt/ros/humble/share/tf2_ros/cmake)
[1.289s] -- Found tf2_geometry_msgs: 0.25.12 (/opt/ros/humble/share/tf2_geometry_msgs/cmake)
[1.300s] -- Found eigen3_cmake_module: 0.1.1 (/opt/ros/humble/share/eigen3_cmake_module/cmake)
[1.300s] -- Found Eigen3: TRUE (found version "3.4.0") 
[1.300s] -- Ensuring Eigen3 include directory is part of orocos-kdl CMake target
[1.302s] -- Found px4_msgs: 2.0.1 (/home/acdl1/mj_ws/ws_px4_controls/install/px4_msgs/share/px4_msgs/cmake)
[1.372s] -- Configuring done
[1.383s] -- Generating done
[1.390s] -- Build files have been written to: /home/acdl1/mj_ws/ws_px4_controls/build/utilities_pkg
[1.408s] Invoked command in '/home/acdl1/mj_ws/ws_px4_controls/build/utilities_pkg' returned '0': AMENT_PREFIX_PATH=/home/acdl1/mj_ws/ws_px4_controls/install/px4_msgs:${AMENT_PREFIX_PATH} CMAKE_PREFIX_PATH=/home/acdl1/mj_ws/ws_px4_controls/install/px4_msgs:/opt/ros/humble LD_LIBRARY_PATH=/home/acdl1/mj_ws/ws_px4_controls/install/px4_msgs/lib:${LD_LIBRARY_PATH} PYTHONPATH=/home/acdl1/mj_ws/ws_px4_controls/install/px4_msgs/local/lib/python3.10/dist-packages:${PYTHONPATH} /usr/bin/cmake /home/acdl1/mj_ws/ws_px4_controls/src/utilities_pkg -DCMAKE_INSTALL_PREFIX=/home/acdl1/mj_ws/ws_px4_controls/install/utilities_pkg
[1.410s] Invoking command in '/home/acdl1/mj_ws/ws_px4_controls/build/utilities_pkg': AMENT_PREFIX_PATH=/home/acdl1/mj_ws/ws_px4_controls/install/px4_msgs:${AMENT_PREFIX_PATH} CMAKE_PREFIX_PATH=/home/acdl1/mj_ws/ws_px4_controls/install/px4_msgs:/opt/ros/humble LD_LIBRARY_PATH=/home/acdl1/mj_ws/ws_px4_controls/install/px4_msgs/lib:${LD_LIBRARY_PATH} PYTHONPATH=/home/acdl1/mj_ws/ws_px4_controls/install/px4_msgs/local/lib/python3.10/dist-packages:${PYTHONPATH} /usr/bin/cmake --build /home/acdl1/mj_ws/ws_px4_controls/build/utilities_pkg -- -j16 -l16
[1.460s] [ 50%] [32mBuilding CXX object CMakeFiles/keyboard_control_node.dir/src/keyboard_control_node.cpp.o[0m
[15.837s] [100%] [32m[1mLinking CXX executable keyboard_control_node[0m
[16.633s] [100%] Built target keyboard_control_node
[16.647s] Invoked command in '/home/acdl1/mj_ws/ws_px4_controls/build/utilities_pkg' returned '0': AMENT_PREFIX_PATH=/home/acdl1/mj_ws/ws_px4_controls/install/px4_msgs:${AMENT_PREFIX_PATH} CMAKE_PREFIX_PATH=/home/acdl1/mj_ws/ws_px4_controls/install/px4_msgs:/opt/ros/humble LD_LIBRARY_PATH=/home/acdl1/mj_ws/ws_px4_controls/install/px4_msgs/lib:${LD_LIBRARY_PATH} PYTHONPATH=/home/acdl1/mj_ws/ws_px4_controls/install/px4_msgs/local/lib/python3.10/dist-packages:${PYTHONPATH} /usr/bin/cmake --build /home/acdl1/mj_ws/ws_px4_controls/build/utilities_pkg -- -j16 -l16
[16.649s] Invoking command in '/home/acdl1/mj_ws/ws_px4_controls/build/utilities_pkg': AMENT_PREFIX_PATH=/home/acdl1/mj_ws/ws_px4_controls/install/px4_msgs:${AMENT_PREFIX_PATH} CMAKE_PREFIX_PATH=/home/acdl1/mj_ws/ws_px4_controls/install/px4_msgs:/opt/ros/humble LD_LIBRARY_PATH=/home/acdl1/mj_ws/ws_px4_controls/install/px4_msgs/lib:${LD_LIBRARY_PATH} PYTHONPATH=/home/acdl1/mj_ws/ws_px4_controls/install/px4_msgs/local/lib/python3.10/dist-packages:${PYTHONPATH} /usr/bin/cmake --install /home/acdl1/mj_ws/ws_px4_controls/build/utilities_pkg
[16.657s] -- Install configuration: ""
[16.657s] -- Installing: /home/acdl1/mj_ws/ws_px4_controls/install/utilities_pkg/lib/utilities_pkg/keyboard_control_node
[16.660s] -- Set runtime path of "/home/acdl1/mj_ws/ws_px4_controls/install/utilities_pkg/lib/utilities_pkg/keyboard_control_node" to ""
[16.660s] -- Installing: /home/acdl1/mj_ws/ws_px4_controls/install/utilities_pkg/share/ament_index/resource_index/package_run_dependencies/utilities_pkg
[16.660s] -- Installing: /home/acdl1/mj_ws/ws_px4_controls/install/utilities_pkg/share/ament_index/resource_index/parent_prefix_path/utilities_pkg
[16.660s] -- Installing: /home/acdl1/mj_ws/ws_px4_controls/install/utilities_pkg/share/utilities_pkg/environment/ament_prefix_path.sh
[16.660s] -- Installing: /home/acdl1/mj_ws/ws_px4_controls/install/utilities_pkg/share/utilities_pkg/environment/ament_prefix_path.dsv
[16.660s] -- Installing: /home/acdl1/mj_ws/ws_px4_controls/install/utilities_pkg/share/utilities_pkg/environment/path.sh
[16.660s] -- Installing: /home/acdl1/mj_ws/ws_px4_controls/install/utilities_pkg/share/utilities_pkg/environment/path.dsv
[16.660s] -- Installing: /home/acdl1/mj_ws/ws_px4_controls/install/utilities_pkg/share/utilities_pkg/local_setup.bash
[16.661s] -- Installing: /home/acdl1/mj_ws/ws_px4_controls/install/utilities_pkg/share/utilities_pkg/local_setup.sh
[16.661s] -- Installing: /home/acdl1/mj_ws/ws_px4_controls/install/utilities_pkg/share/utilities_pkg/local_setup.zsh
[16.661s] -- Installing: /home/acdl1/mj_ws/ws_px4_controls/install/utilities_pkg/share/utilities_pkg/local_setup.dsv
[16.661s] -- Installing: /home/acdl1/mj_ws/ws_px4_controls/install/utilities_pkg/share/utilities_pkg/package.dsv
[16.661s] -- Installing: /home/acdl1/mj_ws/ws_px4_controls/install/utilities_pkg/share/ament_index/resource_index/packages/utilities_pkg
[16.661s] -- Installing: /home/acdl1/mj_ws/ws_px4_controls/install/utilities_pkg/share/utilities_pkg/cmake/utilities_pkgConfig.cmake
[16.661s] -- Installing: /home/acdl1/mj_ws/ws_px4_controls/install/utilities_pkg/share/utilities_pkg/cmake/utilities_pkgConfig-version.cmake
[16.661s] -- Installing: /home/acdl1/mj_ws/ws_px4_controls/install/utilities_pkg/share/utilities_pkg/package.xml
[16.664s] Invoked command in '/home/acdl1/mj_ws/ws_px4_controls/build/utilities_pkg' returned '0': AMENT_PREFIX_PATH=/home/acdl1/mj_ws/ws_px4_controls/install/px4_msgs:${AMENT_PREFIX_PATH} CMAKE_PREFIX_PATH=/home/acdl1/mj_ws/ws_px4_controls/install/px4_msgs:/opt/ros/humble LD_LIBRARY_PATH=/home/acdl1/mj_ws/ws_px4_controls/install/px4_msgs/lib:${LD_LIBRARY_PATH} PYTHONPATH=/home/acdl1/mj_ws/ws_px4_controls/install/px4_msgs/local/lib/python3.10/dist-packages:${PYTHONPATH} /usr/bin/cmake --install /home/acdl1/mj_ws/ws_px4_controls/build/utilities_pkg
