[0.110s] DEBUG:colcon:Command line arguments: ['/usr/bin/colcon', 'build', '--packages-select', 'multi_tracker']
[0.110s] DEBUG:colcon:Parsed command line arguments: Namespace(log_base=None, log_level=None, verb_name='build', build_base='build', install_base='install', merge_install=False, symlink_install=False, test_result_base=None, continue_on_error=False, executor='parallel', parallel_workers=20, event_handlers=None, ignore_user_meta=False, metas=['./colcon.meta'], base_paths=['.'], packages_ignore=None, packages_ignore_regex=None, paths=None, packages_up_to=None, packages_up_to_regex=None, packages_above=None, packages_above_and_dependencies=None, packages_above_depth=None, packages_select_by_dep=None, packages_skip_by_dep=None, packages_skip_up_to=None, packages_select_build_failed=False, packages_skip_build_finished=False, packages_select_test_failures=False, packages_skip_test_passed=False, packages_select=['multi_tracker'], packages_skip=None, packages_select_regex=None, packages_skip_regex=None, packages_start=None, packages_end=None, allow_overriding=[], cmake_args=None, cmake_target=None, cmake_target_skip_unavailable=False, cmake_clean_cache=False, cmake_clean_first=False, cmake_force_configure=False, ament_cmake_args=None, catkin_cmake_args=None, catkin_skip_building_tests=False, mixin_files=None, mixin=None, verb_parser=<colcon_mixin.mixin.mixin_argument.MixinArgumentDecorator object at 0x7e0fc6dca4a0>, verb_extension=<colcon_core.verb.build.BuildVerb object at 0x7e0fc6f366b0>, main=<bound method BuildVerb.main of <colcon_core.verb.build.BuildVerb object at 0x7e0fc6f366b0>>, mixin_verb=('build',))
[0.258s] Level 1:colcon.colcon_core.package_discovery:discover_packages(colcon_meta) check parameters
[0.258s] Level 1:colcon.colcon_core.package_discovery:discover_packages(recursive) check parameters
[0.258s] Level 1:colcon.colcon_core.package_discovery:discover_packages(ignore) check parameters
[0.258s] Level 1:colcon.colcon_core.package_discovery:discover_packages(path) check parameters
[0.258s] Level 1:colcon.colcon_core.package_discovery:discover_packages(colcon_meta) discover
[0.258s] Level 1:colcon.colcon_core.package_discovery:discover_packages(recursive) discover
[0.258s] INFO:colcon.colcon_core.package_discovery:Crawling recursively for packages in '/home/jmj/pro_asp_ws/ws_px4_controls'
[0.258s] Level 1:colcon.colcon_core.package_identification:_identify(.) by extensions ['ignore', 'ignore_ament_install']
[0.258s] Level 1:colcon.colcon_core.package_identification:_identify(.) by extension 'ignore'
[0.258s] Level 1:colcon.colcon_core.package_identification:_identify(.) by extension 'ignore_ament_install'
[0.258s] Level 1:colcon.colcon_core.package_identification:_identify(.) by extensions ['colcon_pkg']
[0.258s] Level 1:colcon.colcon_core.package_identification:_identify(.) by extension 'colcon_pkg'
[0.258s] Level 1:colcon.colcon_core.package_identification:_identify(.) by extensions ['colcon_meta']
[0.258s] Level 1:colcon.colcon_core.package_identification:_identify(.) by extension 'colcon_meta'
[0.258s] Level 1:colcon.colcon_core.package_identification:_identify(.) by extensions ['ros']
[0.258s] Level 1:colcon.colcon_core.package_identification:_identify(.) by extension 'ros'
[0.282s] Level 1:colcon.colcon_core.package_identification:_identify(.) by extensions ['cmake', 'python']
[0.282s] Level 1:colcon.colcon_core.package_identification:_identify(.) by extension 'cmake'
[0.283s] Level 1:colcon.colcon_core.package_identification:_identify(.) by extension 'python'
[0.283s] Level 1:colcon.colcon_core.package_identification:_identify(.) by extensions ['python_setup_py']
[0.283s] Level 1:colcon.colcon_core.package_identification:_identify(.) by extension 'python_setup_py'
[0.283s] Level 1:colcon.colcon_core.package_identification:_identify(build) by extensions ['ignore', 'ignore_ament_install']
[0.283s] Level 1:colcon.colcon_core.package_identification:_identify(build) by extension 'ignore'
[0.283s] Level 1:colcon.colcon_core.package_identification:_identify(build) ignored
[0.283s] Level 1:colcon.colcon_core.package_identification:_identify(install) by extensions ['ignore', 'ignore_ament_install']
[0.283s] Level 1:colcon.colcon_core.package_identification:_identify(install) by extension 'ignore'
[0.283s] Level 1:colcon.colcon_core.package_identification:_identify(install) ignored
[0.283s] Level 1:colcon.colcon_core.package_identification:_identify(log) by extensions ['ignore', 'ignore_ament_install']
[0.283s] Level 1:colcon.colcon_core.package_identification:_identify(log) by extension 'ignore'
[0.283s] Level 1:colcon.colcon_core.package_identification:_identify(log) ignored
[0.283s] Level 1:colcon.colcon_core.package_identification:_identify(src) by extensions ['ignore', 'ignore_ament_install']
[0.283s] Level 1:colcon.colcon_core.package_identification:_identify(src) by extension 'ignore'
[0.283s] Level 1:colcon.colcon_core.package_identification:_identify(src) by extension 'ignore_ament_install'
[0.283s] Level 1:colcon.colcon_core.package_identification:_identify(src) by extensions ['colcon_pkg']
[0.283s] Level 1:colcon.colcon_core.package_identification:_identify(src) by extension 'colcon_pkg'
[0.283s] Level 1:colcon.colcon_core.package_identification:_identify(src) by extensions ['colcon_meta']
[0.283s] Level 1:colcon.colcon_core.package_identification:_identify(src) by extension 'colcon_meta'
[0.283s] Level 1:colcon.colcon_core.package_identification:_identify(src) by extensions ['ros']
[0.283s] Level 1:colcon.colcon_core.package_identification:_identify(src) by extension 'ros'
[0.283s] Level 1:colcon.colcon_core.package_identification:_identify(src) by extensions ['cmake', 'python']
[0.283s] Level 1:colcon.colcon_core.package_identification:_identify(src) by extension 'cmake'
[0.283s] Level 1:colcon.colcon_core.package_identification:_identify(src) by extension 'python'
[0.283s] Level 1:colcon.colcon_core.package_identification:_identify(src) by extensions ['python_setup_py']
[0.283s] Level 1:colcon.colcon_core.package_identification:_identify(src) by extension 'python_setup_py'
[0.283s] Level 1:colcon.colcon_core.package_identification:_identify(src/px4_msgs) by extensions ['ignore', 'ignore_ament_install']
[0.284s] Level 1:colcon.colcon_core.package_identification:_identify(src/px4_msgs) by extension 'ignore'
[0.284s] Level 1:colcon.colcon_core.package_identification:_identify(src/px4_msgs) by extension 'ignore_ament_install'
[0.284s] Level 1:colcon.colcon_core.package_identification:_identify(src/px4_msgs) by extensions ['colcon_pkg']
[0.284s] Level 1:colcon.colcon_core.package_identification:_identify(src/px4_msgs) by extension 'colcon_pkg'
[0.284s] Level 1:colcon.colcon_core.package_identification:_identify(src/px4_msgs) by extensions ['colcon_meta']
[0.284s] Level 1:colcon.colcon_core.package_identification:_identify(src/px4_msgs) by extension 'colcon_meta'
[0.284s] Level 1:colcon.colcon_core.package_identification:_identify(src/px4_msgs) by extensions ['ros']
[0.284s] Level 1:colcon.colcon_core.package_identification:_identify(src/px4_msgs) by extension 'ros'
[0.286s] DEBUG:colcon.colcon_core.package_identification:Package 'src/px4_msgs' with type 'ros.ament_cmake' and name 'px4_msgs'
[0.286s] Level 1:colcon.colcon_core.package_identification:_identify(src/px4_ros_com) by extensions ['ignore', 'ignore_ament_install']
[0.286s] Level 1:colcon.colcon_core.package_identification:_identify(src/px4_ros_com) by extension 'ignore'
[0.287s] Level 1:colcon.colcon_core.package_identification:_identify(src/px4_ros_com) by extension 'ignore_ament_install'
[0.287s] Level 1:colcon.colcon_core.package_identification:_identify(src/px4_ros_com) by extensions ['colcon_pkg']
[0.287s] Level 1:colcon.colcon_core.package_identification:_identify(src/px4_ros_com) by extension 'colcon_pkg'
[0.287s] Level 1:colcon.colcon_core.package_identification:_identify(src/px4_ros_com) by extensions ['colcon_meta']
[0.287s] Level 1:colcon.colcon_core.package_identification:_identify(src/px4_ros_com) by extension 'colcon_meta'
[0.287s] Level 1:colcon.colcon_core.package_identification:_identify(src/px4_ros_com) by extensions ['ros']
[0.287s] Level 1:colcon.colcon_core.package_identification:_identify(src/px4_ros_com) by extension 'ros'
[0.287s] DEBUG:colcon.colcon_core.package_identification:Package 'src/px4_ros_com' with type 'ros.ament_cmake' and name 'px4_ros_com'
[0.288s] Level 1:colcon.colcon_core.package_identification:_identify(src/uav_controller_pkg) by extensions ['ignore', 'ignore_ament_install']
[0.288s] Level 1:colcon.colcon_core.package_identification:_identify(src/uav_controller_pkg) by extension 'ignore'
[0.288s] Level 1:colcon.colcon_core.package_identification:_identify(src/uav_controller_pkg) by extension 'ignore_ament_install'
[0.288s] Level 1:colcon.colcon_core.package_identification:_identify(src/uav_controller_pkg) by extensions ['colcon_pkg']
[0.288s] Level 1:colcon.colcon_core.package_identification:_identify(src/uav_controller_pkg) by extension 'colcon_pkg'
[0.288s] Level 1:colcon.colcon_core.package_identification:_identify(src/uav_controller_pkg) by extensions ['colcon_meta']
[0.288s] Level 1:colcon.colcon_core.package_identification:_identify(src/uav_controller_pkg) by extension 'colcon_meta'
[0.288s] Level 1:colcon.colcon_core.package_identification:_identify(src/uav_controller_pkg) by extensions ['ros']
[0.288s] Level 1:colcon.colcon_core.package_identification:_identify(src/uav_controller_pkg) by extension 'ros'
[0.288s] DEBUG:colcon.colcon_core.package_identification:Package 'src/uav_controller_pkg' with type 'ros.ament_cmake' and name 'uav_controller_pkg'
[0.288s] Level 1:colcon.colcon_core.package_identification:_identify(src/utilities_pkg) by extensions ['ignore', 'ignore_ament_install']
[0.288s] Level 1:colcon.colcon_core.package_identification:_identify(src/utilities_pkg) by extension 'ignore'
[0.289s] Level 1:colcon.colcon_core.package_identification:_identify(src/utilities_pkg) by extension 'ignore_ament_install'
[0.289s] Level 1:colcon.colcon_core.package_identification:_identify(src/utilities_pkg) by extensions ['colcon_pkg']
[0.289s] Level 1:colcon.colcon_core.package_identification:_identify(src/utilities_pkg) by extension 'colcon_pkg'
[0.289s] Level 1:colcon.colcon_core.package_identification:_identify(src/utilities_pkg) by extensions ['colcon_meta']
[0.289s] Level 1:colcon.colcon_core.package_identification:_identify(src/utilities_pkg) by extension 'colcon_meta'
[0.289s] Level 1:colcon.colcon_core.package_identification:_identify(src/utilities_pkg) by extensions ['ros']
[0.289s] Level 1:colcon.colcon_core.package_identification:_identify(src/utilities_pkg) by extension 'ros'
[0.289s] DEBUG:colcon.colcon_core.package_identification:Package 'src/utilities_pkg' with type 'ros.ament_cmake' and name 'utilities_pkg'
[0.289s] Level 1:colcon.colcon_core.package_identification:_identify(src/ws_aruco) by extensions ['ignore', 'ignore_ament_install']
[0.289s] Level 1:colcon.colcon_core.package_identification:_identify(src/ws_aruco) by extension 'ignore'
[0.289s] Level 1:colcon.colcon_core.package_identification:_identify(src/ws_aruco) by extension 'ignore_ament_install'
[0.289s] Level 1:colcon.colcon_core.package_identification:_identify(src/ws_aruco) by extensions ['colcon_pkg']
[0.289s] Level 1:colcon.colcon_core.package_identification:_identify(src/ws_aruco) by extension 'colcon_pkg'
[0.289s] Level 1:colcon.colcon_core.package_identification:_identify(src/ws_aruco) by extensions ['colcon_meta']
[0.289s] Level 1:colcon.colcon_core.package_identification:_identify(src/ws_aruco) by extension 'colcon_meta'
[0.289s] Level 1:colcon.colcon_core.package_identification:_identify(src/ws_aruco) by extensions ['ros']
[0.289s] Level 1:colcon.colcon_core.package_identification:_identify(src/ws_aruco) by extension 'ros'
[0.289s] Level 1:colcon.colcon_core.package_identification:_identify(src/ws_aruco) by extensions ['cmake', 'python']
[0.289s] Level 1:colcon.colcon_core.package_identification:_identify(src/ws_aruco) by extension 'cmake'
[0.289s] Level 1:colcon.colcon_core.package_identification:_identify(src/ws_aruco) by extension 'python'
[0.289s] Level 1:colcon.colcon_core.package_identification:_identify(src/ws_aruco) by extensions ['python_setup_py']
[0.289s] Level 1:colcon.colcon_core.package_identification:_identify(src/ws_aruco) by extension 'python_setup_py'
[0.289s] Level 1:colcon.colcon_core.package_identification:_identify(src/ws_aruco/build) by extensions ['ignore', 'ignore_ament_install']
[0.289s] Level 1:colcon.colcon_core.package_identification:_identify(src/ws_aruco/build) by extension 'ignore'
[0.290s] Level 1:colcon.colcon_core.package_identification:_identify(src/ws_aruco/build) ignored
[0.290s] Level 1:colcon.colcon_core.package_identification:_identify(src/ws_aruco/install) by extensions ['ignore', 'ignore_ament_install']
[0.290s] Level 1:colcon.colcon_core.package_identification:_identify(src/ws_aruco/install) by extension 'ignore'
[0.290s] Level 1:colcon.colcon_core.package_identification:_identify(src/ws_aruco/install) ignored
[0.290s] Level 1:colcon.colcon_core.package_identification:_identify(src/ws_aruco/log) by extensions ['ignore', 'ignore_ament_install']
[0.290s] Level 1:colcon.colcon_core.package_identification:_identify(src/ws_aruco/log) by extension 'ignore'
[0.290s] Level 1:colcon.colcon_core.package_identification:_identify(src/ws_aruco/log) ignored
[0.290s] Level 1:colcon.colcon_core.package_identification:_identify(src/ws_aruco/src) by extensions ['ignore', 'ignore_ament_install']
[0.290s] Level 1:colcon.colcon_core.package_identification:_identify(src/ws_aruco/src) by extension 'ignore'
[0.290s] Level 1:colcon.colcon_core.package_identification:_identify(src/ws_aruco/src) by extension 'ignore_ament_install'
[0.290s] Level 1:colcon.colcon_core.package_identification:_identify(src/ws_aruco/src) by extensions ['colcon_pkg']
[0.290s] Level 1:colcon.colcon_core.package_identification:_identify(src/ws_aruco/src) by extension 'colcon_pkg'
[0.290s] Level 1:colcon.colcon_core.package_identification:_identify(src/ws_aruco/src) by extensions ['colcon_meta']
[0.290s] Level 1:colcon.colcon_core.package_identification:_identify(src/ws_aruco/src) by extension 'colcon_meta'
[0.290s] Level 1:colcon.colcon_core.package_identification:_identify(src/ws_aruco/src) by extensions ['ros']
[0.290s] Level 1:colcon.colcon_core.package_identification:_identify(src/ws_aruco/src) by extension 'ros'
[0.290s] Level 1:colcon.colcon_core.package_identification:_identify(src/ws_aruco/src) by extensions ['cmake', 'python']
[0.290s] Level 1:colcon.colcon_core.package_identification:_identify(src/ws_aruco/src) by extension 'cmake'
[0.290s] Level 1:colcon.colcon_core.package_identification:_identify(src/ws_aruco/src) by extension 'python'
[0.290s] Level 1:colcon.colcon_core.package_identification:_identify(src/ws_aruco/src) by extensions ['python_setup_py']
[0.290s] Level 1:colcon.colcon_core.package_identification:_identify(src/ws_aruco/src) by extension 'python_setup_py'
[0.290s] Level 1:colcon.colcon_core.package_identification:_identify(src/ws_aruco/src/aruco_interfaces) by extensions ['ignore', 'ignore_ament_install']
[0.290s] Level 1:colcon.colcon_core.package_identification:_identify(src/ws_aruco/src/aruco_interfaces) by extension 'ignore'
[0.290s] Level 1:colcon.colcon_core.package_identification:_identify(src/ws_aruco/src/aruco_interfaces) by extension 'ignore_ament_install'
[0.290s] Level 1:colcon.colcon_core.package_identification:_identify(src/ws_aruco/src/aruco_interfaces) by extensions ['colcon_pkg']
[0.290s] Level 1:colcon.colcon_core.package_identification:_identify(src/ws_aruco/src/aruco_interfaces) by extension 'colcon_pkg'
[0.290s] Level 1:colcon.colcon_core.package_identification:_identify(src/ws_aruco/src/aruco_interfaces) by extensions ['colcon_meta']
[0.290s] Level 1:colcon.colcon_core.package_identification:_identify(src/ws_aruco/src/aruco_interfaces) by extension 'colcon_meta'
[0.290s] Level 1:colcon.colcon_core.package_identification:_identify(src/ws_aruco/src/aruco_interfaces) by extensions ['ros']
[0.290s] Level 1:colcon.colcon_core.package_identification:_identify(src/ws_aruco/src/aruco_interfaces) by extension 'ros'
[0.291s] DEBUG:colcon.colcon_core.package_identification:Package 'src/ws_aruco/src/aruco_interfaces' with type 'ros.ament_cmake' and name 'aruco_interfaces'
[0.291s] Level 1:colcon.colcon_core.package_identification:_identify(src/ws_aruco/src/multi_tracker) by extensions ['ignore', 'ignore_ament_install']
[0.291s] Level 1:colcon.colcon_core.package_identification:_identify(src/ws_aruco/src/multi_tracker) by extension 'ignore'
[0.291s] Level 1:colcon.colcon_core.package_identification:_identify(src/ws_aruco/src/multi_tracker) by extension 'ignore_ament_install'
[0.291s] Level 1:colcon.colcon_core.package_identification:_identify(src/ws_aruco/src/multi_tracker) by extensions ['colcon_pkg']
[0.291s] Level 1:colcon.colcon_core.package_identification:_identify(src/ws_aruco/src/multi_tracker) by extension 'colcon_pkg'
[0.291s] Level 1:colcon.colcon_core.package_identification:_identify(src/ws_aruco/src/multi_tracker) by extensions ['colcon_meta']
[0.291s] Level 1:colcon.colcon_core.package_identification:_identify(src/ws_aruco/src/multi_tracker) by extension 'colcon_meta'
[0.291s] Level 1:colcon.colcon_core.package_identification:_identify(src/ws_aruco/src/multi_tracker) by extensions ['ros']
[0.291s] Level 1:colcon.colcon_core.package_identification:_identify(src/ws_aruco/src/multi_tracker) by extension 'ros'
[0.292s] DEBUG:colcon.colcon_core.package_identification:Package 'src/ws_aruco/src/multi_tracker' with type 'ros.ament_cmake' and name 'multi_tracker'
[0.292s] Level 1:colcon.colcon_core.package_identification:_identify(src/ws_aruco/src/vision_opencv) by extensions ['ignore', 'ignore_ament_install']
[0.292s] Level 1:colcon.colcon_core.package_identification:_identify(src/ws_aruco/src/vision_opencv) by extension 'ignore'
[0.292s] Level 1:colcon.colcon_core.package_identification:_identify(src/ws_aruco/src/vision_opencv) by extension 'ignore_ament_install'
[0.292s] Level 1:colcon.colcon_core.package_identification:_identify(src/ws_aruco/src/vision_opencv) by extensions ['colcon_pkg']
[0.292s] Level 1:colcon.colcon_core.package_identification:_identify(src/ws_aruco/src/vision_opencv) by extension 'colcon_pkg'
[0.292s] Level 1:colcon.colcon_core.package_identification:_identify(src/ws_aruco/src/vision_opencv) by extensions ['colcon_meta']
[0.292s] Level 1:colcon.colcon_core.package_identification:_identify(src/ws_aruco/src/vision_opencv) by extension 'colcon_meta'
[0.292s] Level 1:colcon.colcon_core.package_identification:_identify(src/ws_aruco/src/vision_opencv) by extensions ['ros']
[0.292s] Level 1:colcon.colcon_core.package_identification:_identify(src/ws_aruco/src/vision_opencv) by extension 'ros'
[0.292s] Level 1:colcon.colcon_core.package_identification:_identify(src/ws_aruco/src/vision_opencv) by extensions ['cmake', 'python']
[0.292s] Level 1:colcon.colcon_core.package_identification:_identify(src/ws_aruco/src/vision_opencv) by extension 'cmake'
[0.292s] Level 1:colcon.colcon_core.package_identification:_identify(src/ws_aruco/src/vision_opencv) by extension 'python'
[0.292s] Level 1:colcon.colcon_core.package_identification:_identify(src/ws_aruco/src/vision_opencv) by extensions ['python_setup_py']
[0.292s] Level 1:colcon.colcon_core.package_identification:_identify(src/ws_aruco/src/vision_opencv) by extension 'python_setup_py'
[0.292s] Level 1:colcon.colcon_core.package_identification:_identify(src/ws_aruco/src/vision_opencv/cv_bridge) by extensions ['ignore', 'ignore_ament_install']
[0.292s] Level 1:colcon.colcon_core.package_identification:_identify(src/ws_aruco/src/vision_opencv/cv_bridge) by extension 'ignore'
[0.292s] Level 1:colcon.colcon_core.package_identification:_identify(src/ws_aruco/src/vision_opencv/cv_bridge) by extension 'ignore_ament_install'
[0.292s] Level 1:colcon.colcon_core.package_identification:_identify(src/ws_aruco/src/vision_opencv/cv_bridge) by extensions ['colcon_pkg']
[0.292s] Level 1:colcon.colcon_core.package_identification:_identify(src/ws_aruco/src/vision_opencv/cv_bridge) by extension 'colcon_pkg'
[0.292s] Level 1:colcon.colcon_core.package_identification:_identify(src/ws_aruco/src/vision_opencv/cv_bridge) by extensions ['colcon_meta']
[0.292s] Level 1:colcon.colcon_core.package_identification:_identify(src/ws_aruco/src/vision_opencv/cv_bridge) by extension 'colcon_meta'
[0.292s] Level 1:colcon.colcon_core.package_identification:_identify(src/ws_aruco/src/vision_opencv/cv_bridge) by extensions ['ros']
[0.292s] Level 1:colcon.colcon_core.package_identification:_identify(src/ws_aruco/src/vision_opencv/cv_bridge) by extension 'ros'
[0.293s] DEBUG:colcon.colcon_core.package_identification:Package 'src/ws_aruco/src/vision_opencv/cv_bridge' with type 'ros.ament_cmake' and name 'cv_bridge'
[0.293s] Level 1:colcon.colcon_core.package_identification:_identify(src/ws_aruco/src/vision_opencv/image_geometry) by extensions ['ignore', 'ignore_ament_install']
[0.293s] Level 1:colcon.colcon_core.package_identification:_identify(src/ws_aruco/src/vision_opencv/image_geometry) by extension 'ignore'
[0.293s] Level 1:colcon.colcon_core.package_identification:_identify(src/ws_aruco/src/vision_opencv/image_geometry) by extension 'ignore_ament_install'
[0.293s] Level 1:colcon.colcon_core.package_identification:_identify(src/ws_aruco/src/vision_opencv/image_geometry) by extensions ['colcon_pkg']
[0.293s] Level 1:colcon.colcon_core.package_identification:_identify(src/ws_aruco/src/vision_opencv/image_geometry) by extension 'colcon_pkg'
[0.293s] Level 1:colcon.colcon_core.package_identification:_identify(src/ws_aruco/src/vision_opencv/image_geometry) by extensions ['colcon_meta']
[0.293s] Level 1:colcon.colcon_core.package_identification:_identify(src/ws_aruco/src/vision_opencv/image_geometry) by extension 'colcon_meta'
[0.293s] Level 1:colcon.colcon_core.package_identification:_identify(src/ws_aruco/src/vision_opencv/image_geometry) by extensions ['ros']
[0.293s] Level 1:colcon.colcon_core.package_identification:_identify(src/ws_aruco/src/vision_opencv/image_geometry) by extension 'ros'
[0.293s] DEBUG:colcon.colcon_core.package_identification:Package 'src/ws_aruco/src/vision_opencv/image_geometry' with type 'ros.ament_cmake' and name 'image_geometry'
[0.293s] Level 1:colcon.colcon_core.package_identification:_identify(src/ws_aruco/src/vision_opencv/opencv_tests) by extensions ['ignore', 'ignore_ament_install']
[0.294s] Level 1:colcon.colcon_core.package_identification:_identify(src/ws_aruco/src/vision_opencv/opencv_tests) by extension 'ignore'
[0.294s] Level 1:colcon.colcon_core.package_identification:_identify(src/ws_aruco/src/vision_opencv/opencv_tests) by extension 'ignore_ament_install'
[0.294s] Level 1:colcon.colcon_core.package_identification:_identify(src/ws_aruco/src/vision_opencv/opencv_tests) by extensions ['colcon_pkg']
[0.294s] Level 1:colcon.colcon_core.package_identification:_identify(src/ws_aruco/src/vision_opencv/opencv_tests) by extension 'colcon_pkg'
[0.294s] Level 1:colcon.colcon_core.package_identification:_identify(src/ws_aruco/src/vision_opencv/opencv_tests) by extensions ['colcon_meta']
[0.294s] Level 1:colcon.colcon_core.package_identification:_identify(src/ws_aruco/src/vision_opencv/opencv_tests) by extension 'colcon_meta'
[0.294s] Level 1:colcon.colcon_core.package_identification:_identify(src/ws_aruco/src/vision_opencv/opencv_tests) by extensions ['ros']
[0.294s] Level 1:colcon.colcon_core.package_identification:_identify(src/ws_aruco/src/vision_opencv/opencv_tests) by extension 'ros'
[0.294s] DEBUG:colcon.colcon_core.package_identification:Package 'src/ws_aruco/src/vision_opencv/opencv_tests' with type 'ros.ament_python' and name 'opencv_tests'
[0.294s] Level 1:colcon.colcon_core.package_identification:_identify(src/ws_aruco/src/vision_opencv/vision_opencv) by extensions ['ignore', 'ignore_ament_install']
[0.295s] Level 1:colcon.colcon_core.package_identification:_identify(src/ws_aruco/src/vision_opencv/vision_opencv) by extension 'ignore'
[0.295s] Level 1:colcon.colcon_core.package_identification:_identify(src/ws_aruco/src/vision_opencv/vision_opencv) by extension 'ignore_ament_install'
[0.295s] Level 1:colcon.colcon_core.package_identification:_identify(src/ws_aruco/src/vision_opencv/vision_opencv) by extensions ['colcon_pkg']
[0.295s] Level 1:colcon.colcon_core.package_identification:_identify(src/ws_aruco/src/vision_opencv/vision_opencv) by extension 'colcon_pkg'
[0.295s] Level 1:colcon.colcon_core.package_identification:_identify(src/ws_aruco/src/vision_opencv/vision_opencv) by extensions ['colcon_meta']
[0.295s] Level 1:colcon.colcon_core.package_identification:_identify(src/ws_aruco/src/vision_opencv/vision_opencv) by extension 'colcon_meta'
[0.295s] Level 1:colcon.colcon_core.package_identification:_identify(src/ws_aruco/src/vision_opencv/vision_opencv) by extensions ['ros']
[0.295s] Level 1:colcon.colcon_core.package_identification:_identify(src/ws_aruco/src/vision_opencv/vision_opencv) by extension 'ros'
[0.296s] DEBUG:colcon.colcon_core.package_identification:Package 'src/ws_aruco/src/vision_opencv/vision_opencv' with type 'ros.ament_cmake' and name 'vision_opencv'
[0.296s] Level 1:colcon.colcon_core.package_discovery:discover_packages(recursive) using defaults
[0.296s] Level 1:colcon.colcon_core.package_discovery:discover_packages(ignore) discover
[0.296s] Level 1:colcon.colcon_core.package_discovery:discover_packages(ignore) using defaults
[0.296s] Level 1:colcon.colcon_core.package_discovery:discover_packages(path) discover
[0.296s] Level 1:colcon.colcon_core.package_discovery:discover_packages(path) using defaults
[0.314s] INFO:colcon.colcon_core.package_selection:Skipping not selected package 'aruco_interfaces' in 'src/ws_aruco/src/aruco_interfaces'
[0.314s] INFO:colcon.colcon_core.package_selection:Skipping not selected package 'cv_bridge' in 'src/ws_aruco/src/vision_opencv/cv_bridge'
[0.314s] INFO:colcon.colcon_core.package_selection:Skipping not selected package 'image_geometry' in 'src/ws_aruco/src/vision_opencv/image_geometry'
[0.314s] INFO:colcon.colcon_core.package_selection:Skipping not selected package 'px4_msgs' in 'src/px4_msgs'
[0.314s] INFO:colcon.colcon_core.package_selection:Skipping not selected package 'opencv_tests' in 'src/ws_aruco/src/vision_opencv/opencv_tests'
[0.314s] INFO:colcon.colcon_core.package_selection:Skipping not selected package 'px4_ros_com' in 'src/px4_ros_com'
[0.314s] INFO:colcon.colcon_core.package_selection:Skipping not selected package 'uav_controller_pkg' in 'src/uav_controller_pkg'
[0.314s] INFO:colcon.colcon_core.package_selection:Skipping not selected package 'utilities_pkg' in 'src/utilities_pkg'
[0.314s] INFO:colcon.colcon_core.package_selection:Skipping not selected package 'vision_opencv' in 'src/ws_aruco/src/vision_opencv/vision_opencv'
[0.315s] Level 1:colcon.colcon_core.package_discovery:discover_packages(prefix_path) check parameters
[0.315s] Level 1:colcon.colcon_core.package_discovery:discover_packages(prefix_path) discover
[0.317s] DEBUG:colcon.colcon_installed_package_information.package_discovery:Found 5 installed packages in /home/jmj/pro_asp_ws/ws_px4_controls/install
[0.317s] DEBUG:colcon.colcon_installed_package_information.package_discovery:Found 3 installed packages in /home/jmj/pro_asp_ws/ugv_ws/install
[0.318s] DEBUG:colcon.colcon_installed_package_information.package_discovery:Found 367 installed packages in /opt/ros/humble
[0.319s] Level 1:colcon.colcon_core.package_discovery:discover_packages(prefix_path) using defaults
[0.348s] Level 5:colcon.colcon_core.verb:set package 'multi_tracker' build argument 'cmake_args' from command line to 'None'
[0.348s] Level 5:colcon.colcon_core.verb:set package 'multi_tracker' build argument 'cmake_target' from command line to 'None'
[0.348s] Level 5:colcon.colcon_core.verb:set package 'multi_tracker' build argument 'cmake_target_skip_unavailable' from command line to 'False'
[0.348s] Level 5:colcon.colcon_core.verb:set package 'multi_tracker' build argument 'cmake_clean_cache' from command line to 'False'
[0.348s] Level 5:colcon.colcon_core.verb:set package 'multi_tracker' build argument 'cmake_clean_first' from command line to 'False'
[0.348s] Level 5:colcon.colcon_core.verb:set package 'multi_tracker' build argument 'cmake_force_configure' from command line to 'False'
[0.348s] Level 5:colcon.colcon_core.verb:set package 'multi_tracker' build argument 'ament_cmake_args' from command line to 'None'
[0.348s] Level 5:colcon.colcon_core.verb:set package 'multi_tracker' build argument 'catkin_cmake_args' from command line to 'None'
[0.348s] Level 5:colcon.colcon_core.verb:set package 'multi_tracker' build argument 'catkin_skip_building_tests' from command line to 'False'
[0.348s] DEBUG:colcon.colcon_core.verb:Building package 'multi_tracker' with the following arguments: {'ament_cmake_args': None, 'build_base': '/home/jmj/pro_asp_ws/ws_px4_controls/build/multi_tracker', 'catkin_cmake_args': None, 'catkin_skip_building_tests': False, 'cmake_args': None, 'cmake_clean_cache': False, 'cmake_clean_first': False, 'cmake_force_configure': False, 'cmake_target': None, 'cmake_target_skip_unavailable': False, 'install_base': '/home/jmj/pro_asp_ws/ws_px4_controls/install/multi_tracker', 'merge_install': False, 'path': '/home/jmj/pro_asp_ws/ws_px4_controls/src/ws_aruco/src/multi_tracker', 'symlink_install': False, 'test_result_base': None}
[0.349s] INFO:colcon.colcon_core.executor:Executing jobs using 'parallel' executor
[0.350s] DEBUG:colcon.colcon_parallel_executor.executor.parallel:run_until_complete
[0.350s] INFO:colcon.colcon_ros.task.ament_cmake.build:Building ROS package in '/home/jmj/pro_asp_ws/ws_px4_controls/src/ws_aruco/src/multi_tracker' with build type 'ament_cmake'
[0.350s] INFO:colcon.colcon_cmake.task.cmake.build:Building CMake package in '/home/jmj/pro_asp_ws/ws_px4_controls/src/ws_aruco/src/multi_tracker'
[0.352s] INFO:colcon.colcon_core.plugin_system:Skipping extension 'colcon_core.shell.bat': Not used on non-Windows systems
[0.352s] INFO:colcon.colcon_core.shell:Skip shell extension 'powershell' for command environment: Not usable outside of PowerShell
[0.352s] DEBUG:colcon.colcon_core.shell:Skip shell extension 'dsv' for command environment
[0.354s] WARNING:colcon.colcon_core.shell:The following packages are in the workspace but haven't been built:
- cv_bridge
They are being used from the following locations instead:
- /opt/ros/humble
To suppress this warning ignore these packages in the workspace:
--packages-ignore cv_bridge
[0.364s] DEBUG:colcon.colcon_core.event_handler.log_command:Invoking command in '/home/jmj/pro_asp_ws/ws_px4_controls/build/multi_tracker': CMAKE_PREFIX_PATH=/home/jmj/pro_asp_ws/ws_px4_controls/install/px4_msgs:/home/jmj/pro_asp_ws/ws_px4_controls/install/aruco_interfaces:/home/jmj/pro_asp_ws/ws_px4_controls/install/utilities_pkg:/home/jmj/pro_asp_ws/ws_px4_controls/install/uav_controller_pkg:/home/jmj/pro_asp_ws/ws_px4_controls/install/px4_ros_com:/home/jmj/pro_asp_ws/ugv_ws/install/ugv_controller:/home/jmj/pro_asp_ws/ugv_ws/install/gazebo_env_setup:/home/jmj/pro_asp_ws/ugv_ws/install/drone_takeoff_pub:/opt/ros/humble LD_LIBRARY_PATH=/home/jmj/pro_asp_ws/ws_px4_controls/install/px4_msgs/lib:/home/jmj/pro_asp_ws/ws_px4_controls/install/aruco_interfaces/lib:/home/jmj/pro_asp_ws/ws_px4_controls/install/px4_ros_com/lib:/opt/ros/humble/opt/rviz_ogre_vendor/lib:/opt/ros/humble/lib/x86_64-linux-gnu:/opt/ros/humble/lib:/usr/local/cuda/lib64 /usr/bin/cmake /home/jmj/pro_asp_ws/ws_px4_controls/src/ws_aruco/src/multi_tracker -DCMAKE_INSTALL_PREFIX=/home/jmj/pro_asp_ws/ws_px4_controls/install/multi_tracker
[1.481s] DEBUG:colcon.colcon_core.event_handler.log_command:Invoked command in '/home/jmj/pro_asp_ws/ws_px4_controls/build/multi_tracker' returned '0': CMAKE_PREFIX_PATH=/home/jmj/pro_asp_ws/ws_px4_controls/install/px4_msgs:/home/jmj/pro_asp_ws/ws_px4_controls/install/aruco_interfaces:/home/jmj/pro_asp_ws/ws_px4_controls/install/utilities_pkg:/home/jmj/pro_asp_ws/ws_px4_controls/install/uav_controller_pkg:/home/jmj/pro_asp_ws/ws_px4_controls/install/px4_ros_com:/home/jmj/pro_asp_ws/ugv_ws/install/ugv_controller:/home/jmj/pro_asp_ws/ugv_ws/install/gazebo_env_setup:/home/jmj/pro_asp_ws/ugv_ws/install/drone_takeoff_pub:/opt/ros/humble LD_LIBRARY_PATH=/home/jmj/pro_asp_ws/ws_px4_controls/install/px4_msgs/lib:/home/jmj/pro_asp_ws/ws_px4_controls/install/aruco_interfaces/lib:/home/jmj/pro_asp_ws/ws_px4_controls/install/px4_ros_com/lib:/opt/ros/humble/opt/rviz_ogre_vendor/lib:/opt/ros/humble/lib/x86_64-linux-gnu:/opt/ros/humble/lib:/usr/local/cuda/lib64 /usr/bin/cmake /home/jmj/pro_asp_ws/ws_px4_controls/src/ws_aruco/src/multi_tracker -DCMAKE_INSTALL_PREFIX=/home/jmj/pro_asp_ws/ws_px4_controls/install/multi_tracker
[1.483s] DEBUG:colcon.colcon_core.event_handler.log_command:Invoking command in '/home/jmj/pro_asp_ws/ws_px4_controls/build/multi_tracker': CMAKE_PREFIX_PATH=/home/jmj/pro_asp_ws/ws_px4_controls/install/px4_msgs:/home/jmj/pro_asp_ws/ws_px4_controls/install/aruco_interfaces:/home/jmj/pro_asp_ws/ws_px4_controls/install/utilities_pkg:/home/jmj/pro_asp_ws/ws_px4_controls/install/uav_controller_pkg:/home/jmj/pro_asp_ws/ws_px4_controls/install/px4_ros_com:/home/jmj/pro_asp_ws/ugv_ws/install/ugv_controller:/home/jmj/pro_asp_ws/ugv_ws/install/gazebo_env_setup:/home/jmj/pro_asp_ws/ugv_ws/install/drone_takeoff_pub:/opt/ros/humble LD_LIBRARY_PATH=/home/jmj/pro_asp_ws/ws_px4_controls/install/px4_msgs/lib:/home/jmj/pro_asp_ws/ws_px4_controls/install/aruco_interfaces/lib:/home/jmj/pro_asp_ws/ws_px4_controls/install/px4_ros_com/lib:/opt/ros/humble/opt/rviz_ogre_vendor/lib:/opt/ros/humble/lib/x86_64-linux-gnu:/opt/ros/humble/lib:/usr/local/cuda/lib64 /usr/bin/cmake --build /home/jmj/pro_asp_ws/ws_px4_controls/build/multi_tracker -- -j20 -l20
[14.776s] DEBUG:colcon.colcon_core.event_handler.log_command:Invoked command in '/home/jmj/pro_asp_ws/ws_px4_controls/build/multi_tracker' returned '0': CMAKE_PREFIX_PATH=/home/jmj/pro_asp_ws/ws_px4_controls/install/px4_msgs:/home/jmj/pro_asp_ws/ws_px4_controls/install/aruco_interfaces:/home/jmj/pro_asp_ws/ws_px4_controls/install/utilities_pkg:/home/jmj/pro_asp_ws/ws_px4_controls/install/uav_controller_pkg:/home/jmj/pro_asp_ws/ws_px4_controls/install/px4_ros_com:/home/jmj/pro_asp_ws/ugv_ws/install/ugv_controller:/home/jmj/pro_asp_ws/ugv_ws/install/gazebo_env_setup:/home/jmj/pro_asp_ws/ugv_ws/install/drone_takeoff_pub:/opt/ros/humble LD_LIBRARY_PATH=/home/jmj/pro_asp_ws/ws_px4_controls/install/px4_msgs/lib:/home/jmj/pro_asp_ws/ws_px4_controls/install/aruco_interfaces/lib:/home/jmj/pro_asp_ws/ws_px4_controls/install/px4_ros_com/lib:/opt/ros/humble/opt/rviz_ogre_vendor/lib:/opt/ros/humble/lib/x86_64-linux-gnu:/opt/ros/humble/lib:/usr/local/cuda/lib64 /usr/bin/cmake --build /home/jmj/pro_asp_ws/ws_px4_controls/build/multi_tracker -- -j20 -l20
[14.786s] DEBUG:colcon.colcon_core.event_handler.log_command:Invoking command in '/home/jmj/pro_asp_ws/ws_px4_controls/build/multi_tracker': CMAKE_PREFIX_PATH=/home/jmj/pro_asp_ws/ws_px4_controls/install/px4_msgs:/home/jmj/pro_asp_ws/ws_px4_controls/install/aruco_interfaces:/home/jmj/pro_asp_ws/ws_px4_controls/install/utilities_pkg:/home/jmj/pro_asp_ws/ws_px4_controls/install/uav_controller_pkg:/home/jmj/pro_asp_ws/ws_px4_controls/install/px4_ros_com:/home/jmj/pro_asp_ws/ugv_ws/install/ugv_controller:/home/jmj/pro_asp_ws/ugv_ws/install/gazebo_env_setup:/home/jmj/pro_asp_ws/ugv_ws/install/drone_takeoff_pub:/opt/ros/humble LD_LIBRARY_PATH=/home/jmj/pro_asp_ws/ws_px4_controls/install/px4_msgs/lib:/home/jmj/pro_asp_ws/ws_px4_controls/install/aruco_interfaces/lib:/home/jmj/pro_asp_ws/ws_px4_controls/install/px4_ros_com/lib:/opt/ros/humble/opt/rviz_ogre_vendor/lib:/opt/ros/humble/lib/x86_64-linux-gnu:/opt/ros/humble/lib:/usr/local/cuda/lib64 /usr/bin/cmake --install /home/jmj/pro_asp_ws/ws_px4_controls/build/multi_tracker
[14.802s] Level 1:colcon.colcon_core.environment:create_environment_scripts_only(multi_tracker)
[14.803s] DEBUG:colcon.colcon_core.event_handler.log_command:Invoked command in '/home/jmj/pro_asp_ws/ws_px4_controls/build/multi_tracker' returned '0': CMAKE_PREFIX_PATH=/home/jmj/pro_asp_ws/ws_px4_controls/install/px4_msgs:/home/jmj/pro_asp_ws/ws_px4_controls/install/aruco_interfaces:/home/jmj/pro_asp_ws/ws_px4_controls/install/utilities_pkg:/home/jmj/pro_asp_ws/ws_px4_controls/install/uav_controller_pkg:/home/jmj/pro_asp_ws/ws_px4_controls/install/px4_ros_com:/home/jmj/pro_asp_ws/ugv_ws/install/ugv_controller:/home/jmj/pro_asp_ws/ugv_ws/install/gazebo_env_setup:/home/jmj/pro_asp_ws/ugv_ws/install/drone_takeoff_pub:/opt/ros/humble LD_LIBRARY_PATH=/home/jmj/pro_asp_ws/ws_px4_controls/install/px4_msgs/lib:/home/jmj/pro_asp_ws/ws_px4_controls/install/aruco_interfaces/lib:/home/jmj/pro_asp_ws/ws_px4_controls/install/px4_ros_com/lib:/opt/ros/humble/opt/rviz_ogre_vendor/lib:/opt/ros/humble/lib/x86_64-linux-gnu:/opt/ros/humble/lib:/usr/local/cuda/lib64 /usr/bin/cmake --install /home/jmj/pro_asp_ws/ws_px4_controls/build/multi_tracker
[14.806s] Level 1:colcon.colcon_core.environment:checking '/home/jmj/pro_asp_ws/ws_px4_controls/install/multi_tracker' for CMake module files
[14.806s] Level 1:colcon.colcon_core.environment:checking '/home/jmj/pro_asp_ws/ws_px4_controls/install/multi_tracker' for CMake config files
[14.807s] Level 1:colcon.colcon_core.shell:create_environment_hook('multi_tracker', 'cmake_prefix_path')
[14.807s] INFO:colcon.colcon_core.shell:Creating environment hook '/home/jmj/pro_asp_ws/ws_px4_controls/install/multi_tracker/share/multi_tracker/hook/cmake_prefix_path.ps1'
[14.807s] INFO:colcon.colcon_core.shell:Creating environment descriptor '/home/jmj/pro_asp_ws/ws_px4_controls/install/multi_tracker/share/multi_tracker/hook/cmake_prefix_path.dsv'
[14.808s] INFO:colcon.colcon_core.shell:Creating environment hook '/home/jmj/pro_asp_ws/ws_px4_controls/install/multi_tracker/share/multi_tracker/hook/cmake_prefix_path.sh'
[14.809s] Level 1:colcon.colcon_core.environment:checking '/home/jmj/pro_asp_ws/ws_px4_controls/install/multi_tracker/lib'
[14.809s] Level 1:colcon.colcon_core.environment:checking '/home/jmj/pro_asp_ws/ws_px4_controls/install/multi_tracker/bin'
[14.809s] Level 1:colcon.colcon_core.environment:checking '/home/jmj/pro_asp_ws/ws_px4_controls/install/multi_tracker/lib/pkgconfig/multi_tracker.pc'
[14.809s] Level 1:colcon.colcon_core.environment:checking '/home/jmj/pro_asp_ws/ws_px4_controls/install/multi_tracker/lib/python3.10/site-packages'
[14.809s] Level 1:colcon.colcon_core.environment:checking '/home/jmj/pro_asp_ws/ws_px4_controls/install/multi_tracker/bin'
[14.810s] INFO:colcon.colcon_core.shell:Creating package script '/home/jmj/pro_asp_ws/ws_px4_controls/install/multi_tracker/share/multi_tracker/package.ps1'
[14.810s] INFO:colcon.colcon_core.shell:Creating package descriptor '/home/jmj/pro_asp_ws/ws_px4_controls/install/multi_tracker/share/multi_tracker/package.dsv'
[14.811s] INFO:colcon.colcon_core.shell:Creating package script '/home/jmj/pro_asp_ws/ws_px4_controls/install/multi_tracker/share/multi_tracker/package.sh'
[14.811s] INFO:colcon.colcon_core.shell:Creating package script '/home/jmj/pro_asp_ws/ws_px4_controls/install/multi_tracker/share/multi_tracker/package.bash'
[14.812s] INFO:colcon.colcon_core.shell:Creating package script '/home/jmj/pro_asp_ws/ws_px4_controls/install/multi_tracker/share/multi_tracker/package.zsh'
[14.812s] Level 1:colcon.colcon_core.environment:create_file_with_runtime_dependencies(/home/jmj/pro_asp_ws/ws_px4_controls/install/multi_tracker/share/colcon-core/packages/multi_tracker)
[14.813s] Level 1:colcon.colcon_core.environment:create_environment_scripts_only(multi_tracker)
[14.813s] Level 1:colcon.colcon_core.environment:checking '/home/jmj/pro_asp_ws/ws_px4_controls/install/multi_tracker' for CMake module files
[14.814s] Level 1:colcon.colcon_core.environment:checking '/home/jmj/pro_asp_ws/ws_px4_controls/install/multi_tracker' for CMake config files
[14.814s] Level 1:colcon.colcon_core.shell:create_environment_hook('multi_tracker', 'cmake_prefix_path')
[14.814s] INFO:colcon.colcon_core.shell:Creating environment hook '/home/jmj/pro_asp_ws/ws_px4_controls/install/multi_tracker/share/multi_tracker/hook/cmake_prefix_path.ps1'
[14.815s] INFO:colcon.colcon_core.shell:Creating environment descriptor '/home/jmj/pro_asp_ws/ws_px4_controls/install/multi_tracker/share/multi_tracker/hook/cmake_prefix_path.dsv'
[14.815s] INFO:colcon.colcon_core.shell:Creating environment hook '/home/jmj/pro_asp_ws/ws_px4_controls/install/multi_tracker/share/multi_tracker/hook/cmake_prefix_path.sh'
[14.815s] Level 1:colcon.colcon_core.environment:checking '/home/jmj/pro_asp_ws/ws_px4_controls/install/multi_tracker/lib'
[14.815s] Level 1:colcon.colcon_core.environment:checking '/home/jmj/pro_asp_ws/ws_px4_controls/install/multi_tracker/bin'
[14.816s] Level 1:colcon.colcon_core.environment:checking '/home/jmj/pro_asp_ws/ws_px4_controls/install/multi_tracker/lib/pkgconfig/multi_tracker.pc'
[14.816s] Level 1:colcon.colcon_core.environment:checking '/home/jmj/pro_asp_ws/ws_px4_controls/install/multi_tracker/lib/python3.10/site-packages'
[14.816s] Level 1:colcon.colcon_core.environment:checking '/home/jmj/pro_asp_ws/ws_px4_controls/install/multi_tracker/bin'
[14.816s] INFO:colcon.colcon_core.shell:Creating package script '/home/jmj/pro_asp_ws/ws_px4_controls/install/multi_tracker/share/multi_tracker/package.ps1'
[14.817s] INFO:colcon.colcon_core.shell:Creating package descriptor '/home/jmj/pro_asp_ws/ws_px4_controls/install/multi_tracker/share/multi_tracker/package.dsv'
[14.817s] INFO:colcon.colcon_core.shell:Creating package script '/home/jmj/pro_asp_ws/ws_px4_controls/install/multi_tracker/share/multi_tracker/package.sh'
[14.817s] INFO:colcon.colcon_core.shell:Creating package script '/home/jmj/pro_asp_ws/ws_px4_controls/install/multi_tracker/share/multi_tracker/package.bash'
[14.818s] INFO:colcon.colcon_core.shell:Creating package script '/home/jmj/pro_asp_ws/ws_px4_controls/install/multi_tracker/share/multi_tracker/package.zsh'
[14.818s] Level 1:colcon.colcon_core.environment:create_file_with_runtime_dependencies(/home/jmj/pro_asp_ws/ws_px4_controls/install/multi_tracker/share/colcon-core/packages/multi_tracker)
[14.818s] DEBUG:colcon.colcon_parallel_executor.executor.parallel:closing loop
[14.819s] DEBUG:colcon.colcon_parallel_executor.executor.parallel:loop closed
[14.819s] DEBUG:colcon.colcon_parallel_executor.executor.parallel:run_until_complete finished with '0'
[14.819s] DEBUG:colcon.colcon_core.event_reactor:joining thread
[14.830s] INFO:colcon.colcon_core.plugin_system:Skipping extension 'colcon_notification.desktop_notification.terminal_notifier': Not used on non-Darwin systems
[14.830s] INFO:colcon.colcon_core.plugin_system:Skipping extension 'colcon_notification.desktop_notification.win32': Not used on non-Windows systems
[14.830s] INFO:colcon.colcon_notification.desktop_notification:Sending desktop notification using 'notify2'
[14.841s] DEBUG:colcon.colcon_core.event_reactor:joined thread
[14.841s] INFO:colcon.colcon_core.shell:Creating prefix script '/home/jmj/pro_asp_ws/ws_px4_controls/install/local_setup.ps1'
[14.842s] INFO:colcon.colcon_core.shell:Creating prefix util module '/home/jmj/pro_asp_ws/ws_px4_controls/install/_local_setup_util_ps1.py'
[14.844s] INFO:colcon.colcon_core.shell:Creating prefix chain script '/home/jmj/pro_asp_ws/ws_px4_controls/install/setup.ps1'
[14.846s] INFO:colcon.colcon_core.shell:Creating prefix script '/home/jmj/pro_asp_ws/ws_px4_controls/install/local_setup.sh'
[14.847s] INFO:colcon.colcon_core.shell:Creating prefix util module '/home/jmj/pro_asp_ws/ws_px4_controls/install/_local_setup_util_sh.py'
[14.847s] INFO:colcon.colcon_core.shell:Creating prefix chain script '/home/jmj/pro_asp_ws/ws_px4_controls/install/setup.sh'
[14.849s] INFO:colcon.colcon_core.shell:Creating prefix script '/home/jmj/pro_asp_ws/ws_px4_controls/install/local_setup.bash'
[14.849s] INFO:colcon.colcon_core.shell:Creating prefix chain script '/home/jmj/pro_asp_ws/ws_px4_controls/install/setup.bash'
[14.851s] INFO:colcon.colcon_core.shell:Creating prefix script '/home/jmj/pro_asp_ws/ws_px4_controls/install/local_setup.zsh'
[14.851s] INFO:colcon.colcon_core.shell:Creating prefix chain script '/home/jmj/pro_asp_ws/ws_px4_controls/install/setup.zsh'
