[0.019s] Invoking command in '/home/acdl1/mj_ws/ws_px4_controls/build/uav_controller_pkg': CMAKE_PREFIX_PATH=/home/acdl1/mj_ws/ws_px4_controls/install/px4_msgs:/home/acdl1/mj_ws/ws_px4_controls/install/aruco_interfaces:/home/acdl1/mj_ws/ws_px4_controls/install/vision_opencv:/home/acdl1/mj_ws/ws_px4_controls/install/utilities_pkg:/home/acdl1/mj_ws/ws_px4_controls/install/ugv_controller:/home/acdl1/mj_ws/ws_px4_controls/install/uav_controller_pkg:/home/acdl1/mj_ws/ws_px4_controls/install/px4_ros_com:/home/acdl1/mj_ws/ws_px4_controls/install/multi_tracker:/home/acdl1/mj_ws/ws_px4_controls/install/image_geometry:/home/acdl1/mj_ws/ws_px4_controls/install/gazebo_env_setup:/home/acdl1/mj_ws/ws_px4_controls/install/drone_takeoff_pub:/home/acdl1/mj_ws/ws_px4_controls/install/cv_bridge:/home/acdl1/mj_ws/ws_px4_controls/install/opencv_tests:/opt/ros/humble LD_LIBRARY_PATH=/home/acdl1/mj_ws/ws_px4_controls/install/px4_msgs/lib:/home/acdl1/mj_ws/ws_px4_controls/install/aruco_interfaces/lib:/home/acdl1/mj_ws/ws_px4_controls/install/px4_ros_com/lib:/home/acdl1/mj_ws/ws_px4_controls/install/image_geometry/lib:/home/acdl1/mj_ws/ws_px4_controls/install/cv_bridge/lib:/opt/ros/humble/opt/rviz_ogre_vendor/lib:/opt/ros/humble/lib/x86_64-linux-gnu:/opt/ros/humble/lib /usr/bin/cmake --build /home/acdl1/mj_ws/ws_px4_controls/build/uav_controller_pkg -- -j16 -l16
[0.088s] [ 50%] [32mBuilding CXX object CMakeFiles/uav_controller.dir/src/uav_controller.cpp.o[0m
[4.514s] [01m[K/home/acdl1/mj_ws/ws_px4_controls/src/uav_controller_pkg/src/uav_controller.cpp:[m[K In constructor ‘[01m[KUavController::UavController()[m[K’:
[4.514s] [01m[K/home/acdl1/mj_ws/ws_px4_controls/src/uav_controller_pkg/src/uav_controller.cpp:76:14:[m[K [01;35m[Kwarning: [m[Kvariable ‘[01m[Ksensor_qos[m[K’ set but not used [[01;35m[K]8;;https://gcc.gnu.org/onlinedocs/gcc/Warning-Options.html#index-Wunused-but-set-variable-Wunused-but-set-variable]8;;[m[K]
[4.514s]    76 |         auto [01;35m[Ksensor_qos[m[K = rclcpp::SensorDataQoS();
[4.515s]       |              [01;35m[K^~~~~~~~~~[m[K
[19.465s] [100%] [32m[1mLinking CXX executable uav_controller[0m
[20.698s] [100%] Built target uav_controller
[20.729s] Invoked command in '/home/acdl1/mj_ws/ws_px4_controls/build/uav_controller_pkg' returned '0': CMAKE_PREFIX_PATH=/home/acdl1/mj_ws/ws_px4_controls/install/px4_msgs:/home/acdl1/mj_ws/ws_px4_controls/install/aruco_interfaces:/home/acdl1/mj_ws/ws_px4_controls/install/vision_opencv:/home/acdl1/mj_ws/ws_px4_controls/install/utilities_pkg:/home/acdl1/mj_ws/ws_px4_controls/install/ugv_controller:/home/acdl1/mj_ws/ws_px4_controls/install/uav_controller_pkg:/home/acdl1/mj_ws/ws_px4_controls/install/px4_ros_com:/home/acdl1/mj_ws/ws_px4_controls/install/multi_tracker:/home/acdl1/mj_ws/ws_px4_controls/install/image_geometry:/home/acdl1/mj_ws/ws_px4_controls/install/gazebo_env_setup:/home/acdl1/mj_ws/ws_px4_controls/install/drone_takeoff_pub:/home/acdl1/mj_ws/ws_px4_controls/install/cv_bridge:/home/acdl1/mj_ws/ws_px4_controls/install/opencv_tests:/opt/ros/humble LD_LIBRARY_PATH=/home/acdl1/mj_ws/ws_px4_controls/install/px4_msgs/lib:/home/acdl1/mj_ws/ws_px4_controls/install/aruco_interfaces/lib:/home/acdl1/mj_ws/ws_px4_controls/install/px4_ros_com/lib:/home/acdl1/mj_ws/ws_px4_controls/install/image_geometry/lib:/home/acdl1/mj_ws/ws_px4_controls/install/cv_bridge/lib:/opt/ros/humble/opt/rviz_ogre_vendor/lib:/opt/ros/humble/lib/x86_64-linux-gnu:/opt/ros/humble/lib /usr/bin/cmake --build /home/acdl1/mj_ws/ws_px4_controls/build/uav_controller_pkg -- -j16 -l16
[20.740s] Invoking command in '/home/acdl1/mj_ws/ws_px4_controls/build/uav_controller_pkg': CMAKE_PREFIX_PATH=/home/acdl1/mj_ws/ws_px4_controls/install/px4_msgs:/home/acdl1/mj_ws/ws_px4_controls/install/aruco_interfaces:/home/acdl1/mj_ws/ws_px4_controls/install/vision_opencv:/home/acdl1/mj_ws/ws_px4_controls/install/utilities_pkg:/home/acdl1/mj_ws/ws_px4_controls/install/ugv_controller:/home/acdl1/mj_ws/ws_px4_controls/install/uav_controller_pkg:/home/acdl1/mj_ws/ws_px4_controls/install/px4_ros_com:/home/acdl1/mj_ws/ws_px4_controls/install/multi_tracker:/home/acdl1/mj_ws/ws_px4_controls/install/image_geometry:/home/acdl1/mj_ws/ws_px4_controls/install/gazebo_env_setup:/home/acdl1/mj_ws/ws_px4_controls/install/drone_takeoff_pub:/home/acdl1/mj_ws/ws_px4_controls/install/cv_bridge:/home/acdl1/mj_ws/ws_px4_controls/install/opencv_tests:/opt/ros/humble LD_LIBRARY_PATH=/home/acdl1/mj_ws/ws_px4_controls/install/px4_msgs/lib:/home/acdl1/mj_ws/ws_px4_controls/install/aruco_interfaces/lib:/home/acdl1/mj_ws/ws_px4_controls/install/px4_ros_com/lib:/home/acdl1/mj_ws/ws_px4_controls/install/image_geometry/lib:/home/acdl1/mj_ws/ws_px4_controls/install/cv_bridge/lib:/opt/ros/humble/opt/rviz_ogre_vendor/lib:/opt/ros/humble/lib/x86_64-linux-gnu:/opt/ros/humble/lib /usr/bin/cmake --install /home/acdl1/mj_ws/ws_px4_controls/build/uav_controller_pkg
[20.748s] -- Install configuration: "Debug"
[20.748s] -- Installing: /home/acdl1/mj_ws/ws_px4_controls/install/uav_controller_pkg/lib/uav_controller_pkg/uav_controller
[20.774s] -- Set runtime path of "/home/acdl1/mj_ws/ws_px4_controls/install/uav_controller_pkg/lib/uav_controller_pkg/uav_controller" to ""
[20.774s] -- Up-to-date: /home/acdl1/mj_ws/ws_px4_controls/install/uav_controller_pkg/share/ament_index/resource_index/package_run_dependencies/uav_controller_pkg
[20.774s] -- Up-to-date: /home/acdl1/mj_ws/ws_px4_controls/install/uav_controller_pkg/share/ament_index/resource_index/parent_prefix_path/uav_controller_pkg
[20.774s] -- Up-to-date: /home/acdl1/mj_ws/ws_px4_controls/install/uav_controller_pkg/share/uav_controller_pkg/environment/ament_prefix_path.sh
[20.774s] -- Up-to-date: /home/acdl1/mj_ws/ws_px4_controls/install/uav_controller_pkg/share/uav_controller_pkg/environment/ament_prefix_path.dsv
[20.774s] -- Up-to-date: /home/acdl1/mj_ws/ws_px4_controls/install/uav_controller_pkg/share/uav_controller_pkg/environment/path.sh
[20.774s] -- Up-to-date: /home/acdl1/mj_ws/ws_px4_controls/install/uav_controller_pkg/share/uav_controller_pkg/environment/path.dsv
[20.774s] -- Up-to-date: /home/acdl1/mj_ws/ws_px4_controls/install/uav_controller_pkg/share/uav_controller_pkg/local_setup.bash
[20.774s] -- Up-to-date: /home/acdl1/mj_ws/ws_px4_controls/install/uav_controller_pkg/share/uav_controller_pkg/local_setup.sh
[20.774s] -- Up-to-date: /home/acdl1/mj_ws/ws_px4_controls/install/uav_controller_pkg/share/uav_controller_pkg/local_setup.zsh
[20.774s] -- Up-to-date: /home/acdl1/mj_ws/ws_px4_controls/install/uav_controller_pkg/share/uav_controller_pkg/local_setup.dsv
[20.775s] -- Installing: /home/acdl1/mj_ws/ws_px4_controls/install/uav_controller_pkg/share/uav_controller_pkg/package.dsv
[20.775s] -- Up-to-date: /home/acdl1/mj_ws/ws_px4_controls/install/uav_controller_pkg/share/ament_index/resource_index/packages/uav_controller_pkg
[20.775s] -- Up-to-date: /home/acdl1/mj_ws/ws_px4_controls/install/uav_controller_pkg/share/uav_controller_pkg/cmake/uav_controller_pkgConfig.cmake
[20.775s] -- Up-to-date: /home/acdl1/mj_ws/ws_px4_controls/install/uav_controller_pkg/share/uav_controller_pkg/cmake/uav_controller_pkgConfig-version.cmake
[20.775s] -- Up-to-date: /home/acdl1/mj_ws/ws_px4_controls/install/uav_controller_pkg/share/uav_controller_pkg/package.xml
[20.777s] Invoked command in '/home/acdl1/mj_ws/ws_px4_controls/build/uav_controller_pkg' returned '0': CMAKE_PREFIX_PATH=/home/acdl1/mj_ws/ws_px4_controls/install/px4_msgs:/home/acdl1/mj_ws/ws_px4_controls/install/aruco_interfaces:/home/acdl1/mj_ws/ws_px4_controls/install/vision_opencv:/home/acdl1/mj_ws/ws_px4_controls/install/utilities_pkg:/home/acdl1/mj_ws/ws_px4_controls/install/ugv_controller:/home/acdl1/mj_ws/ws_px4_controls/install/uav_controller_pkg:/home/acdl1/mj_ws/ws_px4_controls/install/px4_ros_com:/home/acdl1/mj_ws/ws_px4_controls/install/multi_tracker:/home/acdl1/mj_ws/ws_px4_controls/install/image_geometry:/home/acdl1/mj_ws/ws_px4_controls/install/gazebo_env_setup:/home/acdl1/mj_ws/ws_px4_controls/install/drone_takeoff_pub:/home/acdl1/mj_ws/ws_px4_controls/install/cv_bridge:/home/acdl1/mj_ws/ws_px4_controls/install/opencv_tests:/opt/ros/humble LD_LIBRARY_PATH=/home/acdl1/mj_ws/ws_px4_controls/install/px4_msgs/lib:/home/acdl1/mj_ws/ws_px4_controls/install/aruco_interfaces/lib:/home/acdl1/mj_ws/ws_px4_controls/install/px4_ros_com/lib:/home/acdl1/mj_ws/ws_px4_controls/install/image_geometry/lib:/home/acdl1/mj_ws/ws_px4_controls/install/cv_bridge/lib:/opt/ros/humble/opt/rviz_ogre_vendor/lib:/opt/ros/humble/lib/x86_64-linux-gnu:/opt/ros/humble/lib /usr/bin/cmake --install /home/acdl1/mj_ws/ws_px4_controls/build/uav_controller_pkg
