-- The C compiler identification is GNU 11.4.0
-- The CXX compiler identification is GNU 11.4.0
-- Detecting C compiler ABI info
-- Detecting C compiler ABI info - done
-- Check for working C compiler: /usr/bin/cc - skipped
-- Detecting C compile features
-- Detecting C compile features - done
-- Detecting CXX compiler ABI info
-- Detecting CXX compiler ABI info - done
-- Check for working CXX compiler: /usr/bin/c++ - skipped
-- Detecting CXX compile features
-- Detecting CXX compile features - done
-- Found ament_cmake: 1.3.11 (/opt/ros/humble/share/ament_cmake/cmake)
-- Found Python3: /usr/bin/python3 (found version "3.10.12") found components: Interpreter 
-- Found rclcpp: 16.0.12 (/opt/ros/humble/share/rclcpp/cmake)
-- Found rosidl_generator_c: 3.1.6 (/opt/ros/humble/share/rosidl_generator_c/cmake)
-- Found rosidl_adapter: 3.1.6 (/opt/ros/humble/share/rosidl_adapter/cmake)
-- Found rosidl_generator_cpp: 3.1.6 (/opt/ros/humble/share/rosidl_generator_cpp/cmake)
-- Using all available rosidl_typesupport_c: rosidl_typesupport_fastrtps_c;rosidl_typesupport_introspection_c
-- Using all available rosidl_typesupport_cpp: rosidl_typesupport_fastrtps_cpp;rosidl_typesupport_introspection_cpp
-- Found rmw_implementation_cmake: 6.1.2 (/opt/ros/humble/share/rmw_implementation_cmake/cmake)
-- Found rmw_fastrtps_cpp: 6.2.7 (/opt/ros/humble/share/rmw_fastrtps_cpp/cmake)
-- Found OpenSSL: /usr/lib/x86_64-linux-gnu/libcrypto.so (found version "3.0.2")  
-- Found FastRTPS: /opt/ros/humble/include  
-- Using RMW implementation 'rmw_fastrtps_cpp' as default
-- Looking for pthread.h
-- Looking for pthread.h - found
-- Performing Test CMAKE_HAVE_LIBC_PTHREAD
-- Performing Test CMAKE_HAVE_LIBC_PTHREAD - Success
-- Found Threads: TRUE  
-- Configuring done
-- Generating done
-- Build files have been written to: /home/acdl1/mj_ws/ws_px4_controls/build/drone_takeoff_pub
[ 50%] [32mBuilding CXX object CMakeFiles/drone_takeoff_pub.dir/src/drone_takeoff_pub.cpp.o[0m
[100%] [32m[1mLinking CXX executable drone_takeoff_pub[0m
[100%] Built target drone_takeoff_pub
-- Install configuration: ""
-- Installing: /home/acdl1/mj_ws/ws_px4_controls/install/drone_takeoff_pub/lib/drone_takeoff_pub/drone_takeoff_pub
-- Set runtime path of "/home/acdl1/mj_ws/ws_px4_controls/install/drone_takeoff_pub/lib/drone_takeoff_pub/drone_takeoff_pub" to ""
-- Installing: /home/acdl1/mj_ws/ws_px4_controls/install/drone_takeoff_pub/share/ament_index/resource_index/package_run_dependencies/drone_takeoff_pub
-- Installing: /home/acdl1/mj_ws/ws_px4_controls/install/drone_takeoff_pub/share/ament_index/resource_index/parent_prefix_path/drone_takeoff_pub
-- Installing: /home/acdl1/mj_ws/ws_px4_controls/install/drone_takeoff_pub/share/drone_takeoff_pub/environment/ament_prefix_path.sh
-- Installing: /home/acdl1/mj_ws/ws_px4_controls/install/drone_takeoff_pub/share/drone_takeoff_pub/environment/ament_prefix_path.dsv
-- Installing: /home/acdl1/mj_ws/ws_px4_controls/install/drone_takeoff_pub/share/drone_takeoff_pub/environment/path.sh
-- Installing: /home/acdl1/mj_ws/ws_px4_controls/install/drone_takeoff_pub/share/drone_takeoff_pub/environment/path.dsv
-- Installing: /home/acdl1/mj_ws/ws_px4_controls/install/drone_takeoff_pub/share/drone_takeoff_pub/local_setup.bash
-- Installing: /home/acdl1/mj_ws/ws_px4_controls/install/drone_takeoff_pub/share/drone_takeoff_pub/local_setup.sh
-- Installing: /home/acdl1/mj_ws/ws_px4_controls/install/drone_takeoff_pub/share/drone_takeoff_pub/local_setup.zsh
-- Installing: /home/acdl1/mj_ws/ws_px4_controls/install/drone_takeoff_pub/share/drone_takeoff_pub/local_setup.dsv
-- Installing: /home/acdl1/mj_ws/ws_px4_controls/install/drone_takeoff_pub/share/drone_takeoff_pub/package.dsv
-- Installing: /home/acdl1/mj_ws/ws_px4_controls/install/drone_takeoff_pub/share/ament_index/resource_index/packages/drone_takeoff_pub
-- Installing: /home/acdl1/mj_ws/ws_px4_controls/install/drone_takeoff_pub/share/drone_takeoff_pub/cmake/drone_takeoff_pubConfig.cmake
-- Installing: /home/acdl1/mj_ws/ws_px4_controls/install/drone_takeoff_pub/share/drone_takeoff_pub/cmake/drone_takeoff_pubConfig-version.cmake
-- Installing: /home/acdl1/mj_ws/ws_px4_controls/install/drone_takeoff_pub/share/drone_takeoff_pub/package.xml
