[0.016s] Invoking command in '/home/jmj/pro_asp_ws/ws_px4_controls/build/ugv_controller': CMAKE_PREFIX_PATH=${CMAKE_PREFIX_PATH}:/home/jmj/pro_asp_ws/ws_px4_controls/install/opencv_tests:/opt/ros/humble /usr/bin/cmake --build /home/jmj/pro_asp_ws/ws_px4_controls/build/ugv_controller -- -j20 -l20
[0.060s] [ 33%] Built target mission_follower_node
[0.062s] [ 66%] Built target manual_path_logger_node
[0.066s] [100%] Built target path_follower_node
[0.079s] Invoked command in '/home/jmj/pro_asp_ws/ws_px4_controls/build/ugv_controller' returned '0': CMAKE_PREFIX_PATH=${CMAKE_PREFIX_PATH}:/home/jmj/pro_asp_ws/ws_px4_controls/install/opencv_tests:/opt/ros/humble /usr/bin/cmake --build /home/jmj/pro_asp_ws/ws_px4_controls/build/ugv_controller -- -j20 -l20
[0.081s] Invoking command in '/home/jmj/pro_asp_ws/ws_px4_controls/build/ugv_controller': CMAKE_PREFIX_PATH=${CMAKE_PREFIX_PATH}:/home/jmj/pro_asp_ws/ws_px4_controls/install/opencv_tests:/opt/ros/humble /usr/bin/cmake --install /home/jmj/pro_asp_ws/ws_px4_controls/build/ugv_controller
[0.089s] -- Install configuration: ""
[0.089s] -- Up-to-date: /home/jmj/pro_asp_ws/ws_px4_controls/install/ugv_controller/lib/ugv_controller/path_follower_node
[0.089s] -- Up-to-date: /home/jmj/pro_asp_ws/ws_px4_controls/install/ugv_controller/lib/ugv_controller/manual_path_logger_node
[0.089s] -- Up-to-date: /home/jmj/pro_asp_ws/ws_px4_controls/install/ugv_controller/lib/ugv_controller/mission_follower_node
[0.089s] -- Up-to-date: /home/jmj/pro_asp_ws/ws_px4_controls/install/ugv_controller/share/ugv_controller/launch
[0.089s] -- Up-to-date: /home/jmj/pro_asp_ws/ws_px4_controls/install/ugv_controller/share/ugv_controller/launch/path_follower.launch.py
[0.089s] -- Up-to-date: /home/jmj/pro_asp_ws/ws_px4_controls/install/ugv_controller/share/ugv_controller/mission.csv
[0.089s] -- Up-to-date: /home/jmj/pro_asp_ws/ws_px4_controls/install/ugv_controller/share/ament_index/resource_index/package_run_dependencies/ugv_controller
[0.089s] -- Up-to-date: /home/jmj/pro_asp_ws/ws_px4_controls/install/ugv_controller/share/ament_index/resource_index/parent_prefix_path/ugv_controller
[0.089s] -- Up-to-date: /home/jmj/pro_asp_ws/ws_px4_controls/install/ugv_controller/share/ugv_controller/environment/ament_prefix_path.sh
[0.089s] -- Up-to-date: /home/jmj/pro_asp_ws/ws_px4_controls/install/ugv_controller/share/ugv_controller/environment/ament_prefix_path.dsv
[0.089s] -- Up-to-date: /home/jmj/pro_asp_ws/ws_px4_controls/install/ugv_controller/share/ugv_controller/environment/path.sh
[0.089s] -- Up-to-date: /home/jmj/pro_asp_ws/ws_px4_controls/install/ugv_controller/share/ugv_controller/environment/path.dsv
[0.089s] -- Up-to-date: /home/jmj/pro_asp_ws/ws_px4_controls/install/ugv_controller/share/ugv_controller/local_setup.bash
[0.089s] -- Up-to-date: /home/jmj/pro_asp_ws/ws_px4_controls/install/ugv_controller/share/ugv_controller/local_setup.sh
[0.089s] -- Up-to-date: /home/jmj/pro_asp_ws/ws_px4_controls/install/ugv_controller/share/ugv_controller/local_setup.zsh
[0.089s] -- Up-to-date: /home/jmj/pro_asp_ws/ws_px4_controls/install/ugv_controller/share/ugv_controller/local_setup.dsv
[0.089s] -- Installing: /home/jmj/pro_asp_ws/ws_px4_controls/install/ugv_controller/share/ugv_controller/package.dsv
[0.089s] -- Up-to-date: /home/jmj/pro_asp_ws/ws_px4_controls/install/ugv_controller/share/ament_index/resource_index/packages/ugv_controller
[0.089s] -- Up-to-date: /home/jmj/pro_asp_ws/ws_px4_controls/install/ugv_controller/share/ugv_controller/cmake/ugv_controllerConfig.cmake
[0.089s] -- Up-to-date: /home/jmj/pro_asp_ws/ws_px4_controls/install/ugv_controller/share/ugv_controller/cmake/ugv_controllerConfig-version.cmake
[0.089s] -- Up-to-date: /home/jmj/pro_asp_ws/ws_px4_controls/install/ugv_controller/share/ugv_controller/package.xml
[0.102s] Invoked command in '/home/jmj/pro_asp_ws/ws_px4_controls/build/ugv_controller' returned '0': CMAKE_PREFIX_PATH=${CMAKE_PREFIX_PATH}:/home/jmj/pro_asp_ws/ws_px4_controls/install/opencv_tests:/opt/ros/humble /usr/bin/cmake --install /home/jmj/pro_asp_ws/ws_px4_controls/build/ugv_controller
