[0.018s] Invoking command in '/home/acdl1/competition_ws/ws_px4_controls/build/ugv_controller': CMAKE_PREFIX_PATH=${CMAKE_PREFIX_PATH}:/opt/ros/humble /usr/bin/cmake --build /home/acdl1/competition_ws/ws_px4_controls/build/ugv_controller -- -j16 -l16
[0.056s] [35m[1mConsolidate compiler generated dependencies of target path_follower_node[0m
[0.058s] [35m[1mConsolidate compiler generated dependencies of target manual_path_logger_node[0m
[0.059s] [35m[1mConsolidate compiler generated dependencies of target mission_follower_node[0m
[0.078s] [ 33%] Built target path_follower_node
[0.079s] [ 66%] Built target manual_path_logger_node
[0.082s] [100%] Built target mission_follower_node
[0.098s] Invoked command in '/home/acdl1/competition_ws/ws_px4_controls/build/ugv_controller' returned '0': CMAKE_PREFIX_PATH=${CMAKE_PREFIX_PATH}:/opt/ros/humble /usr/bin/cmake --build /home/acdl1/competition_ws/ws_px4_controls/build/ugv_controller -- -j16 -l16
[0.103s] Invoking command in '/home/acdl1/competition_ws/ws_px4_controls/build/ugv_controller': CMAKE_PREFIX_PATH=${CMAKE_PREFIX_PATH}:/opt/ros/humble /usr/bin/cmake --install /home/acdl1/competition_ws/ws_px4_controls/build/ugv_controller
[0.107s] -- Install configuration: ""
[0.107s] -- Up-to-date: /home/acdl1/competition_ws/ws_px4_controls/install/ugv_controller/lib/ugv_controller/path_follower_node
[0.107s] -- Up-to-date: /home/acdl1/competition_ws/ws_px4_controls/install/ugv_controller/lib/ugv_controller/manual_path_logger_node
[0.107s] -- Up-to-date: /home/acdl1/competition_ws/ws_px4_controls/install/ugv_controller/lib/ugv_controller/mission_follower_node
[0.107s] -- Up-to-date: /home/acdl1/competition_ws/ws_px4_controls/install/ugv_controller/share/ugv_controller/launch
[0.107s] -- Up-to-date: /home/acdl1/competition_ws/ws_px4_controls/install/ugv_controller/share/ugv_controller/launch/path_follower.launch.py
[0.107s] -- Up-to-date: /home/acdl1/competition_ws/ws_px4_controls/install/ugv_controller/share/ugv_controller/mission.csv
[0.107s] -- Up-to-date: /home/acdl1/competition_ws/ws_px4_controls/install/ugv_controller/share/ament_index/resource_index/package_run_dependencies/ugv_controller
[0.108s] -- Up-to-date: /home/acdl1/competition_ws/ws_px4_controls/install/ugv_controller/share/ament_index/resource_index/parent_prefix_path/ugv_controller
[0.108s] -- Up-to-date: /home/acdl1/competition_ws/ws_px4_controls/install/ugv_controller/share/ugv_controller/environment/ament_prefix_path.sh
[0.108s] -- Up-to-date: /home/acdl1/competition_ws/ws_px4_controls/install/ugv_controller/share/ugv_controller/environment/ament_prefix_path.dsv
[0.108s] -- Up-to-date: /home/acdl1/competition_ws/ws_px4_controls/install/ugv_controller/share/ugv_controller/environment/path.sh
[0.108s] -- Up-to-date: /home/acdl1/competition_ws/ws_px4_controls/install/ugv_controller/share/ugv_controller/environment/path.dsv
[0.108s] -- Up-to-date: /home/acdl1/competition_ws/ws_px4_controls/install/ugv_controller/share/ugv_controller/local_setup.bash
[0.108s] -- Up-to-date: /home/acdl1/competition_ws/ws_px4_controls/install/ugv_controller/share/ugv_controller/local_setup.sh
[0.108s] -- Up-to-date: /home/acdl1/competition_ws/ws_px4_controls/install/ugv_controller/share/ugv_controller/local_setup.zsh
[0.108s] -- Up-to-date: /home/acdl1/competition_ws/ws_px4_controls/install/ugv_controller/share/ugv_controller/local_setup.dsv
[0.108s] -- Installing: /home/acdl1/competition_ws/ws_px4_controls/install/ugv_controller/share/ugv_controller/package.dsv
[0.108s] -- Up-to-date: /home/acdl1/competition_ws/ws_px4_controls/install/ugv_controller/share/ament_index/resource_index/packages/ugv_controller
[0.108s] -- Up-to-date: /home/acdl1/competition_ws/ws_px4_controls/install/ugv_controller/share/ugv_controller/cmake/ugv_controllerConfig.cmake
[0.108s] -- Up-to-date: /home/acdl1/competition_ws/ws_px4_controls/install/ugv_controller/share/ugv_controller/cmake/ugv_controllerConfig-version.cmake
[0.108s] -- Up-to-date: /home/acdl1/competition_ws/ws_px4_controls/install/ugv_controller/share/ugv_controller/package.xml
[0.159s] Invoked command in '/home/acdl1/competition_ws/ws_px4_controls/build/ugv_controller' returned '0': CMAKE_PREFIX_PATH=${CMAKE_PREFIX_PATH}:/opt/ros/humble /usr/bin/cmake --install /home/acdl1/competition_ws/ws_px4_controls/build/ugv_controller
