[0.022s] Invoking command in '/home/jmj/pro_asp_ws/ws_px4_controls/build/gazebo_env_setup': CMAKE_PREFIX_PATH=${CMAKE_PREFIX_PATH}:/home/jmj/pro_asp_ws/ws_px4_controls/install/opencv_tests:/opt/ros/humble /usr/bin/cmake /home/jmj/pro_asp_ws/ws_px4_controls/src/ugv_ws/src/gazebo_env_setup -DCMAKE_INSTALL_PREFIX=/home/jmj/pro_asp_ws/ws_px4_controls/install/gazebo_env_setup
[0.080s] -- The C compiler identification is GNU 11.4.0
[0.146s] -- The CXX compiler identification is GNU 11.4.0
[0.159s] -- Detecting C compiler ABI info
[0.226s] -- Detecting C compiler ABI info - done
[0.231s] -- Check for working C compiler: /usr/lib/ccache/gcc - skipped
[0.232s] -- Detecting C compile features
[0.232s] -- Detecting C compile features - done
[0.235s] -- Detecting CXX compiler ABI info
[0.322s] -- Detecting CXX compiler ABI info - done
[0.329s] -- Check for working CXX compiler: /usr/lib/ccache/g++ - skipped
[0.330s] -- Detecting CXX compile features
[0.330s] -- Detecting CXX compile features - done
[0.333s] -- Found ament_cmake: 1.3.11 (/opt/ros/humble/share/ament_cmake/cmake)
[0.534s] -- Found Python3: /usr/bin/python3 (found version "3.10.12") found components: Interpreter 
[0.689s] -- Found rclcpp: 16.0.12 (/opt/ros/humble/share/rclcpp/cmake)
[0.773s] -- Found rosidl_generator_c: 3.1.6 (/opt/ros/humble/share/rosidl_generator_c/cmake)
[0.781s] -- Found rosidl_adapter: 3.1.6 (/opt/ros/humble/share/rosidl_adapter/cmake)
[0.791s] -- Found rosidl_generator_cpp: 3.1.6 (/opt/ros/humble/share/rosidl_generator_cpp/cmake)
[0.808s] -- Using all available rosidl_typesupport_c: rosidl_typesupport_fastrtps_c;rosidl_typesupport_introspection_c
[0.830s] -- Using all available rosidl_typesupport_cpp: rosidl_typesupport_fastrtps_cpp;rosidl_typesupport_introspection_cpp
[0.885s] -- Found rmw_implementation_cmake: 6.1.2 (/opt/ros/humble/share/rmw_implementation_cmake/cmake)
[0.889s] -- Found rmw_fastrtps_cpp: 6.2.7 (/opt/ros/humble/share/rmw_fastrtps_cpp/cmake)
[1.029s] -- Found OpenSSL: /usr/lib/x86_64-linux-gnu/libcrypto.so (found version "3.0.2")  
[1.099s] -- Found FastRTPS: /opt/ros/humble/include  
[1.201s] -- Using RMW implementation 'rmw_fastrtps_cpp' as default
[1.216s] -- Looking for pthread.h
[1.343s] -- Looking for pthread.h - found
[1.346s] -- Performing Test CMAKE_HAVE_LIBC_PTHREAD
[1.449s] -- Performing Test CMAKE_HAVE_LIBC_PTHREAD - Success
[1.452s] -- Found Threads: TRUE  
[1.519s] -- Found geometry_msgs: 4.8.0 (/opt/ros/humble/share/geometry_msgs/cmake)
[1.538s] -- Found tf2_ros: 0.25.12 (/opt/ros/humble/share/tf2_ros/cmake)
[1.962s] -- Configuring done
[1.962s] -- Generating done
[1.962s] -- Build files have been written to: /home/jmj/pro_asp_ws/ws_px4_controls/build/gazebo_env_setup
[1.962s] Invoked command in '/home/jmj/pro_asp_ws/ws_px4_controls/build/gazebo_env_setup' returned '0': CMAKE_PREFIX_PATH=${CMAKE_PREFIX_PATH}:/home/jmj/pro_asp_ws/ws_px4_controls/install/opencv_tests:/opt/ros/humble /usr/bin/cmake /home/jmj/pro_asp_ws/ws_px4_controls/src/ugv_ws/src/gazebo_env_setup -DCMAKE_INSTALL_PREFIX=/home/jmj/pro_asp_ws/ws_px4_controls/install/gazebo_env_setup
[1.963s] Invoking command in '/home/jmj/pro_asp_ws/ws_px4_controls/build/gazebo_env_setup': CMAKE_PREFIX_PATH=${CMAKE_PREFIX_PATH}:/home/jmj/pro_asp_ws/ws_px4_controls/install/opencv_tests:/opt/ros/humble /usr/bin/cmake --build /home/jmj/pro_asp_ws/ws_px4_controls/build/gazebo_env_setup -- -j20 -l20
[1.972s] [ 50%] [32mBuilding CXX object CMakeFiles/pose_tf_broadcaster.dir/src/pose_tf_broadcaster.cpp.o[0m
[1.977s] [100%] [32m[1mLinking CXX executable pose_tf_broadcaster[0m
[2.611s] [100%] Built target pose_tf_broadcaster
[2.626s] Invoked command in '/home/jmj/pro_asp_ws/ws_px4_controls/build/gazebo_env_setup' returned '0': CMAKE_PREFIX_PATH=${CMAKE_PREFIX_PATH}:/home/jmj/pro_asp_ws/ws_px4_controls/install/opencv_tests:/opt/ros/humble /usr/bin/cmake --build /home/jmj/pro_asp_ws/ws_px4_controls/build/gazebo_env_setup -- -j20 -l20
[2.628s] Invoking command in '/home/jmj/pro_asp_ws/ws_px4_controls/build/gazebo_env_setup': CMAKE_PREFIX_PATH=${CMAKE_PREFIX_PATH}:/home/jmj/pro_asp_ws/ws_px4_controls/install/opencv_tests:/opt/ros/humble /usr/bin/cmake --install /home/jmj/pro_asp_ws/ws_px4_controls/build/gazebo_env_setup
[2.636s] -- Install configuration: ""
[2.636s] -- Installing: /home/jmj/pro_asp_ws/ws_px4_controls/install/gazebo_env_setup/lib/gazebo_env_setup/pose_tf_broadcaster
[2.640s] -- Set runtime path of "/home/jmj/pro_asp_ws/ws_px4_controls/install/gazebo_env_setup/lib/gazebo_env_setup/pose_tf_broadcaster" to ""
[2.640s] -- Installing: /home/jmj/pro_asp_ws/ws_px4_controls/install/gazebo_env_setup/share/gazebo_env_setup/launch
[2.640s] -- Installing: /home/jmj/pro_asp_ws/ws_px4_controls/install/gazebo_env_setup/share/gazebo_env_setup/launch/pose_tf_broadcaster.launch.py
[2.640s] -- Installing: /home/jmj/pro_asp_ws/ws_px4_controls/install/gazebo_env_setup/share/gazebo_env_setup/launch/topic_bridge.launch copy.py
[2.640s] -- Installing: /home/jmj/pro_asp_ws/ws_px4_controls/install/gazebo_env_setup/share/gazebo_env_setup/launch/topic_bridge.launch.py
[2.640s] -- Installing: /home/jmj/pro_asp_ws/ws_px4_controls/install/gazebo_env_setup/share/ament_index/resource_index/package_run_dependencies/gazebo_env_setup
[2.640s] -- Installing: /home/jmj/pro_asp_ws/ws_px4_controls/install/gazebo_env_setup/share/ament_index/resource_index/parent_prefix_path/gazebo_env_setup
[2.640s] -- Installing: /home/jmj/pro_asp_ws/ws_px4_controls/install/gazebo_env_setup/share/gazebo_env_setup/environment/ament_prefix_path.sh
[2.641s] -- Installing: /home/jmj/pro_asp_ws/ws_px4_controls/install/gazebo_env_setup/share/gazebo_env_setup/environment/ament_prefix_path.dsv
[2.641s] -- Installing: /home/jmj/pro_asp_ws/ws_px4_controls/install/gazebo_env_setup/share/gazebo_env_setup/environment/path.sh
[2.641s] -- Installing: /home/jmj/pro_asp_ws/ws_px4_controls/install/gazebo_env_setup/share/gazebo_env_setup/environment/path.dsv
[2.641s] -- Installing: /home/jmj/pro_asp_ws/ws_px4_controls/install/gazebo_env_setup/share/gazebo_env_setup/local_setup.bash
[2.641s] -- Installing: /home/jmj/pro_asp_ws/ws_px4_controls/install/gazebo_env_setup/share/gazebo_env_setup/local_setup.sh
[2.641s] -- Installing: /home/jmj/pro_asp_ws/ws_px4_controls/install/gazebo_env_setup/share/gazebo_env_setup/local_setup.zsh
[2.641s] -- Installing: /home/jmj/pro_asp_ws/ws_px4_controls/install/gazebo_env_setup/share/gazebo_env_setup/local_setup.dsv
[2.641s] -- Installing: /home/jmj/pro_asp_ws/ws_px4_controls/install/gazebo_env_setup/share/gazebo_env_setup/package.dsv
[2.641s] -- Installing: /home/jmj/pro_asp_ws/ws_px4_controls/install/gazebo_env_setup/share/ament_index/resource_index/packages/gazebo_env_setup
[2.641s] -- Installing: /home/jmj/pro_asp_ws/ws_px4_controls/install/gazebo_env_setup/share/gazebo_env_setup/cmake/gazebo_env_setupConfig.cmake
[2.641s] -- Installing: /home/jmj/pro_asp_ws/ws_px4_controls/install/gazebo_env_setup/share/gazebo_env_setup/cmake/gazebo_env_setupConfig-version.cmake
[2.641s] -- Installing: /home/jmj/pro_asp_ws/ws_px4_controls/install/gazebo_env_setup/share/gazebo_env_setup/package.xml
[2.648s] Invoked command in '/home/jmj/pro_asp_ws/ws_px4_controls/build/gazebo_env_setup' returned '0': CMAKE_PREFIX_PATH=${CMAKE_PREFIX_PATH}:/home/jmj/pro_asp_ws/ws_px4_controls/install/opencv_tests:/opt/ros/humble /usr/bin/cmake --install /home/jmj/pro_asp_ws/ws_px4_controls/build/gazebo_env_setup
