In file included from [01m[K/opt/ros/humble/include/rclcpp/rclcpp/logging.hpp:24[m[K,
                 from [01m[K/opt/ros/humble/include/rclcpp/rclcpp/client.hpp:40[m[K,
                 from [01m[K/opt/ros/humble/include/rclcpp/rclcpp/callback_group.hpp:24[m[K,
                 from [01m[K/opt/ros/humble/include/rclcpp/rclcpp/any_executable.hpp:20[m[K,
                 from [01m[K/opt/ros/humble/include/rclcpp/rclcpp/memory_strategy.hpp:25[m[K,
                 from [01m[K/opt/ros/humble/include/rclcpp/rclcpp/memory_strategies.hpp:18[m[K,
                 from [01m[K/opt/ros/humble/include/rclcpp/rclcpp/executor_options.hpp:20[m[K,
                 from [01m[K/opt/ros/humble/include/rclcpp/rclcpp/executor.hpp:37[m[K,
                 from [01m[K/opt/ros/humble/include/rclcpp/rclcpp/executors/multi_threaded_executor.hpp:25[m[K,
                 from [01m[K/opt/ros/humble/include/rclcpp/rclcpp/executors.hpp:21[m[K,
                 from [01m[K/opt/ros/humble/include/rclcpp/rclcpp/rclcpp.hpp:155[m[K,
                 from [01m[K/opt/ros/humble/include/tf2_ros/tf2_ros/buffer_interface.h:48[m[K,
                 from [01m[K/opt/ros/humble/include/tf2_geometry_msgs/tf2_geometry_msgs/tf2_geometry_msgs.hpp:60[m[K,
                 from [01m[K/home/acdl1/mj_ws/ws_px4_controls/src/px4_ros_com/src/examples/offboard/offboard_control.cpp:10[m[K:
[01m[K/home/acdl1/mj_ws/ws_px4_controls/src/px4_ros_com/src/examples/offboard/offboard_control.cpp:[m[K In member function ‘[01m[Kvoid OffboardControl::timer_callback()[m[K’:
[01m[K/home/acdl1/mj_ws/ws_px4_controls/src/px4_ros_com/src/examples/offboard/offboard_control.cpp:132:37:[m[K [01;35m[Kwarning: [m[Kformat ‘[01m[K%d[m[K’ expects argument of type ‘[01m[Kint[m[K’, but argument 5 has type ‘[01m[Kuint64_t[m[K’ {aka ‘[01m[Klong unsigned int[m[K’} [[01;35m[K]8;;https://gcc.gnu.org/onlinedocs/gcc/Warning-Options.html#index-Wformat=-Wformat=]8;;[m[K]
  132 |           RCLCPP_INFO(get_logger(), [01;35m[K"Collecting sufficient offboard setpoints (%d/50)..."[m[K, [32m[Koffboard_setpoint_counter_[m[K);
      |                                     [01;35m[K^~~~~~~~~~~~~~~~~~~~~~~~~~~~~~~~~~~~~~~~~~~~~~~~~~~~~[m[K  [32m[K~~~~~~~~~~~~~~~~~~~~~~~~~~[m[K
      |                                                                                            [32m[K|[m[K
      |                                                                                            [32m[Kuint64_t {aka long unsigned int}[m[K
[01m[K/home/acdl1/mj_ws/ws_px4_controls/src/px4_ros_com/src/examples/offboard/offboard_control.cpp:132:81:[m[K [01;36m[Knote: [m[Kformat string is defined here
  132 |           RCLCPP_INFO(get_logger(), "Collecting sufficient offboard setpoints ([01;36m[K%d[m[K/50)...", offboard_setpoint_counter_);
      |                                                                                [01;36m[K~^[m[K
      |                                                                                 [01;36m[K|[m[K
      |                                                                                 [01;36m[Kint[m[K
      |                                                                                [32m[K%ld[m[K
