[0.012s] Invoking command in '/home/acdl1/mj_ws/ws_px4_controls/build/px4_ros_com': AMENT_PREFIX_PATH=/home/acdl1/mj_ws/ws_px4_controls/install/px4_msgs:${AMENT_PREFIX_PATH} CMAKE_PREFIX_PATH=/home/acdl1/mj_ws/ws_px4_controls/install/px4_msgs:/opt/ros/humble LD_LIBRARY_PATH=/home/acdl1/mj_ws/ws_px4_controls/install/px4_msgs/lib:${LD_LIBRARY_PATH} PYTHONPATH=/home/acdl1/mj_ws/ws_px4_controls/install/px4_msgs/local/lib/python3.10/dist-packages:${PYTHONPATH} /usr/bin/cmake /home/acdl1/mj_ws/ws_px4_controls/src/px4_ros_com -DCMAKE_INSTALL_PREFIX=/home/acdl1/mj_ws/ws_px4_controls/install/px4_ros_com
[0.057s] -- The C compiler identification is GNU 11.4.0
[0.111s] -- The CXX compiler identification is GNU 11.4.0
[0.117s] -- Detecting C compiler ABI info
[0.184s] -- Detecting C compiler ABI info - done
[0.194s] -- Check for working C compiler: /usr/bin/cc - skipped
[0.194s] -- Detecting C compile features
[0.194s] -- Detecting C compile features - done
[0.198s] -- Detecting CXX compiler ABI info
[0.277s] -- Detecting CXX compiler ABI info - done
[0.284s] -- Check for working CXX compiler: /usr/bin/c++ - skipped
[0.285s] -- Detecting CXX compile features
[0.285s] -- Detecting CXX compile features - done
[0.287s] -- Found ament_cmake: 1.3.11 (/opt/ros/humble/share/ament_cmake/cmake)
[0.708s] -- Found Python3: /usr/bin/python3 (found version "3.10.12") found components: Interpreter 
[0.791s] -- Found builtin_interfaces: 1.2.1 (/opt/ros/humble/share/builtin_interfaces/cmake)
[0.815s] -- Found rosidl_generator_c: 3.1.6 (/opt/ros/humble/share/rosidl_generator_c/cmake)
[0.819s] -- Found rosidl_adapter: 3.1.6 (/opt/ros/humble/share/rosidl_adapter/cmake)
[0.825s] -- Found rosidl_generator_cpp: 3.1.6 (/opt/ros/humble/share/rosidl_generator_cpp/cmake)
[0.836s] -- Using all available rosidl_typesupport_c: rosidl_typesupport_fastrtps_c;rosidl_typesupport_introspection_c
[0.849s] -- Using all available rosidl_typesupport_cpp: rosidl_typesupport_fastrtps_cpp;rosidl_typesupport_introspection_cpp
[0.862s] -- Found eigen3_cmake_module: 0.1.1 (/opt/ros/humble/share/eigen3_cmake_module/cmake)
[0.868s] -- Found Eigen3: TRUE (found version "3.4.0") 
[0.869s] -- Found geometry_msgs: 4.8.0 (/opt/ros/humble/share/geometry_msgs/cmake)
[0.893s] -- Found px4_msgs: 2.0.1 (/home/acdl1/mj_ws/ws_px4_controls/install/px4_msgs/share/px4_msgs/cmake)
[0.904s] -- Found rclcpp: 16.0.12 (/opt/ros/humble/share/rclcpp/cmake)
[0.934s] -- Found rmw_implementation_cmake: 6.1.2 (/opt/ros/humble/share/rmw_implementation_cmake/cmake)
[0.936s] -- Found rmw_fastrtps_cpp: 6.2.7 (/opt/ros/humble/share/rmw_fastrtps_cpp/cmake)
[1.010s] -- Found OpenSSL: /usr/lib/x86_64-linux-gnu/libcrypto.so (found version "3.0.2")  
[1.057s] -- Found FastRTPS: /opt/ros/humble/include  
[1.117s] -- Using RMW implementation 'rmw_fastrtps_cpp' as default
[1.124s] -- Looking for pthread.h
[1.184s] -- Looking for pthread.h - found
[1.185s] -- Performing Test CMAKE_HAVE_LIBC_PTHREAD
[1.250s] -- Performing Test CMAKE_HAVE_LIBC_PTHREAD - Success
[1.251s] -- Found Threads: TRUE  
[1.283s] -- Found sensor_msgs: 4.8.0 (/opt/ros/humble/share/sensor_msgs/cmake)
[1.300s] -- Found rclpy: 3.3.16 (/opt/ros/humble/share/rclpy/cmake)
[1.301s] -- Found tf2: 0.25.12 (/opt/ros/humble/share/tf2/cmake)
[1.310s] -- Found tf2_geometry_msgs: 0.25.12 (/opt/ros/humble/share/tf2_geometry_msgs/cmake)
[1.317s] -- Ensuring Eigen3 include directory is part of orocos-kdl CMake target
[1.410s] -- Found ament_lint_auto: 0.12.12 (/opt/ros/humble/share/ament_lint_auto/cmake)
[1.516s] -- Added test 'copyright' to check source files copyright and LICENSE
[1.518s] -- Added test 'cppcheck' to perform static code analysis on C / C++ code
[1.518s] -- Configured cppcheck include dirs: /home/acdl1/mj_ws/ws_px4_controls/src/px4_ros_com/include;$<BUILD_INTERFACE:/home/acdl1/mj_ws/ws_px4_controls/src/px4_ros_com/include/px4_ros_com>
[1.518s] -- Configured cppcheck exclude dirs and/or files: 
[1.520s] -- Added test 'cpplint' to check C / C++ code against the Google style
[1.520s] -- Configured cpplint exclude dirs and/or files: 
[1.520s] -- Added test 'flake8' to check Python code syntax and style conventions
[1.521s] -- Added test 'lint_cmake' to check CMake code style
[1.521s] -- Added test 'pep257' to check Python code against some of the docstring style conventions in PEP 257
[1.523s] -- Added test 'uncrustify' to check C / C++ code style
[1.523s] -- Configured uncrustify additional arguments: 
[1.523s] -- Added test 'xmllint' to check XML markup files
[1.525s] -- Configuring done
[1.560s] -- Generating done
[1.573s] -- Build files have been written to: /home/acdl1/mj_ws/ws_px4_controls/build/px4_ros_com
[1.584s] Invoked command in '/home/acdl1/mj_ws/ws_px4_controls/build/px4_ros_com' returned '0': AMENT_PREFIX_PATH=/home/acdl1/mj_ws/ws_px4_controls/install/px4_msgs:${AMENT_PREFIX_PATH} CMAKE_PREFIX_PATH=/home/acdl1/mj_ws/ws_px4_controls/install/px4_msgs:/opt/ros/humble LD_LIBRARY_PATH=/home/acdl1/mj_ws/ws_px4_controls/install/px4_msgs/lib:${LD_LIBRARY_PATH} PYTHONPATH=/home/acdl1/mj_ws/ws_px4_controls/install/px4_msgs/local/lib/python3.10/dist-packages:${PYTHONPATH} /usr/bin/cmake /home/acdl1/mj_ws/ws_px4_controls/src/px4_ros_com -DCMAKE_INSTALL_PREFIX=/home/acdl1/mj_ws/ws_px4_controls/install/px4_ros_com
[1.585s] Invoking command in '/home/acdl1/mj_ws/ws_px4_controls/build/px4_ros_com': AMENT_PREFIX_PATH=/home/acdl1/mj_ws/ws_px4_controls/install/px4_msgs:${AMENT_PREFIX_PATH} CMAKE_PREFIX_PATH=/home/acdl1/mj_ws/ws_px4_controls/install/px4_msgs:/opt/ros/humble LD_LIBRARY_PATH=/home/acdl1/mj_ws/ws_px4_controls/install/px4_msgs/lib:${LD_LIBRARY_PATH} PYTHONPATH=/home/acdl1/mj_ws/ws_px4_controls/install/px4_msgs/local/lib/python3.10/dist-packages:${PYTHONPATH} /usr/bin/cmake --build /home/acdl1/mj_ws/ws_px4_controls/build/px4_ros_com -- -j16 -l16
[1.636s] [  6%] [32mBuilding CXX object CMakeFiles/vehicle_gps_position_listener.dir/src/examples/listeners/vehicle_gps_position_listener.cpp.o[0m
[1.636s] [ 18%] [32mBuilding CXX object CMakeFiles/debug_vect_advertiser.dir/src/examples/advertisers/debug_vect_advertiser.cpp.o[0m
[1.637s] [ 18%] [32mBuilding CXX object CMakeFiles/sensor_combined_listener.dir/src/examples/listeners/sensor_combined_listener.cpp.o[0m
[1.637s] [ 25%] [32mBuilding CXX object CMakeFiles/cli_pose_command.dir/src/examples/offboard/cli_pose_command.cpp.o[0m
[1.637s] [ 31%] [32mBuilding CXX object CMakeFiles/offboard_control_key.dir/src/examples/offboard/offboard_control_key.cpp.o[0m
[1.638s] [ 37%] [32mBuilding CXX object CMakeFiles/offboard_control_srv.dir/src/examples/offboard/offboard_control_srv.cpp.o[0m
[1.638s] [ 43%] [32mBuilding CXX object CMakeFiles/offboard_control.dir/src/examples/offboard/offboard_control.cpp.o[0m
[1.638s] [ 50%] [32mBuilding CXX object CMakeFiles/frame_transforms.dir/src/lib/frame_transforms.cpp.o[0m
[1.648s] [ 50%] Built target ament_cmake_python_copy_px4_ros_com
[1.968s] running egg_info
[2.002s] creating px4_ros_com.egg-info
[2.009s] writing px4_ros_com.egg-info/PKG-INFO
[2.020s] writing dependency_links to px4_ros_com.egg-info/dependency_links.txt
[2.021s] writing top-level names to px4_ros_com.egg-info/top_level.txt
[2.021s] writing manifest file 'px4_ros_com.egg-info/SOURCES.txt'
[2.118s] reading manifest file 'px4_ros_com.egg-info/SOURCES.txt'
[2.121s] writing manifest file 'px4_ros_com.egg-info/SOURCES.txt'
[2.225s] [ 50%] Built target ament_cmake_python_build_px4_ros_com_egg
[6.501s] In file included from [01m[K/opt/ros/humble/include/rclcpp/rclcpp/logging.hpp:24[m[K,
[6.501s]                  from [01m[K/opt/ros/humble/include/rclcpp/rclcpp/client.hpp:40[m[K,
[6.501s]                  from [01m[K/opt/ros/humble/include/rclcpp/rclcpp/callback_group.hpp:24[m[K,
[6.501s]                  from [01m[K/opt/ros/humble/include/rclcpp/rclcpp/any_executable.hpp:20[m[K,
[6.501s]                  from [01m[K/opt/ros/humble/include/rclcpp/rclcpp/memory_strategy.hpp:25[m[K,
[6.502s]                  from [01m[K/opt/ros/humble/include/rclcpp/rclcpp/memory_strategies.hpp:18[m[K,
[6.502s]                  from [01m[K/opt/ros/humble/include/rclcpp/rclcpp/executor_options.hpp:20[m[K,
[6.502s]                  from [01m[K/opt/ros/humble/include/rclcpp/rclcpp/executor.hpp:37[m[K,
[6.502s]                  from [01m[K/opt/ros/humble/include/rclcpp/rclcpp/executors/multi_threaded_executor.hpp:25[m[K,
[6.502s]                  from [01m[K/opt/ros/humble/include/rclcpp/rclcpp/executors.hpp:21[m[K,
[6.502s]                  from [01m[K/opt/ros/humble/include/rclcpp/rclcpp/rclcpp.hpp:155[m[K,
[6.502s]                  from [01m[K/opt/ros/humble/include/tf2_ros/tf2_ros/buffer_interface.h:48[m[K,
[6.502s]                  from [01m[K/opt/ros/humble/include/tf2_geometry_msgs/tf2_geometry_msgs/tf2_geometry_msgs.hpp:60[m[K,
[6.503s]                  from [01m[K/home/acdl1/mj_ws/ws_px4_controls/src/px4_ros_com/src/examples/offboard/offboard_control.cpp:10[m[K:
[6.503s] [01m[K/home/acdl1/mj_ws/ws_px4_controls/src/px4_ros_com/src/examples/offboard/offboard_control.cpp:[m[K In member function ‘[01m[Kvoid OffboardControl::timer_callback()[m[K’:
[6.503s] [01m[K/home/acdl1/mj_ws/ws_px4_controls/src/px4_ros_com/src/examples/offboard/offboard_control.cpp:132:37:[m[K [01;35m[Kwarning: [m[Kformat ‘[01m[K%d[m[K’ expects argument of type ‘[01m[Kint[m[K’, but argument 5 has type ‘[01m[Kuint64_t[m[K’ {aka ‘[01m[Klong unsigned int[m[K’} [[01;35m[K]8;;https://gcc.gnu.org/onlinedocs/gcc/Warning-Options.html#index-Wformat=-Wformat=]8;;[m[K]
[6.503s]   132 |           RCLCPP_INFO(get_logger(), [01;35m[K"Collecting sufficient offboard setpoints (%d/50)..."[m[K, [32m[Koffboard_setpoint_counter_[m[K);
[6.503s]       |                                     [01;35m[K^~~~~~~~~~~~~~~~~~~~~~~~~~~~~~~~~~~~~~~~~~~~~~~~~~~~~[m[K  [32m[K~~~~~~~~~~~~~~~~~~~~~~~~~~[m[K
[6.503s]       |                                                                                            [32m[K|[m[K
[6.503s]       |                                                                                            [32m[Kuint64_t {aka long unsigned int}[m[K
[6.503s] [01m[K/home/acdl1/mj_ws/ws_px4_controls/src/px4_ros_com/src/examples/offboard/offboard_control.cpp:132:81:[m[K [01;36m[Knote: [m[Kformat string is defined here
[6.503s]   132 |           RCLCPP_INFO(get_logger(), "Collecting sufficient offboard setpoints ([01;36m[K%d[m[K/50)...", offboard_setpoint_counter_);
[6.503s]       |                                                                                [01;36m[K~^[m[K
[6.503s]       |                                                                                 [01;36m[K|[m[K
[6.503s]       |                                                                                 [01;36m[Kint[m[K
[6.503s]       |                                                                                [32m[K%ld[m[K
[8.441s] [ 56%] [32m[1mLinking CXX executable cli_pose_command[0m
[8.752s] [ 62%] [32m[1mLinking CXX executable debug_vect_advertiser[0m
[8.852s] [ 62%] Built target cli_pose_command
[9.129s] [ 62%] Built target debug_vect_advertiser
[11.289s] [ 68%] [32m[1mLinking CXX executable offboard_control_srv[0m
[11.709s] [ 68%] Built target offboard_control_srv
[13.167s] [ 75%] [32m[1mLinking CXX shared library libframe_transforms.so[0m
[13.602s] [ 75%] Built target frame_transforms
[14.051s] [ 81%] [32m[1mLinking CXX executable sensor_combined_listener[0m
[14.624s] [ 87%] [32m[1mLinking CXX executable vehicle_gps_position_listener[0m
[14.766s] [ 87%] Built target sensor_combined_listener
[15.187s] [ 87%] Built target vehicle_gps_position_listener
[20.573s] [ 93%] [32m[1mLinking CXX executable offboard_control_key[0m
[21.762s] [ 93%] Built target offboard_control_key
[26.947s] [100%] [32m[1mLinking CXX executable offboard_control[0m
[28.224s] [100%] Built target offboard_control
[28.233s] Invoked command in '/home/acdl1/mj_ws/ws_px4_controls/build/px4_ros_com' returned '0': AMENT_PREFIX_PATH=/home/acdl1/mj_ws/ws_px4_controls/install/px4_msgs:${AMENT_PREFIX_PATH} CMAKE_PREFIX_PATH=/home/acdl1/mj_ws/ws_px4_controls/install/px4_msgs:/opt/ros/humble LD_LIBRARY_PATH=/home/acdl1/mj_ws/ws_px4_controls/install/px4_msgs/lib:${LD_LIBRARY_PATH} PYTHONPATH=/home/acdl1/mj_ws/ws_px4_controls/install/px4_msgs/local/lib/python3.10/dist-packages:${PYTHONPATH} /usr/bin/cmake --build /home/acdl1/mj_ws/ws_px4_controls/build/px4_ros_com -- -j16 -l16
[28.234s] Invoking command in '/home/acdl1/mj_ws/ws_px4_controls/build/px4_ros_com': AMENT_PREFIX_PATH=/home/acdl1/mj_ws/ws_px4_controls/install/px4_msgs:${AMENT_PREFIX_PATH} CMAKE_PREFIX_PATH=/home/acdl1/mj_ws/ws_px4_controls/install/px4_msgs:/opt/ros/humble LD_LIBRARY_PATH=/home/acdl1/mj_ws/ws_px4_controls/install/px4_msgs/lib:${LD_LIBRARY_PATH} PYTHONPATH=/home/acdl1/mj_ws/ws_px4_controls/install/px4_msgs/local/lib/python3.10/dist-packages:${PYTHONPATH} /usr/bin/cmake --install /home/acdl1/mj_ws/ws_px4_controls/build/px4_ros_com
[28.240s] -- Install configuration: ""
[28.240s] -- Installing: /home/acdl1/mj_ws/ws_px4_controls/install/px4_ros_com/lib/px4_ros_com/sensor_combined_listener
[28.242s] -- Set runtime path of "/home/acdl1/mj_ws/ws_px4_controls/install/px4_ros_com/lib/px4_ros_com/sensor_combined_listener" to ""
[28.242s] -- Installing: /home/acdl1/mj_ws/ws_px4_controls/install/px4_ros_com/lib/px4_ros_com/vehicle_gps_position_listener
[28.244s] -- Set runtime path of "/home/acdl1/mj_ws/ws_px4_controls/install/px4_ros_com/lib/px4_ros_com/vehicle_gps_position_listener" to ""
[28.245s] -- Installing: /home/acdl1/mj_ws/ws_px4_controls/install/px4_ros_com/lib/px4_ros_com/debug_vect_advertiser
[28.245s] -- Set runtime path of "/home/acdl1/mj_ws/ws_px4_controls/install/px4_ros_com/lib/px4_ros_com/debug_vect_advertiser" to ""
[28.245s] -- Installing: /home/acdl1/mj_ws/ws_px4_controls/install/px4_ros_com/lib/px4_ros_com/offboard_control
[28.251s] -- Set runtime path of "/home/acdl1/mj_ws/ws_px4_controls/install/px4_ros_com/lib/px4_ros_com/offboard_control" to ""
[28.252s] -- Installing: /home/acdl1/mj_ws/ws_px4_controls/install/px4_ros_com/lib/px4_ros_com/offboard_control_srv
[28.252s] -- Set runtime path of "/home/acdl1/mj_ws/ws_px4_controls/install/px4_ros_com/lib/px4_ros_com/offboard_control_srv" to ""
[28.253s] -- Installing: /home/acdl1/mj_ws/ws_px4_controls/install/px4_ros_com/lib/px4_ros_com/offboard_control_key
[28.256s] -- Set runtime path of "/home/acdl1/mj_ws/ws_px4_controls/install/px4_ros_com/lib/px4_ros_com/offboard_control_key" to ""
[28.256s] -- Installing: /home/acdl1/mj_ws/ws_px4_controls/install/px4_ros_com/lib/px4_ros_com/cli_pose_command
[28.256s] -- Set runtime path of "/home/acdl1/mj_ws/ws_px4_controls/install/px4_ros_com/lib/px4_ros_com/cli_pose_command" to ""
[28.256s] -- Installing: /home/acdl1/mj_ws/ws_px4_controls/install/px4_ros_com/share/px4_ros_com/environment/library_path.sh
[28.257s] -- Installing: /home/acdl1/mj_ws/ws_px4_controls/install/px4_ros_com/share/px4_ros_com/environment/library_path.dsv
[28.257s] -- Installing: /home/acdl1/mj_ws/ws_px4_controls/install/px4_ros_com/include/px4_ros_com
[28.257s] -- Installing: /home/acdl1/mj_ws/ws_px4_controls/install/px4_ros_com/include/px4_ros_com/frame_transforms.h
[28.257s] -- Installing: /home/acdl1/mj_ws/ws_px4_controls/install/px4_ros_com/lib/libframe_transforms.so
[28.259s] -- Set runtime path of "/home/acdl1/mj_ws/ws_px4_controls/install/px4_ros_com/lib/libframe_transforms.so" to ""
[28.259s] -- Installing: /home/acdl1/mj_ws/ws_px4_controls/install/px4_ros_com/share/px4_ros_com//launch
[28.259s] -- Installing: /home/acdl1/mj_ws/ws_px4_controls/install/px4_ros_com/share/px4_ros_com//launch/sensor_combined_listener.launch.py
[28.259s] -- Installing: /home/acdl1/mj_ws/ws_px4_controls/install/px4_ros_com/share/px4_ros_com//launch/offboard_control_launch.yaml
[28.259s] -- Installing: /home/acdl1/mj_ws/ws_px4_controls/install/px4_ros_com/share/px4_ros_com//test
[28.259s] -- Installing: /home/acdl1/mj_ws/ws_px4_controls/install/px4_ros_com/share/px4_ros_com//test/test_output.py
[28.260s] -- Installing: /home/acdl1/mj_ws/ws_px4_controls/install/px4_ros_com/share/px4_ros_com//test/test_input.py
[28.260s] -- Installing: /home/acdl1/mj_ws/ws_px4_controls/install/px4_ros_com/share/px4_ros_com//test/pipeline_io_test.py
[28.260s] -- Installing: /home/acdl1/mj_ws/ws_px4_controls/install/px4_ros_com/share/px4_ros_com//test/__init__.py
[28.260s] -- Installing: /home/acdl1/mj_ws/ws_px4_controls/install/px4_ros_com/share/px4_ros_com/environment/pythonpath.sh
[28.260s] -- Installing: /home/acdl1/mj_ws/ws_px4_controls/install/px4_ros_com/share/px4_ros_com/environment/pythonpath.dsv
[28.260s] -- Installing: /home/acdl1/mj_ws/ws_px4_controls/install/px4_ros_com/local/lib/python3.10/dist-packages/px4_ros_com-0.1.0-py3.10.egg-info
[28.260s] -- Installing: /home/acdl1/mj_ws/ws_px4_controls/install/px4_ros_com/local/lib/python3.10/dist-packages/px4_ros_com-0.1.0-py3.10.egg-info/SOURCES.txt
[28.260s] -- Installing: /home/acdl1/mj_ws/ws_px4_controls/install/px4_ros_com/local/lib/python3.10/dist-packages/px4_ros_com-0.1.0-py3.10.egg-info/PKG-INFO
[28.260s] -- Installing: /home/acdl1/mj_ws/ws_px4_controls/install/px4_ros_com/local/lib/python3.10/dist-packages/px4_ros_com-0.1.0-py3.10.egg-info/dependency_links.txt
[28.260s] -- Installing: /home/acdl1/mj_ws/ws_px4_controls/install/px4_ros_com/local/lib/python3.10/dist-packages/px4_ros_com-0.1.0-py3.10.egg-info/top_level.txt
[28.260s] -- Installing: /home/acdl1/mj_ws/ws_px4_controls/install/px4_ros_com/local/lib/python3.10/dist-packages/px4_ros_com
[28.260s] -- Installing: /home/acdl1/mj_ws/ws_px4_controls/install/px4_ros_com/local/lib/python3.10/dist-packages/px4_ros_com/module_to_import.py
[28.260s] -- Installing: /home/acdl1/mj_ws/ws_px4_controls/install/px4_ros_com/local/lib/python3.10/dist-packages/px4_ros_com/__init__.py
[28.289s] Listing '/home/acdl1/mj_ws/ws_px4_controls/install/px4_ros_com/local/lib/python3.10/dist-packages/px4_ros_com'...
[28.289s] Compiling '/home/acdl1/mj_ws/ws_px4_controls/install/px4_ros_com/local/lib/python3.10/dist-packages/px4_ros_com/__init__.py'...
[28.289s] Compiling '/home/acdl1/mj_ws/ws_px4_controls/install/px4_ros_com/local/lib/python3.10/dist-packages/px4_ros_com/module_to_import.py'...
[28.293s] -- Installing: /home/acdl1/mj_ws/ws_px4_controls/install/px4_ros_com/lib/px4_ros_com/offboard_control.py
[28.293s] -- Installing: /home/acdl1/mj_ws/ws_px4_controls/install/px4_ros_com/share/ament_index/resource_index/package_run_dependencies/px4_ros_com
[28.293s] -- Installing: /home/acdl1/mj_ws/ws_px4_controls/install/px4_ros_com/share/ament_index/resource_index/parent_prefix_path/px4_ros_com
[28.293s] -- Installing: /home/acdl1/mj_ws/ws_px4_controls/install/px4_ros_com/share/px4_ros_com/environment/ament_prefix_path.sh
[28.293s] -- Installing: /home/acdl1/mj_ws/ws_px4_controls/install/px4_ros_com/share/px4_ros_com/environment/ament_prefix_path.dsv
[28.293s] -- Installing: /home/acdl1/mj_ws/ws_px4_controls/install/px4_ros_com/share/px4_ros_com/environment/path.sh
[28.294s] -- Installing: /home/acdl1/mj_ws/ws_px4_controls/install/px4_ros_com/share/px4_ros_com/environment/path.dsv
[28.294s] -- Installing: /home/acdl1/mj_ws/ws_px4_controls/install/px4_ros_com/share/px4_ros_com/local_setup.bash
[28.294s] -- Installing: /home/acdl1/mj_ws/ws_px4_controls/install/px4_ros_com/share/px4_ros_com/local_setup.sh
[28.294s] -- Installing: /home/acdl1/mj_ws/ws_px4_controls/install/px4_ros_com/share/px4_ros_com/local_setup.zsh
[28.294s] -- Installing: /home/acdl1/mj_ws/ws_px4_controls/install/px4_ros_com/share/px4_ros_com/local_setup.dsv
[28.294s] -- Installing: /home/acdl1/mj_ws/ws_px4_controls/install/px4_ros_com/share/px4_ros_com/package.dsv
[28.294s] -- Installing: /home/acdl1/mj_ws/ws_px4_controls/install/px4_ros_com/share/ament_index/resource_index/packages/px4_ros_com
[28.294s] -- Installing: /home/acdl1/mj_ws/ws_px4_controls/install/px4_ros_com/share/px4_ros_com/cmake/export_frame_transformsExport.cmake
[28.294s] -- Installing: /home/acdl1/mj_ws/ws_px4_controls/install/px4_ros_com/share/px4_ros_com/cmake/export_frame_transformsExport-noconfig.cmake
[28.294s] -- Installing: /home/acdl1/mj_ws/ws_px4_controls/install/px4_ros_com/share/px4_ros_com/cmake/ament_cmake_export_dependencies-extras.cmake
[28.294s] -- Installing: /home/acdl1/mj_ws/ws_px4_controls/install/px4_ros_com/share/px4_ros_com/cmake/ament_cmake_export_targets-extras.cmake
[28.294s] -- Installing: /home/acdl1/mj_ws/ws_px4_controls/install/px4_ros_com/share/px4_ros_com/cmake/ament_cmake_export_include_directories-extras.cmake
[28.295s] -- Installing: /home/acdl1/mj_ws/ws_px4_controls/install/px4_ros_com/share/px4_ros_com/cmake/ament_cmake_export_libraries-extras.cmake
[28.295s] -- Installing: /home/acdl1/mj_ws/ws_px4_controls/install/px4_ros_com/share/px4_ros_com/cmake/px4_ros_comConfig.cmake
[28.295s] -- Installing: /home/acdl1/mj_ws/ws_px4_controls/install/px4_ros_com/share/px4_ros_com/cmake/px4_ros_comConfig-version.cmake
[28.295s] -- Installing: /home/acdl1/mj_ws/ws_px4_controls/install/px4_ros_com/share/px4_ros_com/package.xml
[28.297s] Invoked command in '/home/acdl1/mj_ws/ws_px4_controls/build/px4_ros_com' returned '0': AMENT_PREFIX_PATH=/home/acdl1/mj_ws/ws_px4_controls/install/px4_msgs:${AMENT_PREFIX_PATH} CMAKE_PREFIX_PATH=/home/acdl1/mj_ws/ws_px4_controls/install/px4_msgs:/opt/ros/humble LD_LIBRARY_PATH=/home/acdl1/mj_ws/ws_px4_controls/install/px4_msgs/lib:${LD_LIBRARY_PATH} PYTHONPATH=/home/acdl1/mj_ws/ws_px4_controls/install/px4_msgs/local/lib/python3.10/dist-packages:${PYTHONPATH} /usr/bin/cmake --install /home/acdl1/mj_ws/ws_px4_controls/build/px4_ros_com
