[0.013s] Invoking command in '/home/acdl1/competition_ws/ws_px4_controls/build/multi_tracker': AMENT_PREFIX_PATH=/home/acdl1/competition_ws/ws_px4_controls/install/cv_bridge:${AMENT_PREFIX_PATH} CMAKE_PREFIX_PATH=/home/acdl1/competition_ws/ws_px4_controls/install/cv_bridge:/home/acdl1/competition_ws/ws_px4_controls/install/px4_msgs:/home/acdl1/competition_ws/ws_px4_controls/install/aruco_interfaces:/opt/ros/humble LD_LIBRARY_PATH=/home/acdl1/competition_ws/ws_px4_controls/install/cv_bridge/lib:${LD_LIBRARY_PATH} PYTHONPATH=/home/acdl1/competition_ws/ws_px4_controls/install/cv_bridge/local/lib/python3.10/dist-packages:${PYTHONPATH} /usr/bin/cmake /home/acdl1/competition_ws/ws_px4_controls/src/ws_aruco/src/multi_tracker -DCMAKE_INSTALL_PREFIX=/home/acdl1/competition_ws/ws_px4_controls/install/multi_tracker
[0.180s] -- The C compiler identification is GNU 11.4.0
[0.180s] -- The CXX compiler identification is GNU 11.4.0
[0.180s] -- Detecting C compiler ABI info
[0.180s] -- Detecting C compiler ABI info - done
[0.181s] -- Check for working C compiler: /usr/bin/cc - skipped
[0.181s] -- Detecting C compile features
[0.182s] -- Detecting C compile features - done
[0.182s] -- Detecting CXX compiler ABI info
[0.199s] -- Detecting CXX compiler ABI info - done
[0.205s] -- Check for working CXX compiler: /usr/bin/c++ - skipped
[0.205s] -- Detecting CXX compile features
[0.206s] -- Detecting CXX compile features - done
[0.207s] -- Found ament_cmake: 1.3.11 (/opt/ros/humble/share/ament_cmake/cmake)
[0.498s] -- Found Python3: /usr/bin/python3 (found version "3.10.12") found components: Interpreter 
[0.562s] -- Found rclcpp: 16.0.12 (/opt/ros/humble/share/rclcpp/cmake)
[0.591s] -- Found rosidl_generator_c: 3.1.6 (/opt/ros/humble/share/rosidl_generator_c/cmake)
[0.594s] -- Found rosidl_adapter: 3.1.6 (/opt/ros/humble/share/rosidl_adapter/cmake)
[0.600s] -- Found rosidl_generator_cpp: 3.1.6 (/opt/ros/humble/share/rosidl_generator_cpp/cmake)
[0.608s] -- Using all available rosidl_typesupport_c: rosidl_typesupport_fastrtps_c;rosidl_typesupport_introspection_c
[0.620s] -- Using all available rosidl_typesupport_cpp: rosidl_typesupport_fastrtps_cpp;rosidl_typesupport_introspection_cpp
[0.651s] -- Found rmw_implementation_cmake: 6.1.2 (/opt/ros/humble/share/rmw_implementation_cmake/cmake)
[0.652s] -- Found rmw_fastrtps_cpp: 6.2.7 (/opt/ros/humble/share/rmw_fastrtps_cpp/cmake)
[0.711s] -- Found OpenSSL: /usr/lib/x86_64-linux-gnu/libcrypto.so (found version "3.0.2")  
[0.731s] -- Found FastRTPS: /opt/ros/humble/include  
[0.762s] -- Using RMW implementation 'rmw_fastrtps_cpp' as default
[0.767s] -- Looking for pthread.h
[0.818s] -- Looking for pthread.h - found
[0.818s] -- Performing Test CMAKE_HAVE_LIBC_PTHREAD
[0.866s] -- Performing Test CMAKE_HAVE_LIBC_PTHREAD - Success
[0.867s] -- Found Threads: TRUE  
[0.905s] -- Found sensor_msgs: 4.8.0 (/opt/ros/humble/share/sensor_msgs/cmake)
[0.933s] -- Found OpenCV: /usr (found version "4.5.4") 
[0.934s] -- Found cv_bridge: 3.2.1 (/home/acdl1/competition_ws/ws_px4_controls/install/cv_bridge/share/cv_bridge/cmake)
[0.941s] -- Found image_transport: 3.1.11 (/opt/ros/humble/share/image_transport/cmake)
[0.964s] -- Found tf2: 0.25.12 (/opt/ros/humble/share/tf2/cmake)
[0.968s] -- Found tf2_geometry_msgs: 0.25.12 (/opt/ros/humble/share/tf2_geometry_msgs/cmake)
[0.973s] -- Found eigen3_cmake_module: 0.1.1 (/opt/ros/humble/share/eigen3_cmake_module/cmake)
[0.974s] -- Found Eigen3: TRUE (found version "3.4.0") 
[0.974s] -- Ensuring Eigen3 include directory is part of orocos-kdl CMake target
[1.038s] -- Found px4_msgs: 2.0.1 (/home/acdl1/competition_ws/ws_px4_controls/install/px4_msgs/share/px4_msgs/cmake)
[1.048s] -- Found rosidl_default_generators: 1.2.0 (/opt/ros/humble/share/rosidl_default_generators/cmake)
[1.054s] -- Found aruco_interfaces: 0.0.0 (/home/acdl1/competition_ws/ws_px4_controls/install/aruco_interfaces/share/aruco_interfaces/cmake)
[1.119s] -- Configuring done
[1.132s] -- Generating done
[1.136s] -- Build files have been written to: /home/acdl1/competition_ws/ws_px4_controls/build/multi_tracker
[1.145s] Invoked command in '/home/acdl1/competition_ws/ws_px4_controls/build/multi_tracker' returned '0': AMENT_PREFIX_PATH=/home/acdl1/competition_ws/ws_px4_controls/install/cv_bridge:${AMENT_PREFIX_PATH} CMAKE_PREFIX_PATH=/home/acdl1/competition_ws/ws_px4_controls/install/cv_bridge:/home/acdl1/competition_ws/ws_px4_controls/install/px4_msgs:/home/acdl1/competition_ws/ws_px4_controls/install/aruco_interfaces:/opt/ros/humble LD_LIBRARY_PATH=/home/acdl1/competition_ws/ws_px4_controls/install/cv_bridge/lib:${LD_LIBRARY_PATH} PYTHONPATH=/home/acdl1/competition_ws/ws_px4_controls/install/cv_bridge/local/lib/python3.10/dist-packages:${PYTHONPATH} /usr/bin/cmake /home/acdl1/competition_ws/ws_px4_controls/src/ws_aruco/src/multi_tracker -DCMAKE_INSTALL_PREFIX=/home/acdl1/competition_ws/ws_px4_controls/install/multi_tracker
[1.146s] Invoking command in '/home/acdl1/competition_ws/ws_px4_controls/build/multi_tracker': AMENT_PREFIX_PATH=/home/acdl1/competition_ws/ws_px4_controls/install/cv_bridge:${AMENT_PREFIX_PATH} CMAKE_PREFIX_PATH=/home/acdl1/competition_ws/ws_px4_controls/install/cv_bridge:/home/acdl1/competition_ws/ws_px4_controls/install/px4_msgs:/home/acdl1/competition_ws/ws_px4_controls/install/aruco_interfaces:/opt/ros/humble LD_LIBRARY_PATH=/home/acdl1/competition_ws/ws_px4_controls/install/cv_bridge/lib:${LD_LIBRARY_PATH} PYTHONPATH=/home/acdl1/competition_ws/ws_px4_controls/install/cv_bridge/local/lib/python3.10/dist-packages:${PYTHONPATH} /usr/bin/cmake --build /home/acdl1/competition_ws/ws_px4_controls/build/multi_tracker -- -j16 -l16
[1.180s] [ 50%] [32mBuilding CXX object CMakeFiles/multi_tracker_node.dir/src/multi_tracker_node.cpp.o[0m
[3.769s] [01m[K/home/acdl1/competition_ws/ws_px4_controls/src/ws_aruco/src/multi_tracker/src/multi_tracker_node.cpp:[m[K In member function ‘[01m[Kvoid MultiTrackerNode::image_callback(sensor_msgs::msg::Image_<std::allocator<void> >::SharedPtr)[m[K’:
[3.769s] [01m[K/home/acdl1/competition_ws/ws_px4_controls/src/ws_aruco/src/multi_tracker/src/multi_tracker_node.cpp:131:13:[m[K [01;35m[Kwarning: [m[Kunused variable ‘[01m[Kselected_id[m[K’ [[01;35m[K]8;;https://gcc.gnu.org/onlinedocs/gcc/Warning-Options.html#index-Wunused-variable-Wunused-variable]8;;[m[K]
[3.769s]   131 |         int [01;35m[Kselected_id[m[K = ids[best_marker_idx];
[3.769s]       |             [01;35m[K^~~~~~~~~~~[m[K
[11.399s] [100%] [32m[1mLinking CXX executable multi_tracker_node[0m
[12.040s] [100%] Built target multi_tracker_node
[12.047s] Invoked command in '/home/acdl1/competition_ws/ws_px4_controls/build/multi_tracker' returned '0': AMENT_PREFIX_PATH=/home/acdl1/competition_ws/ws_px4_controls/install/cv_bridge:${AMENT_PREFIX_PATH} CMAKE_PREFIX_PATH=/home/acdl1/competition_ws/ws_px4_controls/install/cv_bridge:/home/acdl1/competition_ws/ws_px4_controls/install/px4_msgs:/home/acdl1/competition_ws/ws_px4_controls/install/aruco_interfaces:/opt/ros/humble LD_LIBRARY_PATH=/home/acdl1/competition_ws/ws_px4_controls/install/cv_bridge/lib:${LD_LIBRARY_PATH} PYTHONPATH=/home/acdl1/competition_ws/ws_px4_controls/install/cv_bridge/local/lib/python3.10/dist-packages:${PYTHONPATH} /usr/bin/cmake --build /home/acdl1/competition_ws/ws_px4_controls/build/multi_tracker -- -j16 -l16
[12.048s] Invoking command in '/home/acdl1/competition_ws/ws_px4_controls/build/multi_tracker': AMENT_PREFIX_PATH=/home/acdl1/competition_ws/ws_px4_controls/install/cv_bridge:${AMENT_PREFIX_PATH} CMAKE_PREFIX_PATH=/home/acdl1/competition_ws/ws_px4_controls/install/cv_bridge:/home/acdl1/competition_ws/ws_px4_controls/install/px4_msgs:/home/acdl1/competition_ws/ws_px4_controls/install/aruco_interfaces:/opt/ros/humble LD_LIBRARY_PATH=/home/acdl1/competition_ws/ws_px4_controls/install/cv_bridge/lib:${LD_LIBRARY_PATH} PYTHONPATH=/home/acdl1/competition_ws/ws_px4_controls/install/cv_bridge/local/lib/python3.10/dist-packages:${PYTHONPATH} /usr/bin/cmake --install /home/acdl1/competition_ws/ws_px4_controls/build/multi_tracker
[12.052s] -- Install configuration: ""
[12.053s] -- Installing: /home/acdl1/competition_ws/ws_px4_controls/install/multi_tracker/lib/multi_tracker/multi_tracker_node
[12.055s] -- Set runtime path of "/home/acdl1/competition_ws/ws_px4_controls/install/multi_tracker/lib/multi_tracker/multi_tracker_node" to ""
[12.055s] -- Installing: /home/acdl1/competition_ws/ws_px4_controls/install/multi_tracker/share/multi_tracker//launch
[12.055s] -- Installing: /home/acdl1/competition_ws/ws_px4_controls/install/multi_tracker/share/multi_tracker//launch/x1_aruco_detector.launch.py
[12.056s] -- Installing: /home/acdl1/competition_ws/ws_px4_controls/install/multi_tracker/share/multi_tracker//launch/x500_aruco_detector.launch.py
[12.056s] -- Installing: /home/acdl1/competition_ws/ws_px4_controls/install/multi_tracker/share/ament_index/resource_index/package_run_dependencies/multi_tracker
[12.056s] -- Installing: /home/acdl1/competition_ws/ws_px4_controls/install/multi_tracker/share/ament_index/resource_index/parent_prefix_path/multi_tracker
[12.056s] -- Installing: /home/acdl1/competition_ws/ws_px4_controls/install/multi_tracker/share/multi_tracker/environment/ament_prefix_path.sh
[12.056s] -- Installing: /home/acdl1/competition_ws/ws_px4_controls/install/multi_tracker/share/multi_tracker/environment/ament_prefix_path.dsv
[12.056s] -- Installing: /home/acdl1/competition_ws/ws_px4_controls/install/multi_tracker/share/multi_tracker/environment/path.sh
[12.056s] -- Installing: /home/acdl1/competition_ws/ws_px4_controls/install/multi_tracker/share/multi_tracker/environment/path.dsv
[12.056s] -- Installing: /home/acdl1/competition_ws/ws_px4_controls/install/multi_tracker/share/multi_tracker/local_setup.bash
[12.056s] -- Installing: /home/acdl1/competition_ws/ws_px4_controls/install/multi_tracker/share/multi_tracker/local_setup.sh
[12.056s] -- Installing: /home/acdl1/competition_ws/ws_px4_controls/install/multi_tracker/share/multi_tracker/local_setup.zsh
[12.056s] -- Installing: /home/acdl1/competition_ws/ws_px4_controls/install/multi_tracker/share/multi_tracker/local_setup.dsv
[12.056s] -- Installing: /home/acdl1/competition_ws/ws_px4_controls/install/multi_tracker/share/multi_tracker/package.dsv
[12.056s] -- Installing: /home/acdl1/competition_ws/ws_px4_controls/install/multi_tracker/share/ament_index/resource_index/packages/multi_tracker
[12.056s] -- Installing: /home/acdl1/competition_ws/ws_px4_controls/install/multi_tracker/share/multi_tracker/cmake/ament_cmake_export_dependencies-extras.cmake
[12.057s] -- Installing: /home/acdl1/competition_ws/ws_px4_controls/install/multi_tracker/share/multi_tracker/cmake/multi_trackerConfig.cmake
[12.057s] -- Installing: /home/acdl1/competition_ws/ws_px4_controls/install/multi_tracker/share/multi_tracker/cmake/multi_trackerConfig-version.cmake
[12.057s] -- Installing: /home/acdl1/competition_ws/ws_px4_controls/install/multi_tracker/share/multi_tracker/package.xml
[12.058s] Invoked command in '/home/acdl1/competition_ws/ws_px4_controls/build/multi_tracker' returned '0': AMENT_PREFIX_PATH=/home/acdl1/competition_ws/ws_px4_controls/install/cv_bridge:${AMENT_PREFIX_PATH} CMAKE_PREFIX_PATH=/home/acdl1/competition_ws/ws_px4_controls/install/cv_bridge:/home/acdl1/competition_ws/ws_px4_controls/install/px4_msgs:/home/acdl1/competition_ws/ws_px4_controls/install/aruco_interfaces:/opt/ros/humble LD_LIBRARY_PATH=/home/acdl1/competition_ws/ws_px4_controls/install/cv_bridge/lib:${LD_LIBRARY_PATH} PYTHONPATH=/home/acdl1/competition_ws/ws_px4_controls/install/cv_bridge/local/lib/python3.10/dist-packages:${PYTHONPATH} /usr/bin/cmake --install /home/acdl1/competition_ws/ws_px4_controls/build/multi_tracker
