[0.009s] Invoking command in '/home/jmj/pro_asp_ws/ws_px4_controls/build/px4_ros_com': CMAKE_PREFIX_PATH=/home/jmj/pro_asp_ws/ws_px4_controls/install/px4_msgs:/home/jmj/pro_asp_ws/ws_px4_controls/install/utilities_pkg:/home/jmj/pro_asp_ws/ws_px4_controls/install/uav_controller_pkg:/home/jmj/pro_asp_ws/ws_px4_controls/install/px4_ros_com:/home/jmj/pro_asp_ws/ws_px4_controls/install/multi_tracker:/home/jmj/pro_asp_ws/ws_px4_controls/install/aruco_interfaces:/opt/ros/humble LD_LIBRARY_PATH=/home/jmj/pro_asp_ws/ws_px4_controls/install/px4_msgs/lib:/home/jmj/pro_asp_ws/ws_px4_controls/install/px4_ros_com/lib:/home/jmj/pro_asp_ws/ws_px4_controls/install/aruco_interfaces/lib:/usr/local/cuda/lib64:/opt/ros/humble/opt/rviz_ogre_vendor/lib:/opt/ros/humble/lib/x86_64-linux-gnu:/opt/ros/humble/lib:/usr/local/cuda/lib64 /usr/bin/cmake --build /home/jmj/pro_asp_ws/ws_px4_controls/build/px4_ros_com -- -j20 -l20
[0.046s] [35m[1mConsolidate compiler generated dependencies of target offboard_control[0m
[0.057s] [ 31%] Built target sensor_combined_listener
[0.057s] [ 37%] Built target vehicle_gps_position_listener
[0.057s] [ 37%] Built target frame_transforms
[0.057s] [ 50%] Built target debug_vect_advertiser
[0.059s] [ 68%] Built target offboard_control_srv
[0.059s] [ 75%] Built target offboard_control_key
[0.059s] [ 87%] Built target cli_pose_command
[0.061s] [ 87%] Built target ament_cmake_python_copy_px4_ros_com
[0.064s] [ 93%] [32mBuilding CXX object CMakeFiles/offboard_control.dir/src/examples/offboard/offboard_control.cpp.o[0m
[0.266s] running egg_info
[0.267s] writing px4_ros_com.egg-info/PKG-INFO
[0.267s] writing dependency_links to px4_ros_com.egg-info/dependency_links.txt
[0.267s] writing top-level names to px4_ros_com.egg-info/top_level.txt
[0.270s] reading manifest file 'px4_ros_com.egg-info/SOURCES.txt'
[0.270s] writing manifest file 'px4_ros_com.egg-info/SOURCES.txt'
[0.298s] [ 93%] Built target ament_cmake_python_build_px4_ros_com_egg
[1.059s] gmake[2]: *** [CMakeFiles/offboard_control.dir/build.make:76: CMakeFiles/offboard_control.dir/src/examples/offboard/offboard_control.cpp.o] Interrupt
[1.059s] gmake[1]: *** [CMakeFiles/Makefile2:258: CMakeFiles/offboard_control.dir/all] Interrupt
[1.059s] gmake: *** [Makefile:146: all] Interrupt
[1.066s] Invoked command in '/home/jmj/pro_asp_ws/ws_px4_controls/build/px4_ros_com' returned '-2': CMAKE_PREFIX_PATH=/home/jmj/pro_asp_ws/ws_px4_controls/install/px4_msgs:/home/jmj/pro_asp_ws/ws_px4_controls/install/utilities_pkg:/home/jmj/pro_asp_ws/ws_px4_controls/install/uav_controller_pkg:/home/jmj/pro_asp_ws/ws_px4_controls/install/px4_ros_com:/home/jmj/pro_asp_ws/ws_px4_controls/install/multi_tracker:/home/jmj/pro_asp_ws/ws_px4_controls/install/aruco_interfaces:/opt/ros/humble LD_LIBRARY_PATH=/home/jmj/pro_asp_ws/ws_px4_controls/install/px4_msgs/lib:/home/jmj/pro_asp_ws/ws_px4_controls/install/px4_ros_com/lib:/home/jmj/pro_asp_ws/ws_px4_controls/install/aruco_interfaces/lib:/usr/local/cuda/lib64:/opt/ros/humble/opt/rviz_ogre_vendor/lib:/opt/ros/humble/lib/x86_64-linux-gnu:/opt/ros/humble/lib:/usr/local/cuda/lib64 /usr/bin/cmake --build /home/jmj/pro_asp_ws/ws_px4_controls/build/px4_ros_com -- -j20 -l20
