[0.021s] Invoking command in '/home/acdl1/competition_ws/ws_px4_controls/build/drone_takeoff_pub': CMAKE_PREFIX_PATH=${CMAKE_PREFIX_PATH}:/opt/ros/humble /usr/bin/cmake --build /home/acdl1/competition_ws/ws_px4_controls/build/drone_takeoff_pub -- -j16 -l16
[0.053s] [35m[1mConsolidate compiler generated dependencies of target drone_takeoff_pub[0m
[0.074s] [100%] Built target drone_takeoff_pub
[0.090s] Invoked command in '/home/acdl1/competition_ws/ws_px4_controls/build/drone_takeoff_pub' returned '0': CMAKE_PREFIX_PATH=${CMAKE_PREFIX_PATH}:/opt/ros/humble /usr/bin/cmake --build /home/acdl1/competition_ws/ws_px4_controls/build/drone_takeoff_pub -- -j16 -l16
[0.098s] Invoking command in '/home/acdl1/competition_ws/ws_px4_controls/build/drone_takeoff_pub': CMAKE_PREFIX_PATH=${CMAKE_PREFIX_PATH}:/opt/ros/humble /usr/bin/cmake --install /home/acdl1/competition_ws/ws_px4_controls/build/drone_takeoff_pub
[0.104s] -- Install configuration: ""
[0.104s] -- Up-to-date: /home/acdl1/competition_ws/ws_px4_controls/install/drone_takeoff_pub/lib/drone_takeoff_pub/drone_takeoff_pub
[0.105s] -- Up-to-date: /home/acdl1/competition_ws/ws_px4_controls/install/drone_takeoff_pub/share/ament_index/resource_index/package_run_dependencies/drone_takeoff_pub
[0.105s] -- Up-to-date: /home/acdl1/competition_ws/ws_px4_controls/install/drone_takeoff_pub/share/ament_index/resource_index/parent_prefix_path/drone_takeoff_pub
[0.106s] -- Up-to-date: /home/acdl1/competition_ws/ws_px4_controls/install/drone_takeoff_pub/share/drone_takeoff_pub/environment/ament_prefix_path.sh
[0.106s] -- Up-to-date: /home/acdl1/competition_ws/ws_px4_controls/install/drone_takeoff_pub/share/drone_takeoff_pub/environment/ament_prefix_path.dsv
[0.106s] -- Up-to-date: /home/acdl1/competition_ws/ws_px4_controls/install/drone_takeoff_pub/share/drone_takeoff_pub/environment/path.sh
[0.106s] -- Up-to-date: /home/acdl1/competition_ws/ws_px4_controls/install/drone_takeoff_pub/share/drone_takeoff_pub/environment/path.dsv
[0.106s] -- Up-to-date: /home/acdl1/competition_ws/ws_px4_controls/install/drone_takeoff_pub/share/drone_takeoff_pub/local_setup.bash
[0.106s] -- Up-to-date: /home/acdl1/competition_ws/ws_px4_controls/install/drone_takeoff_pub/share/drone_takeoff_pub/local_setup.sh
[0.106s] -- Up-to-date: /home/acdl1/competition_ws/ws_px4_controls/install/drone_takeoff_pub/share/drone_takeoff_pub/local_setup.zsh
[0.106s] -- Up-to-date: /home/acdl1/competition_ws/ws_px4_controls/install/drone_takeoff_pub/share/drone_takeoff_pub/local_setup.dsv
[0.106s] -- Installing: /home/acdl1/competition_ws/ws_px4_controls/install/drone_takeoff_pub/share/drone_takeoff_pub/package.dsv
[0.106s] -- Up-to-date: /home/acdl1/competition_ws/ws_px4_controls/install/drone_takeoff_pub/share/ament_index/resource_index/packages/drone_takeoff_pub
[0.107s] -- Up-to-date: /home/acdl1/competition_ws/ws_px4_controls/install/drone_takeoff_pub/share/drone_takeoff_pub/cmake/drone_takeoff_pubConfig.cmake
[0.107s] -- Up-to-date: /home/acdl1/competition_ws/ws_px4_controls/install/drone_takeoff_pub/share/drone_takeoff_pub/cmake/drone_takeoff_pubConfig-version.cmake
[0.107s] -- Up-to-date: /home/acdl1/competition_ws/ws_px4_controls/install/drone_takeoff_pub/share/drone_takeoff_pub/package.xml
[0.114s] Invoked command in '/home/acdl1/competition_ws/ws_px4_controls/build/drone_takeoff_pub' returned '0': CMAKE_PREFIX_PATH=${CMAKE_PREFIX_PATH}:/opt/ros/humble /usr/bin/cmake --install /home/acdl1/competition_ws/ws_px4_controls/build/drone_takeoff_pub
