[01m[K/home/jmj/pro_asp_ws/ugv_ws/src/gazebo_env_setup/src/pose_tf_broadcaster.cpp:[m[K In constructor ‘[01m[KPoseTFBroadcaster::PoseTFBroadcaster()[m[K’:
[01m[K/home/jmj/pro_asp_ws/ugv_ws/src/gazebo_env_setup/src/pose_tf_broadcaster.cpp:15:5:[m[K [01;31m[Kerror: [m[K‘[01m[Ktf_broadcaster_[m[K’ was not declared in this scope
   15 |     [01;31m[Ktf_broadcaster_[m[K = std::make_shared<tf2_ros::TransformBroadcaster>(this);
      |     [01;31m[K^~~~~~~~~~~~~~~[m[K
[01m[K/home/jmj/pro_asp_ws/ugv_ws/src/gazebo_env_setup/src/pose_tf_broadcaster.cpp:18:5:[m[K [01;31m[Kerror: [m[K‘[01m[Ksub_x1_static_[m[K’ was not declared in this scope
   18 |     [01;31m[Ksub_x1_static_[m[K = this->create_subscription<tf2_msgs::msg::TFMessage>(
      |     [01;31m[K^~~~~~~~~~~~~~[m[K
[01m[K/home/jmj/pro_asp_ws/ugv_ws/src/gazebo_env_setup/src/pose_tf_broadcaster.cpp:22:5:[m[K [01;31m[Kerror: [m[K‘[01m[Ksub_x1_dynamic_[m[K’ was not declared in this scope
   22 |     [01;31m[Ksub_x1_dynamic_[m[K = this->create_subscription<tf2_msgs::msg::TFMessage>(
      |     [01;31m[K^~~~~~~~~~~~~~~[m[K
[01m[K/home/jmj/pro_asp_ws/ugv_ws/src/gazebo_env_setup/src/pose_tf_broadcaster.cpp:26:5:[m[K [01;31m[Kerror: [m[K‘[01m[Ksub_x500_static_[m[K’ was not declared in this scope
   26 |     [01;31m[Ksub_x500_static_[m[K = this->create_subscription<tf2_msgs::msg::TFMessage>(
      |     [01;31m[K^~~~~~~~~~~~~~~~[m[K
[01m[K/home/jmj/pro_asp_ws/ugv_ws/src/gazebo_env_setup/src/pose_tf_broadcaster.cpp:30:5:[m[K [01;31m[Kerror: [m[K‘[01m[Ksub_x500_dynamic_[m[K’ was not declared in this scope
   30 |     [01;31m[Ksub_x500_dynamic_[m[K = this->create_subscription<tf2_msgs::msg::TFMessage>(
      |     [01;31m[K^~~~~~~~~~~~~~~~~[m[K
[01m[K/home/jmj/pro_asp_ws/ugv_ws/src/gazebo_env_setup/src/pose_tf_broadcaster.cpp:[m[K In member function ‘[01m[Kvoid PoseTFBroadcaster::pose_callback(tf2_msgs::msg::TFMessage_<std::allocator<void> >::SharedPtr)[m[K’:
[01m[K/home/jmj/pro_asp_ws/ugv_ws/src/gazebo_env_setup/src/pose_tf_broadcaster.cpp:46:7:[m[K [01;31m[Kerror: [m[K‘[01m[Ktf_broadcaster_[m[K’ was not declared in this scope
   46 |       [01;31m[Ktf_broadcaster_[m[K->sendTransform(transform);
      |       [01;31m[K^~~~~~~~~~~~~~~[m[K
[01m[K/home/jmj/pro_asp_ws/ugv_ws/src/gazebo_env_setup/src/pose_tf_broadcaster.cpp:[m[K At global scope:
[01m[K/home/jmj/pro_asp_ws/ugv_ws/src/gazebo_env_setup/src/pose_tf_broadcaster.cpp:71:50:[m[K [01;31m[Kerror: [m[Kinvalid declarator before ‘[01m[Ktf_broadcaster_[m[K’
   71 |   std::shared_ptr<tf2_ros::TransformBroadcaster> [01;31m[Ktf_broadcaster_[m[K;
      |                                                  [01;31m[K^~~~~~~~~~~~~~~[m[K
[01m[K/home/jmj/pro_asp_ws/ugv_ws/src/gazebo_env_setup/src/pose_tf_broadcaster.cpp:76:1:[m[K [01;31m[Kerror: [m[Kexpected declaration before ‘[01m[K}[m[K’ token
   76 | [01;31m[K}[m[K;
      | [01;31m[K^[m[K
gmake[2]: *** [CMakeFiles/pose_tf_broadcaster.dir/build.make:76: CMakeFiles/pose_tf_broadcaster.dir/src/pose_tf_broadcaster.cpp.o] Error 1
gmake[1]: *** [CMakeFiles/Makefile2:137: CMakeFiles/pose_tf_broadcaster.dir/all] Error 2
gmake: *** [Makefile:146: all] Error 2
