[0.007s] Invoking command in '/home/jmj/pro_asp_ws/ugv_ws/build/gazebo_env_setup': CMAKE_PREFIX_PATH=/opt/ros/humble /usr/bin/cmake --build /home/jmj/pro_asp_ws/ugv_ws/build/gazebo_env_setup -- -j20 -l20
[0.043s] [ 50%] [32mBuilding CXX object CMakeFiles/pose_tf_broadcaster.dir/src/pose_tf_broadcaster.cpp.o[0m
[3.075s] [01m[K/home/jmj/pro_asp_ws/ugv_ws/src/gazebo_env_setup/src/pose_tf_broadcaster.cpp:[m[K In constructor ‘[01m[KPoseTFBroadcaster::PoseTFBroadcaster()[m[K’:
[3.075s] [01m[K/home/jmj/pro_asp_ws/ugv_ws/src/gazebo_env_setup/src/pose_tf_broadcaster.cpp:15:5:[m[K [01;31m[Kerror: [m[K‘[01m[Ktf_broadcaster_[m[K’ was not declared in this scope
[3.075s]    15 |     [01;31m[Ktf_broadcaster_[m[K = std::make_shared<tf2_ros::TransformBroadcaster>(this);
[3.075s]       |     [01;31m[K^~~~~~~~~~~~~~~[m[K
[3.075s] [01m[K/home/jmj/pro_asp_ws/ugv_ws/src/gazebo_env_setup/src/pose_tf_broadcaster.cpp:18:5:[m[K [01;31m[Kerror: [m[K‘[01m[Ksub_x1_static_[m[K’ was not declared in this scope
[3.075s]    18 |     [01;31m[Ksub_x1_static_[m[K = this->create_subscription<tf2_msgs::msg::TFMessage>(
[3.075s]       |     [01;31m[K^~~~~~~~~~~~~~[m[K
[3.075s] [01m[K/home/jmj/pro_asp_ws/ugv_ws/src/gazebo_env_setup/src/pose_tf_broadcaster.cpp:22:5:[m[K [01;31m[Kerror: [m[K‘[01m[Ksub_x1_dynamic_[m[K’ was not declared in this scope
[3.075s]    22 |     [01;31m[Ksub_x1_dynamic_[m[K = this->create_subscription<tf2_msgs::msg::TFMessage>(
[3.075s]       |     [01;31m[K^~~~~~~~~~~~~~~[m[K
[3.075s] [01m[K/home/jmj/pro_asp_ws/ugv_ws/src/gazebo_env_setup/src/pose_tf_broadcaster.cpp:26:5:[m[K [01;31m[Kerror: [m[K‘[01m[Ksub_x500_static_[m[K’ was not declared in this scope
[3.075s]    26 |     [01;31m[Ksub_x500_static_[m[K = this->create_subscription<tf2_msgs::msg::TFMessage>(
[3.075s]       |     [01;31m[K^~~~~~~~~~~~~~~~[m[K
[3.075s] [01m[K/home/jmj/pro_asp_ws/ugv_ws/src/gazebo_env_setup/src/pose_tf_broadcaster.cpp:30:5:[m[K [01;31m[Kerror: [m[K‘[01m[Ksub_x500_dynamic_[m[K’ was not declared in this scope
[3.075s]    30 |     [01;31m[Ksub_x500_dynamic_[m[K = this->create_subscription<tf2_msgs::msg::TFMessage>(
[3.075s]       |     [01;31m[K^~~~~~~~~~~~~~~~~[m[K
[3.075s] [01m[K/home/jmj/pro_asp_ws/ugv_ws/src/gazebo_env_setup/src/pose_tf_broadcaster.cpp:[m[K In member function ‘[01m[Kvoid PoseTFBroadcaster::pose_callback(tf2_msgs::msg::TFMessage_<std::allocator<void> >::SharedPtr)[m[K’:
[3.075s] [01m[K/home/jmj/pro_asp_ws/ugv_ws/src/gazebo_env_setup/src/pose_tf_broadcaster.cpp:46:7:[m[K [01;31m[Kerror: [m[K‘[01m[Ktf_broadcaster_[m[K’ was not declared in this scope
[3.075s]    46 |       [01;31m[Ktf_broadcaster_[m[K->sendTransform(transform);
[3.075s]       |       [01;31m[K^~~~~~~~~~~~~~~[m[K
[3.075s] [01m[K/home/jmj/pro_asp_ws/ugv_ws/src/gazebo_env_setup/src/pose_tf_broadcaster.cpp:[m[K At global scope:
[3.075s] [01m[K/home/jmj/pro_asp_ws/ugv_ws/src/gazebo_env_setup/src/pose_tf_broadcaster.cpp:71:50:[m[K [01;31m[Kerror: [m[Kinvalid declarator before ‘[01m[Ktf_broadcaster_[m[K’
[3.075s]    71 |   std::shared_ptr<tf2_ros::TransformBroadcaster> [01;31m[Ktf_broadcaster_[m[K;
[3.075s]       |                                                  [01;31m[K^~~~~~~~~~~~~~~[m[K
[3.075s] [01m[K/home/jmj/pro_asp_ws/ugv_ws/src/gazebo_env_setup/src/pose_tf_broadcaster.cpp:76:1:[m[K [01;31m[Kerror: [m[Kexpected declaration before ‘[01m[K}[m[K’ token
[3.076s]    76 | [01;31m[K}[m[K;
[3.076s]       | [01;31m[K^[m[K
[3.076s] gmake[2]: *** [CMakeFiles/pose_tf_broadcaster.dir/build.make:76: CMakeFiles/pose_tf_broadcaster.dir/src/pose_tf_broadcaster.cpp.o] Error 1
[3.076s] gmake[1]: *** [CMakeFiles/Makefile2:137: CMakeFiles/pose_tf_broadcaster.dir/all] Error 2
[3.076s] gmake: *** [Makefile:146: all] Error 2
[3.078s] Invoked command in '/home/jmj/pro_asp_ws/ugv_ws/build/gazebo_env_setup' returned '2': CMAKE_PREFIX_PATH=/opt/ros/humble /usr/bin/cmake --build /home/jmj/pro_asp_ws/ugv_ws/build/gazebo_env_setup -- -j20 -l20
