[0.017s] Invoking command in '/home/acdl1/competition_ws/ws_px4_controls/build/gazebo_env_setup': CMAKE_PREFIX_PATH=${CMAKE_PREFIX_PATH}:/opt/ros/humble /usr/bin/cmake /home/acdl1/competition_ws/ws_px4_controls/src/ugv_ws/src/gazebo_env_setup -DCMAKE_INSTALL_PREFIX=/home/acdl1/competition_ws/ws_px4_controls/install/gazebo_env_setup
[0.058s] -- The C compiler identification is GNU 11.4.0
[0.099s] -- The CXX compiler identification is GNU 11.4.0
[0.104s] -- Detecting C compiler ABI info
[0.154s] -- Detecting C compiler ABI info - done
[0.163s] -- Check for working C compiler: /usr/bin/cc - skipped
[0.163s] -- Detecting C compile features
[0.163s] -- Detecting C compile features - done
[0.165s] -- Detecting CXX compiler ABI info
[0.225s] -- Detecting CXX compiler ABI info - done
[0.230s] -- Check for working CXX compiler: /usr/bin/c++ - skipped
[0.231s] -- Detecting CXX compile features
[0.231s] -- Detecting CXX compile features - done
[0.232s] -- Found ament_cmake: 1.3.11 (/opt/ros/humble/share/ament_cmake/cmake)
[0.557s] -- Found Python3: /usr/bin/python3 (found version "3.10.12") found components: Interpreter 
[0.630s] -- Found rclcpp: 16.0.12 (/opt/ros/humble/share/rclcpp/cmake)
[0.658s] -- Found rosidl_generator_c: 3.1.6 (/opt/ros/humble/share/rosidl_generator_c/cmake)
[0.661s] -- Found rosidl_adapter: 3.1.6 (/opt/ros/humble/share/rosidl_adapter/cmake)
[0.666s] -- Found rosidl_generator_cpp: 3.1.6 (/opt/ros/humble/share/rosidl_generator_cpp/cmake)
[0.674s] -- Using all available rosidl_typesupport_c: rosidl_typesupport_fastrtps_c;rosidl_typesupport_introspection_c
[0.685s] -- Using all available rosidl_typesupport_cpp: rosidl_typesupport_fastrtps_cpp;rosidl_typesupport_introspection_cpp
[0.715s] -- Found rmw_implementation_cmake: 6.1.2 (/opt/ros/humble/share/rmw_implementation_cmake/cmake)
[0.717s] -- Found rmw_fastrtps_cpp: 6.2.7 (/opt/ros/humble/share/rmw_fastrtps_cpp/cmake)
[0.771s] -- Found OpenSSL: /usr/lib/x86_64-linux-gnu/libcrypto.so (found version "3.0.2")  
[0.794s] -- Found FastRTPS: /opt/ros/humble/include  
[0.833s] -- Using RMW implementation 'rmw_fastrtps_cpp' as default
[0.838s] -- Looking for pthread.h
[0.887s] -- Looking for pthread.h - found
[0.887s] -- Performing Test CMAKE_HAVE_LIBC_PTHREAD
[0.939s] -- Performing Test CMAKE_HAVE_LIBC_PTHREAD - Success
[0.939s] -- Found Threads: TRUE  
[1.004s] -- Found geometry_msgs: 4.8.0 (/opt/ros/humble/share/geometry_msgs/cmake)
[1.014s] -- Found tf2_ros: 0.25.12 (/opt/ros/humble/share/tf2_ros/cmake)
[1.152s] -- Configuring done
[1.159s] -- Generating done
[1.162s] -- Build files have been written to: /home/acdl1/competition_ws/ws_px4_controls/build/gazebo_env_setup
[1.173s] Invoked command in '/home/acdl1/competition_ws/ws_px4_controls/build/gazebo_env_setup' returned '0': CMAKE_PREFIX_PATH=${CMAKE_PREFIX_PATH}:/opt/ros/humble /usr/bin/cmake /home/acdl1/competition_ws/ws_px4_controls/src/ugv_ws/src/gazebo_env_setup -DCMAKE_INSTALL_PREFIX=/home/acdl1/competition_ws/ws_px4_controls/install/gazebo_env_setup
[1.174s] Invoking command in '/home/acdl1/competition_ws/ws_px4_controls/build/gazebo_env_setup': CMAKE_PREFIX_PATH=${CMAKE_PREFIX_PATH}:/opt/ros/humble /usr/bin/cmake --build /home/acdl1/competition_ws/ws_px4_controls/build/gazebo_env_setup -- -j16 -l16
[1.232s] [ 50%] [32mBuilding CXX object CMakeFiles/pose_tf_broadcaster.dir/src/pose_tf_broadcaster.cpp.o[0m
[13.520s] [100%] [32m[1mLinking CXX executable pose_tf_broadcaster[0m
[13.942s] [100%] Built target pose_tf_broadcaster
[13.951s] Invoked command in '/home/acdl1/competition_ws/ws_px4_controls/build/gazebo_env_setup' returned '0': CMAKE_PREFIX_PATH=${CMAKE_PREFIX_PATH}:/opt/ros/humble /usr/bin/cmake --build /home/acdl1/competition_ws/ws_px4_controls/build/gazebo_env_setup -- -j16 -l16
[13.953s] Invoking command in '/home/acdl1/competition_ws/ws_px4_controls/build/gazebo_env_setup': CMAKE_PREFIX_PATH=${CMAKE_PREFIX_PATH}:/opt/ros/humble /usr/bin/cmake --install /home/acdl1/competition_ws/ws_px4_controls/build/gazebo_env_setup
[13.960s] -- Install configuration: ""
[13.960s] -- Installing: /home/acdl1/competition_ws/ws_px4_controls/install/gazebo_env_setup/lib/gazebo_env_setup/pose_tf_broadcaster
[13.963s] -- Set runtime path of "/home/acdl1/competition_ws/ws_px4_controls/install/gazebo_env_setup/lib/gazebo_env_setup/pose_tf_broadcaster" to ""
[13.963s] -- Installing: /home/acdl1/competition_ws/ws_px4_controls/install/gazebo_env_setup/share/gazebo_env_setup/launch
[13.963s] -- Installing: /home/acdl1/competition_ws/ws_px4_controls/install/gazebo_env_setup/share/gazebo_env_setup/launch/pose_tf_broadcaster.launch.py
[13.963s] -- Installing: /home/acdl1/competition_ws/ws_px4_controls/install/gazebo_env_setup/share/gazebo_env_setup/launch/topic_bridge.launch.py
[13.963s] -- Installing: /home/acdl1/competition_ws/ws_px4_controls/install/gazebo_env_setup/share/gazebo_env_setup/launch/topic_bridge.launch copy.py
[13.963s] -- Installing: /home/acdl1/competition_ws/ws_px4_controls/install/gazebo_env_setup/share/ament_index/resource_index/package_run_dependencies/gazebo_env_setup
[13.963s] -- Installing: /home/acdl1/competition_ws/ws_px4_controls/install/gazebo_env_setup/share/ament_index/resource_index/parent_prefix_path/gazebo_env_setup
[13.963s] -- Installing: /home/acdl1/competition_ws/ws_px4_controls/install/gazebo_env_setup/share/gazebo_env_setup/environment/ament_prefix_path.sh
[13.963s] -- Installing: /home/acdl1/competition_ws/ws_px4_controls/install/gazebo_env_setup/share/gazebo_env_setup/environment/ament_prefix_path.dsv
[13.963s] -- Installing: /home/acdl1/competition_ws/ws_px4_controls/install/gazebo_env_setup/share/gazebo_env_setup/environment/path.sh
[13.963s] -- Installing: /home/acdl1/competition_ws/ws_px4_controls/install/gazebo_env_setup/share/gazebo_env_setup/environment/path.dsv
[13.964s] -- Installing: /home/acdl1/competition_ws/ws_px4_controls/install/gazebo_env_setup/share/gazebo_env_setup/local_setup.bash
[13.964s] -- Installing: /home/acdl1/competition_ws/ws_px4_controls/install/gazebo_env_setup/share/gazebo_env_setup/local_setup.sh
[13.964s] -- Installing: /home/acdl1/competition_ws/ws_px4_controls/install/gazebo_env_setup/share/gazebo_env_setup/local_setup.zsh
[13.964s] -- Installing: /home/acdl1/competition_ws/ws_px4_controls/install/gazebo_env_setup/share/gazebo_env_setup/local_setup.dsv
[13.964s] -- Installing: /home/acdl1/competition_ws/ws_px4_controls/install/gazebo_env_setup/share/gazebo_env_setup/package.dsv
[13.964s] -- Installing: /home/acdl1/competition_ws/ws_px4_controls/install/gazebo_env_setup/share/ament_index/resource_index/packages/gazebo_env_setup
[13.964s] -- Installing: /home/acdl1/competition_ws/ws_px4_controls/install/gazebo_env_setup/share/gazebo_env_setup/cmake/gazebo_env_setupConfig.cmake
[13.964s] -- Installing: /home/acdl1/competition_ws/ws_px4_controls/install/gazebo_env_setup/share/gazebo_env_setup/cmake/gazebo_env_setupConfig-version.cmake
[13.964s] -- Installing: /home/acdl1/competition_ws/ws_px4_controls/install/gazebo_env_setup/share/gazebo_env_setup/package.xml
[13.966s] Invoked command in '/home/acdl1/competition_ws/ws_px4_controls/build/gazebo_env_setup' returned '0': CMAKE_PREFIX_PATH=${CMAKE_PREFIX_PATH}:/opt/ros/humble /usr/bin/cmake --install /home/acdl1/competition_ws/ws_px4_controls/build/gazebo_env_setup
