[0.016s] Invoking command in '/home/acdl1/mj_ws/ws_px4_controls/build/drone_takeoff_pub': CMAKE_PREFIX_PATH=/opt/ros/humble /usr/bin/cmake --build /home/acdl1/mj_ws/ws_px4_controls/build/drone_takeoff_pub -- -j16 -l16
[0.063s] [35m[1mConsolidate compiler generated dependencies of target drone_takeoff_pub[0m
[0.085s] [100%] Built target drone_takeoff_pub
[0.125s] Invoked command in '/home/acdl1/mj_ws/ws_px4_controls/build/drone_takeoff_pub' returned '0': CMAKE_PREFIX_PATH=/opt/ros/humble /usr/bin/cmake --build /home/acdl1/mj_ws/ws_px4_controls/build/drone_takeoff_pub -- -j16 -l16
[0.126s] Invoking command in '/home/acdl1/mj_ws/ws_px4_controls/build/drone_takeoff_pub': CMAKE_PREFIX_PATH=/opt/ros/humble /usr/bin/cmake --install /home/acdl1/mj_ws/ws_px4_controls/build/drone_takeoff_pub
[0.139s] -- Install configuration: ""
[0.140s] -- Up-to-date: /home/acdl1/mj_ws/ws_px4_controls/install/drone_takeoff_pub/lib/drone_takeoff_pub/drone_takeoff_pub
[0.140s] -- Up-to-date: /home/acdl1/mj_ws/ws_px4_controls/install/drone_takeoff_pub/share/ament_index/resource_index/package_run_dependencies/drone_takeoff_pub
[0.140s] -- Up-to-date: /home/acdl1/mj_ws/ws_px4_controls/install/drone_takeoff_pub/share/ament_index/resource_index/parent_prefix_path/drone_takeoff_pub
[0.140s] -- Up-to-date: /home/acdl1/mj_ws/ws_px4_controls/install/drone_takeoff_pub/share/drone_takeoff_pub/environment/ament_prefix_path.sh
[0.140s] -- Up-to-date: /home/acdl1/mj_ws/ws_px4_controls/install/drone_takeoff_pub/share/drone_takeoff_pub/environment/ament_prefix_path.dsv
[0.140s] -- Up-to-date: /home/acdl1/mj_ws/ws_px4_controls/install/drone_takeoff_pub/share/drone_takeoff_pub/environment/path.sh
[0.140s] -- Up-to-date: /home/acdl1/mj_ws/ws_px4_controls/install/drone_takeoff_pub/share/drone_takeoff_pub/environment/path.dsv
[0.140s] -- Up-to-date: /home/acdl1/mj_ws/ws_px4_controls/install/drone_takeoff_pub/share/drone_takeoff_pub/local_setup.bash
[0.140s] -- Up-to-date: /home/acdl1/mj_ws/ws_px4_controls/install/drone_takeoff_pub/share/drone_takeoff_pub/local_setup.sh
[0.141s] -- Up-to-date: /home/acdl1/mj_ws/ws_px4_controls/install/drone_takeoff_pub/share/drone_takeoff_pub/local_setup.zsh
[0.141s] -- Up-to-date: /home/acdl1/mj_ws/ws_px4_controls/install/drone_takeoff_pub/share/drone_takeoff_pub/local_setup.dsv
[0.141s] -- Installing: /home/acdl1/mj_ws/ws_px4_controls/install/drone_takeoff_pub/share/drone_takeoff_pub/package.dsv
[0.141s] -- Up-to-date: /home/acdl1/mj_ws/ws_px4_controls/install/drone_takeoff_pub/share/ament_index/resource_index/packages/drone_takeoff_pub
[0.141s] -- Up-to-date: /home/acdl1/mj_ws/ws_px4_controls/install/drone_takeoff_pub/share/drone_takeoff_pub/cmake/drone_takeoff_pubConfig.cmake
[0.141s] -- Up-to-date: /home/acdl1/mj_ws/ws_px4_controls/install/drone_takeoff_pub/share/drone_takeoff_pub/cmake/drone_takeoff_pubConfig-version.cmake
[0.141s] -- Up-to-date: /home/acdl1/mj_ws/ws_px4_controls/install/drone_takeoff_pub/share/drone_takeoff_pub/package.xml
[0.157s] Invoked command in '/home/acdl1/mj_ws/ws_px4_controls/build/drone_takeoff_pub' returned '0': CMAKE_PREFIX_PATH=/opt/ros/humble /usr/bin/cmake --install /home/acdl1/mj_ws/ws_px4_controls/build/drone_takeoff_pub
