[0.020s] Invoking command in '/home/acdl1/competition_ws/ws_px4_controls/build/gazebo_env_setup': CMAKE_PREFIX_PATH=${CMAKE_PREFIX_PATH}:/opt/ros/humble /usr/bin/cmake --build /home/acdl1/competition_ws/ws_px4_controls/build/gazebo_env_setup -- -j16 -l16
[0.050s] [35m[1mConsolidate compiler generated dependencies of target pose_tf_broadcaster[0m
[0.073s] [100%] Built target pose_tf_broadcaster
[0.098s] Invoked command in '/home/acdl1/competition_ws/ws_px4_controls/build/gazebo_env_setup' returned '0': CMAKE_PREFIX_PATH=${CMAKE_PREFIX_PATH}:/opt/ros/humble /usr/bin/cmake --build /home/acdl1/competition_ws/ws_px4_controls/build/gazebo_env_setup -- -j16 -l16
[0.100s] Invoking command in '/home/acdl1/competition_ws/ws_px4_controls/build/gazebo_env_setup': CMAKE_PREFIX_PATH=${CMAKE_PREFIX_PATH}:/opt/ros/humble /usr/bin/cmake --install /home/acdl1/competition_ws/ws_px4_controls/build/gazebo_env_setup
[0.105s] -- Install configuration: ""
[0.105s] -- Up-to-date: /home/acdl1/competition_ws/ws_px4_controls/install/gazebo_env_setup/lib/gazebo_env_setup/pose_tf_broadcaster
[0.106s] -- Up-to-date: /home/acdl1/competition_ws/ws_px4_controls/install/gazebo_env_setup/share/gazebo_env_setup/launch
[0.106s] -- Up-to-date: /home/acdl1/competition_ws/ws_px4_controls/install/gazebo_env_setup/share/gazebo_env_setup/launch/pose_tf_broadcaster.launch.py
[0.107s] -- Up-to-date: /home/acdl1/competition_ws/ws_px4_controls/install/gazebo_env_setup/share/gazebo_env_setup/launch/topic_bridge.launch.py
[0.107s] -- Up-to-date: /home/acdl1/competition_ws/ws_px4_controls/install/gazebo_env_setup/share/gazebo_env_setup/launch/topic_bridge.launch copy.py
[0.108s] -- Up-to-date: /home/acdl1/competition_ws/ws_px4_controls/install/gazebo_env_setup/share/ament_index/resource_index/package_run_dependencies/gazebo_env_setup
[0.108s] -- Up-to-date: /home/acdl1/competition_ws/ws_px4_controls/install/gazebo_env_setup/share/ament_index/resource_index/parent_prefix_path/gazebo_env_setup
[0.108s] -- Up-to-date: /home/acdl1/competition_ws/ws_px4_controls/install/gazebo_env_setup/share/gazebo_env_setup/environment/ament_prefix_path.sh
[0.108s] -- Up-to-date: /home/acdl1/competition_ws/ws_px4_controls/install/gazebo_env_setup/share/gazebo_env_setup/environment/ament_prefix_path.dsv
[0.109s] -- Up-to-date: /home/acdl1/competition_ws/ws_px4_controls/install/gazebo_env_setup/share/gazebo_env_setup/environment/path.sh
[0.109s] -- Up-to-date: /home/acdl1/competition_ws/ws_px4_controls/install/gazebo_env_setup/share/gazebo_env_setup/environment/path.dsv
[0.109s] -- Up-to-date: /home/acdl1/competition_ws/ws_px4_controls/install/gazebo_env_setup/share/gazebo_env_setup/local_setup.bash
[0.110s] -- Up-to-date: /home/acdl1/competition_ws/ws_px4_controls/install/gazebo_env_setup/share/gazebo_env_setup/local_setup.sh
[0.110s] -- Up-to-date: /home/acdl1/competition_ws/ws_px4_controls/install/gazebo_env_setup/share/gazebo_env_setup/local_setup.zsh
[0.110s] -- Up-to-date: /home/acdl1/competition_ws/ws_px4_controls/install/gazebo_env_setup/share/gazebo_env_setup/local_setup.dsv
[0.111s] -- Installing: /home/acdl1/competition_ws/ws_px4_controls/install/gazebo_env_setup/share/gazebo_env_setup/package.dsv
[0.111s] -- Up-to-date: /home/acdl1/competition_ws/ws_px4_controls/install/gazebo_env_setup/share/ament_index/resource_index/packages/gazebo_env_setup
[0.111s] -- Up-to-date: /home/acdl1/competition_ws/ws_px4_controls/install/gazebo_env_setup/share/gazebo_env_setup/cmake/gazebo_env_setupConfig.cmake
[0.111s] -- Up-to-date: /home/acdl1/competition_ws/ws_px4_controls/install/gazebo_env_setup/share/gazebo_env_setup/cmake/gazebo_env_setupConfig-version.cmake
[0.111s] -- Up-to-date: /home/acdl1/competition_ws/ws_px4_controls/install/gazebo_env_setup/share/gazebo_env_setup/package.xml
[0.141s] Invoked command in '/home/acdl1/competition_ws/ws_px4_controls/build/gazebo_env_setup' returned '0': CMAKE_PREFIX_PATH=${CMAKE_PREFIX_PATH}:/opt/ros/humble /usr/bin/cmake --install /home/acdl1/competition_ws/ws_px4_controls/build/gazebo_env_setup
