[0.019s] Invoking command in '/home/acdl1/competition_ws/ws_px4_controls/build/image_geometry': CMAKE_PREFIX_PATH=${CMAKE_PREFIX_PATH}:/opt/ros/humble /usr/bin/cmake /home/acdl1/competition_ws/ws_px4_controls/src/ws_aruco/src/vision_opencv/image_geometry -DCMAKE_INSTALL_PREFIX=/home/acdl1/competition_ws/ws_px4_controls/install/image_geometry
[0.057s] -- The C compiler identification is GNU 11.4.0
[0.113s] -- The CXX compiler identification is GNU 11.4.0
[0.118s] -- Detecting C compiler ABI info
[0.168s] -- Detecting C compiler ABI info - done
[0.174s] -- Check for working C compiler: /usr/bin/cc - skipped
[0.174s] -- Detecting C compile features
[0.174s] -- Detecting C compile features - done
[0.176s] -- Detecting CXX compiler ABI info
[0.236s] -- Detecting CXX compiler ABI info - done
[0.241s] -- Check for working CXX compiler: /usr/bin/c++ - skipped
[0.241s] -- Detecting CXX compile features
[0.241s] -- Detecting CXX compile features - done
[0.243s] -- Found ament_cmake_python: 1.3.11 (/opt/ros/humble/share/ament_cmake_python/cmake)
[0.244s] -- Found ament_cmake_ros: 0.10.0 (/opt/ros/humble/share/ament_cmake_ros/cmake)
[0.595s] -- Found Python3: /usr/bin/python3 (found version "3.10.12") found components: Interpreter 
[0.736s] -- Found OpenCV: /usr (found version "4.5.4") found components: calib3d core highgui imgproc 
[0.737s] -- Found sensor_msgs: 4.8.0 (/opt/ros/humble/share/sensor_msgs/cmake)
[0.773s] -- Found rosidl_generator_c: 3.1.6 (/opt/ros/humble/share/rosidl_generator_c/cmake)
[0.779s] -- Found rosidl_adapter: 3.1.6 (/opt/ros/humble/share/rosidl_adapter/cmake)
[0.788s] -- Found rosidl_generator_cpp: 3.1.6 (/opt/ros/humble/share/rosidl_generator_cpp/cmake)
[0.802s] -- Using all available rosidl_typesupport_c: rosidl_typesupport_fastrtps_c;rosidl_typesupport_introspection_c
[0.819s] -- Using all available rosidl_typesupport_cpp: rosidl_typesupport_fastrtps_cpp;rosidl_typesupport_introspection_cpp
[0.880s] -- Found gtest sources under '/opt/ros/humble/src/gtest_vendor': C++ tests using 'Google Test' will be built
[0.882s] -- Looking for pthread.h
[0.933s] -- Looking for pthread.h - found
[0.933s] -- Performing Test CMAKE_HAVE_LIBC_PTHREAD
[0.984s] -- Performing Test CMAKE_HAVE_LIBC_PTHREAD - Success
[0.984s] -- Found Threads: TRUE  
[1.035s] -- Configuring done
[1.045s] -- Generating done
[1.049s] -- Build files have been written to: /home/acdl1/competition_ws/ws_px4_controls/build/image_geometry
[1.055s] Invoked command in '/home/acdl1/competition_ws/ws_px4_controls/build/image_geometry' returned '0': CMAKE_PREFIX_PATH=${CMAKE_PREFIX_PATH}:/opt/ros/humble /usr/bin/cmake /home/acdl1/competition_ws/ws_px4_controls/src/ws_aruco/src/vision_opencv/image_geometry -DCMAKE_INSTALL_PREFIX=/home/acdl1/competition_ws/ws_px4_controls/install/image_geometry
[1.057s] Invoking command in '/home/acdl1/competition_ws/ws_px4_controls/build/image_geometry': CMAKE_PREFIX_PATH=${CMAKE_PREFIX_PATH}:/opt/ros/humble /usr/bin/cmake --build /home/acdl1/competition_ws/ws_px4_controls/build/image_geometry -- -j16 -l16
[1.091s] [ 22%] [32mBuilding CXX object CMakeFiles/image_geometry.dir/src/pinhole_camera_model.cpp.o[0m
[1.091s] [ 22%] [32mBuilding CXX object gtest/CMakeFiles/gtest.dir/src/gtest-all.cc.o[0m
[1.093s] [ 33%] [32mBuilding CXX object gtest/CMakeFiles/gtest_main.dir/src/gtest_main.cc.o[0m
[1.093s] [ 44%] [32mBuilding CXX object CMakeFiles/image_geometry.dir/src/stereo_camera_model.cpp.o[0m
[1.103s] [ 44%] Built target ament_cmake_python_copy_image_geometry
[1.323s] running egg_info
[1.346s] creating image_geometry.egg-info
[1.346s] writing image_geometry.egg-info/PKG-INFO
[1.346s] writing dependency_links to image_geometry.egg-info/dependency_links.txt
[1.346s] writing top-level names to image_geometry.egg-info/top_level.txt
[1.347s] writing manifest file 'image_geometry.egg-info/SOURCES.txt'
[1.395s] reading manifest file 'image_geometry.egg-info/SOURCES.txt'
[1.395s] writing manifest file 'image_geometry.egg-info/SOURCES.txt'
[1.432s] [ 44%] Built target ament_cmake_python_build_image_geometry_egg
[1.884s] [ 55%] [32m[1mLinking CXX static library libgtest_main.a[0m
[2.030s] [ 55%] Built target gtest_main
[2.933s] [ 66%] [32m[1mLinking CXX shared library libimage_geometry.so[0m
[3.155s] [ 66%] Built target image_geometry
[4.952s] [ 77%] [32m[1mLinking CXX static library libgtest.a[0m
[5.163s] [ 77%] Built target gtest
[5.217s] [ 88%] [32mBuilding CXX object CMakeFiles/image_geometry-utest.dir/test/utest.cpp.o[0m
[7.682s] [100%] [32m[1mLinking CXX executable image_geometry-utest[0m
[8.085s] [100%] Built target image_geometry-utest
[8.117s] Invoked command in '/home/acdl1/competition_ws/ws_px4_controls/build/image_geometry' returned '0': CMAKE_PREFIX_PATH=${CMAKE_PREFIX_PATH}:/opt/ros/humble /usr/bin/cmake --build /home/acdl1/competition_ws/ws_px4_controls/build/image_geometry -- -j16 -l16
[8.130s] Invoking command in '/home/acdl1/competition_ws/ws_px4_controls/build/image_geometry': CMAKE_PREFIX_PATH=${CMAKE_PREFIX_PATH}:/opt/ros/humble /usr/bin/cmake --install /home/acdl1/competition_ws/ws_px4_controls/build/image_geometry
[8.143s] -- Install configuration: ""
[8.143s] -- Installing: /home/acdl1/competition_ws/ws_px4_controls/install/image_geometry/share/image_geometry/environment/pythonpath.sh
[8.143s] -- Installing: /home/acdl1/competition_ws/ws_px4_controls/install/image_geometry/share/image_geometry/environment/pythonpath.dsv
[8.144s] -- Installing: /home/acdl1/competition_ws/ws_px4_controls/install/image_geometry/local/lib/python3.10/dist-packages/image_geometry-3.2.1-py3.10.egg-info
[8.144s] -- Installing: /home/acdl1/competition_ws/ws_px4_controls/install/image_geometry/local/lib/python3.10/dist-packages/image_geometry-3.2.1-py3.10.egg-info/SOURCES.txt
[8.144s] -- Installing: /home/acdl1/competition_ws/ws_px4_controls/install/image_geometry/local/lib/python3.10/dist-packages/image_geometry-3.2.1-py3.10.egg-info/PKG-INFO
[8.144s] -- Installing: /home/acdl1/competition_ws/ws_px4_controls/install/image_geometry/local/lib/python3.10/dist-packages/image_geometry-3.2.1-py3.10.egg-info/dependency_links.txt
[8.144s] -- Installing: /home/acdl1/competition_ws/ws_px4_controls/install/image_geometry/local/lib/python3.10/dist-packages/image_geometry-3.2.1-py3.10.egg-info/top_level.txt
[8.144s] -- Installing: /home/acdl1/competition_ws/ws_px4_controls/install/image_geometry/local/lib/python3.10/dist-packages/image_geometry
[8.144s] -- Installing: /home/acdl1/competition_ws/ws_px4_controls/install/image_geometry/local/lib/python3.10/dist-packages/image_geometry/cameramodels.py
[8.144s] -- Installing: /home/acdl1/competition_ws/ws_px4_controls/install/image_geometry/local/lib/python3.10/dist-packages/image_geometry/__init__.py
[8.186s] Listing '/home/acdl1/competition_ws/ws_px4_controls/install/image_geometry/local/lib/python3.10/dist-packages/image_geometry'...
[8.186s] Compiling '/home/acdl1/competition_ws/ws_px4_controls/install/image_geometry/local/lib/python3.10/dist-packages/image_geometry/__init__.py'...
[8.186s] Compiling '/home/acdl1/competition_ws/ws_px4_controls/install/image_geometry/local/lib/python3.10/dist-packages/image_geometry/cameramodels.py'...
[8.196s] -- Installing: /home/acdl1/competition_ws/ws_px4_controls/install/image_geometry/include/image_geometry
[8.196s] -- Installing: /home/acdl1/competition_ws/ws_px4_controls/install/image_geometry/include/image_geometry/image_geometry
[8.196s] -- Installing: /home/acdl1/competition_ws/ws_px4_controls/install/image_geometry/include/image_geometry/image_geometry/pinhole_camera_model.h
[8.197s] -- Installing: /home/acdl1/competition_ws/ws_px4_controls/install/image_geometry/include/image_geometry/image_geometry/stereo_camera_model.h
[8.198s] -- Installing: /home/acdl1/competition_ws/ws_px4_controls/install/image_geometry/include/image_geometry/image_geometry/visibility_control.hpp
[8.198s] -- Installing: /home/acdl1/competition_ws/ws_px4_controls/install/image_geometry/lib/libimage_geometry.so
[8.199s] -- Set runtime path of "/home/acdl1/competition_ws/ws_px4_controls/install/image_geometry/lib/libimage_geometry.so" to ""
[8.199s] -- Installing: /home/acdl1/competition_ws/ws_px4_controls/install/image_geometry/share/ament_index/resource_index/package_run_dependencies/image_geometry
[8.199s] -- Installing: /home/acdl1/competition_ws/ws_px4_controls/install/image_geometry/share/ament_index/resource_index/parent_prefix_path/image_geometry
[8.200s] -- Installing: /home/acdl1/competition_ws/ws_px4_controls/install/image_geometry/share/image_geometry/environment/ament_prefix_path.sh
[8.200s] -- Installing: /home/acdl1/competition_ws/ws_px4_controls/install/image_geometry/share/image_geometry/environment/ament_prefix_path.dsv
[8.200s] -- Installing: /home/acdl1/competition_ws/ws_px4_controls/install/image_geometry/share/image_geometry/environment/path.sh
[8.203s] -- Installing: /home/acdl1/competition_ws/ws_px4_controls/install/image_geometry/share/image_geometry/environment/path.dsv
[8.203s] -- Installing: /home/acdl1/competition_ws/ws_px4_controls/install/image_geometry/share/image_geometry/local_setup.bash
[8.203s] -- Installing: /home/acdl1/competition_ws/ws_px4_controls/install/image_geometry/share/image_geometry/local_setup.sh
[8.203s] -- Installing: /home/acdl1/competition_ws/ws_px4_controls/install/image_geometry/share/image_geometry/local_setup.zsh
[8.203s] -- Installing: /home/acdl1/competition_ws/ws_px4_controls/install/image_geometry/share/image_geometry/local_setup.dsv
[8.203s] -- Installing: /home/acdl1/competition_ws/ws_px4_controls/install/image_geometry/share/image_geometry/package.dsv
[8.204s] -- Installing: /home/acdl1/competition_ws/ws_px4_controls/install/image_geometry/share/ament_index/resource_index/packages/image_geometry
[8.204s] -- Installing: /home/acdl1/competition_ws/ws_px4_controls/install/image_geometry/share/image_geometry/cmake/export_image_geometryExport.cmake
[8.204s] -- Installing: /home/acdl1/competition_ws/ws_px4_controls/install/image_geometry/share/image_geometry/cmake/export_image_geometryExport-noconfig.cmake
[8.204s] -- Installing: /home/acdl1/competition_ws/ws_px4_controls/install/image_geometry/share/image_geometry/cmake/ament_cmake_export_targets-extras.cmake
[8.204s] -- Installing: /home/acdl1/competition_ws/ws_px4_controls/install/image_geometry/share/image_geometry/cmake/ament_cmake_export_dependencies-extras.cmake
[8.206s] -- Installing: /home/acdl1/competition_ws/ws_px4_controls/install/image_geometry/share/image_geometry/cmake/image_geometryConfig.cmake
[8.206s] -- Installing: /home/acdl1/competition_ws/ws_px4_controls/install/image_geometry/share/image_geometry/cmake/image_geometryConfig-version.cmake
[8.206s] -- Installing: /home/acdl1/competition_ws/ws_px4_controls/install/image_geometry/share/image_geometry/package.xml
[8.215s] Invoked command in '/home/acdl1/competition_ws/ws_px4_controls/build/image_geometry' returned '0': CMAKE_PREFIX_PATH=${CMAKE_PREFIX_PATH}:/opt/ros/humble /usr/bin/cmake --install /home/acdl1/competition_ws/ws_px4_controls/build/image_geometry
