[0.011s] Invoking command in '/home/jmj/pro_asp_ws/ws_aruco/build/cv_bridge': CMAKE_PREFIX_PATH=${CMAKE_PREFIX_PATH}:/home/jmj/pro_asp_ws/ws_aruco/install/opencv_tests:/opt/ros/humble /usr/bin/cmake /home/jmj/pro_asp_ws/ws_aruco/src/vision_opencv/cv_bridge -DCMAKE_INSTALL_PREFIX=/home/jmj/pro_asp_ws/ws_aruco/install/cv_bridge
[0.064s] -- The C compiler identification is GNU 11.4.0
[0.110s] -- The CXX compiler identification is GNU 11.4.0
[0.117s] -- Detecting C compiler ABI info
[0.159s] -- Detecting C compiler ABI info - done
[0.164s] -- Check for working C compiler: /usr/lib/ccache/gcc - skipped
[0.164s] -- Detecting C compile features
[0.164s] -- Detecting C compile features - done
[0.167s] -- Detecting CXX compiler ABI info
[0.215s] -- Detecting CXX compiler ABI info - done
[0.220s] -- Check for working CXX compiler: /usr/lib/ccache/g++ - skipped
[0.220s] -- Detecting CXX compile features
[0.220s] -- Detecting CXX compile features - done
[0.221s] -- Found ament_cmake_ros: 0.10.0 (/opt/ros/humble/share/ament_cmake_ros/cmake)
[0.345s] -- Found Python3: /usr/bin/python3 (found version "3.10.12") found components: Interpreter 
[0.833s] -- Found Python3: /usr/include/python3.10 (found version "3.10.12") found components: Development NumPy Interpreter Development.Module Development.Embed 
[0.846s] -- Found Boost: /usr/lib/x86_64-linux-gnu/cmake/Boost-1.74.0/BoostConfig.cmake (found version "1.74.0") found components: python310 
[0.848s] -- Found rcpputils: 2.4.5 (/opt/ros/humble/share/rcpputils/cmake)
[0.858s] -- Found sensor_msgs: 4.8.0 (/opt/ros/humble/share/sensor_msgs/cmake)
[0.876s] -- Found rosidl_generator_c: 3.1.6 (/opt/ros/humble/share/rosidl_generator_c/cmake)
[0.881s] -- Found rosidl_adapter: 3.1.6 (/opt/ros/humble/share/rosidl_adapter/cmake)
[0.889s] -- Found rosidl_generator_cpp: 3.1.6 (/opt/ros/humble/share/rosidl_generator_cpp/cmake)
[0.900s] -- Using all available rosidl_typesupport_c: rosidl_typesupport_fastrtps_c;rosidl_typesupport_introspection_c
[0.911s] -- Using all available rosidl_typesupport_cpp: rosidl_typesupport_fastrtps_cpp;rosidl_typesupport_introspection_cpp
[1.035s] -- Performing Test COMPILER_HAS_HIDDEN_VISIBILITY
[1.087s] -- Performing Test COMPILER_HAS_HIDDEN_VISIBILITY - Success
[1.088s] -- Performing Test COMPILER_HAS_HIDDEN_INLINE_VISIBILITY
[1.155s] -- Performing Test COMPILER_HAS_HIDDEN_INLINE_VISIBILITY - Success
[1.155s] -- Performing Test COMPILER_HAS_DEPRECATED_ATTR
[1.211s] -- Performing Test COMPILER_HAS_DEPRECATED_ATTR - Success
[1.215s] -- Found ament_lint_auto: 0.12.12 (/opt/ros/humble/share/ament_lint_auto/cmake)
[1.272s] -- Found gtest sources under '/opt/ros/humble/src/gtest_vendor': C++ tests using 'Google Test' will be built
[1.273s] -- Looking for pthread.h
[1.322s] -- Looking for pthread.h - found
[1.322s] -- Performing Test CMAKE_HAVE_LIBC_PTHREAD
[1.377s] -- Performing Test CMAKE_HAVE_LIBC_PTHREAD - Success
[1.378s] -- Found Threads: TRUE  
[2.687s] -- Configuring done
[2.698s] -- Generating done
[2.702s] -- Build files have been written to: /home/jmj/pro_asp_ws/ws_aruco/build/cv_bridge
[2.710s] Invoked command in '/home/jmj/pro_asp_ws/ws_aruco/build/cv_bridge' returned '0': CMAKE_PREFIX_PATH=${CMAKE_PREFIX_PATH}:/home/jmj/pro_asp_ws/ws_aruco/install/opencv_tests:/opt/ros/humble /usr/bin/cmake /home/jmj/pro_asp_ws/ws_aruco/src/vision_opencv/cv_bridge -DCMAKE_INSTALL_PREFIX=/home/jmj/pro_asp_ws/ws_aruco/install/cv_bridge
[2.712s] Invoking command in '/home/jmj/pro_asp_ws/ws_aruco/build/cv_bridge': CMAKE_PREFIX_PATH=${CMAKE_PREFIX_PATH}:/home/jmj/pro_asp_ws/ws_aruco/install/opencv_tests:/opt/ros/humble /usr/bin/cmake --build /home/jmj/pro_asp_ws/ws_aruco/build/cv_bridge -- -j20 -l20
[2.760s] [ 18%] [32mBuilding CXX object gtest/CMakeFiles/gtest.dir/src/gtest-all.cc.o[0m
[2.760s] [ 18%] [32mBuilding CXX object src/CMakeFiles/cv_bridge.dir/cv_bridge.cpp.o[0m
[2.760s] [ 18%] [32mBuilding CXX object gtest/CMakeFiles/gtest_main.dir/src/gtest_main.cc.o[0m
[2.763s] [ 25%] [32mBuilding CXX object src/CMakeFiles/cv_bridge.dir/rgb_colors.cpp.o[0m
[2.768s] [ 25%] Built target ament_cmake_python_copy_cv_bridge
[2.776s] [ 31%] [32m[1mLinking CXX static library libgtest_main.a[0m
[2.777s] [ 37%] [32m[1mLinking CXX static library libgtest.a[0m
[2.779s] [ 43%] [32m[1mLinking CXX shared library libcv_bridge.so[0m
[2.828s] [ 43%] Built target gtest_main
[2.854s] [ 43%] Built target gtest
[2.902s] [ 43%] Built target cv_bridge
[2.917s] [ 62%] [32mBuilding CXX object test/CMakeFiles/cv_bridge-utest.dir/utest2.cpp.o[0m
[2.917s] [ 62%] [32mBuilding CXX object src/CMakeFiles/cv_bridge_boost.dir/module.cpp.o[0m
[2.917s] [ 62%] [32mBuilding CXX object test/CMakeFiles/cv_bridge-utest.dir/utest.cpp.o[0m
[2.917s] [ 75%] [32mBuilding CXX object test/CMakeFiles/cv_bridge-utest.dir/test_rgb_colors.cpp.o[0m
[2.917s] [ 81%] [32mBuilding CXX object src/CMakeFiles/cv_bridge_boost.dir/module_opencv3.cpp.o[0m
[2.917s] [ 81%] [32mBuilding CXX object test/CMakeFiles/cv_bridge-utest.dir/test_compression.cpp.o[0m
[2.918s] [ 87%] [32mBuilding CXX object test/CMakeFiles/cv_bridge-utest.dir/test_endian.cpp.o[0m
[2.934s] [ 93%] [32m[1mLinking CXX executable cv_bridge-utest[0m
[2.939s] [100%] [32m[1mLinking CXX shared module boost/cv_bridge_boost.so[0m
[2.960s] running egg_info
[2.961s] creating cv_bridge.egg-info
[2.961s] writing cv_bridge.egg-info/PKG-INFO
[2.961s] writing dependency_links to cv_bridge.egg-info/dependency_links.txt
[2.961s] writing top-level names to cv_bridge.egg-info/top_level.txt
[2.962s] writing manifest file 'cv_bridge.egg-info/SOURCES.txt'
[2.964s] reading manifest file 'cv_bridge.egg-info/SOURCES.txt'
[2.964s] writing manifest file 'cv_bridge.egg-info/SOURCES.txt'
[2.999s] [100%] Built target ament_cmake_python_build_cv_bridge_egg
[3.057s] [100%] Built target cv_bridge_boost
[3.307s] [100%] Built target cv_bridge-utest
[3.316s] Invoked command in '/home/jmj/pro_asp_ws/ws_aruco/build/cv_bridge' returned '0': CMAKE_PREFIX_PATH=${CMAKE_PREFIX_PATH}:/home/jmj/pro_asp_ws/ws_aruco/install/opencv_tests:/opt/ros/humble /usr/bin/cmake --build /home/jmj/pro_asp_ws/ws_aruco/build/cv_bridge -- -j20 -l20
[3.317s] Invoking command in '/home/jmj/pro_asp_ws/ws_aruco/build/cv_bridge': CMAKE_PREFIX_PATH=${CMAKE_PREFIX_PATH}:/home/jmj/pro_asp_ws/ws_aruco/install/opencv_tests:/opt/ros/humble /usr/bin/cmake --install /home/jmj/pro_asp_ws/ws_aruco/build/cv_bridge
[3.323s] -- Install configuration: ""
[3.323s] -- Installing: /home/jmj/pro_asp_ws/ws_aruco/install/cv_bridge/share/cv_bridge/environment/pythonpath.sh
[3.323s] -- Installing: /home/jmj/pro_asp_ws/ws_aruco/install/cv_bridge/share/cv_bridge/environment/pythonpath.dsv
[3.323s] -- Installing: /home/jmj/pro_asp_ws/ws_aruco/install/cv_bridge/local/lib/python3.10/dist-packages/cv_bridge-3.2.1-py3.10.egg-info
[3.323s] -- Installing: /home/jmj/pro_asp_ws/ws_aruco/install/cv_bridge/local/lib/python3.10/dist-packages/cv_bridge-3.2.1-py3.10.egg-info/dependency_links.txt
[3.323s] -- Installing: /home/jmj/pro_asp_ws/ws_aruco/install/cv_bridge/local/lib/python3.10/dist-packages/cv_bridge-3.2.1-py3.10.egg-info/top_level.txt
[3.323s] -- Installing: /home/jmj/pro_asp_ws/ws_aruco/install/cv_bridge/local/lib/python3.10/dist-packages/cv_bridge-3.2.1-py3.10.egg-info/PKG-INFO
[3.323s] -- Installing: /home/jmj/pro_asp_ws/ws_aruco/install/cv_bridge/local/lib/python3.10/dist-packages/cv_bridge-3.2.1-py3.10.egg-info/SOURCES.txt
[3.323s] -- Installing: /home/jmj/pro_asp_ws/ws_aruco/install/cv_bridge/local/lib/python3.10/dist-packages/cv_bridge
[3.323s] -- Installing: /home/jmj/pro_asp_ws/ws_aruco/install/cv_bridge/local/lib/python3.10/dist-packages/cv_bridge/__init__.py
[3.323s] -- Installing: /home/jmj/pro_asp_ws/ws_aruco/install/cv_bridge/local/lib/python3.10/dist-packages/cv_bridge/core.py
[3.360s] Listing '/home/jmj/pro_asp_ws/ws_aruco/install/cv_bridge/local/lib/python3.10/dist-packages/cv_bridge'...
[3.360s] Compiling '/home/jmj/pro_asp_ws/ws_aruco/install/cv_bridge/local/lib/python3.10/dist-packages/cv_bridge/__init__.py'...
[3.360s] Compiling '/home/jmj/pro_asp_ws/ws_aruco/install/cv_bridge/local/lib/python3.10/dist-packages/cv_bridge/core.py'...
[3.364s] -- Installing: /home/jmj/pro_asp_ws/ws_aruco/install/cv_bridge/lib/libcv_bridge.so
[3.365s] -- Set runtime path of "/home/jmj/pro_asp_ws/ws_aruco/install/cv_bridge/lib/libcv_bridge.so" to ""
[3.365s] -- Installing: /home/jmj/pro_asp_ws/ws_aruco/install/cv_bridge/include/cv_bridge/cv_bridge/cv_bridge_export.h
[3.365s] -- Installing: /home/jmj/pro_asp_ws/ws_aruco/install/cv_bridge/local/lib/python3.10/dist-packages/cv_bridge/boost/cv_bridge_boost.so
[3.365s] -- Set runtime path of "/home/jmj/pro_asp_ws/ws_aruco/install/cv_bridge/local/lib/python3.10/dist-packages/cv_bridge/boost/cv_bridge_boost.so" to ""
[3.365s] -- Up-to-date: /home/jmj/pro_asp_ws/ws_aruco/install/cv_bridge/include/cv_bridge
[3.365s] -- Up-to-date: /home/jmj/pro_asp_ws/ws_aruco/install/cv_bridge/include/cv_bridge/cv_bridge
[3.365s] -- Installing: /home/jmj/pro_asp_ws/ws_aruco/install/cv_bridge/include/cv_bridge/cv_bridge/cv_bridge.h
[3.365s] -- Installing: /home/jmj/pro_asp_ws/ws_aruco/install/cv_bridge/include/cv_bridge/cv_bridge/rgb_colors.h
[3.365s] -- Up-to-date: /home/jmj/pro_asp_ws/ws_aruco/install/cv_bridge/lib/libcv_bridge.so
[3.365s] -- Installing: /home/jmj/pro_asp_ws/ws_aruco/install/cv_bridge/share/ament_index/resource_index/package_run_dependencies/cv_bridge
[3.365s] -- Installing: /home/jmj/pro_asp_ws/ws_aruco/install/cv_bridge/share/ament_index/resource_index/parent_prefix_path/cv_bridge
[3.365s] -- Installing: /home/jmj/pro_asp_ws/ws_aruco/install/cv_bridge/share/cv_bridge/environment/ament_prefix_path.sh
[3.366s] -- Installing: /home/jmj/pro_asp_ws/ws_aruco/install/cv_bridge/share/cv_bridge/environment/ament_prefix_path.dsv
[3.366s] -- Installing: /home/jmj/pro_asp_ws/ws_aruco/install/cv_bridge/share/cv_bridge/environment/path.sh
[3.366s] -- Installing: /home/jmj/pro_asp_ws/ws_aruco/install/cv_bridge/share/cv_bridge/environment/path.dsv
[3.366s] -- Installing: /home/jmj/pro_asp_ws/ws_aruco/install/cv_bridge/share/cv_bridge/local_setup.bash
[3.366s] -- Installing: /home/jmj/pro_asp_ws/ws_aruco/install/cv_bridge/share/cv_bridge/local_setup.sh
[3.366s] -- Installing: /home/jmj/pro_asp_ws/ws_aruco/install/cv_bridge/share/cv_bridge/local_setup.zsh
[3.366s] -- Installing: /home/jmj/pro_asp_ws/ws_aruco/install/cv_bridge/share/cv_bridge/local_setup.dsv
[3.366s] -- Installing: /home/jmj/pro_asp_ws/ws_aruco/install/cv_bridge/share/cv_bridge/package.dsv
[3.366s] -- Installing: /home/jmj/pro_asp_ws/ws_aruco/install/cv_bridge/share/ament_index/resource_index/packages/cv_bridge
[3.366s] -- Installing: /home/jmj/pro_asp_ws/ws_aruco/install/cv_bridge/share/cv_bridge/cmake/export_cv_bridgeExport.cmake
[3.366s] -- Installing: /home/jmj/pro_asp_ws/ws_aruco/install/cv_bridge/share/cv_bridge/cmake/export_cv_bridgeExport-noconfig.cmake
[3.366s] -- Installing: /home/jmj/pro_asp_ws/ws_aruco/install/cv_bridge/share/cv_bridge/cmake/cv_bridge-extras.cmake
[3.366s] -- Installing: /home/jmj/pro_asp_ws/ws_aruco/install/cv_bridge/share/cv_bridge/cmake/ament_cmake_export_dependencies-extras.cmake
[3.366s] -- Installing: /home/jmj/pro_asp_ws/ws_aruco/install/cv_bridge/share/cv_bridge/cmake/ament_cmake_export_targets-extras.cmake
[3.367s] -- Installing: /home/jmj/pro_asp_ws/ws_aruco/install/cv_bridge/share/cv_bridge/cmake/cv_bridgeConfig.cmake
[3.367s] -- Installing: /home/jmj/pro_asp_ws/ws_aruco/install/cv_bridge/share/cv_bridge/cmake/cv_bridgeConfig-version.cmake
[3.367s] -- Installing: /home/jmj/pro_asp_ws/ws_aruco/install/cv_bridge/share/cv_bridge/package.xml
[3.369s] Invoked command in '/home/jmj/pro_asp_ws/ws_aruco/build/cv_bridge' returned '0': CMAKE_PREFIX_PATH=${CMAKE_PREFIX_PATH}:/home/jmj/pro_asp_ws/ws_aruco/install/opencv_tests:/opt/ros/humble /usr/bin/cmake --install /home/jmj/pro_asp_ws/ws_aruco/build/cv_bridge
