[0.084s] DEBUG:colcon:Command line arguments: ['/usr/bin/colcon', 'build']
[0.084s] DEBUG:colcon:Parsed command line arguments: Namespace(log_base=None, log_level=None, verb_name='build', build_base='build', install_base='install', merge_install=False, symlink_install=False, test_result_base=None, continue_on_error=False, executor='parallel', parallel_workers=20, event_handlers=None, ignore_user_meta=False, metas=['./colcon.meta'], base_paths=['.'], packages_ignore=None, packages_ignore_regex=None, paths=None, packages_up_to=None, packages_up_to_regex=None, packages_above=None, packages_above_and_dependencies=None, packages_above_depth=None, packages_select_by_dep=None, packages_skip_by_dep=None, packages_skip_up_to=None, packages_select_build_failed=False, packages_skip_build_finished=False, packages_select_test_failures=False, packages_skip_test_passed=False, packages_select=None, packages_skip=None, packages_select_regex=None, packages_skip_regex=None, packages_start=None, packages_end=None, allow_overriding=[], cmake_args=None, cmake_target=None, cmake_target_skip_unavailable=False, cmake_clean_cache=False, cmake_clean_first=False, cmake_force_configure=False, ament_cmake_args=None, catkin_cmake_args=None, catkin_skip_building_tests=False, mixin_files=None, mixin=None, verb_parser=<colcon_mixin.mixin.mixin_argument.MixinArgumentDecorator object at 0x7402fd420f40>, verb_extension=<colcon_core.verb.build.BuildVerb object at 0x7402fd52c250>, main=<bound method BuildVerb.main of <colcon_core.verb.build.BuildVerb object at 0x7402fd52c250>>, mixin_verb=('build',))
[0.197s] Level 1:colcon.colcon_core.package_discovery:discover_packages(colcon_meta) check parameters
[0.197s] Level 1:colcon.colcon_core.package_discovery:discover_packages(recursive) check parameters
[0.197s] Level 1:colcon.colcon_core.package_discovery:discover_packages(ignore) check parameters
[0.197s] Level 1:colcon.colcon_core.package_discovery:discover_packages(path) check parameters
[0.197s] Level 1:colcon.colcon_core.package_discovery:discover_packages(colcon_meta) discover
[0.198s] Level 1:colcon.colcon_core.package_discovery:discover_packages(recursive) discover
[0.198s] INFO:colcon.colcon_core.package_discovery:Crawling recursively for packages in '/home/jmj/pro_asp_ws/ugv_ws'
[0.198s] Level 1:colcon.colcon_core.package_identification:_identify(.) by extensions ['ignore', 'ignore_ament_install']
[0.198s] Level 1:colcon.colcon_core.package_identification:_identify(.) by extension 'ignore'
[0.198s] Level 1:colcon.colcon_core.package_identification:_identify(.) by extension 'ignore_ament_install'
[0.198s] Level 1:colcon.colcon_core.package_identification:_identify(.) by extensions ['colcon_pkg']
[0.198s] Level 1:colcon.colcon_core.package_identification:_identify(.) by extension 'colcon_pkg'
[0.198s] Level 1:colcon.colcon_core.package_identification:_identify(.) by extensions ['colcon_meta']
[0.198s] Level 1:colcon.colcon_core.package_identification:_identify(.) by extension 'colcon_meta'
[0.198s] Level 1:colcon.colcon_core.package_identification:_identify(.) by extensions ['ros']
[0.198s] Level 1:colcon.colcon_core.package_identification:_identify(.) by extension 'ros'
[0.209s] Level 1:colcon.colcon_core.package_identification:_identify(.) by extensions ['cmake', 'python']
[0.210s] Level 1:colcon.colcon_core.package_identification:_identify(.) by extension 'cmake'
[0.210s] Level 1:colcon.colcon_core.package_identification:_identify(.) by extension 'python'
[0.210s] Level 1:colcon.colcon_core.package_identification:_identify(.) by extensions ['python_setup_py']
[0.210s] Level 1:colcon.colcon_core.package_identification:_identify(.) by extension 'python_setup_py'
[0.210s] Level 1:colcon.colcon_core.package_identification:_identify(build) by extensions ['ignore', 'ignore_ament_install']
[0.210s] Level 1:colcon.colcon_core.package_identification:_identify(build) by extension 'ignore'
[0.210s] Level 1:colcon.colcon_core.package_identification:_identify(build) ignored
[0.210s] Level 1:colcon.colcon_core.package_identification:_identify(install) by extensions ['ignore', 'ignore_ament_install']
[0.210s] Level 1:colcon.colcon_core.package_identification:_identify(install) by extension 'ignore'
[0.210s] Level 1:colcon.colcon_core.package_identification:_identify(install) ignored
[0.210s] Level 1:colcon.colcon_core.package_identification:_identify(log) by extensions ['ignore', 'ignore_ament_install']
[0.210s] Level 1:colcon.colcon_core.package_identification:_identify(log) by extension 'ignore'
[0.210s] Level 1:colcon.colcon_core.package_identification:_identify(log) ignored
[0.210s] Level 1:colcon.colcon_core.package_identification:_identify(src) by extensions ['ignore', 'ignore_ament_install']
[0.210s] Level 1:colcon.colcon_core.package_identification:_identify(src) by extension 'ignore'
[0.210s] Level 1:colcon.colcon_core.package_identification:_identify(src) by extension 'ignore_ament_install'
[0.210s] Level 1:colcon.colcon_core.package_identification:_identify(src) by extensions ['colcon_pkg']
[0.210s] Level 1:colcon.colcon_core.package_identification:_identify(src) by extension 'colcon_pkg'
[0.210s] Level 1:colcon.colcon_core.package_identification:_identify(src) by extensions ['colcon_meta']
[0.210s] Level 1:colcon.colcon_core.package_identification:_identify(src) by extension 'colcon_meta'
[0.210s] Level 1:colcon.colcon_core.package_identification:_identify(src) by extensions ['ros']
[0.210s] Level 1:colcon.colcon_core.package_identification:_identify(src) by extension 'ros'
[0.210s] Level 1:colcon.colcon_core.package_identification:_identify(src) by extensions ['cmake', 'python']
[0.210s] Level 1:colcon.colcon_core.package_identification:_identify(src) by extension 'cmake'
[0.210s] Level 1:colcon.colcon_core.package_identification:_identify(src) by extension 'python'
[0.210s] Level 1:colcon.colcon_core.package_identification:_identify(src) by extensions ['python_setup_py']
[0.210s] Level 1:colcon.colcon_core.package_identification:_identify(src) by extension 'python_setup_py'
[0.210s] Level 1:colcon.colcon_core.package_identification:_identify(src/drone_takeoff_pub) by extensions ['ignore', 'ignore_ament_install']
[0.210s] Level 1:colcon.colcon_core.package_identification:_identify(src/drone_takeoff_pub) by extension 'ignore'
[0.210s] Level 1:colcon.colcon_core.package_identification:_identify(src/drone_takeoff_pub) by extension 'ignore_ament_install'
[0.211s] Level 1:colcon.colcon_core.package_identification:_identify(src/drone_takeoff_pub) by extensions ['colcon_pkg']
[0.211s] Level 1:colcon.colcon_core.package_identification:_identify(src/drone_takeoff_pub) by extension 'colcon_pkg'
[0.211s] Level 1:colcon.colcon_core.package_identification:_identify(src/drone_takeoff_pub) by extensions ['colcon_meta']
[0.211s] Level 1:colcon.colcon_core.package_identification:_identify(src/drone_takeoff_pub) by extension 'colcon_meta'
[0.211s] Level 1:colcon.colcon_core.package_identification:_identify(src/drone_takeoff_pub) by extensions ['ros']
[0.211s] Level 1:colcon.colcon_core.package_identification:_identify(src/drone_takeoff_pub) by extension 'ros'
[0.213s] DEBUG:colcon.colcon_core.package_identification:Package 'src/drone_takeoff_pub' with type 'ros.ament_cmake' and name 'drone_takeoff_pub'
[0.213s] Level 1:colcon.colcon_core.package_identification:_identify(src/gazebo_env_setup) by extensions ['ignore', 'ignore_ament_install']
[0.213s] Level 1:colcon.colcon_core.package_identification:_identify(src/gazebo_env_setup) by extension 'ignore'
[0.213s] Level 1:colcon.colcon_core.package_identification:_identify(src/gazebo_env_setup) by extension 'ignore_ament_install'
[0.213s] Level 1:colcon.colcon_core.package_identification:_identify(src/gazebo_env_setup) by extensions ['colcon_pkg']
[0.213s] Level 1:colcon.colcon_core.package_identification:_identify(src/gazebo_env_setup) by extension 'colcon_pkg'
[0.213s] Level 1:colcon.colcon_core.package_identification:_identify(src/gazebo_env_setup) by extensions ['colcon_meta']
[0.213s] Level 1:colcon.colcon_core.package_identification:_identify(src/gazebo_env_setup) by extension 'colcon_meta'
[0.213s] Level 1:colcon.colcon_core.package_identification:_identify(src/gazebo_env_setup) by extensions ['ros']
[0.213s] Level 1:colcon.colcon_core.package_identification:_identify(src/gazebo_env_setup) by extension 'ros'
[0.213s] DEBUG:colcon.colcon_core.package_identification:Package 'src/gazebo_env_setup' with type 'ros.ament_cmake' and name 'gazebo_env_setup'
[0.214s] Level 1:colcon.colcon_core.package_identification:_identify(src/ugv_controller) by extensions ['ignore', 'ignore_ament_install']
[0.214s] Level 1:colcon.colcon_core.package_identification:_identify(src/ugv_controller) by extension 'ignore'
[0.214s] Level 1:colcon.colcon_core.package_identification:_identify(src/ugv_controller) by extension 'ignore_ament_install'
[0.214s] Level 1:colcon.colcon_core.package_identification:_identify(src/ugv_controller) by extensions ['colcon_pkg']
[0.214s] Level 1:colcon.colcon_core.package_identification:_identify(src/ugv_controller) by extension 'colcon_pkg'
[0.214s] Level 1:colcon.colcon_core.package_identification:_identify(src/ugv_controller) by extensions ['colcon_meta']
[0.214s] Level 1:colcon.colcon_core.package_identification:_identify(src/ugv_controller) by extension 'colcon_meta'
[0.214s] Level 1:colcon.colcon_core.package_identification:_identify(src/ugv_controller) by extensions ['ros']
[0.214s] Level 1:colcon.colcon_core.package_identification:_identify(src/ugv_controller) by extension 'ros'
[0.214s] DEBUG:colcon.colcon_core.package_identification:Package 'src/ugv_controller' with type 'ros.ament_cmake' and name 'ugv_controller'
[0.214s] Level 1:colcon.colcon_core.package_discovery:discover_packages(recursive) using defaults
[0.214s] Level 1:colcon.colcon_core.package_discovery:discover_packages(ignore) discover
[0.214s] Level 1:colcon.colcon_core.package_discovery:discover_packages(ignore) using defaults
[0.214s] Level 1:colcon.colcon_core.package_discovery:discover_packages(path) discover
[0.214s] Level 1:colcon.colcon_core.package_discovery:discover_packages(path) using defaults
[0.227s] Level 1:colcon.colcon_core.package_discovery:discover_packages(prefix_path) check parameters
[0.227s] Level 1:colcon.colcon_core.package_discovery:discover_packages(prefix_path) discover
[0.229s] DEBUG:colcon.colcon_installed_package_information.package_discovery:Found 367 installed packages in /opt/ros/humble
[0.230s] Level 1:colcon.colcon_core.package_discovery:discover_packages(prefix_path) using defaults
[0.255s] Level 5:colcon.colcon_core.verb:set package 'drone_takeoff_pub' build argument 'cmake_args' from command line to 'None'
[0.255s] Level 5:colcon.colcon_core.verb:set package 'drone_takeoff_pub' build argument 'cmake_target' from command line to 'None'
[0.255s] Level 5:colcon.colcon_core.verb:set package 'drone_takeoff_pub' build argument 'cmake_target_skip_unavailable' from command line to 'False'
[0.255s] Level 5:colcon.colcon_core.verb:set package 'drone_takeoff_pub' build argument 'cmake_clean_cache' from command line to 'False'
[0.255s] Level 5:colcon.colcon_core.verb:set package 'drone_takeoff_pub' build argument 'cmake_clean_first' from command line to 'False'
[0.255s] Level 5:colcon.colcon_core.verb:set package 'drone_takeoff_pub' build argument 'cmake_force_configure' from command line to 'False'
[0.255s] Level 5:colcon.colcon_core.verb:set package 'drone_takeoff_pub' build argument 'ament_cmake_args' from command line to 'None'
[0.255s] Level 5:colcon.colcon_core.verb:set package 'drone_takeoff_pub' build argument 'catkin_cmake_args' from command line to 'None'
[0.255s] Level 5:colcon.colcon_core.verb:set package 'drone_takeoff_pub' build argument 'catkin_skip_building_tests' from command line to 'False'
[0.255s] DEBUG:colcon.colcon_core.verb:Building package 'drone_takeoff_pub' with the following arguments: {'ament_cmake_args': None, 'build_base': '/home/jmj/pro_asp_ws/ugv_ws/build/drone_takeoff_pub', 'catkin_cmake_args': None, 'catkin_skip_building_tests': False, 'cmake_args': None, 'cmake_clean_cache': False, 'cmake_clean_first': False, 'cmake_force_configure': False, 'cmake_target': None, 'cmake_target_skip_unavailable': False, 'install_base': '/home/jmj/pro_asp_ws/ugv_ws/install/drone_takeoff_pub', 'merge_install': False, 'path': '/home/jmj/pro_asp_ws/ugv_ws/src/drone_takeoff_pub', 'symlink_install': False, 'test_result_base': None}
[0.255s] Level 5:colcon.colcon_core.verb:set package 'gazebo_env_setup' build argument 'cmake_args' from command line to 'None'
[0.255s] Level 5:colcon.colcon_core.verb:set package 'gazebo_env_setup' build argument 'cmake_target' from command line to 'None'
[0.256s] Level 5:colcon.colcon_core.verb:set package 'gazebo_env_setup' build argument 'cmake_target_skip_unavailable' from command line to 'False'
[0.256s] Level 5:colcon.colcon_core.verb:set package 'gazebo_env_setup' build argument 'cmake_clean_cache' from command line to 'False'
[0.256s] Level 5:colcon.colcon_core.verb:set package 'gazebo_env_setup' build argument 'cmake_clean_first' from command line to 'False'
[0.256s] Level 5:colcon.colcon_core.verb:set package 'gazebo_env_setup' build argument 'cmake_force_configure' from command line to 'False'
[0.256s] Level 5:colcon.colcon_core.verb:set package 'gazebo_env_setup' build argument 'ament_cmake_args' from command line to 'None'
[0.256s] Level 5:colcon.colcon_core.verb:set package 'gazebo_env_setup' build argument 'catkin_cmake_args' from command line to 'None'
[0.256s] Level 5:colcon.colcon_core.verb:set package 'gazebo_env_setup' build argument 'catkin_skip_building_tests' from command line to 'False'
[0.256s] DEBUG:colcon.colcon_core.verb:Building package 'gazebo_env_setup' with the following arguments: {'ament_cmake_args': None, 'build_base': '/home/jmj/pro_asp_ws/ugv_ws/build/gazebo_env_setup', 'catkin_cmake_args': None, 'catkin_skip_building_tests': False, 'cmake_args': None, 'cmake_clean_cache': False, 'cmake_clean_first': False, 'cmake_force_configure': False, 'cmake_target': None, 'cmake_target_skip_unavailable': False, 'install_base': '/home/jmj/pro_asp_ws/ugv_ws/install/gazebo_env_setup', 'merge_install': False, 'path': '/home/jmj/pro_asp_ws/ugv_ws/src/gazebo_env_setup', 'symlink_install': False, 'test_result_base': None}
[0.256s] Level 5:colcon.colcon_core.verb:set package 'ugv_controller' build argument 'cmake_args' from command line to 'None'
[0.256s] Level 5:colcon.colcon_core.verb:set package 'ugv_controller' build argument 'cmake_target' from command line to 'None'
[0.256s] Level 5:colcon.colcon_core.verb:set package 'ugv_controller' build argument 'cmake_target_skip_unavailable' from command line to 'False'
[0.256s] Level 5:colcon.colcon_core.verb:set package 'ugv_controller' build argument 'cmake_clean_cache' from command line to 'False'
[0.256s] Level 5:colcon.colcon_core.verb:set package 'ugv_controller' build argument 'cmake_clean_first' from command line to 'False'
[0.256s] Level 5:colcon.colcon_core.verb:set package 'ugv_controller' build argument 'cmake_force_configure' from command line to 'False'
[0.256s] Level 5:colcon.colcon_core.verb:set package 'ugv_controller' build argument 'ament_cmake_args' from command line to 'None'
[0.256s] Level 5:colcon.colcon_core.verb:set package 'ugv_controller' build argument 'catkin_cmake_args' from command line to 'None'
[0.256s] Level 5:colcon.colcon_core.verb:set package 'ugv_controller' build argument 'catkin_skip_building_tests' from command line to 'False'
[0.256s] DEBUG:colcon.colcon_core.verb:Building package 'ugv_controller' with the following arguments: {'ament_cmake_args': None, 'build_base': '/home/jmj/pro_asp_ws/ugv_ws/build/ugv_controller', 'catkin_cmake_args': None, 'catkin_skip_building_tests': False, 'cmake_args': None, 'cmake_clean_cache': False, 'cmake_clean_first': False, 'cmake_force_configure': False, 'cmake_target': None, 'cmake_target_skip_unavailable': False, 'install_base': '/home/jmj/pro_asp_ws/ugv_ws/install/ugv_controller', 'merge_install': False, 'path': '/home/jmj/pro_asp_ws/ugv_ws/src/ugv_controller', 'symlink_install': False, 'test_result_base': None}
[0.256s] INFO:colcon.colcon_core.executor:Executing jobs using 'parallel' executor
[0.257s] DEBUG:colcon.colcon_parallel_executor.executor.parallel:run_until_complete
[0.257s] INFO:colcon.colcon_ros.task.ament_cmake.build:Building ROS package in '/home/jmj/pro_asp_ws/ugv_ws/src/drone_takeoff_pub' with build type 'ament_cmake'
[0.257s] INFO:colcon.colcon_cmake.task.cmake.build:Building CMake package in '/home/jmj/pro_asp_ws/ugv_ws/src/drone_takeoff_pub'
[0.259s] INFO:colcon.colcon_core.plugin_system:Skipping extension 'colcon_core.shell.bat': Not used on non-Windows systems
[0.259s] INFO:colcon.colcon_core.shell:Skip shell extension 'powershell' for command environment: Not usable outside of PowerShell
[0.259s] DEBUG:colcon.colcon_core.shell:Skip shell extension 'dsv' for command environment
[0.261s] INFO:colcon.colcon_ros.task.ament_cmake.build:Building ROS package in '/home/jmj/pro_asp_ws/ugv_ws/src/gazebo_env_setup' with build type 'ament_cmake'
[0.261s] INFO:colcon.colcon_cmake.task.cmake.build:Building CMake package in '/home/jmj/pro_asp_ws/ugv_ws/src/gazebo_env_setup'
[0.261s] INFO:colcon.colcon_core.shell:Skip shell extension 'powershell' for command environment: Not usable outside of PowerShell
[0.261s] DEBUG:colcon.colcon_core.shell:Skip shell extension 'dsv' for command environment
[0.262s] INFO:colcon.colcon_ros.task.ament_cmake.build:Building ROS package in '/home/jmj/pro_asp_ws/ugv_ws/src/ugv_controller' with build type 'ament_cmake'
[0.263s] INFO:colcon.colcon_cmake.task.cmake.build:Building CMake package in '/home/jmj/pro_asp_ws/ugv_ws/src/ugv_controller'
[0.263s] INFO:colcon.colcon_core.shell:Skip shell extension 'powershell' for command environment: Not usable outside of PowerShell
[0.263s] DEBUG:colcon.colcon_core.shell:Skip shell extension 'dsv' for command environment
[0.268s] DEBUG:colcon.colcon_core.event_handler.log_command:Invoking command in '/home/jmj/pro_asp_ws/ugv_ws/build/drone_takeoff_pub': CMAKE_PREFIX_PATH=/opt/ros/humble /usr/bin/cmake --build /home/jmj/pro_asp_ws/ugv_ws/build/drone_takeoff_pub -- -j20 -l20
[0.270s] DEBUG:colcon.colcon_core.event_handler.log_command:Invoking command in '/home/jmj/pro_asp_ws/ugv_ws/build/gazebo_env_setup': CMAKE_PREFIX_PATH=/opt/ros/humble /usr/bin/cmake --build /home/jmj/pro_asp_ws/ugv_ws/build/gazebo_env_setup -- -j20 -l20
[0.272s] DEBUG:colcon.colcon_core.event_handler.log_command:Invoking command in '/home/jmj/pro_asp_ws/ugv_ws/build/ugv_controller': CMAKE_PREFIX_PATH=/opt/ros/humble /usr/bin/cmake --build /home/jmj/pro_asp_ws/ugv_ws/build/ugv_controller -- -j20 -l20
[0.322s] DEBUG:colcon.colcon_core.event_handler.log_command:Invoked command in '/home/jmj/pro_asp_ws/ugv_ws/build/drone_takeoff_pub' returned '0': CMAKE_PREFIX_PATH=/opt/ros/humble /usr/bin/cmake --build /home/jmj/pro_asp_ws/ugv_ws/build/drone_takeoff_pub -- -j20 -l20
[0.328s] DEBUG:colcon.colcon_core.event_handler.log_command:Invoking command in '/home/jmj/pro_asp_ws/ugv_ws/build/drone_takeoff_pub': CMAKE_PREFIX_PATH=/opt/ros/humble /usr/bin/cmake --install /home/jmj/pro_asp_ws/ugv_ws/build/drone_takeoff_pub
[0.329s] DEBUG:colcon.colcon_core.event_handler.log_command:Invoked command in '/home/jmj/pro_asp_ws/ugv_ws/build/ugv_controller' returned '0': CMAKE_PREFIX_PATH=/opt/ros/humble /usr/bin/cmake --build /home/jmj/pro_asp_ws/ugv_ws/build/ugv_controller -- -j20 -l20
[0.330s] DEBUG:colcon.colcon_core.event_handler.log_command:Invoking command in '/home/jmj/pro_asp_ws/ugv_ws/build/ugv_controller': CMAKE_PREFIX_PATH=/opt/ros/humble /usr/bin/cmake --install /home/jmj/pro_asp_ws/ugv_ws/build/ugv_controller
[0.335s] Level 1:colcon.colcon_core.environment:create_environment_scripts_only(drone_takeoff_pub)
[0.335s] DEBUG:colcon.colcon_core.event_handler.log_command:Invoked command in '/home/jmj/pro_asp_ws/ugv_ws/build/drone_takeoff_pub' returned '0': CMAKE_PREFIX_PATH=/opt/ros/humble /usr/bin/cmake --install /home/jmj/pro_asp_ws/ugv_ws/build/drone_takeoff_pub
[0.339s] Level 1:colcon.colcon_core.environment:checking '/home/jmj/pro_asp_ws/ugv_ws/install/drone_takeoff_pub' for CMake module files
[0.339s] Level 1:colcon.colcon_core.environment:checking '/home/jmj/pro_asp_ws/ugv_ws/install/drone_takeoff_pub' for CMake config files
[0.340s] Level 1:colcon.colcon_core.shell:create_environment_hook('drone_takeoff_pub', 'cmake_prefix_path')
[0.340s] INFO:colcon.colcon_core.shell:Creating environment hook '/home/jmj/pro_asp_ws/ugv_ws/install/drone_takeoff_pub/share/drone_takeoff_pub/hook/cmake_prefix_path.ps1'
[0.340s] INFO:colcon.colcon_core.shell:Creating environment descriptor '/home/jmj/pro_asp_ws/ugv_ws/install/drone_takeoff_pub/share/drone_takeoff_pub/hook/cmake_prefix_path.dsv'
[0.340s] INFO:colcon.colcon_core.shell:Creating environment hook '/home/jmj/pro_asp_ws/ugv_ws/install/drone_takeoff_pub/share/drone_takeoff_pub/hook/cmake_prefix_path.sh'
[0.341s] Level 1:colcon.colcon_core.environment:checking '/home/jmj/pro_asp_ws/ugv_ws/install/drone_takeoff_pub/lib'
[0.341s] Level 1:colcon.colcon_core.environment:checking '/home/jmj/pro_asp_ws/ugv_ws/install/drone_takeoff_pub/bin'
[0.341s] Level 1:colcon.colcon_core.environment:checking '/home/jmj/pro_asp_ws/ugv_ws/install/drone_takeoff_pub/lib/pkgconfig/drone_takeoff_pub.pc'
[0.341s] Level 1:colcon.colcon_core.environment:checking '/home/jmj/pro_asp_ws/ugv_ws/install/drone_takeoff_pub/lib/python3.10/site-packages'
[0.341s] Level 1:colcon.colcon_core.environment:checking '/home/jmj/pro_asp_ws/ugv_ws/install/drone_takeoff_pub/bin'
[0.342s] INFO:colcon.colcon_core.shell:Creating package script '/home/jmj/pro_asp_ws/ugv_ws/install/drone_takeoff_pub/share/drone_takeoff_pub/package.ps1'
[0.342s] INFO:colcon.colcon_core.shell:Creating package descriptor '/home/jmj/pro_asp_ws/ugv_ws/install/drone_takeoff_pub/share/drone_takeoff_pub/package.dsv'
[0.342s] INFO:colcon.colcon_core.shell:Creating package script '/home/jmj/pro_asp_ws/ugv_ws/install/drone_takeoff_pub/share/drone_takeoff_pub/package.sh'
[0.343s] INFO:colcon.colcon_core.shell:Creating package script '/home/jmj/pro_asp_ws/ugv_ws/install/drone_takeoff_pub/share/drone_takeoff_pub/package.bash'
[0.343s] INFO:colcon.colcon_core.shell:Creating package script '/home/jmj/pro_asp_ws/ugv_ws/install/drone_takeoff_pub/share/drone_takeoff_pub/package.zsh'
[0.343s] Level 1:colcon.colcon_core.environment:create_file_with_runtime_dependencies(/home/jmj/pro_asp_ws/ugv_ws/install/drone_takeoff_pub/share/colcon-core/packages/drone_takeoff_pub)
[0.344s] Level 1:colcon.colcon_core.environment:create_environment_scripts_only(drone_takeoff_pub)
[0.344s] Level 1:colcon.colcon_core.environment:checking '/home/jmj/pro_asp_ws/ugv_ws/install/drone_takeoff_pub' for CMake module files
[0.344s] Level 1:colcon.colcon_core.environment:checking '/home/jmj/pro_asp_ws/ugv_ws/install/drone_takeoff_pub' for CMake config files
[0.344s] Level 1:colcon.colcon_core.shell:create_environment_hook('drone_takeoff_pub', 'cmake_prefix_path')
[0.344s] INFO:colcon.colcon_core.shell:Creating environment hook '/home/jmj/pro_asp_ws/ugv_ws/install/drone_takeoff_pub/share/drone_takeoff_pub/hook/cmake_prefix_path.ps1'
[0.344s] INFO:colcon.colcon_core.shell:Creating environment descriptor '/home/jmj/pro_asp_ws/ugv_ws/install/drone_takeoff_pub/share/drone_takeoff_pub/hook/cmake_prefix_path.dsv'
[0.345s] INFO:colcon.colcon_core.shell:Creating environment hook '/home/jmj/pro_asp_ws/ugv_ws/install/drone_takeoff_pub/share/drone_takeoff_pub/hook/cmake_prefix_path.sh'
[0.345s] Level 1:colcon.colcon_core.environment:checking '/home/jmj/pro_asp_ws/ugv_ws/install/drone_takeoff_pub/lib'
[0.345s] Level 1:colcon.colcon_core.environment:checking '/home/jmj/pro_asp_ws/ugv_ws/install/drone_takeoff_pub/bin'
[0.345s] Level 1:colcon.colcon_core.environment:checking '/home/jmj/pro_asp_ws/ugv_ws/install/drone_takeoff_pub/lib/pkgconfig/drone_takeoff_pub.pc'
[0.345s] Level 1:colcon.colcon_core.environment:checking '/home/jmj/pro_asp_ws/ugv_ws/install/drone_takeoff_pub/lib/python3.10/site-packages'
[0.345s] Level 1:colcon.colcon_core.environment:checking '/home/jmj/pro_asp_ws/ugv_ws/install/drone_takeoff_pub/bin'
[0.345s] INFO:colcon.colcon_core.shell:Creating package script '/home/jmj/pro_asp_ws/ugv_ws/install/drone_takeoff_pub/share/drone_takeoff_pub/package.ps1'
[0.346s] INFO:colcon.colcon_core.shell:Creating package descriptor '/home/jmj/pro_asp_ws/ugv_ws/install/drone_takeoff_pub/share/drone_takeoff_pub/package.dsv'
[0.346s] INFO:colcon.colcon_core.shell:Creating package script '/home/jmj/pro_asp_ws/ugv_ws/install/drone_takeoff_pub/share/drone_takeoff_pub/package.sh'
[0.346s] INFO:colcon.colcon_core.shell:Creating package script '/home/jmj/pro_asp_ws/ugv_ws/install/drone_takeoff_pub/share/drone_takeoff_pub/package.bash'
[0.346s] INFO:colcon.colcon_core.shell:Creating package script '/home/jmj/pro_asp_ws/ugv_ws/install/drone_takeoff_pub/share/drone_takeoff_pub/package.zsh'
[0.346s] Level 1:colcon.colcon_core.environment:create_file_with_runtime_dependencies(/home/jmj/pro_asp_ws/ugv_ws/install/drone_takeoff_pub/share/colcon-core/packages/drone_takeoff_pub)
[0.347s] Level 1:colcon.colcon_core.environment:create_environment_scripts_only(ugv_controller)
[0.348s] Level 1:colcon.colcon_core.environment:checking '/home/jmj/pro_asp_ws/ugv_ws/install/ugv_controller' for CMake module files
[0.348s] DEBUG:colcon.colcon_core.event_handler.log_command:Invoked command in '/home/jmj/pro_asp_ws/ugv_ws/build/ugv_controller' returned '0': CMAKE_PREFIX_PATH=/opt/ros/humble /usr/bin/cmake --install /home/jmj/pro_asp_ws/ugv_ws/build/ugv_controller
[0.348s] Level 1:colcon.colcon_core.environment:checking '/home/jmj/pro_asp_ws/ugv_ws/install/ugv_controller' for CMake config files
[0.348s] Level 1:colcon.colcon_core.shell:create_environment_hook('ugv_controller', 'cmake_prefix_path')
[0.349s] INFO:colcon.colcon_core.shell:Creating environment hook '/home/jmj/pro_asp_ws/ugv_ws/install/ugv_controller/share/ugv_controller/hook/cmake_prefix_path.ps1'
[0.349s] INFO:colcon.colcon_core.shell:Creating environment descriptor '/home/jmj/pro_asp_ws/ugv_ws/install/ugv_controller/share/ugv_controller/hook/cmake_prefix_path.dsv'
[0.349s] INFO:colcon.colcon_core.shell:Creating environment hook '/home/jmj/pro_asp_ws/ugv_ws/install/ugv_controller/share/ugv_controller/hook/cmake_prefix_path.sh'
[0.349s] Level 1:colcon.colcon_core.environment:checking '/home/jmj/pro_asp_ws/ugv_ws/install/ugv_controller/lib'
[0.350s] Level 1:colcon.colcon_core.environment:checking '/home/jmj/pro_asp_ws/ugv_ws/install/ugv_controller/bin'
[0.350s] Level 1:colcon.colcon_core.environment:checking '/home/jmj/pro_asp_ws/ugv_ws/install/ugv_controller/lib/pkgconfig/ugv_controller.pc'
[0.350s] Level 1:colcon.colcon_core.environment:checking '/home/jmj/pro_asp_ws/ugv_ws/install/ugv_controller/lib/python3.10/site-packages'
[0.350s] Level 1:colcon.colcon_core.environment:checking '/home/jmj/pro_asp_ws/ugv_ws/install/ugv_controller/bin'
[0.350s] INFO:colcon.colcon_core.shell:Creating package script '/home/jmj/pro_asp_ws/ugv_ws/install/ugv_controller/share/ugv_controller/package.ps1'
[0.350s] INFO:colcon.colcon_core.shell:Creating package descriptor '/home/jmj/pro_asp_ws/ugv_ws/install/ugv_controller/share/ugv_controller/package.dsv'
[0.350s] INFO:colcon.colcon_core.shell:Creating package script '/home/jmj/pro_asp_ws/ugv_ws/install/ugv_controller/share/ugv_controller/package.sh'
[0.351s] INFO:colcon.colcon_core.shell:Creating package script '/home/jmj/pro_asp_ws/ugv_ws/install/ugv_controller/share/ugv_controller/package.bash'
[0.351s] INFO:colcon.colcon_core.shell:Creating package script '/home/jmj/pro_asp_ws/ugv_ws/install/ugv_controller/share/ugv_controller/package.zsh'
[0.351s] Level 1:colcon.colcon_core.environment:create_file_with_runtime_dependencies(/home/jmj/pro_asp_ws/ugv_ws/install/ugv_controller/share/colcon-core/packages/ugv_controller)
[0.351s] Level 1:colcon.colcon_core.environment:create_environment_scripts_only(ugv_controller)
[0.351s] Level 1:colcon.colcon_core.environment:checking '/home/jmj/pro_asp_ws/ugv_ws/install/ugv_controller' for CMake module files
[0.352s] Level 1:colcon.colcon_core.environment:checking '/home/jmj/pro_asp_ws/ugv_ws/install/ugv_controller' for CMake config files
[0.352s] Level 1:colcon.colcon_core.shell:create_environment_hook('ugv_controller', 'cmake_prefix_path')
[0.352s] INFO:colcon.colcon_core.shell:Creating environment hook '/home/jmj/pro_asp_ws/ugv_ws/install/ugv_controller/share/ugv_controller/hook/cmake_prefix_path.ps1'
[0.352s] INFO:colcon.colcon_core.shell:Creating environment descriptor '/home/jmj/pro_asp_ws/ugv_ws/install/ugv_controller/share/ugv_controller/hook/cmake_prefix_path.dsv'
[0.352s] INFO:colcon.colcon_core.shell:Creating environment hook '/home/jmj/pro_asp_ws/ugv_ws/install/ugv_controller/share/ugv_controller/hook/cmake_prefix_path.sh'
[0.352s] Level 1:colcon.colcon_core.environment:checking '/home/jmj/pro_asp_ws/ugv_ws/install/ugv_controller/lib'
[0.352s] Level 1:colcon.colcon_core.environment:checking '/home/jmj/pro_asp_ws/ugv_ws/install/ugv_controller/bin'
[0.352s] Level 1:colcon.colcon_core.environment:checking '/home/jmj/pro_asp_ws/ugv_ws/install/ugv_controller/lib/pkgconfig/ugv_controller.pc'
[0.353s] Level 1:colcon.colcon_core.environment:checking '/home/jmj/pro_asp_ws/ugv_ws/install/ugv_controller/lib/python3.10/site-packages'
[0.353s] Level 1:colcon.colcon_core.environment:checking '/home/jmj/pro_asp_ws/ugv_ws/install/ugv_controller/bin'
[0.353s] INFO:colcon.colcon_core.shell:Creating package script '/home/jmj/pro_asp_ws/ugv_ws/install/ugv_controller/share/ugv_controller/package.ps1'
[0.353s] INFO:colcon.colcon_core.shell:Creating package descriptor '/home/jmj/pro_asp_ws/ugv_ws/install/ugv_controller/share/ugv_controller/package.dsv'
[0.353s] INFO:colcon.colcon_core.shell:Creating package script '/home/jmj/pro_asp_ws/ugv_ws/install/ugv_controller/share/ugv_controller/package.sh'
[0.354s] INFO:colcon.colcon_core.shell:Creating package script '/home/jmj/pro_asp_ws/ugv_ws/install/ugv_controller/share/ugv_controller/package.bash'
[0.354s] INFO:colcon.colcon_core.shell:Creating package script '/home/jmj/pro_asp_ws/ugv_ws/install/ugv_controller/share/ugv_controller/package.zsh'
[0.354s] Level 1:colcon.colcon_core.environment:create_file_with_runtime_dependencies(/home/jmj/pro_asp_ws/ugv_ws/install/ugv_controller/share/colcon-core/packages/ugv_controller)
[5.777s] DEBUG:colcon.colcon_core.event_handler.log_command:Invoked command in '/home/jmj/pro_asp_ws/ugv_ws/build/gazebo_env_setup' returned '0': CMAKE_PREFIX_PATH=/opt/ros/humble /usr/bin/cmake --build /home/jmj/pro_asp_ws/ugv_ws/build/gazebo_env_setup -- -j20 -l20
[5.778s] DEBUG:colcon.colcon_core.event_handler.log_command:Invoking command in '/home/jmj/pro_asp_ws/ugv_ws/build/gazebo_env_setup': CMAKE_PREFIX_PATH=/opt/ros/humble /usr/bin/cmake --install /home/jmj/pro_asp_ws/ugv_ws/build/gazebo_env_setup
[5.787s] Level 1:colcon.colcon_core.environment:create_environment_scripts_only(gazebo_env_setup)
[5.787s] DEBUG:colcon.colcon_core.event_handler.log_command:Invoked command in '/home/jmj/pro_asp_ws/ugv_ws/build/gazebo_env_setup' returned '0': CMAKE_PREFIX_PATH=/opt/ros/humble /usr/bin/cmake --install /home/jmj/pro_asp_ws/ugv_ws/build/gazebo_env_setup
[5.787s] Level 1:colcon.colcon_core.environment:checking '/home/jmj/pro_asp_ws/ugv_ws/install/gazebo_env_setup' for CMake module files
[5.787s] Level 1:colcon.colcon_core.environment:checking '/home/jmj/pro_asp_ws/ugv_ws/install/gazebo_env_setup' for CMake config files
[5.787s] Level 1:colcon.colcon_core.shell:create_environment_hook('gazebo_env_setup', 'cmake_prefix_path')
[5.787s] INFO:colcon.colcon_core.shell:Creating environment hook '/home/jmj/pro_asp_ws/ugv_ws/install/gazebo_env_setup/share/gazebo_env_setup/hook/cmake_prefix_path.ps1'
[5.788s] INFO:colcon.colcon_core.shell:Creating environment descriptor '/home/jmj/pro_asp_ws/ugv_ws/install/gazebo_env_setup/share/gazebo_env_setup/hook/cmake_prefix_path.dsv'
[5.788s] INFO:colcon.colcon_core.shell:Creating environment hook '/home/jmj/pro_asp_ws/ugv_ws/install/gazebo_env_setup/share/gazebo_env_setup/hook/cmake_prefix_path.sh'
[5.788s] Level 1:colcon.colcon_core.environment:checking '/home/jmj/pro_asp_ws/ugv_ws/install/gazebo_env_setup/lib'
[5.788s] Level 1:colcon.colcon_core.environment:checking '/home/jmj/pro_asp_ws/ugv_ws/install/gazebo_env_setup/bin'
[5.788s] Level 1:colcon.colcon_core.environment:checking '/home/jmj/pro_asp_ws/ugv_ws/install/gazebo_env_setup/lib/pkgconfig/gazebo_env_setup.pc'
[5.789s] Level 1:colcon.colcon_core.environment:checking '/home/jmj/pro_asp_ws/ugv_ws/install/gazebo_env_setup/lib/python3.10/site-packages'
[5.789s] Level 1:colcon.colcon_core.environment:checking '/home/jmj/pro_asp_ws/ugv_ws/install/gazebo_env_setup/bin'
[5.789s] INFO:colcon.colcon_core.shell:Creating package script '/home/jmj/pro_asp_ws/ugv_ws/install/gazebo_env_setup/share/gazebo_env_setup/package.ps1'
[5.789s] INFO:colcon.colcon_core.shell:Creating package descriptor '/home/jmj/pro_asp_ws/ugv_ws/install/gazebo_env_setup/share/gazebo_env_setup/package.dsv'
[5.789s] INFO:colcon.colcon_core.shell:Creating package script '/home/jmj/pro_asp_ws/ugv_ws/install/gazebo_env_setup/share/gazebo_env_setup/package.sh'
[5.789s] INFO:colcon.colcon_core.shell:Creating package script '/home/jmj/pro_asp_ws/ugv_ws/install/gazebo_env_setup/share/gazebo_env_setup/package.bash'
[5.790s] INFO:colcon.colcon_core.shell:Creating package script '/home/jmj/pro_asp_ws/ugv_ws/install/gazebo_env_setup/share/gazebo_env_setup/package.zsh'
[5.790s] Level 1:colcon.colcon_core.environment:create_file_with_runtime_dependencies(/home/jmj/pro_asp_ws/ugv_ws/install/gazebo_env_setup/share/colcon-core/packages/gazebo_env_setup)
[5.790s] Level 1:colcon.colcon_core.environment:create_environment_scripts_only(gazebo_env_setup)
[5.790s] Level 1:colcon.colcon_core.environment:checking '/home/jmj/pro_asp_ws/ugv_ws/install/gazebo_env_setup' for CMake module files
[5.790s] Level 1:colcon.colcon_core.environment:checking '/home/jmj/pro_asp_ws/ugv_ws/install/gazebo_env_setup' for CMake config files
[5.790s] Level 1:colcon.colcon_core.shell:create_environment_hook('gazebo_env_setup', 'cmake_prefix_path')
[5.791s] INFO:colcon.colcon_core.shell:Creating environment hook '/home/jmj/pro_asp_ws/ugv_ws/install/gazebo_env_setup/share/gazebo_env_setup/hook/cmake_prefix_path.ps1'
[5.791s] INFO:colcon.colcon_core.shell:Creating environment descriptor '/home/jmj/pro_asp_ws/ugv_ws/install/gazebo_env_setup/share/gazebo_env_setup/hook/cmake_prefix_path.dsv'
[5.791s] INFO:colcon.colcon_core.shell:Creating environment hook '/home/jmj/pro_asp_ws/ugv_ws/install/gazebo_env_setup/share/gazebo_env_setup/hook/cmake_prefix_path.sh'
[5.791s] Level 1:colcon.colcon_core.environment:checking '/home/jmj/pro_asp_ws/ugv_ws/install/gazebo_env_setup/lib'
[5.791s] Level 1:colcon.colcon_core.environment:checking '/home/jmj/pro_asp_ws/ugv_ws/install/gazebo_env_setup/bin'
[5.791s] Level 1:colcon.colcon_core.environment:checking '/home/jmj/pro_asp_ws/ugv_ws/install/gazebo_env_setup/lib/pkgconfig/gazebo_env_setup.pc'
[5.791s] Level 1:colcon.colcon_core.environment:checking '/home/jmj/pro_asp_ws/ugv_ws/install/gazebo_env_setup/lib/python3.10/site-packages'
[5.791s] Level 1:colcon.colcon_core.environment:checking '/home/jmj/pro_asp_ws/ugv_ws/install/gazebo_env_setup/bin'
[5.792s] INFO:colcon.colcon_core.shell:Creating package script '/home/jmj/pro_asp_ws/ugv_ws/install/gazebo_env_setup/share/gazebo_env_setup/package.ps1'
[5.792s] INFO:colcon.colcon_core.shell:Creating package descriptor '/home/jmj/pro_asp_ws/ugv_ws/install/gazebo_env_setup/share/gazebo_env_setup/package.dsv'
[5.792s] INFO:colcon.colcon_core.shell:Creating package script '/home/jmj/pro_asp_ws/ugv_ws/install/gazebo_env_setup/share/gazebo_env_setup/package.sh'
[5.792s] INFO:colcon.colcon_core.shell:Creating package script '/home/jmj/pro_asp_ws/ugv_ws/install/gazebo_env_setup/share/gazebo_env_setup/package.bash'
[5.792s] INFO:colcon.colcon_core.shell:Creating package script '/home/jmj/pro_asp_ws/ugv_ws/install/gazebo_env_setup/share/gazebo_env_setup/package.zsh'
[5.793s] Level 1:colcon.colcon_core.environment:create_file_with_runtime_dependencies(/home/jmj/pro_asp_ws/ugv_ws/install/gazebo_env_setup/share/colcon-core/packages/gazebo_env_setup)
[5.793s] DEBUG:colcon.colcon_parallel_executor.executor.parallel:closing loop
[5.793s] DEBUG:colcon.colcon_parallel_executor.executor.parallel:loop closed
[5.793s] DEBUG:colcon.colcon_parallel_executor.executor.parallel:run_until_complete finished with '0'
[5.793s] DEBUG:colcon.colcon_core.event_reactor:joining thread
[5.800s] INFO:colcon.colcon_core.plugin_system:Skipping extension 'colcon_notification.desktop_notification.terminal_notifier': Not used on non-Darwin systems
[5.800s] INFO:colcon.colcon_core.plugin_system:Skipping extension 'colcon_notification.desktop_notification.win32': Not used on non-Windows systems
[5.800s] INFO:colcon.colcon_notification.desktop_notification:Sending desktop notification using 'notify2'
[5.808s] DEBUG:colcon.colcon_core.event_reactor:joined thread
[5.809s] INFO:colcon.colcon_core.shell:Creating prefix script '/home/jmj/pro_asp_ws/ugv_ws/install/local_setup.ps1'
[5.810s] INFO:colcon.colcon_core.shell:Creating prefix util module '/home/jmj/pro_asp_ws/ugv_ws/install/_local_setup_util_ps1.py'
[5.811s] INFO:colcon.colcon_core.shell:Creating prefix chain script '/home/jmj/pro_asp_ws/ugv_ws/install/setup.ps1'
[5.812s] INFO:colcon.colcon_core.shell:Creating prefix script '/home/jmj/pro_asp_ws/ugv_ws/install/local_setup.sh'
[5.812s] INFO:colcon.colcon_core.shell:Creating prefix util module '/home/jmj/pro_asp_ws/ugv_ws/install/_local_setup_util_sh.py'
[5.813s] INFO:colcon.colcon_core.shell:Creating prefix chain script '/home/jmj/pro_asp_ws/ugv_ws/install/setup.sh'
[5.814s] INFO:colcon.colcon_core.shell:Creating prefix script '/home/jmj/pro_asp_ws/ugv_ws/install/local_setup.bash'
[5.815s] INFO:colcon.colcon_core.shell:Creating prefix chain script '/home/jmj/pro_asp_ws/ugv_ws/install/setup.bash'
[5.818s] INFO:colcon.colcon_core.shell:Creating prefix script '/home/jmj/pro_asp_ws/ugv_ws/install/local_setup.zsh'
[5.819s] INFO:colcon.colcon_core.shell:Creating prefix chain script '/home/jmj/pro_asp_ws/ugv_ws/install/setup.zsh'
