[0.012s] Invoking command in '/home/acdl1/mj_ws/ws_px4_controls/build/ugv_controller': CMAKE_PREFIX_PATH=${CMAKE_PREFIX_PATH}:/home/acdl1/mj_ws/ws_px4_controls/install/opencv_tests:/opt/ros/humble /usr/bin/cmake --build /home/acdl1/mj_ws/ws_px4_controls/build/ugv_controller -- -j16 -l16
[0.064s] [35m[1mConsolidate compiler generated dependencies of target mission_follower_node[0m
[0.079s] [ 33%] Built target manual_path_logger_node
[0.080s] [ 66%] Built target path_follower_node
[0.085s] [ 83%] [32mBuilding CXX object CMakeFiles/mission_follower_node.dir/src/mission_follower_node.cpp.o[0m
[11.995s] [100%] [32m[1mLinking CXX executable mission_follower_node[0m
[12.653s] [100%] Built target mission_follower_node
[12.666s] Invoked command in '/home/acdl1/mj_ws/ws_px4_controls/build/ugv_controller' returned '0': CMAKE_PREFIX_PATH=${CMAKE_PREFIX_PATH}:/home/acdl1/mj_ws/ws_px4_controls/install/opencv_tests:/opt/ros/humble /usr/bin/cmake --build /home/acdl1/mj_ws/ws_px4_controls/build/ugv_controller -- -j16 -l16
[12.678s] Invoking command in '/home/acdl1/mj_ws/ws_px4_controls/build/ugv_controller': CMAKE_PREFIX_PATH=${CMAKE_PREFIX_PATH}:/home/acdl1/mj_ws/ws_px4_controls/install/opencv_tests:/opt/ros/humble /usr/bin/cmake --install /home/acdl1/mj_ws/ws_px4_controls/build/ugv_controller
[12.686s] -- Install configuration: ""
[12.686s] -- Up-to-date: /home/acdl1/mj_ws/ws_px4_controls/install/ugv_controller/lib/ugv_controller/path_follower_node
[12.686s] -- Up-to-date: /home/acdl1/mj_ws/ws_px4_controls/install/ugv_controller/lib/ugv_controller/manual_path_logger_node
[12.686s] -- Installing: /home/acdl1/mj_ws/ws_px4_controls/install/ugv_controller/lib/ugv_controller/mission_follower_node
[12.692s] -- Set runtime path of "/home/acdl1/mj_ws/ws_px4_controls/install/ugv_controller/lib/ugv_controller/mission_follower_node" to ""
[12.693s] -- Up-to-date: /home/acdl1/mj_ws/ws_px4_controls/install/ugv_controller/share/ugv_controller/launch
[12.693s] -- Up-to-date: /home/acdl1/mj_ws/ws_px4_controls/install/ugv_controller/share/ugv_controller/launch/path_follower.launch.py
[12.693s] -- Up-to-date: /home/acdl1/mj_ws/ws_px4_controls/install/ugv_controller/share/ugv_controller/mission.csv
[12.693s] -- Up-to-date: /home/acdl1/mj_ws/ws_px4_controls/install/ugv_controller/share/ament_index/resource_index/package_run_dependencies/ugv_controller
[12.693s] -- Up-to-date: /home/acdl1/mj_ws/ws_px4_controls/install/ugv_controller/share/ament_index/resource_index/parent_prefix_path/ugv_controller
[12.693s] -- Up-to-date: /home/acdl1/mj_ws/ws_px4_controls/install/ugv_controller/share/ugv_controller/environment/ament_prefix_path.sh
[12.693s] -- Up-to-date: /home/acdl1/mj_ws/ws_px4_controls/install/ugv_controller/share/ugv_controller/environment/ament_prefix_path.dsv
[12.693s] -- Up-to-date: /home/acdl1/mj_ws/ws_px4_controls/install/ugv_controller/share/ugv_controller/environment/path.sh
[12.693s] -- Up-to-date: /home/acdl1/mj_ws/ws_px4_controls/install/ugv_controller/share/ugv_controller/environment/path.dsv
[12.694s] -- Up-to-date: /home/acdl1/mj_ws/ws_px4_controls/install/ugv_controller/share/ugv_controller/local_setup.bash
[12.694s] -- Up-to-date: /home/acdl1/mj_ws/ws_px4_controls/install/ugv_controller/share/ugv_controller/local_setup.sh
[12.694s] -- Up-to-date: /home/acdl1/mj_ws/ws_px4_controls/install/ugv_controller/share/ugv_controller/local_setup.zsh
[12.695s] -- Up-to-date: /home/acdl1/mj_ws/ws_px4_controls/install/ugv_controller/share/ugv_controller/local_setup.dsv
[12.695s] -- Installing: /home/acdl1/mj_ws/ws_px4_controls/install/ugv_controller/share/ugv_controller/package.dsv
[12.695s] -- Up-to-date: /home/acdl1/mj_ws/ws_px4_controls/install/ugv_controller/share/ament_index/resource_index/packages/ugv_controller
[12.695s] -- Up-to-date: /home/acdl1/mj_ws/ws_px4_controls/install/ugv_controller/share/ugv_controller/cmake/ugv_controllerConfig.cmake
[12.695s] -- Up-to-date: /home/acdl1/mj_ws/ws_px4_controls/install/ugv_controller/share/ugv_controller/cmake/ugv_controllerConfig-version.cmake
[12.695s] -- Up-to-date: /home/acdl1/mj_ws/ws_px4_controls/install/ugv_controller/share/ugv_controller/package.xml
[12.697s] Invoked command in '/home/acdl1/mj_ws/ws_px4_controls/build/ugv_controller' returned '0': CMAKE_PREFIX_PATH=${CMAKE_PREFIX_PATH}:/home/acdl1/mj_ws/ws_px4_controls/install/opencv_tests:/opt/ros/humble /usr/bin/cmake --install /home/acdl1/mj_ws/ws_px4_controls/build/ugv_controller
