[0.012s] Invoking command in '/home/jmj/pro_asp_ws/ws_px4_controls/build/gazebo_env_setup': CMAKE_PREFIX_PATH=${CMAKE_PREFIX_PATH}:/home/jmj/pro_asp_ws/ws_px4_controls/install/opencv_tests:/opt/ros/humble /usr/bin/cmake /home/jmj/pro_asp_ws/ws_px4_controls/src/ugv_ws/src/gazebo_env_setup -DCMAKE_INSTALL_PREFIX=/home/jmj/pro_asp_ws/ws_px4_controls/install/gazebo_env_setup
[0.053s] -- The C compiler identification is GNU 11.4.0
[0.097s] -- The CXX compiler identification is GNU 11.4.0
[0.103s] -- Detecting C compiler ABI info
[0.145s] -- Detecting C compiler ABI info - done
[0.150s] -- Check for working C compiler: /usr/lib/ccache/gcc - skipped
[0.150s] -- Detecting C compile features
[0.150s] -- Detecting C compile features - done
[0.152s] -- Detecting CXX compiler ABI info
[0.197s] -- Detecting CXX compiler ABI info - done
[0.202s] -- Check for working CXX compiler: /usr/lib/ccache/g++ - skipped
[0.202s] -- Detecting CXX compile features
[0.202s] -- Detecting CXX compile features - done
[0.203s] -- Found ament_cmake: 1.3.11 (/opt/ros/humble/share/ament_cmake/cmake)
[0.307s] -- Found Python3: /usr/bin/python3 (found version "3.10.12") found components: Interpreter 
[0.366s] -- Found rclcpp: 16.0.12 (/opt/ros/humble/share/rclcpp/cmake)
[0.393s] -- Found rosidl_generator_c: 3.1.6 (/opt/ros/humble/share/rosidl_generator_c/cmake)
[0.396s] -- Found rosidl_adapter: 3.1.6 (/opt/ros/humble/share/rosidl_adapter/cmake)
[0.402s] -- Found rosidl_generator_cpp: 3.1.6 (/opt/ros/humble/share/rosidl_generator_cpp/cmake)
[0.409s] -- Using all available rosidl_typesupport_c: rosidl_typesupport_fastrtps_c;rosidl_typesupport_introspection_c
[0.418s] -- Using all available rosidl_typesupport_cpp: rosidl_typesupport_fastrtps_cpp;rosidl_typesupport_introspection_cpp
[0.444s] -- Found rmw_implementation_cmake: 6.1.2 (/opt/ros/humble/share/rmw_implementation_cmake/cmake)
[0.446s] -- Found rmw_fastrtps_cpp: 6.2.7 (/opt/ros/humble/share/rmw_fastrtps_cpp/cmake)
[0.501s] -- Found OpenSSL: /usr/lib/x86_64-linux-gnu/libcrypto.so (found version "3.0.2")  
[0.523s] -- Found FastRTPS: /opt/ros/humble/include  
[0.568s] -- Using RMW implementation 'rmw_fastrtps_cpp' as default
[0.575s] -- Looking for pthread.h
[0.633s] -- Looking for pthread.h - found
[0.633s] -- Performing Test CMAKE_HAVE_LIBC_PTHREAD
[0.707s] -- Performing Test CMAKE_HAVE_LIBC_PTHREAD - Success
[0.707s] -- Found Threads: TRUE  
[0.760s] -- Found geometry_msgs: 4.8.0 (/opt/ros/humble/share/geometry_msgs/cmake)
[0.769s] -- Found tf2_ros: 0.25.12 (/opt/ros/humble/share/tf2_ros/cmake)
[0.920s] -- Configuring done
[0.926s] -- Generating done
[0.929s] -- Build files have been written to: /home/jmj/pro_asp_ws/ws_px4_controls/build/gazebo_env_setup
[0.937s] Invoked command in '/home/jmj/pro_asp_ws/ws_px4_controls/build/gazebo_env_setup' returned '0': CMAKE_PREFIX_PATH=${CMAKE_PREFIX_PATH}:/home/jmj/pro_asp_ws/ws_px4_controls/install/opencv_tests:/opt/ros/humble /usr/bin/cmake /home/jmj/pro_asp_ws/ws_px4_controls/src/ugv_ws/src/gazebo_env_setup -DCMAKE_INSTALL_PREFIX=/home/jmj/pro_asp_ws/ws_px4_controls/install/gazebo_env_setup
[0.938s] Invoking command in '/home/jmj/pro_asp_ws/ws_px4_controls/build/gazebo_env_setup': CMAKE_PREFIX_PATH=${CMAKE_PREFIX_PATH}:/home/jmj/pro_asp_ws/ws_px4_controls/install/opencv_tests:/opt/ros/humble /usr/bin/cmake --build /home/jmj/pro_asp_ws/ws_px4_controls/build/gazebo_env_setup -- -j20 -l20
[0.977s] [ 50%] [32mBuilding CXX object CMakeFiles/pose_tf_broadcaster.dir/src/pose_tf_broadcaster.cpp.o[0m
[1.003s] [100%] [32m[1mLinking CXX executable pose_tf_broadcaster[0m
[1.394s] [100%] Built target pose_tf_broadcaster
[1.402s] Invoked command in '/home/jmj/pro_asp_ws/ws_px4_controls/build/gazebo_env_setup' returned '0': CMAKE_PREFIX_PATH=${CMAKE_PREFIX_PATH}:/home/jmj/pro_asp_ws/ws_px4_controls/install/opencv_tests:/opt/ros/humble /usr/bin/cmake --build /home/jmj/pro_asp_ws/ws_px4_controls/build/gazebo_env_setup -- -j20 -l20
[1.404s] Invoking command in '/home/jmj/pro_asp_ws/ws_px4_controls/build/gazebo_env_setup': CMAKE_PREFIX_PATH=${CMAKE_PREFIX_PATH}:/home/jmj/pro_asp_ws/ws_px4_controls/install/opencv_tests:/opt/ros/humble /usr/bin/cmake --install /home/jmj/pro_asp_ws/ws_px4_controls/build/gazebo_env_setup
[1.410s] -- Install configuration: ""
[1.410s] -- Installing: /home/jmj/pro_asp_ws/ws_px4_controls/install/gazebo_env_setup/lib/gazebo_env_setup/pose_tf_broadcaster
[1.412s] -- Set runtime path of "/home/jmj/pro_asp_ws/ws_px4_controls/install/gazebo_env_setup/lib/gazebo_env_setup/pose_tf_broadcaster" to ""
[1.412s] -- Installing: /home/jmj/pro_asp_ws/ws_px4_controls/install/gazebo_env_setup/share/gazebo_env_setup/launch
[1.412s] -- Installing: /home/jmj/pro_asp_ws/ws_px4_controls/install/gazebo_env_setup/share/gazebo_env_setup/launch/pose_tf_broadcaster.launch.py
[1.412s] -- Installing: /home/jmj/pro_asp_ws/ws_px4_controls/install/gazebo_env_setup/share/gazebo_env_setup/launch/topic_bridge.launch.py
[1.412s] -- Installing: /home/jmj/pro_asp_ws/ws_px4_controls/install/gazebo_env_setup/share/ament_index/resource_index/package_run_dependencies/gazebo_env_setup
[1.413s] -- Installing: /home/jmj/pro_asp_ws/ws_px4_controls/install/gazebo_env_setup/share/ament_index/resource_index/parent_prefix_path/gazebo_env_setup
[1.413s] -- Installing: /home/jmj/pro_asp_ws/ws_px4_controls/install/gazebo_env_setup/share/gazebo_env_setup/environment/ament_prefix_path.sh
[1.413s] -- Installing: /home/jmj/pro_asp_ws/ws_px4_controls/install/gazebo_env_setup/share/gazebo_env_setup/environment/ament_prefix_path.dsv
[1.413s] -- Installing: /home/jmj/pro_asp_ws/ws_px4_controls/install/gazebo_env_setup/share/gazebo_env_setup/environment/path.sh
[1.413s] -- Installing: /home/jmj/pro_asp_ws/ws_px4_controls/install/gazebo_env_setup/share/gazebo_env_setup/environment/path.dsv
[1.413s] -- Installing: /home/jmj/pro_asp_ws/ws_px4_controls/install/gazebo_env_setup/share/gazebo_env_setup/local_setup.bash
[1.413s] -- Installing: /home/jmj/pro_asp_ws/ws_px4_controls/install/gazebo_env_setup/share/gazebo_env_setup/local_setup.sh
[1.413s] -- Installing: /home/jmj/pro_asp_ws/ws_px4_controls/install/gazebo_env_setup/share/gazebo_env_setup/local_setup.zsh
[1.413s] -- Installing: /home/jmj/pro_asp_ws/ws_px4_controls/install/gazebo_env_setup/share/gazebo_env_setup/local_setup.dsv
[1.413s] -- Installing: /home/jmj/pro_asp_ws/ws_px4_controls/install/gazebo_env_setup/share/gazebo_env_setup/package.dsv
[1.413s] -- Installing: /home/jmj/pro_asp_ws/ws_px4_controls/install/gazebo_env_setup/share/ament_index/resource_index/packages/gazebo_env_setup
[1.413s] -- Installing: /home/jmj/pro_asp_ws/ws_px4_controls/install/gazebo_env_setup/share/gazebo_env_setup/cmake/gazebo_env_setupConfig.cmake
[1.413s] -- Installing: /home/jmj/pro_asp_ws/ws_px4_controls/install/gazebo_env_setup/share/gazebo_env_setup/cmake/gazebo_env_setupConfig-version.cmake
[1.413s] -- Installing: /home/jmj/pro_asp_ws/ws_px4_controls/install/gazebo_env_setup/share/gazebo_env_setup/package.xml
[1.416s] Invoked command in '/home/jmj/pro_asp_ws/ws_px4_controls/build/gazebo_env_setup' returned '0': CMAKE_PREFIX_PATH=${CMAKE_PREFIX_PATH}:/home/jmj/pro_asp_ws/ws_px4_controls/install/opencv_tests:/opt/ros/humble /usr/bin/cmake --install /home/jmj/pro_asp_ws/ws_px4_controls/build/gazebo_env_setup
