[0.009s] Invoking command in '/home/acdl1/mj_ws/ws_px4_controls/build/px4_ros_com': CMAKE_PREFIX_PATH=/home/acdl1/mj_ws/ws_px4_controls/install/px4_msgs:/home/acdl1/mj_ws/ws_px4_controls/install/vision_opencv:/home/acdl1/mj_ws/ws_px4_controls/install/utilities_pkg:/home/acdl1/mj_ws/ws_px4_controls/install/ugv_controller:/home/acdl1/mj_ws/ws_px4_controls/install/uav_controller_pkg:/home/acdl1/mj_ws/ws_px4_controls/install/px4_ros_com:/home/acdl1/mj_ws/ws_px4_controls/install/multi_tracker:/home/acdl1/mj_ws/ws_px4_controls/install/image_geometry:/home/acdl1/mj_ws/ws_px4_controls/install/gazebo_env_setup:/home/acdl1/mj_ws/ws_px4_controls/install/drone_takeoff_pub:/home/acdl1/mj_ws/ws_px4_controls/install/cv_bridge:/home/acdl1/mj_ws/ws_px4_controls/install/aruco_interfaces:/home/acdl1/mj_ws/ws_px4_controls/install/opencv_tests:/opt/ros/humble LD_LIBRARY_PATH=/home/acdl1/mj_ws/ws_px4_controls/install/px4_msgs/lib:/home/acdl1/mj_ws/ws_px4_controls/install/px4_ros_com/lib:/home/acdl1/mj_ws/ws_px4_controls/install/image_geometry/lib:/home/acdl1/mj_ws/ws_px4_controls/install/cv_bridge/lib:/home/acdl1/mj_ws/ws_px4_controls/install/aruco_interfaces/lib:/opt/ros/humble/opt/rviz_ogre_vendor/lib:/opt/ros/humble/lib/x86_64-linux-gnu:/opt/ros/humble/lib /usr/bin/cmake --build /home/acdl1/mj_ws/ws_px4_controls/build/px4_ros_com -- -j16 -l16
[0.037s] [35m[1mConsolidate compiler generated dependencies of target offboard_control[0m
[0.044s] [ 12%] Built target frame_transforms
[0.045s] [ 25%] Built target vehicle_gps_position_listener
[0.046s] [ 50%] Built target offboard_control_key
[0.046s] [ 50%] Built target sensor_combined_listener
[0.047s] [ 62%] Built target debug_vect_advertiser
[0.048s] [ 75%] Built target offboard_control_srv
[0.049s] [ 87%] Built target cli_pose_command
[0.049s] [ 87%] Built target ament_cmake_python_copy_px4_ros_com
[0.051s] [ 93%] [32mBuilding CXX object CMakeFiles/offboard_control.dir/src/examples/offboard/offboard_control.cpp.o[0m
[0.213s] running egg_info
[0.227s] writing px4_ros_com.egg-info/PKG-INFO
[0.227s] writing dependency_links to px4_ros_com.egg-info/dependency_links.txt
[0.227s] writing top-level names to px4_ros_com.egg-info/top_level.txt
[0.267s] reading manifest file 'px4_ros_com.egg-info/SOURCES.txt'
[0.268s] writing manifest file 'px4_ros_com.egg-info/SOURCES.txt'
[0.286s] [ 93%] Built target ament_cmake_python_build_px4_ros_com_egg
[14.227s] [100%] [32m[1mLinking CXX executable offboard_control[0m
[14.990s] [100%] Built target offboard_control
[14.997s] Invoked command in '/home/acdl1/mj_ws/ws_px4_controls/build/px4_ros_com' returned '0': CMAKE_PREFIX_PATH=/home/acdl1/mj_ws/ws_px4_controls/install/px4_msgs:/home/acdl1/mj_ws/ws_px4_controls/install/vision_opencv:/home/acdl1/mj_ws/ws_px4_controls/install/utilities_pkg:/home/acdl1/mj_ws/ws_px4_controls/install/ugv_controller:/home/acdl1/mj_ws/ws_px4_controls/install/uav_controller_pkg:/home/acdl1/mj_ws/ws_px4_controls/install/px4_ros_com:/home/acdl1/mj_ws/ws_px4_controls/install/multi_tracker:/home/acdl1/mj_ws/ws_px4_controls/install/image_geometry:/home/acdl1/mj_ws/ws_px4_controls/install/gazebo_env_setup:/home/acdl1/mj_ws/ws_px4_controls/install/drone_takeoff_pub:/home/acdl1/mj_ws/ws_px4_controls/install/cv_bridge:/home/acdl1/mj_ws/ws_px4_controls/install/aruco_interfaces:/home/acdl1/mj_ws/ws_px4_controls/install/opencv_tests:/opt/ros/humble LD_LIBRARY_PATH=/home/acdl1/mj_ws/ws_px4_controls/install/px4_msgs/lib:/home/acdl1/mj_ws/ws_px4_controls/install/px4_ros_com/lib:/home/acdl1/mj_ws/ws_px4_controls/install/image_geometry/lib:/home/acdl1/mj_ws/ws_px4_controls/install/cv_bridge/lib:/home/acdl1/mj_ws/ws_px4_controls/install/aruco_interfaces/lib:/opt/ros/humble/opt/rviz_ogre_vendor/lib:/opt/ros/humble/lib/x86_64-linux-gnu:/opt/ros/humble/lib /usr/bin/cmake --build /home/acdl1/mj_ws/ws_px4_controls/build/px4_ros_com -- -j16 -l16
[15.003s] Invoking command in '/home/acdl1/mj_ws/ws_px4_controls/build/px4_ros_com': CMAKE_PREFIX_PATH=/home/acdl1/mj_ws/ws_px4_controls/install/px4_msgs:/home/acdl1/mj_ws/ws_px4_controls/install/vision_opencv:/home/acdl1/mj_ws/ws_px4_controls/install/utilities_pkg:/home/acdl1/mj_ws/ws_px4_controls/install/ugv_controller:/home/acdl1/mj_ws/ws_px4_controls/install/uav_controller_pkg:/home/acdl1/mj_ws/ws_px4_controls/install/px4_ros_com:/home/acdl1/mj_ws/ws_px4_controls/install/multi_tracker:/home/acdl1/mj_ws/ws_px4_controls/install/image_geometry:/home/acdl1/mj_ws/ws_px4_controls/install/gazebo_env_setup:/home/acdl1/mj_ws/ws_px4_controls/install/drone_takeoff_pub:/home/acdl1/mj_ws/ws_px4_controls/install/cv_bridge:/home/acdl1/mj_ws/ws_px4_controls/install/aruco_interfaces:/home/acdl1/mj_ws/ws_px4_controls/install/opencv_tests:/opt/ros/humble LD_LIBRARY_PATH=/home/acdl1/mj_ws/ws_px4_controls/install/px4_msgs/lib:/home/acdl1/mj_ws/ws_px4_controls/install/px4_ros_com/lib:/home/acdl1/mj_ws/ws_px4_controls/install/image_geometry/lib:/home/acdl1/mj_ws/ws_px4_controls/install/cv_bridge/lib:/home/acdl1/mj_ws/ws_px4_controls/install/aruco_interfaces/lib:/opt/ros/humble/opt/rviz_ogre_vendor/lib:/opt/ros/humble/lib/x86_64-linux-gnu:/opt/ros/humble/lib /usr/bin/cmake --install /home/acdl1/mj_ws/ws_px4_controls/build/px4_ros_com
[15.008s] -- Install configuration: ""
[15.008s] -- Up-to-date: /home/acdl1/mj_ws/ws_px4_controls/install/px4_ros_com/lib/px4_ros_com/sensor_combined_listener
[15.008s] -- Up-to-date: /home/acdl1/mj_ws/ws_px4_controls/install/px4_ros_com/lib/px4_ros_com/vehicle_gps_position_listener
[15.008s] -- Up-to-date: /home/acdl1/mj_ws/ws_px4_controls/install/px4_ros_com/lib/px4_ros_com/debug_vect_advertiser
[15.009s] -- Installing: /home/acdl1/mj_ws/ws_px4_controls/install/px4_ros_com/lib/px4_ros_com/offboard_control
[15.017s] -- Set runtime path of "/home/acdl1/mj_ws/ws_px4_controls/install/px4_ros_com/lib/px4_ros_com/offboard_control" to ""
[15.017s] -- Up-to-date: /home/acdl1/mj_ws/ws_px4_controls/install/px4_ros_com/lib/px4_ros_com/offboard_control_srv
[15.017s] -- Up-to-date: /home/acdl1/mj_ws/ws_px4_controls/install/px4_ros_com/lib/px4_ros_com/offboard_control_key
[15.018s] -- Up-to-date: /home/acdl1/mj_ws/ws_px4_controls/install/px4_ros_com/lib/px4_ros_com/cli_pose_command
[15.018s] -- Up-to-date: /home/acdl1/mj_ws/ws_px4_controls/install/px4_ros_com/share/px4_ros_com/environment/library_path.sh
[15.018s] -- Up-to-date: /home/acdl1/mj_ws/ws_px4_controls/install/px4_ros_com/share/px4_ros_com/environment/library_path.dsv
[15.018s] -- Up-to-date: /home/acdl1/mj_ws/ws_px4_controls/install/px4_ros_com/include/px4_ros_com
[15.018s] -- Up-to-date: /home/acdl1/mj_ws/ws_px4_controls/install/px4_ros_com/include/px4_ros_com/frame_transforms.h
[15.018s] -- Up-to-date: /home/acdl1/mj_ws/ws_px4_controls/install/px4_ros_com/lib/libframe_transforms.so
[15.018s] -- Up-to-date: /home/acdl1/mj_ws/ws_px4_controls/install/px4_ros_com/share/px4_ros_com//launch
[15.018s] -- Up-to-date: /home/acdl1/mj_ws/ws_px4_controls/install/px4_ros_com/share/px4_ros_com//launch/sensor_combined_listener.launch.py
[15.018s] -- Up-to-date: /home/acdl1/mj_ws/ws_px4_controls/install/px4_ros_com/share/px4_ros_com//launch/offboard_control_launch.yaml
[15.018s] -- Up-to-date: /home/acdl1/mj_ws/ws_px4_controls/install/px4_ros_com/share/px4_ros_com//test
[15.019s] -- Up-to-date: /home/acdl1/mj_ws/ws_px4_controls/install/px4_ros_com/share/px4_ros_com//test/test_output.py
[15.019s] -- Up-to-date: /home/acdl1/mj_ws/ws_px4_controls/install/px4_ros_com/share/px4_ros_com//test/test_input.py
[15.019s] -- Up-to-date: /home/acdl1/mj_ws/ws_px4_controls/install/px4_ros_com/share/px4_ros_com//test/pipeline_io_test.py
[15.019s] -- Up-to-date: /home/acdl1/mj_ws/ws_px4_controls/install/px4_ros_com/share/px4_ros_com//test/__init__.py
[15.019s] -- Up-to-date: /home/acdl1/mj_ws/ws_px4_controls/install/px4_ros_com/share/px4_ros_com/environment/pythonpath.sh
[15.019s] -- Up-to-date: /home/acdl1/mj_ws/ws_px4_controls/install/px4_ros_com/share/px4_ros_com/environment/pythonpath.dsv
[15.019s] -- Up-to-date: /home/acdl1/mj_ws/ws_px4_controls/install/px4_ros_com/local/lib/python3.10/dist-packages/px4_ros_com-0.1.0-py3.10.egg-info
[15.019s] -- Installing: /home/acdl1/mj_ws/ws_px4_controls/install/px4_ros_com/local/lib/python3.10/dist-packages/px4_ros_com-0.1.0-py3.10.egg-info/SOURCES.txt
[15.019s] -- Installing: /home/acdl1/mj_ws/ws_px4_controls/install/px4_ros_com/local/lib/python3.10/dist-packages/px4_ros_com-0.1.0-py3.10.egg-info/PKG-INFO
[15.019s] -- Installing: /home/acdl1/mj_ws/ws_px4_controls/install/px4_ros_com/local/lib/python3.10/dist-packages/px4_ros_com-0.1.0-py3.10.egg-info/dependency_links.txt
[15.019s] -- Installing: /home/acdl1/mj_ws/ws_px4_controls/install/px4_ros_com/local/lib/python3.10/dist-packages/px4_ros_com-0.1.0-py3.10.egg-info/top_level.txt
[15.019s] -- Up-to-date: /home/acdl1/mj_ws/ws_px4_controls/install/px4_ros_com/local/lib/python3.10/dist-packages/px4_ros_com
[15.019s] -- Up-to-date: /home/acdl1/mj_ws/ws_px4_controls/install/px4_ros_com/local/lib/python3.10/dist-packages/px4_ros_com/module_to_import.py
[15.019s] -- Up-to-date: /home/acdl1/mj_ws/ws_px4_controls/install/px4_ros_com/local/lib/python3.10/dist-packages/px4_ros_com/__init__.py
[15.043s] Listing '/home/acdl1/mj_ws/ws_px4_controls/install/px4_ros_com/local/lib/python3.10/dist-packages/px4_ros_com'...
[15.046s] -- Up-to-date: /home/acdl1/mj_ws/ws_px4_controls/install/px4_ros_com/lib/px4_ros_com/offboard_control.py
[15.046s] -- Up-to-date: /home/acdl1/mj_ws/ws_px4_controls/install/px4_ros_com/share/ament_index/resource_index/package_run_dependencies/px4_ros_com
[15.046s] -- Up-to-date: /home/acdl1/mj_ws/ws_px4_controls/install/px4_ros_com/share/ament_index/resource_index/parent_prefix_path/px4_ros_com
[15.046s] -- Up-to-date: /home/acdl1/mj_ws/ws_px4_controls/install/px4_ros_com/share/px4_ros_com/environment/ament_prefix_path.sh
[15.046s] -- Up-to-date: /home/acdl1/mj_ws/ws_px4_controls/install/px4_ros_com/share/px4_ros_com/environment/ament_prefix_path.dsv
[15.046s] -- Up-to-date: /home/acdl1/mj_ws/ws_px4_controls/install/px4_ros_com/share/px4_ros_com/environment/path.sh
[15.046s] -- Up-to-date: /home/acdl1/mj_ws/ws_px4_controls/install/px4_ros_com/share/px4_ros_com/environment/path.dsv
[15.046s] -- Up-to-date: /home/acdl1/mj_ws/ws_px4_controls/install/px4_ros_com/share/px4_ros_com/local_setup.bash
[15.046s] -- Up-to-date: /home/acdl1/mj_ws/ws_px4_controls/install/px4_ros_com/share/px4_ros_com/local_setup.sh
[15.046s] -- Up-to-date: /home/acdl1/mj_ws/ws_px4_controls/install/px4_ros_com/share/px4_ros_com/local_setup.zsh
[15.046s] -- Up-to-date: /home/acdl1/mj_ws/ws_px4_controls/install/px4_ros_com/share/px4_ros_com/local_setup.dsv
[15.046s] -- Installing: /home/acdl1/mj_ws/ws_px4_controls/install/px4_ros_com/share/px4_ros_com/package.dsv
[15.046s] -- Up-to-date: /home/acdl1/mj_ws/ws_px4_controls/install/px4_ros_com/share/ament_index/resource_index/packages/px4_ros_com
[15.046s] -- Up-to-date: /home/acdl1/mj_ws/ws_px4_controls/install/px4_ros_com/share/px4_ros_com/cmake/export_frame_transformsExport.cmake
[15.047s] -- Up-to-date: /home/acdl1/mj_ws/ws_px4_controls/install/px4_ros_com/share/px4_ros_com/cmake/export_frame_transformsExport-noconfig.cmake
[15.047s] -- Up-to-date: /home/acdl1/mj_ws/ws_px4_controls/install/px4_ros_com/share/px4_ros_com/cmake/ament_cmake_export_dependencies-extras.cmake
[15.047s] -- Up-to-date: /home/acdl1/mj_ws/ws_px4_controls/install/px4_ros_com/share/px4_ros_com/cmake/ament_cmake_export_targets-extras.cmake
[15.047s] -- Up-to-date: /home/acdl1/mj_ws/ws_px4_controls/install/px4_ros_com/share/px4_ros_com/cmake/ament_cmake_export_include_directories-extras.cmake
[15.047s] -- Up-to-date: /home/acdl1/mj_ws/ws_px4_controls/install/px4_ros_com/share/px4_ros_com/cmake/ament_cmake_export_libraries-extras.cmake
[15.047s] -- Up-to-date: /home/acdl1/mj_ws/ws_px4_controls/install/px4_ros_com/share/px4_ros_com/cmake/px4_ros_comConfig.cmake
[15.047s] -- Up-to-date: /home/acdl1/mj_ws/ws_px4_controls/install/px4_ros_com/share/px4_ros_com/cmake/px4_ros_comConfig-version.cmake
[15.047s] -- Up-to-date: /home/acdl1/mj_ws/ws_px4_controls/install/px4_ros_com/share/px4_ros_com/package.xml
[15.048s] Invoked command in '/home/acdl1/mj_ws/ws_px4_controls/build/px4_ros_com' returned '0': CMAKE_PREFIX_PATH=/home/acdl1/mj_ws/ws_px4_controls/install/px4_msgs:/home/acdl1/mj_ws/ws_px4_controls/install/vision_opencv:/home/acdl1/mj_ws/ws_px4_controls/install/utilities_pkg:/home/acdl1/mj_ws/ws_px4_controls/install/ugv_controller:/home/acdl1/mj_ws/ws_px4_controls/install/uav_controller_pkg:/home/acdl1/mj_ws/ws_px4_controls/install/px4_ros_com:/home/acdl1/mj_ws/ws_px4_controls/install/multi_tracker:/home/acdl1/mj_ws/ws_px4_controls/install/image_geometry:/home/acdl1/mj_ws/ws_px4_controls/install/gazebo_env_setup:/home/acdl1/mj_ws/ws_px4_controls/install/drone_takeoff_pub:/home/acdl1/mj_ws/ws_px4_controls/install/cv_bridge:/home/acdl1/mj_ws/ws_px4_controls/install/aruco_interfaces:/home/acdl1/mj_ws/ws_px4_controls/install/opencv_tests:/opt/ros/humble LD_LIBRARY_PATH=/home/acdl1/mj_ws/ws_px4_controls/install/px4_msgs/lib:/home/acdl1/mj_ws/ws_px4_controls/install/px4_ros_com/lib:/home/acdl1/mj_ws/ws_px4_controls/install/image_geometry/lib:/home/acdl1/mj_ws/ws_px4_controls/install/cv_bridge/lib:/home/acdl1/mj_ws/ws_px4_controls/install/aruco_interfaces/lib:/opt/ros/humble/opt/rviz_ogre_vendor/lib:/opt/ros/humble/lib/x86_64-linux-gnu:/opt/ros/humble/lib /usr/bin/cmake --install /home/acdl1/mj_ws/ws_px4_controls/build/px4_ros_com
