[35m[1mConsolidate compiler generated dependencies of target uav_controller[0m
[ 50%] [32mBuilding CXX object CMakeFiles/uav_controller.dir/src/uav_controller.cpp.o[0m
[01m[K/home/jmj/pro_asp_ws/ws_px4_controls/src/uav_controller_pkg/src/uav_controller.cpp:[m[K In constructor ‘[01m[KUavController::UavController()[m[K’:
[01m[K/home/jmj/pro_asp_ws/ws_px4_controls/src/uav_controller_pkg/src/uav_controller.cpp:70:113:[m[K [01;31m[Kerror: [m[K‘[01m[KYourDroneClass[m[K’ has not been declared
   70 |         ugv_arrived_sub_ = create_subscription<std_msgs::msg::Bool>("/ugv_landing_spot_arrived", 10, std::bind(&[01;31m[KYourDroneClass[m[K::ugvLandingSpotCallback, this, _1));
      |                                                                                                                 [01;31m[K^~~~~~~~~~~~~~[m[K
[01m[K/home/jmj/pro_asp_ws/ws_px4_controls/src/uav_controller_pkg/src/uav_controller.cpp:70:159:[m[K [01;31m[Kerror: [m[K‘[01m[K_1[m[K’ was not declared in this scope; did you mean ‘[01m[Kstd::placeholders::_1[m[K’?
   70 |         ugv_arrived_sub_ = create_subscription<std_msgs::msg::Bool>("/ugv_landing_spot_arrived", 10, std::bind(&YourDroneClass::ugvLandingSpotCallback, this, [01;31m[K_1[m[K));
      |                                                                                                                                                               [01;31m[K^~[m[K
      |                                                                                                                                                               [32m[Kstd::placeholders::_1[m[K
In file included from [01m[K/usr/include/c++/11/pstl/glue_algorithm_defs.h:13[m[K,
                 from [01m[K/usr/include/c++/11/algorithm:74[m[K,
                 from [01m[K/opt/ros/humble/include/rclcpp/rclcpp/executor.hpp:18[m[K,
                 from [01m[K/opt/ros/humble/include/rclcpp/rclcpp/executors/multi_threaded_executor.hpp:25[m[K,
                 from [01m[K/opt/ros/humble/include/rclcpp/rclcpp/executors.hpp:21[m[K,
                 from [01m[K/opt/ros/humble/include/rclcpp/rclcpp/rclcpp.hpp:155[m[K,
                 from [01m[K/home/jmj/pro_asp_ws/ws_px4_controls/src/uav_controller_pkg/src/uav_controller.cpp:10[m[K:
[01m[K/usr/include/c++/11/functional:225:34:[m[K [01;36m[Knote: [m[K‘[01m[Kstd::placeholders::_1[m[K’ declared here
  225 |     extern const _Placeholder<1> [01;36m[K_1[m[K;
      |                                  [01;36m[K^~[m[K
gmake[2]: *** [CMakeFiles/uav_controller.dir/build.make:76: CMakeFiles/uav_controller.dir/src/uav_controller.cpp.o] Error 1
gmake[1]: *** [CMakeFiles/Makefile2:137: CMakeFiles/uav_controller.dir/all] Error 2
gmake: *** [Makefile:146: all] Error 2
