[0.017s] Invoking command in '/home/jmj/pro_asp_ws/ws_px4_controls/build/cv_bridge': CMAKE_PREFIX_PATH=${CMAKE_PREFIX_PATH}:/home/jmj/pro_asp_ws/ws_px4_controls/install/opencv_tests:/opt/ros/humble /usr/bin/cmake --build /home/jmj/pro_asp_ws/ws_px4_controls/build/cv_bridge -- -j20 -l20
[0.053s] [ 12%] Built target gtest
[0.053s] [ 31%] Built target cv_bridge
[0.054s] [ 43%] Built target gtest_main
[0.060s] [ 43%] Built target ament_cmake_python_copy_cv_bridge
[0.078s] [ 81%] Built target cv_bridge-utest
[0.084s] [100%] Built target cv_bridge_boost
[0.232s] running egg_info
[0.232s] writing cv_bridge.egg-info/PKG-INFO
[0.233s] writing dependency_links to cv_bridge.egg-info/dependency_links.txt
[0.233s] writing top-level names to cv_bridge.egg-info/top_level.txt
[0.234s] reading manifest file 'cv_bridge.egg-info/SOURCES.txt'
[0.235s] writing manifest file 'cv_bridge.egg-info/SOURCES.txt'
[0.257s] [100%] Built target ament_cmake_python_build_cv_bridge_egg
[0.264s] Invoked command in '/home/jmj/pro_asp_ws/ws_px4_controls/build/cv_bridge' returned '0': CMAKE_PREFIX_PATH=${CMAKE_PREFIX_PATH}:/home/jmj/pro_asp_ws/ws_px4_controls/install/opencv_tests:/opt/ros/humble /usr/bin/cmake --build /home/jmj/pro_asp_ws/ws_px4_controls/build/cv_bridge -- -j20 -l20
[0.266s] Invoking command in '/home/jmj/pro_asp_ws/ws_px4_controls/build/cv_bridge': CMAKE_PREFIX_PATH=${CMAKE_PREFIX_PATH}:/home/jmj/pro_asp_ws/ws_px4_controls/install/opencv_tests:/opt/ros/humble /usr/bin/cmake --install /home/jmj/pro_asp_ws/ws_px4_controls/build/cv_bridge
[0.270s] -- Install configuration: ""
[0.270s] -- Up-to-date: /home/jmj/pro_asp_ws/ws_px4_controls/install/cv_bridge/share/cv_bridge/environment/pythonpath.sh
[0.270s] -- Up-to-date: /home/jmj/pro_asp_ws/ws_px4_controls/install/cv_bridge/share/cv_bridge/environment/pythonpath.dsv
[0.270s] -- Up-to-date: /home/jmj/pro_asp_ws/ws_px4_controls/install/cv_bridge/local/lib/python3.10/dist-packages/cv_bridge-3.2.1-py3.10.egg-info
[0.270s] -- Installing: /home/jmj/pro_asp_ws/ws_px4_controls/install/cv_bridge/local/lib/python3.10/dist-packages/cv_bridge-3.2.1-py3.10.egg-info/dependency_links.txt
[0.270s] -- Installing: /home/jmj/pro_asp_ws/ws_px4_controls/install/cv_bridge/local/lib/python3.10/dist-packages/cv_bridge-3.2.1-py3.10.egg-info/top_level.txt
[0.270s] -- Installing: /home/jmj/pro_asp_ws/ws_px4_controls/install/cv_bridge/local/lib/python3.10/dist-packages/cv_bridge-3.2.1-py3.10.egg-info/PKG-INFO
[0.270s] -- Installing: /home/jmj/pro_asp_ws/ws_px4_controls/install/cv_bridge/local/lib/python3.10/dist-packages/cv_bridge-3.2.1-py3.10.egg-info/SOURCES.txt
[0.270s] -- Up-to-date: /home/jmj/pro_asp_ws/ws_px4_controls/install/cv_bridge/local/lib/python3.10/dist-packages/cv_bridge
[0.270s] -- Up-to-date: /home/jmj/pro_asp_ws/ws_px4_controls/install/cv_bridge/local/lib/python3.10/dist-packages/cv_bridge/__init__.py
[0.270s] -- Up-to-date: /home/jmj/pro_asp_ws/ws_px4_controls/install/cv_bridge/local/lib/python3.10/dist-packages/cv_bridge/core.py
[0.291s] Listing '/home/jmj/pro_asp_ws/ws_px4_controls/install/cv_bridge/local/lib/python3.10/dist-packages/cv_bridge'...
[0.291s] Listing '/home/jmj/pro_asp_ws/ws_px4_controls/install/cv_bridge/local/lib/python3.10/dist-packages/cv_bridge/boost'...
[0.293s] -- Up-to-date: /home/jmj/pro_asp_ws/ws_px4_controls/install/cv_bridge/lib/libcv_bridge.so
[0.294s] -- Up-to-date: /home/jmj/pro_asp_ws/ws_px4_controls/install/cv_bridge/include/cv_bridge/cv_bridge/cv_bridge_export.h
[0.294s] -- Up-to-date: /home/jmj/pro_asp_ws/ws_px4_controls/install/cv_bridge/local/lib/python3.10/dist-packages/cv_bridge/boost/cv_bridge_boost.so
[0.294s] -- Up-to-date: /home/jmj/pro_asp_ws/ws_px4_controls/install/cv_bridge/include/cv_bridge
[0.294s] -- Up-to-date: /home/jmj/pro_asp_ws/ws_px4_controls/install/cv_bridge/include/cv_bridge/cv_bridge
[0.294s] -- Up-to-date: /home/jmj/pro_asp_ws/ws_px4_controls/install/cv_bridge/include/cv_bridge/cv_bridge/cv_bridge.h
[0.294s] -- Up-to-date: /home/jmj/pro_asp_ws/ws_px4_controls/install/cv_bridge/include/cv_bridge/cv_bridge/rgb_colors.h
[0.294s] -- Up-to-date: /home/jmj/pro_asp_ws/ws_px4_controls/install/cv_bridge/lib/libcv_bridge.so
[0.294s] -- Up-to-date: /home/jmj/pro_asp_ws/ws_px4_controls/install/cv_bridge/share/ament_index/resource_index/package_run_dependencies/cv_bridge
[0.294s] -- Up-to-date: /home/jmj/pro_asp_ws/ws_px4_controls/install/cv_bridge/share/ament_index/resource_index/parent_prefix_path/cv_bridge
[0.294s] -- Up-to-date: /home/jmj/pro_asp_ws/ws_px4_controls/install/cv_bridge/share/cv_bridge/environment/ament_prefix_path.sh
[0.294s] -- Up-to-date: /home/jmj/pro_asp_ws/ws_px4_controls/install/cv_bridge/share/cv_bridge/environment/ament_prefix_path.dsv
[0.294s] -- Up-to-date: /home/jmj/pro_asp_ws/ws_px4_controls/install/cv_bridge/share/cv_bridge/environment/path.sh
[0.294s] -- Up-to-date: /home/jmj/pro_asp_ws/ws_px4_controls/install/cv_bridge/share/cv_bridge/environment/path.dsv
[0.294s] -- Up-to-date: /home/jmj/pro_asp_ws/ws_px4_controls/install/cv_bridge/share/cv_bridge/local_setup.bash
[0.294s] -- Up-to-date: /home/jmj/pro_asp_ws/ws_px4_controls/install/cv_bridge/share/cv_bridge/local_setup.sh
[0.294s] -- Up-to-date: /home/jmj/pro_asp_ws/ws_px4_controls/install/cv_bridge/share/cv_bridge/local_setup.zsh
[0.294s] -- Up-to-date: /home/jmj/pro_asp_ws/ws_px4_controls/install/cv_bridge/share/cv_bridge/local_setup.dsv
[0.295s] -- Installing: /home/jmj/pro_asp_ws/ws_px4_controls/install/cv_bridge/share/cv_bridge/package.dsv
[0.295s] -- Up-to-date: /home/jmj/pro_asp_ws/ws_px4_controls/install/cv_bridge/share/ament_index/resource_index/packages/cv_bridge
[0.295s] -- Up-to-date: /home/jmj/pro_asp_ws/ws_px4_controls/install/cv_bridge/share/cv_bridge/cmake/export_cv_bridgeExport.cmake
[0.295s] -- Up-to-date: /home/jmj/pro_asp_ws/ws_px4_controls/install/cv_bridge/share/cv_bridge/cmake/export_cv_bridgeExport-noconfig.cmake
[0.295s] -- Up-to-date: /home/jmj/pro_asp_ws/ws_px4_controls/install/cv_bridge/share/cv_bridge/cmake/cv_bridge-extras.cmake
[0.295s] -- Up-to-date: /home/jmj/pro_asp_ws/ws_px4_controls/install/cv_bridge/share/cv_bridge/cmake/ament_cmake_export_dependencies-extras.cmake
[0.295s] -- Up-to-date: /home/jmj/pro_asp_ws/ws_px4_controls/install/cv_bridge/share/cv_bridge/cmake/ament_cmake_export_targets-extras.cmake
[0.295s] -- Up-to-date: /home/jmj/pro_asp_ws/ws_px4_controls/install/cv_bridge/share/cv_bridge/cmake/cv_bridgeConfig.cmake
[0.295s] -- Up-to-date: /home/jmj/pro_asp_ws/ws_px4_controls/install/cv_bridge/share/cv_bridge/cmake/cv_bridgeConfig-version.cmake
[0.295s] -- Up-to-date: /home/jmj/pro_asp_ws/ws_px4_controls/install/cv_bridge/share/cv_bridge/package.xml
[0.296s] Invoked command in '/home/jmj/pro_asp_ws/ws_px4_controls/build/cv_bridge' returned '0': CMAKE_PREFIX_PATH=${CMAKE_PREFIX_PATH}:/home/jmj/pro_asp_ws/ws_px4_controls/install/opencv_tests:/opt/ros/humble /usr/bin/cmake --install /home/jmj/pro_asp_ws/ws_px4_controls/build/cv_bridge
