[0.079s] DEBUG:colcon:Command line arguments: ['/usr/bin/colcon', 'build', '--packages-select', 'aruco_interfaces', 'px4_msgs']
[0.079s] DEBUG:colcon:Parsed command line arguments: Namespace(log_base=None, log_level=None, verb_name='build', build_base='build', install_base='install', merge_install=False, symlink_install=False, test_result_base=None, continue_on_error=False, executor='parallel', parallel_workers=16, event_handlers=None, ignore_user_meta=False, metas=['./colcon.meta'], base_paths=['.'], packages_ignore=None, packages_ignore_regex=None, paths=None, packages_up_to=None, packages_up_to_regex=None, packages_above=None, packages_above_and_dependencies=None, packages_above_depth=None, packages_select_by_dep=None, packages_skip_by_dep=None, packages_skip_up_to=None, packages_select_build_failed=False, packages_skip_build_finished=False, packages_select_test_failures=False, packages_skip_test_passed=False, packages_select=['aruco_interfaces', 'px4_msgs'], packages_skip=None, packages_select_regex=None, packages_skip_regex=None, packages_start=None, packages_end=None, allow_overriding=[], cmake_args=None, cmake_target=None, cmake_target_skip_unavailable=False, cmake_clean_cache=False, cmake_clean_first=False, cmake_force_configure=False, ament_cmake_args=None, catkin_cmake_args=None, catkin_skip_building_tests=False, mixin_files=None, mixin=None, verb_parser=<colcon_mixin.mixin.mixin_argument.MixinArgumentDecorator object at 0x70fca30f71f0>, verb_extension=<colcon_core.verb.build.BuildVerb object at 0x70fca30f6800>, main=<bound method BuildVerb.main of <colcon_core.verb.build.BuildVerb object at 0x70fca30f6800>>, mixin_verb=('build',))
[0.108s] Level 1:colcon.colcon_core.package_discovery:discover_packages(colcon_meta) check parameters
[0.108s] Level 1:colcon.colcon_core.package_discovery:discover_packages(recursive) check parameters
[0.108s] Level 1:colcon.colcon_core.package_discovery:discover_packages(ignore) check parameters
[0.108s] Level 1:colcon.colcon_core.package_discovery:discover_packages(path) check parameters
[0.108s] Level 1:colcon.colcon_core.package_discovery:discover_packages(colcon_meta) discover
[0.108s] Level 1:colcon.colcon_core.package_discovery:discover_packages(recursive) discover
[0.108s] INFO:colcon.colcon_core.package_discovery:Crawling recursively for packages in '/home/acdl1/competition_ws/ws_px4_controls'
[0.108s] Level 1:colcon.colcon_core.package_identification:_identify(.) by extensions ['ignore', 'ignore_ament_install']
[0.108s] Level 1:colcon.colcon_core.package_identification:_identify(.) by extension 'ignore'
[0.108s] Level 1:colcon.colcon_core.package_identification:_identify(.) by extension 'ignore_ament_install'
[0.108s] Level 1:colcon.colcon_core.package_identification:_identify(.) by extensions ['colcon_pkg']
[0.108s] Level 1:colcon.colcon_core.package_identification:_identify(.) by extension 'colcon_pkg'
[0.108s] Level 1:colcon.colcon_core.package_identification:_identify(.) by extensions ['colcon_meta']
[0.109s] Level 1:colcon.colcon_core.package_identification:_identify(.) by extension 'colcon_meta'
[0.109s] Level 1:colcon.colcon_core.package_identification:_identify(.) by extensions ['ros']
[0.109s] Level 1:colcon.colcon_core.package_identification:_identify(.) by extension 'ros'
[0.119s] Level 1:colcon.colcon_core.package_identification:_identify(.) by extensions ['cmake', 'python']
[0.119s] Level 1:colcon.colcon_core.package_identification:_identify(.) by extension 'cmake'
[0.119s] Level 1:colcon.colcon_core.package_identification:_identify(.) by extension 'python'
[0.119s] Level 1:colcon.colcon_core.package_identification:_identify(.) by extensions ['python_setup_py']
[0.119s] Level 1:colcon.colcon_core.package_identification:_identify(.) by extension 'python_setup_py'
[0.119s] Level 1:colcon.colcon_core.package_identification:_identify(build) by extensions ['ignore', 'ignore_ament_install']
[0.120s] Level 1:colcon.colcon_core.package_identification:_identify(build) by extension 'ignore'
[0.120s] Level 1:colcon.colcon_core.package_identification:_identify(build) ignored
[0.120s] Level 1:colcon.colcon_core.package_identification:_identify(install) by extensions ['ignore', 'ignore_ament_install']
[0.120s] Level 1:colcon.colcon_core.package_identification:_identify(install) by extension 'ignore'
[0.120s] Level 1:colcon.colcon_core.package_identification:_identify(install) ignored
[0.120s] Level 1:colcon.colcon_core.package_identification:_identify(log) by extensions ['ignore', 'ignore_ament_install']
[0.120s] Level 1:colcon.colcon_core.package_identification:_identify(log) by extension 'ignore'
[0.120s] Level 1:colcon.colcon_core.package_identification:_identify(log) ignored
[0.120s] Level 1:colcon.colcon_core.package_identification:_identify(src) by extensions ['ignore', 'ignore_ament_install']
[0.120s] Level 1:colcon.colcon_core.package_identification:_identify(src) by extension 'ignore'
[0.120s] Level 1:colcon.colcon_core.package_identification:_identify(src) by extension 'ignore_ament_install'
[0.120s] Level 1:colcon.colcon_core.package_identification:_identify(src) by extensions ['colcon_pkg']
[0.120s] Level 1:colcon.colcon_core.package_identification:_identify(src) by extension 'colcon_pkg'
[0.120s] Level 1:colcon.colcon_core.package_identification:_identify(src) by extensions ['colcon_meta']
[0.120s] Level 1:colcon.colcon_core.package_identification:_identify(src) by extension 'colcon_meta'
[0.120s] Level 1:colcon.colcon_core.package_identification:_identify(src) by extensions ['ros']
[0.120s] Level 1:colcon.colcon_core.package_identification:_identify(src) by extension 'ros'
[0.120s] Level 1:colcon.colcon_core.package_identification:_identify(src) by extensions ['cmake', 'python']
[0.120s] Level 1:colcon.colcon_core.package_identification:_identify(src) by extension 'cmake'
[0.120s] Level 1:colcon.colcon_core.package_identification:_identify(src) by extension 'python'
[0.120s] Level 1:colcon.colcon_core.package_identification:_identify(src) by extensions ['python_setup_py']
[0.120s] Level 1:colcon.colcon_core.package_identification:_identify(src) by extension 'python_setup_py'
[0.121s] Level 1:colcon.colcon_core.package_identification:_identify(src/px4_msgs) by extensions ['ignore', 'ignore_ament_install']
[0.121s] Level 1:colcon.colcon_core.package_identification:_identify(src/px4_msgs) by extension 'ignore'
[0.121s] Level 1:colcon.colcon_core.package_identification:_identify(src/px4_msgs) by extension 'ignore_ament_install'
[0.121s] Level 1:colcon.colcon_core.package_identification:_identify(src/px4_msgs) by extensions ['colcon_pkg']
[0.121s] Level 1:colcon.colcon_core.package_identification:_identify(src/px4_msgs) by extension 'colcon_pkg'
[0.121s] Level 1:colcon.colcon_core.package_identification:_identify(src/px4_msgs) by extensions ['colcon_meta']
[0.121s] Level 1:colcon.colcon_core.package_identification:_identify(src/px4_msgs) by extension 'colcon_meta'
[0.121s] Level 1:colcon.colcon_core.package_identification:_identify(src/px4_msgs) by extensions ['ros']
[0.121s] Level 1:colcon.colcon_core.package_identification:_identify(src/px4_msgs) by extension 'ros'
[0.123s] DEBUG:colcon.colcon_core.package_identification:Package 'src/px4_msgs' with type 'ros.ament_cmake' and name 'px4_msgs'
[0.123s] Level 1:colcon.colcon_core.package_identification:_identify(src/px4_ros_com) by extensions ['ignore', 'ignore_ament_install']
[0.123s] Level 1:colcon.colcon_core.package_identification:_identify(src/px4_ros_com) by extension 'ignore'
[0.123s] Level 1:colcon.colcon_core.package_identification:_identify(src/px4_ros_com) by extension 'ignore_ament_install'
[0.123s] Level 1:colcon.colcon_core.package_identification:_identify(src/px4_ros_com) by extensions ['colcon_pkg']
[0.123s] Level 1:colcon.colcon_core.package_identification:_identify(src/px4_ros_com) by extension 'colcon_pkg'
[0.123s] Level 1:colcon.colcon_core.package_identification:_identify(src/px4_ros_com) by extensions ['colcon_meta']
[0.123s] Level 1:colcon.colcon_core.package_identification:_identify(src/px4_ros_com) by extension 'colcon_meta'
[0.123s] Level 1:colcon.colcon_core.package_identification:_identify(src/px4_ros_com) by extensions ['ros']
[0.123s] Level 1:colcon.colcon_core.package_identification:_identify(src/px4_ros_com) by extension 'ros'
[0.124s] DEBUG:colcon.colcon_core.package_identification:Package 'src/px4_ros_com' with type 'ros.ament_cmake' and name 'px4_ros_com'
[0.124s] Level 1:colcon.colcon_core.package_identification:_identify(src/uav_controller_pkg) by extensions ['ignore', 'ignore_ament_install']
[0.124s] Level 1:colcon.colcon_core.package_identification:_identify(src/uav_controller_pkg) by extension 'ignore'
[0.124s] Level 1:colcon.colcon_core.package_identification:_identify(src/uav_controller_pkg) by extension 'ignore_ament_install'
[0.124s] Level 1:colcon.colcon_core.package_identification:_identify(src/uav_controller_pkg) by extensions ['colcon_pkg']
[0.124s] Level 1:colcon.colcon_core.package_identification:_identify(src/uav_controller_pkg) by extension 'colcon_pkg'
[0.124s] Level 1:colcon.colcon_core.package_identification:_identify(src/uav_controller_pkg) by extensions ['colcon_meta']
[0.124s] Level 1:colcon.colcon_core.package_identification:_identify(src/uav_controller_pkg) by extension 'colcon_meta'
[0.124s] Level 1:colcon.colcon_core.package_identification:_identify(src/uav_controller_pkg) by extensions ['ros']
[0.124s] Level 1:colcon.colcon_core.package_identification:_identify(src/uav_controller_pkg) by extension 'ros'
[0.125s] DEBUG:colcon.colcon_core.package_identification:Package 'src/uav_controller_pkg' with type 'ros.ament_cmake' and name 'uav_controller_pkg'
[0.125s] Level 1:colcon.colcon_core.package_identification:_identify(src/ugv_ws) by extensions ['ignore', 'ignore_ament_install']
[0.125s] Level 1:colcon.colcon_core.package_identification:_identify(src/ugv_ws) by extension 'ignore'
[0.125s] Level 1:colcon.colcon_core.package_identification:_identify(src/ugv_ws) by extension 'ignore_ament_install'
[0.125s] Level 1:colcon.colcon_core.package_identification:_identify(src/ugv_ws) by extensions ['colcon_pkg']
[0.125s] Level 1:colcon.colcon_core.package_identification:_identify(src/ugv_ws) by extension 'colcon_pkg'
[0.125s] Level 1:colcon.colcon_core.package_identification:_identify(src/ugv_ws) by extensions ['colcon_meta']
[0.125s] Level 1:colcon.colcon_core.package_identification:_identify(src/ugv_ws) by extension 'colcon_meta'
[0.125s] Level 1:colcon.colcon_core.package_identification:_identify(src/ugv_ws) by extensions ['ros']
[0.125s] Level 1:colcon.colcon_core.package_identification:_identify(src/ugv_ws) by extension 'ros'
[0.125s] Level 1:colcon.colcon_core.package_identification:_identify(src/ugv_ws) by extensions ['cmake', 'python']
[0.125s] Level 1:colcon.colcon_core.package_identification:_identify(src/ugv_ws) by extension 'cmake'
[0.125s] Level 1:colcon.colcon_core.package_identification:_identify(src/ugv_ws) by extension 'python'
[0.125s] Level 1:colcon.colcon_core.package_identification:_identify(src/ugv_ws) by extensions ['python_setup_py']
[0.125s] Level 1:colcon.colcon_core.package_identification:_identify(src/ugv_ws) by extension 'python_setup_py'
[0.126s] Level 1:colcon.colcon_core.package_identification:_identify(src/ugv_ws/src) by extensions ['ignore', 'ignore_ament_install']
[0.126s] Level 1:colcon.colcon_core.package_identification:_identify(src/ugv_ws/src) by extension 'ignore'
[0.126s] Level 1:colcon.colcon_core.package_identification:_identify(src/ugv_ws/src) by extension 'ignore_ament_install'
[0.126s] Level 1:colcon.colcon_core.package_identification:_identify(src/ugv_ws/src) by extensions ['colcon_pkg']
[0.126s] Level 1:colcon.colcon_core.package_identification:_identify(src/ugv_ws/src) by extension 'colcon_pkg'
[0.126s] Level 1:colcon.colcon_core.package_identification:_identify(src/ugv_ws/src) by extensions ['colcon_meta']
[0.126s] Level 1:colcon.colcon_core.package_identification:_identify(src/ugv_ws/src) by extension 'colcon_meta'
[0.126s] Level 1:colcon.colcon_core.package_identification:_identify(src/ugv_ws/src) by extensions ['ros']
[0.126s] Level 1:colcon.colcon_core.package_identification:_identify(src/ugv_ws/src) by extension 'ros'
[0.126s] Level 1:colcon.colcon_core.package_identification:_identify(src/ugv_ws/src) by extensions ['cmake', 'python']
[0.126s] Level 1:colcon.colcon_core.package_identification:_identify(src/ugv_ws/src) by extension 'cmake'
[0.126s] Level 1:colcon.colcon_core.package_identification:_identify(src/ugv_ws/src) by extension 'python'
[0.126s] Level 1:colcon.colcon_core.package_identification:_identify(src/ugv_ws/src) by extensions ['python_setup_py']
[0.126s] Level 1:colcon.colcon_core.package_identification:_identify(src/ugv_ws/src) by extension 'python_setup_py'
[0.126s] Level 1:colcon.colcon_core.package_identification:_identify(src/ugv_ws/src/drone_takeoff_pub) by extensions ['ignore', 'ignore_ament_install']
[0.126s] Level 1:colcon.colcon_core.package_identification:_identify(src/ugv_ws/src/drone_takeoff_pub) by extension 'ignore'
[0.126s] Level 1:colcon.colcon_core.package_identification:_identify(src/ugv_ws/src/drone_takeoff_pub) by extension 'ignore_ament_install'
[0.126s] Level 1:colcon.colcon_core.package_identification:_identify(src/ugv_ws/src/drone_takeoff_pub) by extensions ['colcon_pkg']
[0.126s] Level 1:colcon.colcon_core.package_identification:_identify(src/ugv_ws/src/drone_takeoff_pub) by extension 'colcon_pkg'
[0.126s] Level 1:colcon.colcon_core.package_identification:_identify(src/ugv_ws/src/drone_takeoff_pub) by extensions ['colcon_meta']
[0.126s] Level 1:colcon.colcon_core.package_identification:_identify(src/ugv_ws/src/drone_takeoff_pub) by extension 'colcon_meta'
[0.126s] Level 1:colcon.colcon_core.package_identification:_identify(src/ugv_ws/src/drone_takeoff_pub) by extensions ['ros']
[0.126s] Level 1:colcon.colcon_core.package_identification:_identify(src/ugv_ws/src/drone_takeoff_pub) by extension 'ros'
[0.127s] DEBUG:colcon.colcon_core.package_identification:Package 'src/ugv_ws/src/drone_takeoff_pub' with type 'ros.ament_cmake' and name 'drone_takeoff_pub'
[0.127s] Level 1:colcon.colcon_core.package_identification:_identify(src/ugv_ws/src/gazebo_env_setup) by extensions ['ignore', 'ignore_ament_install']
[0.127s] Level 1:colcon.colcon_core.package_identification:_identify(src/ugv_ws/src/gazebo_env_setup) by extension 'ignore'
[0.127s] Level 1:colcon.colcon_core.package_identification:_identify(src/ugv_ws/src/gazebo_env_setup) by extension 'ignore_ament_install'
[0.127s] Level 1:colcon.colcon_core.package_identification:_identify(src/ugv_ws/src/gazebo_env_setup) by extensions ['colcon_pkg']
[0.127s] Level 1:colcon.colcon_core.package_identification:_identify(src/ugv_ws/src/gazebo_env_setup) by extension 'colcon_pkg'
[0.127s] Level 1:colcon.colcon_core.package_identification:_identify(src/ugv_ws/src/gazebo_env_setup) by extensions ['colcon_meta']
[0.127s] Level 1:colcon.colcon_core.package_identification:_identify(src/ugv_ws/src/gazebo_env_setup) by extension 'colcon_meta'
[0.127s] Level 1:colcon.colcon_core.package_identification:_identify(src/ugv_ws/src/gazebo_env_setup) by extensions ['ros']
[0.127s] Level 1:colcon.colcon_core.package_identification:_identify(src/ugv_ws/src/gazebo_env_setup) by extension 'ros'
[0.128s] DEBUG:colcon.colcon_core.package_identification:Package 'src/ugv_ws/src/gazebo_env_setup' with type 'ros.ament_cmake' and name 'gazebo_env_setup'
[0.128s] Level 1:colcon.colcon_core.package_identification:_identify(src/ugv_ws/src/ugv_controller) by extensions ['ignore', 'ignore_ament_install']
[0.128s] Level 1:colcon.colcon_core.package_identification:_identify(src/ugv_ws/src/ugv_controller) by extension 'ignore'
[0.128s] Level 1:colcon.colcon_core.package_identification:_identify(src/ugv_ws/src/ugv_controller) by extension 'ignore_ament_install'
[0.128s] Level 1:colcon.colcon_core.package_identification:_identify(src/ugv_ws/src/ugv_controller) by extensions ['colcon_pkg']
[0.128s] Level 1:colcon.colcon_core.package_identification:_identify(src/ugv_ws/src/ugv_controller) by extension 'colcon_pkg'
[0.128s] Level 1:colcon.colcon_core.package_identification:_identify(src/ugv_ws/src/ugv_controller) by extensions ['colcon_meta']
[0.128s] Level 1:colcon.colcon_core.package_identification:_identify(src/ugv_ws/src/ugv_controller) by extension 'colcon_meta'
[0.128s] Level 1:colcon.colcon_core.package_identification:_identify(src/ugv_ws/src/ugv_controller) by extensions ['ros']
[0.128s] Level 1:colcon.colcon_core.package_identification:_identify(src/ugv_ws/src/ugv_controller) by extension 'ros'
[0.129s] DEBUG:colcon.colcon_core.package_identification:Package 'src/ugv_ws/src/ugv_controller' with type 'ros.ament_cmake' and name 'ugv_controller'
[0.129s] Level 1:colcon.colcon_core.package_identification:_identify(src/utilities_pkg) by extensions ['ignore', 'ignore_ament_install']
[0.129s] Level 1:colcon.colcon_core.package_identification:_identify(src/utilities_pkg) by extension 'ignore'
[0.129s] Level 1:colcon.colcon_core.package_identification:_identify(src/utilities_pkg) by extension 'ignore_ament_install'
[0.129s] Level 1:colcon.colcon_core.package_identification:_identify(src/utilities_pkg) by extensions ['colcon_pkg']
[0.129s] Level 1:colcon.colcon_core.package_identification:_identify(src/utilities_pkg) by extension 'colcon_pkg'
[0.129s] Level 1:colcon.colcon_core.package_identification:_identify(src/utilities_pkg) by extensions ['colcon_meta']
[0.129s] Level 1:colcon.colcon_core.package_identification:_identify(src/utilities_pkg) by extension 'colcon_meta'
[0.129s] Level 1:colcon.colcon_core.package_identification:_identify(src/utilities_pkg) by extensions ['ros']
[0.129s] Level 1:colcon.colcon_core.package_identification:_identify(src/utilities_pkg) by extension 'ros'
[0.130s] DEBUG:colcon.colcon_core.package_identification:Package 'src/utilities_pkg' with type 'ros.ament_cmake' and name 'utilities_pkg'
[0.130s] Level 1:colcon.colcon_core.package_identification:_identify(src/ws_aruco) by extensions ['ignore', 'ignore_ament_install']
[0.130s] Level 1:colcon.colcon_core.package_identification:_identify(src/ws_aruco) by extension 'ignore'
[0.130s] Level 1:colcon.colcon_core.package_identification:_identify(src/ws_aruco) by extension 'ignore_ament_install'
[0.130s] Level 1:colcon.colcon_core.package_identification:_identify(src/ws_aruco) by extensions ['colcon_pkg']
[0.130s] Level 1:colcon.colcon_core.package_identification:_identify(src/ws_aruco) by extension 'colcon_pkg'
[0.130s] Level 1:colcon.colcon_core.package_identification:_identify(src/ws_aruco) by extensions ['colcon_meta']
[0.130s] Level 1:colcon.colcon_core.package_identification:_identify(src/ws_aruco) by extension 'colcon_meta'
[0.130s] Level 1:colcon.colcon_core.package_identification:_identify(src/ws_aruco) by extensions ['ros']
[0.130s] Level 1:colcon.colcon_core.package_identification:_identify(src/ws_aruco) by extension 'ros'
[0.130s] Level 1:colcon.colcon_core.package_identification:_identify(src/ws_aruco) by extensions ['cmake', 'python']
[0.130s] Level 1:colcon.colcon_core.package_identification:_identify(src/ws_aruco) by extension 'cmake'
[0.130s] Level 1:colcon.colcon_core.package_identification:_identify(src/ws_aruco) by extension 'python'
[0.130s] Level 1:colcon.colcon_core.package_identification:_identify(src/ws_aruco) by extensions ['python_setup_py']
[0.130s] Level 1:colcon.colcon_core.package_identification:_identify(src/ws_aruco) by extension 'python_setup_py'
[0.130s] Level 1:colcon.colcon_core.package_identification:_identify(src/ws_aruco/src) by extensions ['ignore', 'ignore_ament_install']
[0.130s] Level 1:colcon.colcon_core.package_identification:_identify(src/ws_aruco/src) by extension 'ignore'
[0.131s] Level 1:colcon.colcon_core.package_identification:_identify(src/ws_aruco/src) by extension 'ignore_ament_install'
[0.131s] Level 1:colcon.colcon_core.package_identification:_identify(src/ws_aruco/src) by extensions ['colcon_pkg']
[0.131s] Level 1:colcon.colcon_core.package_identification:_identify(src/ws_aruco/src) by extension 'colcon_pkg'
[0.131s] Level 1:colcon.colcon_core.package_identification:_identify(src/ws_aruco/src) by extensions ['colcon_meta']
[0.131s] Level 1:colcon.colcon_core.package_identification:_identify(src/ws_aruco/src) by extension 'colcon_meta'
[0.131s] Level 1:colcon.colcon_core.package_identification:_identify(src/ws_aruco/src) by extensions ['ros']
[0.131s] Level 1:colcon.colcon_core.package_identification:_identify(src/ws_aruco/src) by extension 'ros'
[0.131s] Level 1:colcon.colcon_core.package_identification:_identify(src/ws_aruco/src) by extensions ['cmake', 'python']
[0.131s] Level 1:colcon.colcon_core.package_identification:_identify(src/ws_aruco/src) by extension 'cmake'
[0.131s] Level 1:colcon.colcon_core.package_identification:_identify(src/ws_aruco/src) by extension 'python'
[0.131s] Level 1:colcon.colcon_core.package_identification:_identify(src/ws_aruco/src) by extensions ['python_setup_py']
[0.131s] Level 1:colcon.colcon_core.package_identification:_identify(src/ws_aruco/src) by extension 'python_setup_py'
[0.131s] Level 1:colcon.colcon_core.package_identification:_identify(src/ws_aruco/src/aruco_interfaces) by extensions ['ignore', 'ignore_ament_install']
[0.131s] Level 1:colcon.colcon_core.package_identification:_identify(src/ws_aruco/src/aruco_interfaces) by extension 'ignore'
[0.131s] Level 1:colcon.colcon_core.package_identification:_identify(src/ws_aruco/src/aruco_interfaces) by extension 'ignore_ament_install'
[0.131s] Level 1:colcon.colcon_core.package_identification:_identify(src/ws_aruco/src/aruco_interfaces) by extensions ['colcon_pkg']
[0.131s] Level 1:colcon.colcon_core.package_identification:_identify(src/ws_aruco/src/aruco_interfaces) by extension 'colcon_pkg'
[0.131s] Level 1:colcon.colcon_core.package_identification:_identify(src/ws_aruco/src/aruco_interfaces) by extensions ['colcon_meta']
[0.131s] Level 1:colcon.colcon_core.package_identification:_identify(src/ws_aruco/src/aruco_interfaces) by extension 'colcon_meta'
[0.131s] Level 1:colcon.colcon_core.package_identification:_identify(src/ws_aruco/src/aruco_interfaces) by extensions ['ros']
[0.131s] Level 1:colcon.colcon_core.package_identification:_identify(src/ws_aruco/src/aruco_interfaces) by extension 'ros'
[0.132s] DEBUG:colcon.colcon_core.package_identification:Package 'src/ws_aruco/src/aruco_interfaces' with type 'ros.ament_cmake' and name 'aruco_interfaces'
[0.132s] Level 1:colcon.colcon_core.package_identification:_identify(src/ws_aruco/src/multi_tracker) by extensions ['ignore', 'ignore_ament_install']
[0.132s] Level 1:colcon.colcon_core.package_identification:_identify(src/ws_aruco/src/multi_tracker) by extension 'ignore'
[0.132s] Level 1:colcon.colcon_core.package_identification:_identify(src/ws_aruco/src/multi_tracker) by extension 'ignore_ament_install'
[0.132s] Level 1:colcon.colcon_core.package_identification:_identify(src/ws_aruco/src/multi_tracker) by extensions ['colcon_pkg']
[0.132s] Level 1:colcon.colcon_core.package_identification:_identify(src/ws_aruco/src/multi_tracker) by extension 'colcon_pkg'
[0.132s] Level 1:colcon.colcon_core.package_identification:_identify(src/ws_aruco/src/multi_tracker) by extensions ['colcon_meta']
[0.132s] Level 1:colcon.colcon_core.package_identification:_identify(src/ws_aruco/src/multi_tracker) by extension 'colcon_meta'
[0.132s] Level 1:colcon.colcon_core.package_identification:_identify(src/ws_aruco/src/multi_tracker) by extensions ['ros']
[0.132s] Level 1:colcon.colcon_core.package_identification:_identify(src/ws_aruco/src/multi_tracker) by extension 'ros'
[0.133s] DEBUG:colcon.colcon_core.package_identification:Package 'src/ws_aruco/src/multi_tracker' with type 'ros.ament_cmake' and name 'multi_tracker'
[0.133s] Level 1:colcon.colcon_core.package_identification:_identify(src/ws_aruco/src/vision_opencv) by extensions ['ignore', 'ignore_ament_install']
[0.133s] Level 1:colcon.colcon_core.package_identification:_identify(src/ws_aruco/src/vision_opencv) by extension 'ignore'
[0.133s] Level 1:colcon.colcon_core.package_identification:_identify(src/ws_aruco/src/vision_opencv) by extension 'ignore_ament_install'
[0.133s] Level 1:colcon.colcon_core.package_identification:_identify(src/ws_aruco/src/vision_opencv) by extensions ['colcon_pkg']
[0.133s] Level 1:colcon.colcon_core.package_identification:_identify(src/ws_aruco/src/vision_opencv) by extension 'colcon_pkg'
[0.133s] Level 1:colcon.colcon_core.package_identification:_identify(src/ws_aruco/src/vision_opencv) by extensions ['colcon_meta']
[0.133s] Level 1:colcon.colcon_core.package_identification:_identify(src/ws_aruco/src/vision_opencv) by extension 'colcon_meta'
[0.134s] Level 1:colcon.colcon_core.package_identification:_identify(src/ws_aruco/src/vision_opencv) by extensions ['ros']
[0.134s] Level 1:colcon.colcon_core.package_identification:_identify(src/ws_aruco/src/vision_opencv) by extension 'ros'
[0.134s] Level 1:colcon.colcon_core.package_identification:_identify(src/ws_aruco/src/vision_opencv) by extensions ['cmake', 'python']
[0.134s] Level 1:colcon.colcon_core.package_identification:_identify(src/ws_aruco/src/vision_opencv) by extension 'cmake'
[0.134s] Level 1:colcon.colcon_core.package_identification:_identify(src/ws_aruco/src/vision_opencv) by extension 'python'
[0.134s] Level 1:colcon.colcon_core.package_identification:_identify(src/ws_aruco/src/vision_opencv) by extensions ['python_setup_py']
[0.134s] Level 1:colcon.colcon_core.package_identification:_identify(src/ws_aruco/src/vision_opencv) by extension 'python_setup_py'
[0.134s] Level 1:colcon.colcon_core.package_identification:_identify(src/ws_aruco/src/vision_opencv/cv_bridge) by extensions ['ignore', 'ignore_ament_install']
[0.134s] Level 1:colcon.colcon_core.package_identification:_identify(src/ws_aruco/src/vision_opencv/cv_bridge) by extension 'ignore'
[0.134s] Level 1:colcon.colcon_core.package_identification:_identify(src/ws_aruco/src/vision_opencv/cv_bridge) by extension 'ignore_ament_install'
[0.134s] Level 1:colcon.colcon_core.package_identification:_identify(src/ws_aruco/src/vision_opencv/cv_bridge) by extensions ['colcon_pkg']
[0.134s] Level 1:colcon.colcon_core.package_identification:_identify(src/ws_aruco/src/vision_opencv/cv_bridge) by extension 'colcon_pkg'
[0.134s] Level 1:colcon.colcon_core.package_identification:_identify(src/ws_aruco/src/vision_opencv/cv_bridge) by extensions ['colcon_meta']
[0.134s] Level 1:colcon.colcon_core.package_identification:_identify(src/ws_aruco/src/vision_opencv/cv_bridge) by extension 'colcon_meta'
[0.134s] Level 1:colcon.colcon_core.package_identification:_identify(src/ws_aruco/src/vision_opencv/cv_bridge) by extensions ['ros']
[0.134s] Level 1:colcon.colcon_core.package_identification:_identify(src/ws_aruco/src/vision_opencv/cv_bridge) by extension 'ros'
[0.135s] DEBUG:colcon.colcon_core.package_identification:Package 'src/ws_aruco/src/vision_opencv/cv_bridge' with type 'ros.ament_cmake' and name 'cv_bridge'
[0.135s] Level 1:colcon.colcon_core.package_identification:_identify(src/ws_aruco/src/vision_opencv/image_geometry) by extensions ['ignore', 'ignore_ament_install']
[0.135s] Level 1:colcon.colcon_core.package_identification:_identify(src/ws_aruco/src/vision_opencv/image_geometry) by extension 'ignore'
[0.135s] Level 1:colcon.colcon_core.package_identification:_identify(src/ws_aruco/src/vision_opencv/image_geometry) by extension 'ignore_ament_install'
[0.135s] Level 1:colcon.colcon_core.package_identification:_identify(src/ws_aruco/src/vision_opencv/image_geometry) by extensions ['colcon_pkg']
[0.135s] Level 1:colcon.colcon_core.package_identification:_identify(src/ws_aruco/src/vision_opencv/image_geometry) by extension 'colcon_pkg'
[0.135s] Level 1:colcon.colcon_core.package_identification:_identify(src/ws_aruco/src/vision_opencv/image_geometry) by extensions ['colcon_meta']
[0.135s] Level 1:colcon.colcon_core.package_identification:_identify(src/ws_aruco/src/vision_opencv/image_geometry) by extension 'colcon_meta'
[0.135s] Level 1:colcon.colcon_core.package_identification:_identify(src/ws_aruco/src/vision_opencv/image_geometry) by extensions ['ros']
[0.135s] Level 1:colcon.colcon_core.package_identification:_identify(src/ws_aruco/src/vision_opencv/image_geometry) by extension 'ros'
[0.136s] DEBUG:colcon.colcon_core.package_identification:Package 'src/ws_aruco/src/vision_opencv/image_geometry' with type 'ros.ament_cmake' and name 'image_geometry'
[0.136s] Level 1:colcon.colcon_core.package_identification:_identify(src/ws_aruco/src/vision_opencv/opencv_tests) by extensions ['ignore', 'ignore_ament_install']
[0.136s] Level 1:colcon.colcon_core.package_identification:_identify(src/ws_aruco/src/vision_opencv/opencv_tests) by extension 'ignore'
[0.136s] Level 1:colcon.colcon_core.package_identification:_identify(src/ws_aruco/src/vision_opencv/opencv_tests) by extension 'ignore_ament_install'
[0.136s] Level 1:colcon.colcon_core.package_identification:_identify(src/ws_aruco/src/vision_opencv/opencv_tests) by extensions ['colcon_pkg']
[0.136s] Level 1:colcon.colcon_core.package_identification:_identify(src/ws_aruco/src/vision_opencv/opencv_tests) by extension 'colcon_pkg'
[0.136s] Level 1:colcon.colcon_core.package_identification:_identify(src/ws_aruco/src/vision_opencv/opencv_tests) by extensions ['colcon_meta']
[0.136s] Level 1:colcon.colcon_core.package_identification:_identify(src/ws_aruco/src/vision_opencv/opencv_tests) by extension 'colcon_meta'
[0.136s] Level 1:colcon.colcon_core.package_identification:_identify(src/ws_aruco/src/vision_opencv/opencv_tests) by extensions ['ros']
[0.136s] Level 1:colcon.colcon_core.package_identification:_identify(src/ws_aruco/src/vision_opencv/opencv_tests) by extension 'ros'
[0.137s] DEBUG:colcon.colcon_core.package_identification:Package 'src/ws_aruco/src/vision_opencv/opencv_tests' with type 'ros.ament_python' and name 'opencv_tests'
[0.137s] Level 1:colcon.colcon_core.package_identification:_identify(src/ws_aruco/src/vision_opencv/vision_opencv) by extensions ['ignore', 'ignore_ament_install']
[0.137s] Level 1:colcon.colcon_core.package_identification:_identify(src/ws_aruco/src/vision_opencv/vision_opencv) by extension 'ignore'
[0.137s] Level 1:colcon.colcon_core.package_identification:_identify(src/ws_aruco/src/vision_opencv/vision_opencv) by extension 'ignore_ament_install'
[0.137s] Level 1:colcon.colcon_core.package_identification:_identify(src/ws_aruco/src/vision_opencv/vision_opencv) by extensions ['colcon_pkg']
[0.137s] Level 1:colcon.colcon_core.package_identification:_identify(src/ws_aruco/src/vision_opencv/vision_opencv) by extension 'colcon_pkg'
[0.137s] Level 1:colcon.colcon_core.package_identification:_identify(src/ws_aruco/src/vision_opencv/vision_opencv) by extensions ['colcon_meta']
[0.137s] Level 1:colcon.colcon_core.package_identification:_identify(src/ws_aruco/src/vision_opencv/vision_opencv) by extension 'colcon_meta'
[0.137s] Level 1:colcon.colcon_core.package_identification:_identify(src/ws_aruco/src/vision_opencv/vision_opencv) by extensions ['ros']
[0.137s] Level 1:colcon.colcon_core.package_identification:_identify(src/ws_aruco/src/vision_opencv/vision_opencv) by extension 'ros'
[0.138s] DEBUG:colcon.colcon_core.package_identification:Package 'src/ws_aruco/src/vision_opencv/vision_opencv' with type 'ros.ament_cmake' and name 'vision_opencv'
[0.138s] Level 1:colcon.colcon_core.package_discovery:discover_packages(recursive) using defaults
[0.138s] Level 1:colcon.colcon_core.package_discovery:discover_packages(ignore) discover
[0.138s] Level 1:colcon.colcon_core.package_discovery:discover_packages(ignore) using defaults
[0.138s] Level 1:colcon.colcon_core.package_discovery:discover_packages(path) discover
[0.138s] Level 1:colcon.colcon_core.package_discovery:discover_packages(path) using defaults
[0.153s] INFO:colcon.colcon_core.package_selection:Skipping not selected package 'cv_bridge' in 'src/ws_aruco/src/vision_opencv/cv_bridge'
[0.153s] INFO:colcon.colcon_core.package_selection:Skipping not selected package 'drone_takeoff_pub' in 'src/ugv_ws/src/drone_takeoff_pub'
[0.153s] INFO:colcon.colcon_core.package_selection:Skipping not selected package 'gazebo_env_setup' in 'src/ugv_ws/src/gazebo_env_setup'
[0.153s] INFO:colcon.colcon_core.package_selection:Skipping not selected package 'image_geometry' in 'src/ws_aruco/src/vision_opencv/image_geometry'
[0.153s] INFO:colcon.colcon_core.package_selection:Skipping not selected package 'ugv_controller' in 'src/ugv_ws/src/ugv_controller'
[0.153s] INFO:colcon.colcon_core.package_selection:Skipping not selected package 'multi_tracker' in 'src/ws_aruco/src/multi_tracker'
[0.153s] INFO:colcon.colcon_core.package_selection:Skipping not selected package 'opencv_tests' in 'src/ws_aruco/src/vision_opencv/opencv_tests'
[0.153s] INFO:colcon.colcon_core.package_selection:Skipping not selected package 'px4_ros_com' in 'src/px4_ros_com'
[0.153s] INFO:colcon.colcon_core.package_selection:Skipping not selected package 'uav_controller_pkg' in 'src/uav_controller_pkg'
[0.153s] INFO:colcon.colcon_core.package_selection:Skipping not selected package 'utilities_pkg' in 'src/utilities_pkg'
[0.153s] INFO:colcon.colcon_core.package_selection:Skipping not selected package 'vision_opencv' in 'src/ws_aruco/src/vision_opencv/vision_opencv'
[0.153s] Level 1:colcon.colcon_core.package_discovery:discover_packages(prefix_path) check parameters
[0.153s] Level 1:colcon.colcon_core.package_discovery:discover_packages(prefix_path) discover
[0.155s] DEBUG:colcon.colcon_installed_package_information.package_discovery:Found 287 installed packages in /opt/ros/humble
[0.156s] Level 1:colcon.colcon_core.package_discovery:discover_packages(prefix_path) using defaults
[0.183s] Level 5:colcon.colcon_core.verb:set package 'aruco_interfaces' build argument 'cmake_args' from command line to 'None'
[0.183s] Level 5:colcon.colcon_core.verb:set package 'aruco_interfaces' build argument 'cmake_target' from command line to 'None'
[0.183s] Level 5:colcon.colcon_core.verb:set package 'aruco_interfaces' build argument 'cmake_target_skip_unavailable' from command line to 'False'
[0.183s] Level 5:colcon.colcon_core.verb:set package 'aruco_interfaces' build argument 'cmake_clean_cache' from command line to 'False'
[0.183s] Level 5:colcon.colcon_core.verb:set package 'aruco_interfaces' build argument 'cmake_clean_first' from command line to 'False'
[0.183s] Level 5:colcon.colcon_core.verb:set package 'aruco_interfaces' build argument 'cmake_force_configure' from command line to 'False'
[0.183s] Level 5:colcon.colcon_core.verb:set package 'aruco_interfaces' build argument 'ament_cmake_args' from command line to 'None'
[0.183s] Level 5:colcon.colcon_core.verb:set package 'aruco_interfaces' build argument 'catkin_cmake_args' from command line to 'None'
[0.183s] Level 5:colcon.colcon_core.verb:set package 'aruco_interfaces' build argument 'catkin_skip_building_tests' from command line to 'False'
[0.183s] DEBUG:colcon.colcon_core.verb:Building package 'aruco_interfaces' with the following arguments: {'ament_cmake_args': None, 'build_base': '/home/acdl1/competition_ws/ws_px4_controls/build/aruco_interfaces', 'catkin_cmake_args': None, 'catkin_skip_building_tests': False, 'cmake_args': None, 'cmake_clean_cache': False, 'cmake_clean_first': False, 'cmake_force_configure': False, 'cmake_target': None, 'cmake_target_skip_unavailable': False, 'install_base': '/home/acdl1/competition_ws/ws_px4_controls/install/aruco_interfaces', 'merge_install': False, 'path': '/home/acdl1/competition_ws/ws_px4_controls/src/ws_aruco/src/aruco_interfaces', 'symlink_install': False, 'test_result_base': None}
[0.184s] Level 5:colcon.colcon_core.verb:set package 'px4_msgs' build argument 'cmake_args' from command line to 'None'
[0.184s] Level 5:colcon.colcon_core.verb:set package 'px4_msgs' build argument 'cmake_target' from command line to 'None'
[0.184s] Level 5:colcon.colcon_core.verb:set package 'px4_msgs' build argument 'cmake_target_skip_unavailable' from command line to 'False'
[0.184s] Level 5:colcon.colcon_core.verb:set package 'px4_msgs' build argument 'cmake_clean_cache' from command line to 'False'
[0.184s] Level 5:colcon.colcon_core.verb:set package 'px4_msgs' build argument 'cmake_clean_first' from command line to 'False'
[0.184s] Level 5:colcon.colcon_core.verb:set package 'px4_msgs' build argument 'cmake_force_configure' from command line to 'False'
[0.184s] Level 5:colcon.colcon_core.verb:set package 'px4_msgs' build argument 'ament_cmake_args' from command line to 'None'
[0.184s] Level 5:colcon.colcon_core.verb:set package 'px4_msgs' build argument 'catkin_cmake_args' from command line to 'None'
[0.184s] Level 5:colcon.colcon_core.verb:set package 'px4_msgs' build argument 'catkin_skip_building_tests' from command line to 'False'
[0.184s] DEBUG:colcon.colcon_core.verb:Building package 'px4_msgs' with the following arguments: {'ament_cmake_args': None, 'build_base': '/home/acdl1/competition_ws/ws_px4_controls/build/px4_msgs', 'catkin_cmake_args': None, 'catkin_skip_building_tests': False, 'cmake_args': None, 'cmake_clean_cache': False, 'cmake_clean_first': False, 'cmake_force_configure': False, 'cmake_target': None, 'cmake_target_skip_unavailable': False, 'install_base': '/home/acdl1/competition_ws/ws_px4_controls/install/px4_msgs', 'merge_install': False, 'path': '/home/acdl1/competition_ws/ws_px4_controls/src/px4_msgs', 'symlink_install': False, 'test_result_base': None}
[0.184s] INFO:colcon.colcon_core.executor:Executing jobs using 'parallel' executor
[0.185s] DEBUG:colcon.colcon_parallel_executor.executor.parallel:run_until_complete
[0.185s] INFO:colcon.colcon_ros.task.ament_cmake.build:Building ROS package in '/home/acdl1/competition_ws/ws_px4_controls/src/ws_aruco/src/aruco_interfaces' with build type 'ament_cmake'
[0.185s] INFO:colcon.colcon_cmake.task.cmake.build:Building CMake package in '/home/acdl1/competition_ws/ws_px4_controls/src/ws_aruco/src/aruco_interfaces'
[0.186s] INFO:colcon.colcon_core.plugin_system:Skipping extension 'colcon_core.shell.bat': Not used on non-Windows systems
[0.186s] INFO:colcon.colcon_core.shell:Skip shell extension 'powershell' for command environment: Not usable outside of PowerShell
[0.186s] DEBUG:colcon.colcon_core.shell:Skip shell extension 'dsv' for command environment
[0.188s] INFO:colcon.colcon_ros.task.ament_cmake.build:Building ROS package in '/home/acdl1/competition_ws/ws_px4_controls/src/px4_msgs' with build type 'ament_cmake'
[0.188s] INFO:colcon.colcon_cmake.task.cmake.build:Building CMake package in '/home/acdl1/competition_ws/ws_px4_controls/src/px4_msgs'
[0.189s] INFO:colcon.colcon_core.shell:Skip shell extension 'powershell' for command environment: Not usable outside of PowerShell
[0.189s] DEBUG:colcon.colcon_core.shell:Skip shell extension 'dsv' for command environment
[0.192s] DEBUG:colcon.colcon_core.event_handler.log_command:Invoking command in '/home/acdl1/competition_ws/ws_px4_controls/build/aruco_interfaces': CMAKE_PREFIX_PATH=/opt/ros/humble /usr/bin/cmake /home/acdl1/competition_ws/ws_px4_controls/src/ws_aruco/src/aruco_interfaces -DCMAKE_INSTALL_PREFIX=/home/acdl1/competition_ws/ws_px4_controls/install/aruco_interfaces
[0.194s] DEBUG:colcon.colcon_core.event_handler.log_command:Invoking command in '/home/acdl1/competition_ws/ws_px4_controls/build/px4_msgs': CMAKE_PREFIX_PATH=/opt/ros/humble /usr/bin/cmake /home/acdl1/competition_ws/ws_px4_controls/src/px4_msgs -DCMAKE_INSTALL_PREFIX=/home/acdl1/competition_ws/ws_px4_controls/install/px4_msgs
[1.498s] DEBUG:colcon.colcon_core.event_handler.log_command:Invoked command in '/home/acdl1/competition_ws/ws_px4_controls/build/aruco_interfaces' returned '0': CMAKE_PREFIX_PATH=/opt/ros/humble /usr/bin/cmake /home/acdl1/competition_ws/ws_px4_controls/src/ws_aruco/src/aruco_interfaces -DCMAKE_INSTALL_PREFIX=/home/acdl1/competition_ws/ws_px4_controls/install/aruco_interfaces
[1.499s] DEBUG:colcon.colcon_core.event_handler.log_command:Invoking command in '/home/acdl1/competition_ws/ws_px4_controls/build/aruco_interfaces': CMAKE_PREFIX_PATH=/opt/ros/humble /usr/bin/cmake --build /home/acdl1/competition_ws/ws_px4_controls/build/aruco_interfaces -- -j16 -l16
[2.689s] DEBUG:colcon.colcon_core.event_handler.log_command:Invoked command in '/home/acdl1/competition_ws/ws_px4_controls/build/aruco_interfaces' returned '0': CMAKE_PREFIX_PATH=/opt/ros/humble /usr/bin/cmake --build /home/acdl1/competition_ws/ws_px4_controls/build/aruco_interfaces -- -j16 -l16
[2.695s] DEBUG:colcon.colcon_core.event_handler.log_command:Invoking command in '/home/acdl1/competition_ws/ws_px4_controls/build/aruco_interfaces': CMAKE_PREFIX_PATH=/opt/ros/humble /usr/bin/cmake --install /home/acdl1/competition_ws/ws_px4_controls/build/aruco_interfaces
[2.737s] Level 1:colcon.colcon_core.environment:create_environment_scripts_only(aruco_interfaces)
[2.737s] DEBUG:colcon.colcon_core.event_handler.log_command:Invoked command in '/home/acdl1/competition_ws/ws_px4_controls/build/aruco_interfaces' returned '0': CMAKE_PREFIX_PATH=/opt/ros/humble /usr/bin/cmake --install /home/acdl1/competition_ws/ws_px4_controls/build/aruco_interfaces
[2.739s] Level 1:colcon.colcon_core.environment:checking '/home/acdl1/competition_ws/ws_px4_controls/install/aruco_interfaces' for CMake module files
[2.739s] Level 1:colcon.colcon_core.environment:checking '/home/acdl1/competition_ws/ws_px4_controls/install/aruco_interfaces' for CMake config files
[2.739s] Level 1:colcon.colcon_core.shell:create_environment_hook('aruco_interfaces', 'cmake_prefix_path')
[2.739s] INFO:colcon.colcon_core.shell:Creating environment hook '/home/acdl1/competition_ws/ws_px4_controls/install/aruco_interfaces/share/aruco_interfaces/hook/cmake_prefix_path.ps1'
[2.740s] INFO:colcon.colcon_core.shell:Creating environment descriptor '/home/acdl1/competition_ws/ws_px4_controls/install/aruco_interfaces/share/aruco_interfaces/hook/cmake_prefix_path.dsv'
[2.740s] INFO:colcon.colcon_core.shell:Creating environment hook '/home/acdl1/competition_ws/ws_px4_controls/install/aruco_interfaces/share/aruco_interfaces/hook/cmake_prefix_path.sh'
[2.741s] Level 1:colcon.colcon_core.environment:checking '/home/acdl1/competition_ws/ws_px4_controls/install/aruco_interfaces/lib'
[2.741s] Level 1:colcon.colcon_core.shell:create_environment_hook('aruco_interfaces', 'ld_library_path_lib')
[2.741s] INFO:colcon.colcon_core.shell:Creating environment hook '/home/acdl1/competition_ws/ws_px4_controls/install/aruco_interfaces/share/aruco_interfaces/hook/ld_library_path_lib.ps1'
[2.741s] INFO:colcon.colcon_core.shell:Creating environment descriptor '/home/acdl1/competition_ws/ws_px4_controls/install/aruco_interfaces/share/aruco_interfaces/hook/ld_library_path_lib.dsv'
[2.741s] INFO:colcon.colcon_core.shell:Creating environment hook '/home/acdl1/competition_ws/ws_px4_controls/install/aruco_interfaces/share/aruco_interfaces/hook/ld_library_path_lib.sh'
[2.742s] Level 1:colcon.colcon_core.environment:checking '/home/acdl1/competition_ws/ws_px4_controls/install/aruco_interfaces/bin'
[2.742s] Level 1:colcon.colcon_core.environment:checking '/home/acdl1/competition_ws/ws_px4_controls/install/aruco_interfaces/lib/pkgconfig/aruco_interfaces.pc'
[2.742s] Level 1:colcon.colcon_core.environment:checking '/home/acdl1/competition_ws/ws_px4_controls/install/aruco_interfaces/lib/python3.10/site-packages'
[2.742s] Level 1:colcon.colcon_core.environment:checking '/home/acdl1/competition_ws/ws_px4_controls/install/aruco_interfaces/bin'
[2.742s] INFO:colcon.colcon_core.shell:Creating package script '/home/acdl1/competition_ws/ws_px4_controls/install/aruco_interfaces/share/aruco_interfaces/package.ps1'
[2.744s] INFO:colcon.colcon_core.shell:Creating package descriptor '/home/acdl1/competition_ws/ws_px4_controls/install/aruco_interfaces/share/aruco_interfaces/package.dsv'
[2.744s] INFO:colcon.colcon_core.shell:Creating package script '/home/acdl1/competition_ws/ws_px4_controls/install/aruco_interfaces/share/aruco_interfaces/package.sh'
[2.744s] INFO:colcon.colcon_core.shell:Creating package script '/home/acdl1/competition_ws/ws_px4_controls/install/aruco_interfaces/share/aruco_interfaces/package.bash'
[2.745s] INFO:colcon.colcon_core.shell:Creating package script '/home/acdl1/competition_ws/ws_px4_controls/install/aruco_interfaces/share/aruco_interfaces/package.zsh'
[2.745s] Level 1:colcon.colcon_core.environment:create_file_with_runtime_dependencies(/home/acdl1/competition_ws/ws_px4_controls/install/aruco_interfaces/share/colcon-core/packages/aruco_interfaces)
[2.746s] Level 1:colcon.colcon_core.environment:create_environment_scripts_only(aruco_interfaces)
[2.746s] Level 1:colcon.colcon_core.environment:checking '/home/acdl1/competition_ws/ws_px4_controls/install/aruco_interfaces' for CMake module files
[2.746s] Level 1:colcon.colcon_core.environment:checking '/home/acdl1/competition_ws/ws_px4_controls/install/aruco_interfaces' for CMake config files
[2.747s] Level 1:colcon.colcon_core.shell:create_environment_hook('aruco_interfaces', 'cmake_prefix_path')
[2.747s] INFO:colcon.colcon_core.shell:Creating environment hook '/home/acdl1/competition_ws/ws_px4_controls/install/aruco_interfaces/share/aruco_interfaces/hook/cmake_prefix_path.ps1'
[2.747s] INFO:colcon.colcon_core.shell:Creating environment descriptor '/home/acdl1/competition_ws/ws_px4_controls/install/aruco_interfaces/share/aruco_interfaces/hook/cmake_prefix_path.dsv'
[2.747s] INFO:colcon.colcon_core.shell:Creating environment hook '/home/acdl1/competition_ws/ws_px4_controls/install/aruco_interfaces/share/aruco_interfaces/hook/cmake_prefix_path.sh'
[2.748s] Level 1:colcon.colcon_core.environment:checking '/home/acdl1/competition_ws/ws_px4_controls/install/aruco_interfaces/lib'
[2.748s] Level 1:colcon.colcon_core.shell:create_environment_hook('aruco_interfaces', 'ld_library_path_lib')
[2.748s] INFO:colcon.colcon_core.shell:Creating environment hook '/home/acdl1/competition_ws/ws_px4_controls/install/aruco_interfaces/share/aruco_interfaces/hook/ld_library_path_lib.ps1'
[2.748s] INFO:colcon.colcon_core.shell:Creating environment descriptor '/home/acdl1/competition_ws/ws_px4_controls/install/aruco_interfaces/share/aruco_interfaces/hook/ld_library_path_lib.dsv'
[2.748s] INFO:colcon.colcon_core.shell:Creating environment hook '/home/acdl1/competition_ws/ws_px4_controls/install/aruco_interfaces/share/aruco_interfaces/hook/ld_library_path_lib.sh'
[2.748s] Level 1:colcon.colcon_core.environment:checking '/home/acdl1/competition_ws/ws_px4_controls/install/aruco_interfaces/bin'
[2.748s] Level 1:colcon.colcon_core.environment:checking '/home/acdl1/competition_ws/ws_px4_controls/install/aruco_interfaces/lib/pkgconfig/aruco_interfaces.pc'
[2.749s] Level 1:colcon.colcon_core.environment:checking '/home/acdl1/competition_ws/ws_px4_controls/install/aruco_interfaces/lib/python3.10/site-packages'
[2.749s] Level 1:colcon.colcon_core.environment:checking '/home/acdl1/competition_ws/ws_px4_controls/install/aruco_interfaces/bin'
[2.749s] INFO:colcon.colcon_core.shell:Creating package script '/home/acdl1/competition_ws/ws_px4_controls/install/aruco_interfaces/share/aruco_interfaces/package.ps1'
[2.749s] INFO:colcon.colcon_core.shell:Creating package descriptor '/home/acdl1/competition_ws/ws_px4_controls/install/aruco_interfaces/share/aruco_interfaces/package.dsv'
[2.750s] INFO:colcon.colcon_core.shell:Creating package script '/home/acdl1/competition_ws/ws_px4_controls/install/aruco_interfaces/share/aruco_interfaces/package.sh'
[2.750s] INFO:colcon.colcon_core.shell:Creating package script '/home/acdl1/competition_ws/ws_px4_controls/install/aruco_interfaces/share/aruco_interfaces/package.bash'
[2.750s] INFO:colcon.colcon_core.shell:Creating package script '/home/acdl1/competition_ws/ws_px4_controls/install/aruco_interfaces/share/aruco_interfaces/package.zsh'
[2.751s] Level 1:colcon.colcon_core.environment:create_file_with_runtime_dependencies(/home/acdl1/competition_ws/ws_px4_controls/install/aruco_interfaces/share/colcon-core/packages/aruco_interfaces)
[2.999s] DEBUG:colcon.colcon_core.event_handler.log_command:Invoked command in '/home/acdl1/competition_ws/ws_px4_controls/build/px4_msgs' returned '0': CMAKE_PREFIX_PATH=/opt/ros/humble /usr/bin/cmake /home/acdl1/competition_ws/ws_px4_controls/src/px4_msgs -DCMAKE_INSTALL_PREFIX=/home/acdl1/competition_ws/ws_px4_controls/install/px4_msgs
[3.000s] DEBUG:colcon.colcon_core.event_handler.log_command:Invoking command in '/home/acdl1/competition_ws/ws_px4_controls/build/px4_msgs': CMAKE_PREFIX_PATH=/opt/ros/humble /usr/bin/cmake --build /home/acdl1/competition_ws/ws_px4_controls/build/px4_msgs -- -j16 -l16
[144.724s] DEBUG:colcon.colcon_core.event_handler.log_command:Invoked command in '/home/acdl1/competition_ws/ws_px4_controls/build/px4_msgs' returned '0': CMAKE_PREFIX_PATH=/opt/ros/humble /usr/bin/cmake --build /home/acdl1/competition_ws/ws_px4_controls/build/px4_msgs -- -j16 -l16
[144.725s] DEBUG:colcon.colcon_core.event_handler.log_command:Invoking command in '/home/acdl1/competition_ws/ws_px4_controls/build/px4_msgs': CMAKE_PREFIX_PATH=/opt/ros/humble /usr/bin/cmake --install /home/acdl1/competition_ws/ws_px4_controls/build/px4_msgs
[145.472s] Level 1:colcon.colcon_core.environment:create_environment_scripts_only(px4_msgs)
[145.473s] Level 1:colcon.colcon_core.environment:checking '/home/acdl1/competition_ws/ws_px4_controls/install/px4_msgs' for CMake module files
[145.473s] DEBUG:colcon.colcon_core.event_handler.log_command:Invoked command in '/home/acdl1/competition_ws/ws_px4_controls/build/px4_msgs' returned '0': CMAKE_PREFIX_PATH=/opt/ros/humble /usr/bin/cmake --install /home/acdl1/competition_ws/ws_px4_controls/build/px4_msgs
[145.473s] Level 1:colcon.colcon_core.environment:checking '/home/acdl1/competition_ws/ws_px4_controls/install/px4_msgs' for CMake config files
[145.474s] Level 1:colcon.colcon_core.shell:create_environment_hook('px4_msgs', 'cmake_prefix_path')
[145.474s] INFO:colcon.colcon_core.shell:Creating environment hook '/home/acdl1/competition_ws/ws_px4_controls/install/px4_msgs/share/px4_msgs/hook/cmake_prefix_path.ps1'
[145.474s] INFO:colcon.colcon_core.shell:Creating environment descriptor '/home/acdl1/competition_ws/ws_px4_controls/install/px4_msgs/share/px4_msgs/hook/cmake_prefix_path.dsv'
[145.474s] INFO:colcon.colcon_core.shell:Creating environment hook '/home/acdl1/competition_ws/ws_px4_controls/install/px4_msgs/share/px4_msgs/hook/cmake_prefix_path.sh'
[145.475s] Level 1:colcon.colcon_core.environment:checking '/home/acdl1/competition_ws/ws_px4_controls/install/px4_msgs/lib'
[145.475s] Level 1:colcon.colcon_core.shell:create_environment_hook('px4_msgs', 'ld_library_path_lib')
[145.475s] INFO:colcon.colcon_core.shell:Creating environment hook '/home/acdl1/competition_ws/ws_px4_controls/install/px4_msgs/share/px4_msgs/hook/ld_library_path_lib.ps1'
[145.475s] INFO:colcon.colcon_core.shell:Creating environment descriptor '/home/acdl1/competition_ws/ws_px4_controls/install/px4_msgs/share/px4_msgs/hook/ld_library_path_lib.dsv'
[145.475s] INFO:colcon.colcon_core.shell:Creating environment hook '/home/acdl1/competition_ws/ws_px4_controls/install/px4_msgs/share/px4_msgs/hook/ld_library_path_lib.sh'
[145.476s] Level 1:colcon.colcon_core.environment:checking '/home/acdl1/competition_ws/ws_px4_controls/install/px4_msgs/bin'
[145.476s] Level 1:colcon.colcon_core.environment:checking '/home/acdl1/competition_ws/ws_px4_controls/install/px4_msgs/lib/pkgconfig/px4_msgs.pc'
[145.476s] Level 1:colcon.colcon_core.environment:checking '/home/acdl1/competition_ws/ws_px4_controls/install/px4_msgs/lib/python3.10/site-packages'
[145.476s] Level 1:colcon.colcon_core.environment:checking '/home/acdl1/competition_ws/ws_px4_controls/install/px4_msgs/bin'
[145.476s] INFO:colcon.colcon_core.shell:Creating package script '/home/acdl1/competition_ws/ws_px4_controls/install/px4_msgs/share/px4_msgs/package.ps1'
[145.476s] INFO:colcon.colcon_core.shell:Creating package descriptor '/home/acdl1/competition_ws/ws_px4_controls/install/px4_msgs/share/px4_msgs/package.dsv'
[145.477s] INFO:colcon.colcon_core.shell:Creating package script '/home/acdl1/competition_ws/ws_px4_controls/install/px4_msgs/share/px4_msgs/package.sh'
[145.477s] INFO:colcon.colcon_core.shell:Creating package script '/home/acdl1/competition_ws/ws_px4_controls/install/px4_msgs/share/px4_msgs/package.bash'
[145.477s] INFO:colcon.colcon_core.shell:Creating package script '/home/acdl1/competition_ws/ws_px4_controls/install/px4_msgs/share/px4_msgs/package.zsh'
[145.477s] Level 1:colcon.colcon_core.environment:create_file_with_runtime_dependencies(/home/acdl1/competition_ws/ws_px4_controls/install/px4_msgs/share/colcon-core/packages/px4_msgs)
[145.478s] Level 1:colcon.colcon_core.environment:create_environment_scripts_only(px4_msgs)
[145.478s] Level 1:colcon.colcon_core.environment:checking '/home/acdl1/competition_ws/ws_px4_controls/install/px4_msgs' for CMake module files
[145.478s] Level 1:colcon.colcon_core.environment:checking '/home/acdl1/competition_ws/ws_px4_controls/install/px4_msgs' for CMake config files
[145.479s] Level 1:colcon.colcon_core.shell:create_environment_hook('px4_msgs', 'cmake_prefix_path')
[145.479s] INFO:colcon.colcon_core.shell:Creating environment hook '/home/acdl1/competition_ws/ws_px4_controls/install/px4_msgs/share/px4_msgs/hook/cmake_prefix_path.ps1'
[145.479s] INFO:colcon.colcon_core.shell:Creating environment descriptor '/home/acdl1/competition_ws/ws_px4_controls/install/px4_msgs/share/px4_msgs/hook/cmake_prefix_path.dsv'
[145.479s] INFO:colcon.colcon_core.shell:Creating environment hook '/home/acdl1/competition_ws/ws_px4_controls/install/px4_msgs/share/px4_msgs/hook/cmake_prefix_path.sh'
[145.480s] Level 1:colcon.colcon_core.environment:checking '/home/acdl1/competition_ws/ws_px4_controls/install/px4_msgs/lib'
[145.480s] Level 1:colcon.colcon_core.shell:create_environment_hook('px4_msgs', 'ld_library_path_lib')
[145.480s] INFO:colcon.colcon_core.shell:Creating environment hook '/home/acdl1/competition_ws/ws_px4_controls/install/px4_msgs/share/px4_msgs/hook/ld_library_path_lib.ps1'
[145.480s] INFO:colcon.colcon_core.shell:Creating environment descriptor '/home/acdl1/competition_ws/ws_px4_controls/install/px4_msgs/share/px4_msgs/hook/ld_library_path_lib.dsv'
[145.480s] INFO:colcon.colcon_core.shell:Creating environment hook '/home/acdl1/competition_ws/ws_px4_controls/install/px4_msgs/share/px4_msgs/hook/ld_library_path_lib.sh'
[145.481s] Level 1:colcon.colcon_core.environment:checking '/home/acdl1/competition_ws/ws_px4_controls/install/px4_msgs/bin'
[145.481s] Level 1:colcon.colcon_core.environment:checking '/home/acdl1/competition_ws/ws_px4_controls/install/px4_msgs/lib/pkgconfig/px4_msgs.pc'
[145.481s] Level 1:colcon.colcon_core.environment:checking '/home/acdl1/competition_ws/ws_px4_controls/install/px4_msgs/lib/python3.10/site-packages'
[145.481s] Level 1:colcon.colcon_core.environment:checking '/home/acdl1/competition_ws/ws_px4_controls/install/px4_msgs/bin'
[145.481s] INFO:colcon.colcon_core.shell:Creating package script '/home/acdl1/competition_ws/ws_px4_controls/install/px4_msgs/share/px4_msgs/package.ps1'
[145.482s] INFO:colcon.colcon_core.shell:Creating package descriptor '/home/acdl1/competition_ws/ws_px4_controls/install/px4_msgs/share/px4_msgs/package.dsv'
[145.482s] INFO:colcon.colcon_core.shell:Creating package script '/home/acdl1/competition_ws/ws_px4_controls/install/px4_msgs/share/px4_msgs/package.sh'
[145.482s] INFO:colcon.colcon_core.shell:Creating package script '/home/acdl1/competition_ws/ws_px4_controls/install/px4_msgs/share/px4_msgs/package.bash'
[145.482s] INFO:colcon.colcon_core.shell:Creating package script '/home/acdl1/competition_ws/ws_px4_controls/install/px4_msgs/share/px4_msgs/package.zsh'
[145.483s] Level 1:colcon.colcon_core.environment:create_file_with_runtime_dependencies(/home/acdl1/competition_ws/ws_px4_controls/install/px4_msgs/share/colcon-core/packages/px4_msgs)
[145.483s] DEBUG:colcon.colcon_parallel_executor.executor.parallel:closing loop
[145.483s] DEBUG:colcon.colcon_parallel_executor.executor.parallel:loop closed
[145.483s] DEBUG:colcon.colcon_parallel_executor.executor.parallel:run_until_complete finished with '0'
[145.483s] DEBUG:colcon.colcon_core.event_reactor:joining thread
[145.487s] INFO:colcon.colcon_core.plugin_system:Skipping extension 'colcon_notification.desktop_notification.terminal_notifier': Not used on non-Darwin systems
[145.487s] INFO:colcon.colcon_core.plugin_system:Skipping extension 'colcon_notification.desktop_notification.win32': Not used on non-Windows systems
[145.487s] INFO:colcon.colcon_notification.desktop_notification:Sending desktop notification using 'notify2'
[145.494s] DEBUG:colcon.colcon_core.event_reactor:joined thread
[145.494s] INFO:colcon.colcon_core.shell:Creating prefix script '/home/acdl1/competition_ws/ws_px4_controls/install/local_setup.ps1'
[145.495s] INFO:colcon.colcon_core.shell:Creating prefix util module '/home/acdl1/competition_ws/ws_px4_controls/install/_local_setup_util_ps1.py'
[145.496s] INFO:colcon.colcon_core.shell:Creating prefix chain script '/home/acdl1/competition_ws/ws_px4_controls/install/setup.ps1'
[145.496s] INFO:colcon.colcon_core.shell:Creating prefix script '/home/acdl1/competition_ws/ws_px4_controls/install/local_setup.sh'
[145.497s] INFO:colcon.colcon_core.shell:Creating prefix util module '/home/acdl1/competition_ws/ws_px4_controls/install/_local_setup_util_sh.py'
[145.497s] INFO:colcon.colcon_core.shell:Creating prefix chain script '/home/acdl1/competition_ws/ws_px4_controls/install/setup.sh'
[145.498s] INFO:colcon.colcon_core.shell:Creating prefix script '/home/acdl1/competition_ws/ws_px4_controls/install/local_setup.bash'
[145.498s] INFO:colcon.colcon_core.shell:Creating prefix chain script '/home/acdl1/competition_ws/ws_px4_controls/install/setup.bash'
[145.498s] INFO:colcon.colcon_core.shell:Creating prefix script '/home/acdl1/competition_ws/ws_px4_controls/install/local_setup.zsh'
[145.499s] INFO:colcon.colcon_core.shell:Creating prefix chain script '/home/acdl1/competition_ws/ws_px4_controls/install/setup.zsh'
