[0.018s] Invoking command in '/home/jmj/pro_asp_ws/ws_px4_controls/build/px4_ros_com': CMAKE_PREFIX_PATH=/home/jmj/pro_asp_ws/ws_px4_controls/install/px4_msgs:/home/jmj/pro_asp_ws/ws_px4_controls/install/utilities_pkg:/home/jmj/pro_asp_ws/ws_px4_controls/install/uav_controller_pkg:/home/jmj/pro_asp_ws/ws_px4_controls/install/px4_ros_com:/home/jmj/pro_asp_ws/ws_px4_controls/install/multi_tracker:/home/jmj/pro_asp_ws/ws_px4_controls/install/aruco_interfaces:/opt/ros/humble LD_LIBRARY_PATH=/home/jmj/pro_asp_ws/ws_px4_controls/install/px4_msgs/lib:/home/jmj/pro_asp_ws/ws_px4_controls/install/px4_ros_com/lib:/home/jmj/pro_asp_ws/ws_px4_controls/install/aruco_interfaces/lib:/opt/ros/humble/opt/rviz_ogre_vendor/lib:/opt/ros/humble/lib/x86_64-linux-gnu:/opt/ros/humble/lib:/usr/local/cuda/lib64 /usr/bin/cmake --build /home/jmj/pro_asp_ws/ws_px4_controls/build/px4_ros_com -- -j20 -l20
[0.077s] [35m[1mConsolidate compiler generated dependencies of target offboard_control[0m
[0.088s] [ 12%] Built target frame_transforms
[0.090s] [ 12%] Built target ament_cmake_python_copy_px4_ros_com
[0.095s] [ 50%] Built target offboard_control_srv
[0.095s] [ 50%] Built target sensor_combined_listener
[0.095s] [ 62%] Built target debug_vect_advertiser
[0.095s] [ 50%] [32mBuilding CXX object CMakeFiles/offboard_control.dir/src/examples/offboard/offboard_control.cpp.o[0m
[0.095s] [ 81%] Built target offboard_control_key
[0.095s] [ 81%] Built target cli_pose_command
[0.095s] [ 93%] Built target vehicle_gps_position_listener
[0.339s] running egg_info
[0.341s] writing px4_ros_com.egg-info/PKG-INFO
[0.341s] writing dependency_links to px4_ros_com.egg-info/dependency_links.txt
[0.341s] writing top-level names to px4_ros_com.egg-info/top_level.txt
[0.347s] reading manifest file 'px4_ros_com.egg-info/SOURCES.txt'
[0.347s] writing manifest file 'px4_ros_com.egg-info/SOURCES.txt'
[0.376s] [ 93%] Built target ament_cmake_python_build_px4_ros_com_egg
[3.800s] [01m[K/home/jmj/pro_asp_ws/ws_px4_controls/src/px4_ros_com/src/examples/offboard/offboard_control.cpp:251:4:[m[K [01;31m[Kerror: [m[Kexpected ‘[01m[K}[m[K’ at end of input
[3.800s]   251 |   }
[3.800s]       |    [01;31m[K^[m[K
[3.800s] [01m[K/home/jmj/pro_asp_ws/ws_px4_controls/src/px4_ros_com/src/examples/offboard/offboard_control.cpp:28:1:[m[K [01;36m[Knote: [m[Kto match this ‘[01m[K{[m[K’
[3.801s]    28 | [01;36m[K{[m[K
[3.801s]       | [01;36m[K^[m[K
[3.801s] [01m[K/home/jmj/pro_asp_ws/ws_px4_controls/src/px4_ros_com/src/examples/offboard/offboard_control.cpp:[m[K In constructor ‘[01m[KOffboardControl::OffboardControl()[m[K’:
[3.801s] [01m[K/home/jmj/pro_asp_ws/ws_px4_controls/src/px4_ros_com/src/examples/offboard/offboard_control.cpp:39:37:[m[K [01;31m[Kerror: [m[K‘[01m[Kvehicle_control_mode_callback[m[K’ is not a member of ‘[01m[KOffboardControl[m[K’
[3.801s]    39 |         std::bind(&OffboardControl::[01;31m[Kvehicle_control_mode_callback[m[K, this, _1));
[3.801s]       |                                     [01;31m[K^~~~~~~~~~~~~~~~~~~~~~~~~~~~~[m[K
[3.801s] [01m[K/home/jmj/pro_asp_ws/ws_px4_controls/src/px4_ros_com/src/examples/offboard/offboard_control.cpp:40:119:[m[K [01;31m[Kerror: [m[K‘[01m[Kpose_callback[m[K’ is not a member of ‘[01m[KOffboardControl[m[K’
[3.801s]    40 |     pose_sub_ = create_subscription<geometry_msgs::msg::PoseStamped>("/command/pose", 10, std::bind(&OffboardControl::[01;31m[Kpose_callback[m[K, this, _1));
[3.801s]       |                                                                                                                       [01;31m[K^~~~~~~~~~~~~[m[K
[3.801s] [01m[K/home/jmj/pro_asp_ws/ws_px4_controls/src/px4_ros_com/src/examples/offboard/offboard_control.cpp:41:115:[m[K [01;31m[Kerror: [m[K‘[01m[Ktwist_callback[m[K’ is not a member of ‘[01m[KOffboardControl[m[K’
[3.801s]    41 |     twist_sub_ = create_subscription<geometry_msgs::msg::Twist>("/command/twist", 10, std::bind(&OffboardControl::[01;31m[Ktwist_callback[m[K, this, _1));
[3.801s]       |                                                                                                                   [01;31m[K^~~~~~~~~~~~~~[m[K
[3.801s] [01m[K/home/jmj/pro_asp_ws/ws_px4_controls/src/px4_ros_com/src/examples/offboard/offboard_control.cpp:42:125:[m[K [01;31m[Kerror: [m[K‘[01m[Kgimbal_callback[m[K’ is not a member of ‘[01m[KOffboardControl[m[K’
[3.802s]    42 |     gimbal_pitch_sub_ = create_subscription<std_msgs::msg::Float32>("/gimbal_pitch_degree", 10, std::bind(&OffboardControl::[01;31m[Kgimbal_callback[m[K, this, std::placeholders::_1));
[3.802s]       |                                                                                                                             [01;31m[K^~~~~~~~~~~~~~~[m[K
[3.802s] [01m[K/home/jmj/pro_asp_ws/ws_px4_controls/src/px4_ros_com/src/examples/offboard/offboard_control.cpp:45:37:[m[K [01;31m[Kerror: [m[K‘[01m[Ktakeoff_callback[m[K’ is not a member of ‘[01m[KOffboardControl[m[K’
[3.802s]    45 |         std::bind(&OffboardControl::[01;31m[Ktakeoff_callback[m[K, this, _1) // <-- 이 부분을 수정
[3.802s]       |                                     [01;31m[K^~~~~~~~~~~~~~~~[m[K
[3.802s] [01m[K/home/jmj/pro_asp_ws/ws_px4_controls/src/px4_ros_com/src/examples/offboard/offboard_control.cpp:[m[K In member function ‘[01m[Kvoid OffboardControl::timer_callback()[m[K’:
[3.802s] [01m[K/home/jmj/pro_asp_ws/ws_px4_controls/src/px4_ros_com/src/examples/offboard/offboard_control.cpp:76:5:[m[K [01;31m[Kerror: [m[K‘[01m[Kpublish_offboard_control_mode[m[K’ was not declared in this scope
[3.802s]    76 |     [01;31m[Kpublish_offboard_control_mode[m[K();
[3.802s]       |     [01;31m[K^~~~~~~~~~~~~~~~~~~~~~~~~~~~~[m[K
[3.802s] [01m[K/home/jmj/pro_asp_ws/ws_px4_controls/src/px4_ros_com/src/examples/offboard/offboard_control.cpp:89:7:[m[K [01;31m[Kerror: [m[K‘[01m[Kpublish_vehicle_command[m[K’ was not declared in this scope
[3.802s]    89 |       [01;31m[Kpublish_vehicle_command[m[K(VehicleCommand::VEHICLE_CMD_DO_SET_MODE, 1, 6); // Mode 6 is OFFBOARD
[3.802s]       |       [01;31m[K^~~~~~~~~~~~~~~~~~~~~~~[m[K
[3.802s] [01m[K/home/jmj/pro_asp_ws/ws_px4_controls/src/px4_ros_com/src/examples/offboard/offboard_control.cpp:92:11:[m[K [01;31m[Kerror: [m[K‘[01m[Kcurrent_control_mode_[m[K’ was not declared in this scope
[3.803s]    92 |       if ([01;31m[Kcurrent_control_mode_[m[K.flag_control_offboard_enabled)
[3.803s]       |           [01;31m[K^~~~~~~~~~~~~~~~~~~~~[m[K
[3.803s] [01m[K/home/jmj/pro_asp_ws/ws_px4_controls/src/px4_ros_com/src/examples/offboard/offboard_control.cpp:106:5:[m[K [01;31m[Kerror: [m[Ka function-definition is not allowed here before ‘[01m[K{[m[K’ token
[3.803s]   106 |     [01;31m[K{[m[K
[3.803s]       |     [01;31m[K^[m[K
[3.803s] [01m[K/home/jmj/pro_asp_ws/ws_px4_controls/src/px4_ros_com/src/examples/offboard/offboard_control.cpp:111:5:[m[K [01;31m[Kerror: [m[Ka function-definition is not allowed here before ‘[01m[K{[m[K’ token
[3.803s]   111 |     [01;31m[K{[m[K
[3.803s]       |     [01;31m[K^[m[K
[3.803s] [01m[K/home/jmj/pro_asp_ws/ws_px4_controls/src/px4_ros_com/src/examples/offboard/offboard_control.cpp:131:5:[m[K [01;31m[Kerror: [m[Ka function-definition is not allowed here before ‘[01m[K{[m[K’ token
[3.803s]   131 |     [01;31m[K{[m[K
[3.803s]       |     [01;31m[K^[m[K
[3.803s] [01m[K/home/jmj/pro_asp_ws/ws_px4_controls/src/px4_ros_com/src/examples/offboard/offboard_control.cpp:137:5:[m[K [01;31m[Kerror: [m[Ka function-definition is not allowed here before ‘[01m[K{[m[K’ token
[3.803s]   137 |     [01;31m[K{[m[K
[3.803s]       |     [01;31m[K^[m[K
[3.804s] [01m[K/home/jmj/pro_asp_ws/ws_px4_controls/src/px4_ros_com/src/examples/offboard/offboard_control.cpp:152:5:[m[K [01;31m[Kerror: [m[Ka function-definition is not allowed here before ‘[01m[K{[m[K’ token
[3.804s]   152 |     [01;31m[K{[m[K
[3.804s]       |     [01;31m[K^[m[K
[3.804s] [01m[K/home/jmj/pro_asp_ws/ws_px4_controls/src/px4_ros_com/src/examples/offboard/offboard_control.cpp:171:5:[m[K [01;31m[Kerror: [m[Ka function-definition is not allowed here before ‘[01m[K{[m[K’ token
[3.804s]   171 |     [01;31m[K{[m[K
[3.804s]       |     [01;31m[K^[m[K
[3.804s] [01m[K/home/jmj/pro_asp_ws/ws_px4_controls/src/px4_ros_com/src/examples/offboard/offboard_control.cpp:183:5:[m[K [01;31m[Kerror: [m[Ka function-definition is not allowed here before ‘[01m[K{[m[K’ token
[3.805s]   183 |     [01;31m[K{[m[K
[3.805s]       |     [01;31m[K^[m[K
[3.805s] [01m[K/home/jmj/pro_asp_ws/ws_px4_controls/src/px4_ros_com/src/examples/offboard/offboard_control.cpp:198:5:[m[K [01;31m[Kerror: [m[Ka function-definition is not allowed here before ‘[01m[K{[m[K’ token
[3.805s]   198 |     [01;31m[K{[m[K
[3.805s]       |     [01;31m[K^[m[K
[3.805s] [01m[K/home/jmj/pro_asp_ws/ws_px4_controls/src/px4_ros_com/src/examples/offboard/offboard_control.cpp:222:5:[m[K [01;31m[Kerror: [m[Ka function-definition is not allowed here before ‘[01m[K{[m[K’ token
[3.805s]   222 |     [01;31m[K{[m[K
[3.805s]       |     [01;31m[K^[m[K
[3.805s] [01m[K/home/jmj/pro_asp_ws/ws_px4_controls/src/px4_ros_com/src/examples/offboard/offboard_control.cpp:[m[K At global scope:
[3.805s] [01m[K/home/jmj/pro_asp_ws/ws_px4_controls/src/px4_ros_com/src/examples/offboard/offboard_control.cpp:251:4:[m[K [01;31m[Kerror: [m[Kexpected unqualified-id at end of input
[3.806s]   251 |   }
[3.806s]       |    [01;31m[K^[m[K
[3.806s] gmake[2]: *** [CMakeFiles/offboard_control.dir/build.make:76: CMakeFiles/offboard_control.dir/src/examples/offboard/offboard_control.cpp.o] Error 1
[3.806s] gmake[1]: *** [CMakeFiles/Makefile2:258: CMakeFiles/offboard_control.dir/all] Error 2
[3.806s] gmake: *** [Makefile:146: all] Error 2
[3.806s] Invoked command in '/home/jmj/pro_asp_ws/ws_px4_controls/build/px4_ros_com' returned '2': CMAKE_PREFIX_PATH=/home/jmj/pro_asp_ws/ws_px4_controls/install/px4_msgs:/home/jmj/pro_asp_ws/ws_px4_controls/install/utilities_pkg:/home/jmj/pro_asp_ws/ws_px4_controls/install/uav_controller_pkg:/home/jmj/pro_asp_ws/ws_px4_controls/install/px4_ros_com:/home/jmj/pro_asp_ws/ws_px4_controls/install/multi_tracker:/home/jmj/pro_asp_ws/ws_px4_controls/install/aruco_interfaces:/opt/ros/humble LD_LIBRARY_PATH=/home/jmj/pro_asp_ws/ws_px4_controls/install/px4_msgs/lib:/home/jmj/pro_asp_ws/ws_px4_controls/install/px4_ros_com/lib:/home/jmj/pro_asp_ws/ws_px4_controls/install/aruco_interfaces/lib:/opt/ros/humble/opt/rviz_ogre_vendor/lib:/opt/ros/humble/lib/x86_64-linux-gnu:/opt/ros/humble/lib:/usr/local/cuda/lib64 /usr/bin/cmake --build /home/jmj/pro_asp_ws/ws_px4_controls/build/px4_ros_com -- -j20 -l20
