[35m[1mConsolidate compiler generated dependencies of target offboard_control[0m
[ 37%] Built target debug_vect_advertiser
[ 37%] Built target sensor_combined_listener
[ 37%] Built target vehicle_gps_position_listener
[ 50%] Built target frame_transforms
[ 62%] Built target offboard_control_srv
[ 68%] Built target ament_cmake_python_copy_px4_ros_com
[ 75%] Built target cli_pose_command
[ 87%] Built target offboard_control_key
[ 93%] [32mBuilding CXX object CMakeFiles/offboard_control.dir/src/examples/offboard/offboard_control.cpp.o[0m
running egg_info
writing px4_ros_com.egg-info/PKG-INFO
writing dependency_links to px4_ros_com.egg-info/dependency_links.txt
writing top-level names to px4_ros_com.egg-info/top_level.txt
reading manifest file 'px4_ros_com.egg-info/SOURCES.txt'
writing manifest file 'px4_ros_com.egg-info/SOURCES.txt'
[ 93%] Built target ament_cmake_python_build_px4_ros_com_egg
[01m[K/home/jmj/pro_asp_ws/ws_px4_controls/src/px4_ros_com/src/examples/offboard/offboard_control.cpp:315:2:[m[K [01;31m[Kerror: [m[Kexpected ‘[01m[K}[m[K’ at end of input
  315 | }
      |  [01;31m[K^[m[K
[01m[K/home/jmj/pro_asp_ws/ws_px4_controls/src/px4_ros_com/src/examples/offboard/offboard_control.cpp:27:1:[m[K [01;36m[Knote: [m[Kto match this ‘[01m[K{[m[K’
   27 | [01;36m[K{[m[K
      | [01;36m[K^[m[K
[01m[K/home/jmj/pro_asp_ws/ws_px4_controls/src/px4_ros_com/src/examples/offboard/offboard_control.cpp:[m[K In constructor ‘[01m[KOffboardControl::OffboardControl()[m[K’:
[01m[K/home/jmj/pro_asp_ws/ws_px4_controls/src/px4_ros_com/src/examples/offboard/offboard_control.cpp:38:108:[m[K [01;31m[Kerror: [m[K‘[01m[Ktakeoff_command_callback[m[K’ is not a member of ‘[01m[KOffboardControl[m[K’
   38 |     takeoff_sub_ = create_subscription<std_msgs::msg::Bool>("/do_takeoff", 10, std::bind(&OffboardControl::[01;31m[Ktakeoff_command_callback[m[K, this, _1)); // 이름 변경
      |                                                                                                            [01;31m[K^~~~~~~~~~~~~~~~~~~~~~~~[m[K
[01m[K/home/jmj/pro_asp_ws/ws_px4_controls/src/px4_ros_com/src/examples/offboard/offboard_control.cpp:39:119:[m[K [01;31m[Kerror: [m[K‘[01m[Ktarget_waypoint_callback[m[K’ is not a member of ‘[01m[KOffboardControl[m[K’
   39 |     pose_sub_ = create_subscription<geometry_msgs::msg::PoseStamped>("/command/pose", 10, std::bind(&OffboardControl::[01;31m[Ktarget_waypoint_callback[m[K, this, _1)); // 이름 변경
      |                                                                                                                       [01;31m[K^~~~~~~~~~~~~~~~~~~~~~~~[m[K
[01m[K/home/jmj/pro_asp_ws/ws_px4_controls/src/px4_ros_com/src/examples/offboard/offboard_control.cpp:40:115:[m[K [01;31m[Kerror: [m[K‘[01m[Ktwist_callback[m[K’ is not a member of ‘[01m[KOffboardControl[m[K’
   40 |     twist_sub_ = create_subscription<geometry_msgs::msg::Twist>("/command/twist", 10, std::bind(&OffboardControl::[01;31m[Ktwist_callback[m[K, this, _1));
      |                                                                                                                   [01;31m[K^~~~~~~~~~~~~~[m[K
[01m[K/home/jmj/pro_asp_ws/ws_px4_controls/src/px4_ros_com/src/examples/offboard/offboard_control.cpp:41:125:[m[K [01;31m[Kerror: [m[K‘[01m[Kgimbal_callback[m[K’ is not a member of ‘[01m[KOffboardControl[m[K’
   41 |     gimbal_pitch_sub_ = create_subscription<std_msgs::msg::Float32>("/gimbal_pitch_degree", 10, std::bind(&OffboardControl::[01;31m[Kgimbal_callback[m[K, this, std::placeholders::_1));
      |                                                                                                                             [01;31m[K^~~~~~~~~~~~~~~[m[K
[01m[K/home/jmj/pro_asp_ws/ws_px4_controls/src/px4_ros_com/src/examples/offboard/offboard_control.cpp:[m[K In member function ‘[01m[Kvoid OffboardControl::timer_callback()[m[K’:
[01m[K/home/jmj/pro_asp_ws/ws_px4_controls/src/px4_ros_com/src/examples/offboard/offboard_control.cpp:76:5:[m[K [01;31m[Kerror: [m[K‘[01m[Kpublish_offboard_control_mode[m[K’ was not declared in this scope
   76 |     [01;31m[Kpublish_offboard_control_mode[m[K();
      |     [01;31m[K^~~~~~~~~~~~~~~~~~~~~~~~~~~~~[m[K
[01m[K/home/jmj/pro_asp_ws/ws_px4_controls/src/px4_ros_com/src/examples/offboard/offboard_control.cpp:116:11:[m[K [01;31m[Kerror: [m[K‘[01m[Kpublish_vehicle_command[m[K’ was not declared in this scope
  116 |           [01;31m[Kpublish_vehicle_command[m[K(VehicleCommand::VEHICLE_CMD_DO_SET_MODE, 1, 6);
      |           [01;31m[K^~~~~~~~~~~~~~~~~~~~~~~[m[K
[01m[K/home/jmj/pro_asp_ws/ws_px4_controls/src/px4_ros_com/src/examples/offboard/offboard_control.cpp:124:3:[m[K [01;31m[Kerror: [m[Ka function-definition is not allowed here before ‘[01m[K{[m[K’ token
  124 |   [01;31m[K{[m[K
      |   [01;31m[K^[m[K
[01m[K/home/jmj/pro_asp_ws/ws_px4_controls/src/px4_ros_com/src/examples/offboard/offboard_control.cpp:185:3:[m[K [01;31m[Kerror: [m[Ka function-definition is not allowed here before ‘[01m[K{[m[K’ token
  185 |   [01;31m[K{[m[K
      |   [01;31m[K^[m[K
[01m[K/home/jmj/pro_asp_ws/ws_px4_controls/src/px4_ros_com/src/examples/offboard/offboard_control.cpp:236:40:[m[K [01;31m[Kerror: [m[Ka function-definition is not allowed here before ‘[01m[K{[m[K’ token
  236 |   void publish_offboard_control_mode() [01;31m[K{[m[K
      |                                        [01;31m[K^[m[K
[01m[K/home/jmj/pro_asp_ws/ws_px4_controls/src/px4_ros_com/src/examples/offboard/offboard_control.cpp:248:3:[m[K [01;31m[Kerror: [m[Ka function-definition is not allowed here before ‘[01m[K{[m[K’ token
  248 |   [01;31m[K{[m[K
      |   [01;31m[K^[m[K
[01m[K/home/jmj/pro_asp_ws/ws_px4_controls/src/px4_ros_com/src/examples/offboard/offboard_control.cpp:263:3:[m[K [01;31m[Kerror: [m[Ka function-definition is not allowed here before ‘[01m[K{[m[K’ token
  263 |   [01;31m[K{[m[K
      |   [01;31m[K^[m[K
[01m[K/home/jmj/pro_asp_ws/ws_px4_controls/src/px4_ros_com/src/examples/offboard/offboard_control.cpp:287:3:[m[K [01;31m[Kerror: [m[Ka function-definition is not allowed here before ‘[01m[K{[m[K’ token
  287 |   [01;31m[K{[m[K
      |   [01;31m[K^[m[K
[01m[K/home/jmj/pro_asp_ws/ws_px4_controls/src/px4_ros_com/src/examples/offboard/offboard_control.cpp:[m[K At global scope:
[01m[K/home/jmj/pro_asp_ws/ws_px4_controls/src/px4_ros_com/src/examples/offboard/offboard_control.cpp:315:2:[m[K [01;31m[Kerror: [m[Kexpected unqualified-id at end of input
  315 | }
      |  [01;31m[K^[m[K
gmake[2]: *** [CMakeFiles/offboard_control.dir/build.make:76: CMakeFiles/offboard_control.dir/src/examples/offboard/offboard_control.cpp.o] Error 1
gmake[1]: *** [CMakeFiles/Makefile2:258: CMakeFiles/offboard_control.dir/all] Error 2
gmake: *** [Makefile:146: all] Error 2
