[0.010s] Invoking command in '/home/jmj/pro_asp_ws/ws_px4_controls/build/px4_ros_com': CMAKE_PREFIX_PATH=/home/jmj/pro_asp_ws/ws_px4_controls/install/px4_msgs:/home/jmj/pro_asp_ws/ws_px4_controls/install/utilities_pkg:/home/jmj/pro_asp_ws/ws_px4_controls/install/uav_controller_pkg:/home/jmj/pro_asp_ws/ws_px4_controls/install/px4_ros_com:/home/jmj/pro_asp_ws/ws_px4_controls/install/multi_tracker:/home/jmj/pro_asp_ws/ws_px4_controls/install/aruco_interfaces:/opt/ros/humble LD_LIBRARY_PATH=/home/jmj/pro_asp_ws/ws_px4_controls/install/px4_msgs/lib:/home/jmj/pro_asp_ws/ws_px4_controls/install/px4_ros_com/lib:/home/jmj/pro_asp_ws/ws_px4_controls/install/aruco_interfaces/lib:/usr/local/cuda/lib64:/opt/ros/humble/opt/rviz_ogre_vendor/lib:/opt/ros/humble/lib/x86_64-linux-gnu:/opt/ros/humble/lib:/usr/local/cuda/lib64 /usr/bin/cmake --build /home/jmj/pro_asp_ws/ws_px4_controls/build/px4_ros_com -- -j20 -l20
[0.051s] [35m[1mConsolidate compiler generated dependencies of target offboard_control[0m
[0.060s] [ 37%] Built target debug_vect_advertiser
[0.061s] [ 37%] Built target sensor_combined_listener
[0.061s] [ 37%] Built target vehicle_gps_position_listener
[0.061s] [ 50%] Built target frame_transforms
[0.063s] [ 62%] Built target offboard_control_srv
[0.065s] [ 68%] Built target ament_cmake_python_copy_px4_ros_com
[0.065s] [ 75%] Built target cli_pose_command
[0.065s] [ 87%] Built target offboard_control_key
[0.072s] [ 93%] [32mBuilding CXX object CMakeFiles/offboard_control.dir/src/examples/offboard/offboard_control.cpp.o[0m
[0.245s] running egg_info
[0.245s] writing px4_ros_com.egg-info/PKG-INFO
[0.245s] writing dependency_links to px4_ros_com.egg-info/dependency_links.txt
[0.245s] writing top-level names to px4_ros_com.egg-info/top_level.txt
[0.247s] reading manifest file 'px4_ros_com.egg-info/SOURCES.txt'
[0.248s] writing manifest file 'px4_ros_com.egg-info/SOURCES.txt'
[0.269s] [ 93%] Built target ament_cmake_python_build_px4_ros_com_egg
[2.800s] [01m[K/home/jmj/pro_asp_ws/ws_px4_controls/src/px4_ros_com/src/examples/offboard/offboard_control.cpp:315:2:[m[K [01;31m[Kerror: [m[Kexpected ‘[01m[K}[m[K’ at end of input
[2.800s]   315 | }
[2.800s]       |  [01;31m[K^[m[K
[2.800s] [01m[K/home/jmj/pro_asp_ws/ws_px4_controls/src/px4_ros_com/src/examples/offboard/offboard_control.cpp:27:1:[m[K [01;36m[Knote: [m[Kto match this ‘[01m[K{[m[K’
[2.800s]    27 | [01;36m[K{[m[K
[2.800s]       | [01;36m[K^[m[K
[2.800s] [01m[K/home/jmj/pro_asp_ws/ws_px4_controls/src/px4_ros_com/src/examples/offboard/offboard_control.cpp:[m[K In constructor ‘[01m[KOffboardControl::OffboardControl()[m[K’:
[2.800s] [01m[K/home/jmj/pro_asp_ws/ws_px4_controls/src/px4_ros_com/src/examples/offboard/offboard_control.cpp:38:108:[m[K [01;31m[Kerror: [m[K‘[01m[Ktakeoff_command_callback[m[K’ is not a member of ‘[01m[KOffboardControl[m[K’
[2.800s]    38 |     takeoff_sub_ = create_subscription<std_msgs::msg::Bool>("/do_takeoff", 10, std::bind(&OffboardControl::[01;31m[Ktakeoff_command_callback[m[K, this, _1)); // 이름 변경
[2.800s]       |                                                                                                            [01;31m[K^~~~~~~~~~~~~~~~~~~~~~~~[m[K
[2.800s] [01m[K/home/jmj/pro_asp_ws/ws_px4_controls/src/px4_ros_com/src/examples/offboard/offboard_control.cpp:39:119:[m[K [01;31m[Kerror: [m[K‘[01m[Ktarget_waypoint_callback[m[K’ is not a member of ‘[01m[KOffboardControl[m[K’
[2.800s]    39 |     pose_sub_ = create_subscription<geometry_msgs::msg::PoseStamped>("/command/pose", 10, std::bind(&OffboardControl::[01;31m[Ktarget_waypoint_callback[m[K, this, _1)); // 이름 변경
[2.800s]       |                                                                                                                       [01;31m[K^~~~~~~~~~~~~~~~~~~~~~~~[m[K
[2.800s] [01m[K/home/jmj/pro_asp_ws/ws_px4_controls/src/px4_ros_com/src/examples/offboard/offboard_control.cpp:40:115:[m[K [01;31m[Kerror: [m[K‘[01m[Ktwist_callback[m[K’ is not a member of ‘[01m[KOffboardControl[m[K’
[2.800s]    40 |     twist_sub_ = create_subscription<geometry_msgs::msg::Twist>("/command/twist", 10, std::bind(&OffboardControl::[01;31m[Ktwist_callback[m[K, this, _1));
[2.800s]       |                                                                                                                   [01;31m[K^~~~~~~~~~~~~~[m[K
[2.800s] [01m[K/home/jmj/pro_asp_ws/ws_px4_controls/src/px4_ros_com/src/examples/offboard/offboard_control.cpp:41:125:[m[K [01;31m[Kerror: [m[K‘[01m[Kgimbal_callback[m[K’ is not a member of ‘[01m[KOffboardControl[m[K’
[2.800s]    41 |     gimbal_pitch_sub_ = create_subscription<std_msgs::msg::Float32>("/gimbal_pitch_degree", 10, std::bind(&OffboardControl::[01;31m[Kgimbal_callback[m[K, this, std::placeholders::_1));
[2.800s]       |                                                                                                                             [01;31m[K^~~~~~~~~~~~~~~[m[K
[2.800s] [01m[K/home/jmj/pro_asp_ws/ws_px4_controls/src/px4_ros_com/src/examples/offboard/offboard_control.cpp:[m[K In member function ‘[01m[Kvoid OffboardControl::timer_callback()[m[K’:
[2.800s] [01m[K/home/jmj/pro_asp_ws/ws_px4_controls/src/px4_ros_com/src/examples/offboard/offboard_control.cpp:76:5:[m[K [01;31m[Kerror: [m[K‘[01m[Kpublish_offboard_control_mode[m[K’ was not declared in this scope
[2.800s]    76 |     [01;31m[Kpublish_offboard_control_mode[m[K();
[2.800s]       |     [01;31m[K^~~~~~~~~~~~~~~~~~~~~~~~~~~~~[m[K
[2.800s] [01m[K/home/jmj/pro_asp_ws/ws_px4_controls/src/px4_ros_com/src/examples/offboard/offboard_control.cpp:116:11:[m[K [01;31m[Kerror: [m[K‘[01m[Kpublish_vehicle_command[m[K’ was not declared in this scope
[2.800s]   116 |           [01;31m[Kpublish_vehicle_command[m[K(VehicleCommand::VEHICLE_CMD_DO_SET_MODE, 1, 6);
[2.800s]       |           [01;31m[K^~~~~~~~~~~~~~~~~~~~~~~[m[K
[2.800s] [01m[K/home/jmj/pro_asp_ws/ws_px4_controls/src/px4_ros_com/src/examples/offboard/offboard_control.cpp:124:3:[m[K [01;31m[Kerror: [m[Ka function-definition is not allowed here before ‘[01m[K{[m[K’ token
[2.800s]   124 |   [01;31m[K{[m[K
[2.800s]       |   [01;31m[K^[m[K
[2.800s] [01m[K/home/jmj/pro_asp_ws/ws_px4_controls/src/px4_ros_com/src/examples/offboard/offboard_control.cpp:185:3:[m[K [01;31m[Kerror: [m[Ka function-definition is not allowed here before ‘[01m[K{[m[K’ token
[2.801s]   185 |   [01;31m[K{[m[K
[2.801s]       |   [01;31m[K^[m[K
[2.801s] [01m[K/home/jmj/pro_asp_ws/ws_px4_controls/src/px4_ros_com/src/examples/offboard/offboard_control.cpp:236:40:[m[K [01;31m[Kerror: [m[Ka function-definition is not allowed here before ‘[01m[K{[m[K’ token
[2.801s]   236 |   void publish_offboard_control_mode() [01;31m[K{[m[K
[2.801s]       |                                        [01;31m[K^[m[K
[2.801s] [01m[K/home/jmj/pro_asp_ws/ws_px4_controls/src/px4_ros_com/src/examples/offboard/offboard_control.cpp:248:3:[m[K [01;31m[Kerror: [m[Ka function-definition is not allowed here before ‘[01m[K{[m[K’ token
[2.801s]   248 |   [01;31m[K{[m[K
[2.801s]       |   [01;31m[K^[m[K
[2.801s] [01m[K/home/jmj/pro_asp_ws/ws_px4_controls/src/px4_ros_com/src/examples/offboard/offboard_control.cpp:263:3:[m[K [01;31m[Kerror: [m[Ka function-definition is not allowed here before ‘[01m[K{[m[K’ token
[2.801s]   263 |   [01;31m[K{[m[K
[2.801s]       |   [01;31m[K^[m[K
[2.801s] [01m[K/home/jmj/pro_asp_ws/ws_px4_controls/src/px4_ros_com/src/examples/offboard/offboard_control.cpp:287:3:[m[K [01;31m[Kerror: [m[Ka function-definition is not allowed here before ‘[01m[K{[m[K’ token
[2.801s]   287 |   [01;31m[K{[m[K
[2.801s]       |   [01;31m[K^[m[K
[2.801s] [01m[K/home/jmj/pro_asp_ws/ws_px4_controls/src/px4_ros_com/src/examples/offboard/offboard_control.cpp:[m[K At global scope:
[2.801s] [01m[K/home/jmj/pro_asp_ws/ws_px4_controls/src/px4_ros_com/src/examples/offboard/offboard_control.cpp:315:2:[m[K [01;31m[Kerror: [m[Kexpected unqualified-id at end of input
[2.801s]   315 | }
[2.801s]       |  [01;31m[K^[m[K
[2.801s] gmake[2]: *** [CMakeFiles/offboard_control.dir/build.make:76: CMakeFiles/offboard_control.dir/src/examples/offboard/offboard_control.cpp.o] Error 1
[2.801s] gmake[1]: *** [CMakeFiles/Makefile2:258: CMakeFiles/offboard_control.dir/all] Error 2
[2.801s] gmake: *** [Makefile:146: all] Error 2
[2.804s] Invoked command in '/home/jmj/pro_asp_ws/ws_px4_controls/build/px4_ros_com' returned '2': CMAKE_PREFIX_PATH=/home/jmj/pro_asp_ws/ws_px4_controls/install/px4_msgs:/home/jmj/pro_asp_ws/ws_px4_controls/install/utilities_pkg:/home/jmj/pro_asp_ws/ws_px4_controls/install/uav_controller_pkg:/home/jmj/pro_asp_ws/ws_px4_controls/install/px4_ros_com:/home/jmj/pro_asp_ws/ws_px4_controls/install/multi_tracker:/home/jmj/pro_asp_ws/ws_px4_controls/install/aruco_interfaces:/opt/ros/humble LD_LIBRARY_PATH=/home/jmj/pro_asp_ws/ws_px4_controls/install/px4_msgs/lib:/home/jmj/pro_asp_ws/ws_px4_controls/install/px4_ros_com/lib:/home/jmj/pro_asp_ws/ws_px4_controls/install/aruco_interfaces/lib:/usr/local/cuda/lib64:/opt/ros/humble/opt/rviz_ogre_vendor/lib:/opt/ros/humble/lib/x86_64-linux-gnu:/opt/ros/humble/lib:/usr/local/cuda/lib64 /usr/bin/cmake --build /home/jmj/pro_asp_ws/ws_px4_controls/build/px4_ros_com -- -j20 -l20
