[0.010s] Invoking command in '/home/jmj/pro_asp_ws/ugv_ws/build/ugv_controller': CMAKE_PREFIX_PATH=${CMAKE_PREFIX_PATH}:/opt/ros/humble /usr/bin/cmake --build /home/jmj/pro_asp_ws/ugv_ws/build/ugv_controller -- -j20 -l20
[0.037s] [35m[1mConsolidate compiler generated dependencies of target mission_follower_node[0m
[0.045s] [ 33%] Built target manual_path_logger_node
[0.046s] [ 66%] Built target path_follower_node
[0.047s] [ 83%] [32mBuilding CXX object CMakeFiles/mission_follower_node.dir/src/mission_follower_node.cpp.o[0m
[7.477s] [100%] [32m[1mLinking CXX executable mission_follower_node[0m
[7.841s] [100%] Built target mission_follower_node
[7.850s] Invoked command in '/home/jmj/pro_asp_ws/ugv_ws/build/ugv_controller' returned '0': CMAKE_PREFIX_PATH=${CMAKE_PREFIX_PATH}:/opt/ros/humble /usr/bin/cmake --build /home/jmj/pro_asp_ws/ugv_ws/build/ugv_controller -- -j20 -l20
[7.852s] Invoking command in '/home/jmj/pro_asp_ws/ugv_ws/build/ugv_controller': CMAKE_PREFIX_PATH=${CMAKE_PREFIX_PATH}:/opt/ros/humble /usr/bin/cmake --install /home/jmj/pro_asp_ws/ugv_ws/build/ugv_controller
[7.860s] -- Install configuration: ""
[7.860s] -- Up-to-date: /home/jmj/pro_asp_ws/ugv_ws/install/ugv_controller/lib/ugv_controller/path_follower_node
[7.860s] -- Up-to-date: /home/jmj/pro_asp_ws/ugv_ws/install/ugv_controller/lib/ugv_controller/manual_path_logger_node
[7.860s] -- Installing: /home/jmj/pro_asp_ws/ugv_ws/install/ugv_controller/lib/ugv_controller/mission_follower_node
[7.865s] -- Set runtime path of "/home/jmj/pro_asp_ws/ugv_ws/install/ugv_controller/lib/ugv_controller/mission_follower_node" to ""
[7.865s] -- Up-to-date: /home/jmj/pro_asp_ws/ugv_ws/install/ugv_controller/share/ugv_controller/launch
[7.865s] -- Up-to-date: /home/jmj/pro_asp_ws/ugv_ws/install/ugv_controller/share/ugv_controller/launch/path_follower.launch.py
[7.865s] -- Up-to-date: /home/jmj/pro_asp_ws/ugv_ws/install/ugv_controller/share/ugv_controller/mission.csv
[7.865s] -- Up-to-date: /home/jmj/pro_asp_ws/ugv_ws/install/ugv_controller/share/ament_index/resource_index/package_run_dependencies/ugv_controller
[7.865s] -- Up-to-date: /home/jmj/pro_asp_ws/ugv_ws/install/ugv_controller/share/ament_index/resource_index/parent_prefix_path/ugv_controller
[7.865s] -- Up-to-date: /home/jmj/pro_asp_ws/ugv_ws/install/ugv_controller/share/ugv_controller/environment/ament_prefix_path.sh
[7.865s] -- Up-to-date: /home/jmj/pro_asp_ws/ugv_ws/install/ugv_controller/share/ugv_controller/environment/ament_prefix_path.dsv
[7.865s] -- Up-to-date: /home/jmj/pro_asp_ws/ugv_ws/install/ugv_controller/share/ugv_controller/environment/path.sh
[7.865s] -- Up-to-date: /home/jmj/pro_asp_ws/ugv_ws/install/ugv_controller/share/ugv_controller/environment/path.dsv
[7.865s] -- Up-to-date: /home/jmj/pro_asp_ws/ugv_ws/install/ugv_controller/share/ugv_controller/local_setup.bash
[7.865s] -- Up-to-date: /home/jmj/pro_asp_ws/ugv_ws/install/ugv_controller/share/ugv_controller/local_setup.sh
[7.865s] -- Up-to-date: /home/jmj/pro_asp_ws/ugv_ws/install/ugv_controller/share/ugv_controller/local_setup.zsh
[7.866s] -- Up-to-date: /home/jmj/pro_asp_ws/ugv_ws/install/ugv_controller/share/ugv_controller/local_setup.dsv
[7.866s] -- Installing: /home/jmj/pro_asp_ws/ugv_ws/install/ugv_controller/share/ugv_controller/package.dsv
[7.866s] -- Up-to-date: /home/jmj/pro_asp_ws/ugv_ws/install/ugv_controller/share/ament_index/resource_index/packages/ugv_controller
[7.866s] -- Up-to-date: /home/jmj/pro_asp_ws/ugv_ws/install/ugv_controller/share/ugv_controller/cmake/ugv_controllerConfig.cmake
[7.866s] -- Up-to-date: /home/jmj/pro_asp_ws/ugv_ws/install/ugv_controller/share/ugv_controller/cmake/ugv_controllerConfig-version.cmake
[7.866s] -- Up-to-date: /home/jmj/pro_asp_ws/ugv_ws/install/ugv_controller/share/ugv_controller/package.xml
[7.868s] Invoked command in '/home/jmj/pro_asp_ws/ugv_ws/build/ugv_controller' returned '0': CMAKE_PREFIX_PATH=${CMAKE_PREFIX_PATH}:/opt/ros/humble /usr/bin/cmake --install /home/jmj/pro_asp_ws/ugv_ws/build/ugv_controller
