[0.019s] Invoking command in '/home/acdl1/mj_ws/ws_px4_controls/build/px4_msgs': CMAKE_PREFIX_PATH=/opt/ros/humble /usr/bin/cmake /home/acdl1/mj_ws/ws_px4_controls/src/px4_msgs -DCMAKE_INSTALL_PREFIX=/home/acdl1/mj_ws/ws_px4_controls/install/px4_msgs
[0.074s] -- The C compiler identification is GNU 11.4.0
[0.149s] -- The CXX compiler identification is GNU 11.4.0
[0.158s] -- Detecting C compiler ABI info
[0.220s] -- Detecting C compiler ABI info - done
[0.228s] -- Check for working C compiler: /usr/bin/cc - skipped
[0.229s] -- Detecting C compile features
[0.229s] -- Detecting C compile features - done
[0.231s] -- Detecting CXX compiler ABI info
[0.321s] -- Detecting CXX compiler ABI info - done
[0.330s] -- Check for working CXX compiler: /usr/bin/c++ - skipped
[0.330s] -- Detecting CXX compile features
[0.330s] -- Detecting CXX compile features - done
[0.333s] -- Found ament_cmake: 1.3.11 (/opt/ros/humble/share/ament_cmake/cmake)
[0.881s] -- Found Python3: /usr/bin/python3 (found version "3.10.12") found components: Interpreter 
[0.979s] -- Found builtin_interfaces: 1.2.1 (/opt/ros/humble/share/builtin_interfaces/cmake)
[1.004s] -- Found rosidl_generator_c: 3.1.6 (/opt/ros/humble/share/rosidl_generator_c/cmake)
[1.007s] -- Found rosidl_adapter: 3.1.6 (/opt/ros/humble/share/rosidl_adapter/cmake)
[1.013s] -- Found rosidl_generator_cpp: 3.1.6 (/opt/ros/humble/share/rosidl_generator_cpp/cmake)
[1.022s] -- Using all available rosidl_typesupport_c: rosidl_typesupport_fastrtps_c;rosidl_typesupport_introspection_c
[1.035s] -- Using all available rosidl_typesupport_cpp: rosidl_typesupport_fastrtps_cpp;rosidl_typesupport_introspection_cpp
[1.048s] -- Found rosidl_default_generators: 1.2.0 (/opt/ros/humble/share/rosidl_default_generators/cmake)
[3.848s] -- Found ament_cmake_cppcheck: 0.12.12 (/opt/ros/humble/share/ament_cmake_cppcheck/cmake)
[3.852s] -- Found ament_cmake_cpplint: 0.12.12 (/opt/ros/humble/share/ament_cmake_cpplint/cmake)
[3.852s] -- Found ament_cmake_uncrustify: 0.12.12 (/opt/ros/humble/share/ament_cmake_uncrustify/cmake)
[3.857s] -- Found ament_cmake_ros: 0.10.0 (/opt/ros/humble/share/ament_cmake_ros/cmake)
[4.588s] -- Using all available rosidl_typesupport_c: rosidl_typesupport_fastrtps_c;rosidl_typesupport_introspection_c
[4.812s] -- Using all available rosidl_typesupport_cpp: rosidl_typesupport_fastrtps_cpp;rosidl_typesupport_introspection_cpp
[4.853s] -- Found PythonInterp: /usr/bin/python3 (found suitable version "3.10.12", minimum required is "3.6") 
[4.855s] -- Found python_cmake_module: 0.10.0 (/opt/ros/humble/share/python_cmake_module/cmake)
[4.895s] -- Found PythonLibs: /usr/lib/x86_64-linux-gnu/libpython3.10.so (found suitable version "3.10.12", minimum required is "3.5") 
[4.895s] -- Using PYTHON_EXECUTABLE: /usr/bin/python3
[4.895s] -- Using PYTHON_INCLUDE_DIRS: /usr/include/python3.10
[4.895s] -- Using PYTHON_LIBRARIES: /usr/lib/x86_64-linux-gnu/libpython3.10.so
[4.932s] -- Found PythonExtra: .so  
[5.035s] -- Found ament_cmake_flake8: 0.12.12 (/opt/ros/humble/share/ament_cmake_flake8/cmake)
[5.038s] -- Found ament_cmake_pep257: 0.12.12 (/opt/ros/humble/share/ament_cmake_pep257/cmake)
[5.061s] -- Configuring done
[5.853s] -- Generating done
[5.942s] -- Build files have been written to: /home/acdl1/mj_ws/ws_px4_controls/build/px4_msgs
[6.007s] Invoked command in '/home/acdl1/mj_ws/ws_px4_controls/build/px4_msgs' returned '0': CMAKE_PREFIX_PATH=/opt/ros/humble /usr/bin/cmake /home/acdl1/mj_ws/ws_px4_controls/src/px4_msgs -DCMAKE_INSTALL_PREFIX=/home/acdl1/mj_ws/ws_px4_controls/install/px4_msgs
[6.008s] Invoking command in '/home/acdl1/mj_ws/ws_px4_controls/build/px4_msgs': CMAKE_PREFIX_PATH=/opt/ros/humble /usr/bin/cmake --build /home/acdl1/mj_ws/ws_px4_controls/build/px4_msgs -- -j16 -l16
[6.836s] [  0%] [34m[1mGenerating C code for ROS interfaces[0m
[6.845s] [  0%] Built target ament_cmake_python_copy_px4_msgs
[6.867s] [  0%] [34m[1mGenerating C++ code for ROS interfaces[0m
[7.176s] running egg_info
[7.208s] creating px4_msgs.egg-info
[7.208s] writing px4_msgs.egg-info/PKG-INFO
[7.208s] writing dependency_links to px4_msgs.egg-info/dependency_links.txt
[7.208s] writing top-level names to px4_msgs.egg-info/top_level.txt
[7.209s] writing manifest file 'px4_msgs.egg-info/SOURCES.txt'
[7.289s] reading manifest file 'px4_msgs.egg-info/SOURCES.txt'
[7.291s] writing manifest file 'px4_msgs.egg-info/SOURCES.txt'
[7.402s] [  0%] Built target ament_cmake_python_build_px4_msgs_egg
[19.765s] Traceback (most recent call last):
[19.765s] Traceback (most recent call last):
[19.765s]   File "/opt/ros/humble/share/rosidl_generator_c/cmake/../../../lib/rosidl_generator_c/rosidl_generator_c", line 38, in <module>
[19.765s]   File "/opt/ros/humble/share/rosidl_generator_cpp/cmake/../../../lib/rosidl_generator_cpp/rosidl_generator_cpp", line 38, in <module>
[19.765s] gmake[2]: *** Deleting file 'rosidl_generator_c/px4_msgs/msg/action_request.h'
[19.765s] gmake[2]: *** Deleting file 'rosidl_generator_cpp/px4_msgs/msg/action_request.hpp'
[19.765s]     sys.exit(main())
[19.765s]   File "/opt/ros/humble/share/rosidl_generator_cpp/cmake/../../../lib/rosidl_generator_cpp/rosidl_generator_cpp", line 34, in main
[19.765s]     sys.exit(main())
[19.765s]   File "/opt/ros/humble/share/rosidl_generator_c/cmake/../../../lib/rosidl_generator_c/rosidl_generator_c", line 34, in main
[19.765s]     generate_cpp(args.generator_arguments_file)
[19.765s]   File "/opt/ros/humble/local/lib/python3.10/dist-packages/rosidl_generator_cpp/__init__.py", line 39, in generate_cpp
[19.765s]     generate_c(args.generator_arguments_file)
[19.766s]   File "/opt/ros/humble/local/lib/python3.10/dist-packages/rosidl_generator_c/__init__.py", line 37, in generate_c
[19.766s]     return generate_files(
[19.766s]   File "/opt/ros/humble/local/lib/python3.10/dist-packages/rosidl_cmake/__init__.py", line 87, in generate_files
[19.766s]     return generate_files(
[19.766s]   File "/opt/ros/humble/local/lib/python3.10/dist-packages/rosidl_cmake/__init__.py", line 74, in generate_files
[19.766s]     expand_template(
[19.766s]   File "/opt/ros/humble/local/lib/python3.10/dist-packages/rosidl_cmake/__init__.py", line 149, in expand_template
[19.766s]     idl_file = parse_idl_file(locator)
[19.766s]   File "/opt/ros/humble/local/lib/python3.10/dist-packages/rosidl_parser/parser.py", line 64, in parse_idl_file
[19.766s]     interpreter.string(template_content, template_path, locals=data)
[19.766s]   File "/usr/lib/python3/dist-packages/em.py", line 2391, in string
[19.766s]     content = parse_idl_string(string, png_file=png_file)
[19.766s]   File "/opt/ros/humble/local/lib/python3.10/dist-packages/rosidl_parser/parser.py", line 72, in parse_idl_string
[19.766s]     tree = get_ast_from_idl_string(idl_string)
[19.766s]   File "/opt/ros/humble/local/lib/python3.10/dist-packages/rosidl_parser/parser.py", line 89, in get_ast_from_idl_string
[19.766s]     return _parser.parse(idl_string)
[19.766s]   File "/usr/lib/python3/dist-packages/lark/lark.py", line 619, in parse
[19.766s]     return self.parser.parse(text, start=start, on_error=on_error)
[19.766s]   File "/usr/lib/python3/dist-packages/lark/parser_frontends.py", line 99, in parse
[19.767s]     self.safe(scanner, True, locals)
[19.767s]   File "/usr/lib/python3/dist-packages/em.py", line 2401, in safe
[19.768s]     return self.parser.parse(stream, chosen_start, **kw)
[19.768s]   File "/usr/lib/python3/dist-packages/lark/parsers/earley.py", line 266, in parse
[19.768s]     to_scan = self._parse(lexer, columns, to_scan, start_symbol)
[19.768s]   File "/usr/lib/python3/dist-packages/lark/parsers/xearley.py", line 144, in _parse
[19.768s]     self.predict_and_complete(i, to_scan, columns, transitives)
[19.768s]   File "/usr/lib/python3/dist-packages/lark/parsers/earley.py", line 122, in predict_and_complete
[19.768s]     originators = [originator for originator in columns[item.start] if originator.expect is not None and originator.expect == item.s]
[19.768s]   File "/usr/lib/python3/dist-packages/lark/parsers/earley.py", line 122, in <listcomp>
[19.768s]     originators = [originator for originator in columns[item.start] if originator.expect is not None and originator.expect == item.s]
[19.768s]   File "/usr/lib/python3/dist-packages/lark/grammar.py", line 20, in __eq__
[19.768s]     return self.is_term == other.is_term and self.name == other.name
[19.768s]   File "/usr/lib/python3/dist-packages/lark/lexer.py", line 191, in __eq__
[19.768s]     self.parse(scanner, locals)
[19.768s]   File "/usr/lib/python3/dist-packages/em.py", line 2421, in parse
[19.768s]     token.run(self, locals)
[19.768s]   File "/usr/lib/python3/dist-packages/em.py", line 1547, in run
[19.769s]     self.subrun(info[0][1], interpreter, locals)
[19.769s]   File "/usr/lib/python3/dist-packages/em.py", line 1631, in subrun
[19.769s]     token.run(interpreter, locals)
[19.769s]   File "/usr/lib/python3/dist-packages/em.py", line 1425, in run
[19.769s]     interpreter.execute(self.code, locals)
[19.769s]   File "/usr/lib/python3/dist-packages/em.py", line 2596, in execute
[19.769s]     _exec(statements, self.globals, locals)
[19.769s]   File "<string>", line 2, in <module>
[19.769s]   File "/opt/ros/humble/local/lib/python3.10/dist-packages/rosidl_cmake/__init__.py", line 198, in _expand_template
[19.769s]     interpreter.string(content, str(template_path), kwargs)
[19.769s]   File "/usr/lib/python3/dist-packages/em.py", line 2391, in string
[19.769s]     self.safe(scanner, True, locals)
[19.769s]   File "/usr/lib/python3/dist-packages/em.py", line 2401, in safe
[19.769s]     self.parse(scanner, locals)
[19.769s]   File "/usr/lib/python3/dist-packages/em.py", line 2421, in parse
[19.769s]     token.run(self, locals)
[19.769s]   File "/usr/lib/python3/dist-packages/em.py", line 1333, in run
[19.769s]     result = interpreter.evaluate(self.testCode, locals)
[19.769s]   File "/usr/lib/python3/dist-packages/em.py", line 2573, in evaluate
[19.769s]     result = eval(expression, self.globals, locals)
[19.769s]   File "<string>", line 1, in <module>
[19.769s] KeyboardInterrupt
[19.769s]     def __eq__(self, other):
[19.770s] KeyboardInterrupt
[19.798s] Exception ignored in: <function Interpreter.__del__ at 0x7eb0aa9452d0>
[19.798s] Traceback (most recent call last):
[19.798s]   File "/usr/lib/python3/dist-packages/em.py", line 2094, in __del__
[19.798s]   File "/usr/lib/python3/dist-packages/em.py", line 2157, in shutdown
[19.798s]   File "/usr/lib/python3/dist-packages/em.py", line 2647, in finalize
[19.798s]   File "/usr/lib/python3/dist-packages/em.py", line 2200, in push
[19.798s] AttributeError: '_io.TextIOWrapper' object has no attribute 'push'
[19.801s] gmake[2]: *** [CMakeFiles/px4_msgs__rosidl_generator_c.dir/build.make:320: rosidl_generator_c/px4_msgs/msg/action_request.h] Interrupt
[19.801s] gmake[1]: *** [CMakeFiles/Makefile2:212: CMakeFiles/px4_msgs__rosidl_generator_c.dir/all] Interrupt
[19.805s] gmake[2]: *** [CMakeFiles/px4_msgs__cpp.dir/build.make:1481: rosidl_generator_cpp/px4_msgs/msg/action_request.hpp] Interrupt
[19.806s] gmake[1]: *** [CMakeFiles/Makefile2:265: CMakeFiles/px4_msgs__cpp.dir/all] Interrupt
[19.806s] gmake: *** [Makefile:146: all] Interrupt
