[0.016s] Invoking command in '/home/acdl1/competition_ws/ws_px4_controls/build/px4_ros_com': CMAKE_PREFIX_PATH=${CMAKE_PREFIX_PATH}:/opt/ros/humble /usr/bin/cmake /home/acdl1/competition_ws/ws_px4_controls/src/px4_ros_com -DCMAKE_INSTALL_PREFIX=/home/acdl1/competition_ws/ws_px4_controls/install/px4_ros_com
[0.057s] -- The C compiler identification is GNU 11.4.0
[0.103s] -- The CXX compiler identification is GNU 11.4.0
[0.110s] -- Detecting C compiler ABI info
[0.159s] -- Detecting C compiler ABI info - done
[0.164s] -- Check for working C compiler: /usr/bin/cc - skipped
[0.164s] -- Detecting C compile features
[0.164s] -- Detecting C compile features - done
[0.166s] -- Detecting CXX compiler ABI info
[0.226s] -- Detecting CXX compiler ABI info - done
[0.236s] -- Check for working CXX compiler: /usr/bin/c++ - skipped
[0.236s] -- Detecting CXX compile features
[0.236s] -- Detecting CXX compile features - done
[0.237s] -- Found ament_cmake: 1.3.11 (/opt/ros/humble/share/ament_cmake/cmake)
[0.589s] -- Found Python3: /usr/bin/python3 (found version "3.10.12") found components: Interpreter 
[0.660s] -- Found builtin_interfaces: 1.2.1 (/opt/ros/humble/share/builtin_interfaces/cmake)
[0.688s] -- Found rosidl_generator_c: 3.1.6 (/opt/ros/humble/share/rosidl_generator_c/cmake)
[0.691s] -- Found rosidl_adapter: 3.1.6 (/opt/ros/humble/share/rosidl_adapter/cmake)
[0.696s] -- Found rosidl_generator_cpp: 3.1.6 (/opt/ros/humble/share/rosidl_generator_cpp/cmake)
[0.705s] -- Using all available rosidl_typesupport_c: rosidl_typesupport_fastrtps_c;rosidl_typesupport_introspection_c
[0.716s] -- Using all available rosidl_typesupport_cpp: rosidl_typesupport_fastrtps_cpp;rosidl_typesupport_introspection_cpp
[0.727s] -- Found eigen3_cmake_module: 0.1.1 (/opt/ros/humble/share/eigen3_cmake_module/cmake)
[0.732s] -- Found Eigen3: TRUE (found version "3.4.0") 
[0.733s] -- Found geometry_msgs: 4.8.0 (/opt/ros/humble/share/geometry_msgs/cmake)
[0.753s] -- Found px4_msgs: 2.0.1 (/home/acdl1/competition_ws/ws_px4_controls/install/px4_msgs/share/px4_msgs/cmake)
[0.762s] -- Found rclcpp: 16.0.12 (/opt/ros/humble/share/rclcpp/cmake)
[0.787s] -- Found rmw_implementation_cmake: 6.1.2 (/opt/ros/humble/share/rmw_implementation_cmake/cmake)
[0.789s] -- Found rmw_fastrtps_cpp: 6.2.7 (/opt/ros/humble/share/rmw_fastrtps_cpp/cmake)
[0.846s] -- Found OpenSSL: /usr/lib/x86_64-linux-gnu/libcrypto.so (found version "3.0.2")  
[0.867s] -- Found FastRTPS: /opt/ros/humble/include  
[0.898s] -- Using RMW implementation 'rmw_fastrtps_cpp' as default
[0.904s] -- Looking for pthread.h
[0.953s] -- Looking for pthread.h - found
[0.953s] -- Performing Test CMAKE_HAVE_LIBC_PTHREAD
[1.001s] -- Performing Test CMAKE_HAVE_LIBC_PTHREAD - Success
[1.003s] -- Found Threads: TRUE  
[1.051s] -- Found sensor_msgs: 4.8.0 (/opt/ros/humble/share/sensor_msgs/cmake)
[1.073s] -- Found rclpy: 3.3.16 (/opt/ros/humble/share/rclpy/cmake)
[1.074s] -- Found tf2: 0.25.12 (/opt/ros/humble/share/tf2/cmake)
[1.087s] -- Found tf2_geometry_msgs: 0.25.12 (/opt/ros/humble/share/tf2_geometry_msgs/cmake)
[1.097s] -- Ensuring Eigen3 include directory is part of orocos-kdl CMake target
[1.199s] -- Found ament_lint_auto: 0.12.12 (/opt/ros/humble/share/ament_lint_auto/cmake)
[1.337s] -- Added test 'copyright' to check source files copyright and LICENSE
[1.339s] -- Added test 'cppcheck' to perform static code analysis on C / C++ code
[1.340s] -- Configured cppcheck include dirs: /home/acdl1/competition_ws/ws_px4_controls/src/px4_ros_com/include;$<BUILD_INTERFACE:/home/acdl1/competition_ws/ws_px4_controls/src/px4_ros_com/include/px4_ros_com>
[1.340s] -- Configured cppcheck exclude dirs and/or files: 
[1.341s] -- Added test 'cpplint' to check C / C++ code against the Google style
[1.341s] -- Configured cpplint exclude dirs and/or files: 
[1.342s] -- Added test 'flake8' to check Python code syntax and style conventions
[1.343s] -- Added test 'lint_cmake' to check CMake code style
[1.343s] -- Added test 'pep257' to check Python code against some of the docstring style conventions in PEP 257
[1.347s] -- Added test 'uncrustify' to check C / C++ code style
[1.347s] -- Configured uncrustify additional arguments: 
[1.347s] -- Added test 'xmllint' to check XML markup files
[1.348s] -- Configuring done
[1.392s] -- Generating done
[1.413s] -- Build files have been written to: /home/acdl1/competition_ws/ws_px4_controls/build/px4_ros_com
[1.433s] Invoked command in '/home/acdl1/competition_ws/ws_px4_controls/build/px4_ros_com' returned '0': CMAKE_PREFIX_PATH=${CMAKE_PREFIX_PATH}:/opt/ros/humble /usr/bin/cmake /home/acdl1/competition_ws/ws_px4_controls/src/px4_ros_com -DCMAKE_INSTALL_PREFIX=/home/acdl1/competition_ws/ws_px4_controls/install/px4_ros_com
[1.434s] Invoking command in '/home/acdl1/competition_ws/ws_px4_controls/build/px4_ros_com': CMAKE_PREFIX_PATH=${CMAKE_PREFIX_PATH}:/opt/ros/humble /usr/bin/cmake --build /home/acdl1/competition_ws/ws_px4_controls/build/px4_ros_com -- -j16 -l16
[1.521s] [  6%] [32mBuilding CXX object CMakeFiles/sensor_combined_listener.dir/src/examples/listeners/sensor_combined_listener.cpp.o[0m
[1.527s] [ 12%] [32mBuilding CXX object CMakeFiles/offboard_control_srv.dir/src/examples/offboard/offboard_control_srv.cpp.o[0m
[1.527s] [ 18%] [32mBuilding CXX object CMakeFiles/vehicle_gps_position_listener.dir/src/examples/listeners/vehicle_gps_position_listener.cpp.o[0m
[1.527s] [ 25%] [32mBuilding CXX object CMakeFiles/offboard_control_key.dir/src/examples/offboard/offboard_control_key.cpp.o[0m
[1.527s] [ 31%] [32mBuilding CXX object CMakeFiles/cli_pose_command.dir/src/examples/offboard/cli_pose_command.cpp.o[0m
[1.527s] [ 37%] [32mBuilding CXX object CMakeFiles/frame_transforms.dir/src/lib/frame_transforms.cpp.o[0m
[1.533s] [ 43%] [32mBuilding CXX object CMakeFiles/offboard_control.dir/src/examples/offboard/offboard_control.cpp.o[0m
[1.538s] [ 50%] [32mBuilding CXX object CMakeFiles/debug_vect_advertiser.dir/src/examples/advertisers/debug_vect_advertiser.cpp.o[0m
[1.538s] [ 50%] Built target ament_cmake_python_copy_px4_ros_com
[2.153s] running egg_info
[2.210s] creating px4_ros_com.egg-info
[2.210s] writing px4_ros_com.egg-info/PKG-INFO
[2.211s] writing dependency_links to px4_ros_com.egg-info/dependency_links.txt
[2.211s] writing top-level names to px4_ros_com.egg-info/top_level.txt
[2.211s] writing manifest file 'px4_ros_com.egg-info/SOURCES.txt'
[2.367s] reading manifest file 'px4_ros_com.egg-info/SOURCES.txt'
[2.382s] writing manifest file 'px4_ros_com.egg-info/SOURCES.txt'
[2.475s] [ 50%] Built target ament_cmake_python_build_px4_ros_com_egg
[8.278s] [ 56%] [32m[1mLinking CXX executable debug_vect_advertiser[0m
[8.293s] [ 62%] [32m[1mLinking CXX executable cli_pose_command[0m
[8.513s] [ 62%] Built target debug_vect_advertiser
[8.590s] [ 62%] Built target cli_pose_command
[9.763s] [ 68%] [32m[1mLinking CXX executable offboard_control_srv[0m
[9.983s] [ 68%] Built target offboard_control_srv
[11.511s] [ 75%] [32m[1mLinking CXX shared library libframe_transforms.so[0m
[11.955s] [ 75%] Built target frame_transforms
[12.517s] [ 81%] [32m[1mLinking CXX executable sensor_combined_listener[0m
[12.549s] [ 87%] [32m[1mLinking CXX executable vehicle_gps_position_listener[0m
[13.099s] [ 87%] Built target vehicle_gps_position_listener
[13.201s] [ 87%] Built target sensor_combined_listener
[17.008s] [ 93%] [32m[1mLinking CXX executable offboard_control_key[0m
[17.463s] [ 93%] Built target offboard_control_key
[19.620s] [100%] [32m[1mLinking CXX executable offboard_control[0m
[20.199s] [100%] Built target offboard_control
[20.206s] Invoked command in '/home/acdl1/competition_ws/ws_px4_controls/build/px4_ros_com' returned '0': CMAKE_PREFIX_PATH=${CMAKE_PREFIX_PATH}:/opt/ros/humble /usr/bin/cmake --build /home/acdl1/competition_ws/ws_px4_controls/build/px4_ros_com -- -j16 -l16
[20.207s] Invoking command in '/home/acdl1/competition_ws/ws_px4_controls/build/px4_ros_com': CMAKE_PREFIX_PATH=${CMAKE_PREFIX_PATH}:/opt/ros/humble /usr/bin/cmake --install /home/acdl1/competition_ws/ws_px4_controls/build/px4_ros_com
[20.212s] -- Install configuration: ""
[20.212s] -- Installing: /home/acdl1/competition_ws/ws_px4_controls/install/px4_ros_com/lib/px4_ros_com/sensor_combined_listener
[20.214s] -- Set runtime path of "/home/acdl1/competition_ws/ws_px4_controls/install/px4_ros_com/lib/px4_ros_com/sensor_combined_listener" to ""
[20.214s] -- Installing: /home/acdl1/competition_ws/ws_px4_controls/install/px4_ros_com/lib/px4_ros_com/vehicle_gps_position_listener
[20.216s] -- Set runtime path of "/home/acdl1/competition_ws/ws_px4_controls/install/px4_ros_com/lib/px4_ros_com/vehicle_gps_position_listener" to ""
[20.216s] -- Installing: /home/acdl1/competition_ws/ws_px4_controls/install/px4_ros_com/lib/px4_ros_com/debug_vect_advertiser
[20.216s] -- Set runtime path of "/home/acdl1/competition_ws/ws_px4_controls/install/px4_ros_com/lib/px4_ros_com/debug_vect_advertiser" to ""
[20.216s] -- Installing: /home/acdl1/competition_ws/ws_px4_controls/install/px4_ros_com/lib/px4_ros_com/offboard_control
[20.220s] -- Set runtime path of "/home/acdl1/competition_ws/ws_px4_controls/install/px4_ros_com/lib/px4_ros_com/offboard_control" to ""
[20.220s] -- Installing: /home/acdl1/competition_ws/ws_px4_controls/install/px4_ros_com/lib/px4_ros_com/offboard_control_srv
[20.221s] -- Set runtime path of "/home/acdl1/competition_ws/ws_px4_controls/install/px4_ros_com/lib/px4_ros_com/offboard_control_srv" to ""
[20.221s] -- Installing: /home/acdl1/competition_ws/ws_px4_controls/install/px4_ros_com/lib/px4_ros_com/offboard_control_key
[20.223s] -- Set runtime path of "/home/acdl1/competition_ws/ws_px4_controls/install/px4_ros_com/lib/px4_ros_com/offboard_control_key" to ""
[20.223s] -- Installing: /home/acdl1/competition_ws/ws_px4_controls/install/px4_ros_com/lib/px4_ros_com/cli_pose_command
[20.224s] -- Set runtime path of "/home/acdl1/competition_ws/ws_px4_controls/install/px4_ros_com/lib/px4_ros_com/cli_pose_command" to ""
[20.224s] -- Installing: /home/acdl1/competition_ws/ws_px4_controls/install/px4_ros_com/share/px4_ros_com/environment/library_path.sh
[20.224s] -- Installing: /home/acdl1/competition_ws/ws_px4_controls/install/px4_ros_com/share/px4_ros_com/environment/library_path.dsv
[20.224s] -- Installing: /home/acdl1/competition_ws/ws_px4_controls/install/px4_ros_com/include/px4_ros_com
[20.224s] -- Installing: /home/acdl1/competition_ws/ws_px4_controls/install/px4_ros_com/include/px4_ros_com/frame_transforms.h
[20.224s] -- Installing: /home/acdl1/competition_ws/ws_px4_controls/install/px4_ros_com/lib/libframe_transforms.so
[20.226s] -- Set runtime path of "/home/acdl1/competition_ws/ws_px4_controls/install/px4_ros_com/lib/libframe_transforms.so" to ""
[20.226s] -- Installing: /home/acdl1/competition_ws/ws_px4_controls/install/px4_ros_com/share/px4_ros_com//launch
[20.226s] -- Installing: /home/acdl1/competition_ws/ws_px4_controls/install/px4_ros_com/share/px4_ros_com//launch/sensor_combined_listener.launch.py
[20.226s] -- Installing: /home/acdl1/competition_ws/ws_px4_controls/install/px4_ros_com/share/px4_ros_com//launch/offboard_control_launch.yaml
[20.226s] -- Installing: /home/acdl1/competition_ws/ws_px4_controls/install/px4_ros_com/share/px4_ros_com//test
[20.227s] -- Installing: /home/acdl1/competition_ws/ws_px4_controls/install/px4_ros_com/share/px4_ros_com//test/test_output.py
[20.227s] -- Installing: /home/acdl1/competition_ws/ws_px4_controls/install/px4_ros_com/share/px4_ros_com//test/test_input.py
[20.227s] -- Installing: /home/acdl1/competition_ws/ws_px4_controls/install/px4_ros_com/share/px4_ros_com//test/pipeline_io_test.py
[20.227s] -- Installing: /home/acdl1/competition_ws/ws_px4_controls/install/px4_ros_com/share/px4_ros_com//test/__init__.py
[20.227s] -- Installing: /home/acdl1/competition_ws/ws_px4_controls/install/px4_ros_com/share/px4_ros_com/environment/pythonpath.sh
[20.227s] -- Installing: /home/acdl1/competition_ws/ws_px4_controls/install/px4_ros_com/share/px4_ros_com/environment/pythonpath.dsv
[20.227s] -- Installing: /home/acdl1/competition_ws/ws_px4_controls/install/px4_ros_com/local/lib/python3.10/dist-packages/px4_ros_com-0.1.0-py3.10.egg-info
[20.227s] -- Installing: /home/acdl1/competition_ws/ws_px4_controls/install/px4_ros_com/local/lib/python3.10/dist-packages/px4_ros_com-0.1.0-py3.10.egg-info/SOURCES.txt
[20.227s] -- Installing: /home/acdl1/competition_ws/ws_px4_controls/install/px4_ros_com/local/lib/python3.10/dist-packages/px4_ros_com-0.1.0-py3.10.egg-info/PKG-INFO
[20.227s] -- Installing: /home/acdl1/competition_ws/ws_px4_controls/install/px4_ros_com/local/lib/python3.10/dist-packages/px4_ros_com-0.1.0-py3.10.egg-info/dependency_links.txt
[20.227s] -- Installing: /home/acdl1/competition_ws/ws_px4_controls/install/px4_ros_com/local/lib/python3.10/dist-packages/px4_ros_com-0.1.0-py3.10.egg-info/top_level.txt
[20.227s] -- Installing: /home/acdl1/competition_ws/ws_px4_controls/install/px4_ros_com/local/lib/python3.10/dist-packages/px4_ros_com
[20.227s] -- Installing: /home/acdl1/competition_ws/ws_px4_controls/install/px4_ros_com/local/lib/python3.10/dist-packages/px4_ros_com/module_to_import.py
[20.227s] -- Installing: /home/acdl1/competition_ws/ws_px4_controls/install/px4_ros_com/local/lib/python3.10/dist-packages/px4_ros_com/__init__.py
[20.251s] Listing '/home/acdl1/competition_ws/ws_px4_controls/install/px4_ros_com/local/lib/python3.10/dist-packages/px4_ros_com'...
[20.251s] Compiling '/home/acdl1/competition_ws/ws_px4_controls/install/px4_ros_com/local/lib/python3.10/dist-packages/px4_ros_com/__init__.py'...
[20.251s] Compiling '/home/acdl1/competition_ws/ws_px4_controls/install/px4_ros_com/local/lib/python3.10/dist-packages/px4_ros_com/module_to_import.py'...
[20.254s] -- Installing: /home/acdl1/competition_ws/ws_px4_controls/install/px4_ros_com/lib/px4_ros_com/offboard_control.py
[20.255s] -- Installing: /home/acdl1/competition_ws/ws_px4_controls/install/px4_ros_com/share/ament_index/resource_index/package_run_dependencies/px4_ros_com
[20.255s] -- Installing: /home/acdl1/competition_ws/ws_px4_controls/install/px4_ros_com/share/ament_index/resource_index/parent_prefix_path/px4_ros_com
[20.255s] -- Installing: /home/acdl1/competition_ws/ws_px4_controls/install/px4_ros_com/share/px4_ros_com/environment/ament_prefix_path.sh
[20.255s] -- Installing: /home/acdl1/competition_ws/ws_px4_controls/install/px4_ros_com/share/px4_ros_com/environment/ament_prefix_path.dsv
[20.255s] -- Installing: /home/acdl1/competition_ws/ws_px4_controls/install/px4_ros_com/share/px4_ros_com/environment/path.sh
[20.255s] -- Installing: /home/acdl1/competition_ws/ws_px4_controls/install/px4_ros_com/share/px4_ros_com/environment/path.dsv
[20.255s] -- Installing: /home/acdl1/competition_ws/ws_px4_controls/install/px4_ros_com/share/px4_ros_com/local_setup.bash
[20.255s] -- Installing: /home/acdl1/competition_ws/ws_px4_controls/install/px4_ros_com/share/px4_ros_com/local_setup.sh
[20.255s] -- Installing: /home/acdl1/competition_ws/ws_px4_controls/install/px4_ros_com/share/px4_ros_com/local_setup.zsh
[20.255s] -- Installing: /home/acdl1/competition_ws/ws_px4_controls/install/px4_ros_com/share/px4_ros_com/local_setup.dsv
[20.255s] -- Installing: /home/acdl1/competition_ws/ws_px4_controls/install/px4_ros_com/share/px4_ros_com/package.dsv
[20.256s] -- Installing: /home/acdl1/competition_ws/ws_px4_controls/install/px4_ros_com/share/ament_index/resource_index/packages/px4_ros_com
[20.256s] -- Installing: /home/acdl1/competition_ws/ws_px4_controls/install/px4_ros_com/share/px4_ros_com/cmake/export_frame_transformsExport.cmake
[20.256s] -- Installing: /home/acdl1/competition_ws/ws_px4_controls/install/px4_ros_com/share/px4_ros_com/cmake/export_frame_transformsExport-noconfig.cmake
[20.256s] -- Installing: /home/acdl1/competition_ws/ws_px4_controls/install/px4_ros_com/share/px4_ros_com/cmake/ament_cmake_export_dependencies-extras.cmake
[20.256s] -- Installing: /home/acdl1/competition_ws/ws_px4_controls/install/px4_ros_com/share/px4_ros_com/cmake/ament_cmake_export_targets-extras.cmake
[20.256s] -- Installing: /home/acdl1/competition_ws/ws_px4_controls/install/px4_ros_com/share/px4_ros_com/cmake/ament_cmake_export_include_directories-extras.cmake
[20.256s] -- Installing: /home/acdl1/competition_ws/ws_px4_controls/install/px4_ros_com/share/px4_ros_com/cmake/ament_cmake_export_libraries-extras.cmake
[20.256s] -- Installing: /home/acdl1/competition_ws/ws_px4_controls/install/px4_ros_com/share/px4_ros_com/cmake/px4_ros_comConfig.cmake
[20.256s] -- Installing: /home/acdl1/competition_ws/ws_px4_controls/install/px4_ros_com/share/px4_ros_com/cmake/px4_ros_comConfig-version.cmake
[20.256s] -- Installing: /home/acdl1/competition_ws/ws_px4_controls/install/px4_ros_com/share/px4_ros_com/package.xml
[20.258s] Invoked command in '/home/acdl1/competition_ws/ws_px4_controls/build/px4_ros_com' returned '0': CMAKE_PREFIX_PATH=${CMAKE_PREFIX_PATH}:/opt/ros/humble /usr/bin/cmake --install /home/acdl1/competition_ws/ws_px4_controls/build/px4_ros_com
