[35m[1mConsolidate compiler generated dependencies of target path_follower_node[0m
[35m[1mConsolidate compiler generated dependencies of target manual_path_logger_node[0m
[35m[1mConsolidate compiler generated dependencies of target mission_follower_node[0m
[ 16%] [32mBuilding CXX object CMakeFiles/path_follower_node.dir/src/path_follower_node.cpp.o[0m
[ 50%] Built target manual_path_logger_node
[ 83%] Built target mission_follower_node
[100%] [32m[1mLinking CXX executable path_follower_node[0m
[100%] Built target path_follower_node
-- Install configuration: ""
-- Installing: /home/jmj/pro_asp_ws/ugv_ws/install/ugv_controller/lib/ugv_controller/path_follower_node
-- Set runtime path of "/home/jmj/pro_asp_ws/ugv_ws/install/ugv_controller/lib/ugv_controller/path_follower_node" to ""
-- Installing: /home/jmj/pro_asp_ws/ugv_ws/install/ugv_controller/lib/ugv_controller/manual_path_logger_node
-- Set runtime path of "/home/jmj/pro_asp_ws/ugv_ws/install/ugv_controller/lib/ugv_controller/manual_path_logger_node" to ""
-- Installing: /home/jmj/pro_asp_ws/ugv_ws/install/ugv_controller/lib/ugv_controller/mission_follower_node
-- Set runtime path of "/home/jmj/pro_asp_ws/ugv_ws/install/ugv_controller/lib/ugv_controller/mission_follower_node" to ""
-- Installing: /home/jmj/pro_asp_ws/ugv_ws/install/ugv_controller/share/ugv_controller/launch
-- Installing: /home/jmj/pro_asp_ws/ugv_ws/install/ugv_controller/share/ugv_controller/launch/path_follower.launch.py
-- Installing: /home/jmj/pro_asp_ws/ugv_ws/install/ugv_controller/share/ugv_controller/mission.csv
-- Installing: /home/jmj/pro_asp_ws/ugv_ws/install/ugv_controller/share/ament_index/resource_index/package_run_dependencies/ugv_controller
-- Installing: /home/jmj/pro_asp_ws/ugv_ws/install/ugv_controller/share/ament_index/resource_index/parent_prefix_path/ugv_controller
-- Installing: /home/jmj/pro_asp_ws/ugv_ws/install/ugv_controller/share/ugv_controller/environment/ament_prefix_path.sh
-- Installing: /home/jmj/pro_asp_ws/ugv_ws/install/ugv_controller/share/ugv_controller/environment/ament_prefix_path.dsv
-- Installing: /home/jmj/pro_asp_ws/ugv_ws/install/ugv_controller/share/ugv_controller/environment/path.sh
-- Installing: /home/jmj/pro_asp_ws/ugv_ws/install/ugv_controller/share/ugv_controller/environment/path.dsv
-- Installing: /home/jmj/pro_asp_ws/ugv_ws/install/ugv_controller/share/ugv_controller/local_setup.bash
-- Installing: /home/jmj/pro_asp_ws/ugv_ws/install/ugv_controller/share/ugv_controller/local_setup.sh
-- Installing: /home/jmj/pro_asp_ws/ugv_ws/install/ugv_controller/share/ugv_controller/local_setup.zsh
-- Installing: /home/jmj/pro_asp_ws/ugv_ws/install/ugv_controller/share/ugv_controller/local_setup.dsv
-- Installing: /home/jmj/pro_asp_ws/ugv_ws/install/ugv_controller/share/ugv_controller/package.dsv
-- Installing: /home/jmj/pro_asp_ws/ugv_ws/install/ugv_controller/share/ament_index/resource_index/packages/ugv_controller
-- Installing: /home/jmj/pro_asp_ws/ugv_ws/install/ugv_controller/share/ugv_controller/cmake/ugv_controllerConfig.cmake
-- Installing: /home/jmj/pro_asp_ws/ugv_ws/install/ugv_controller/share/ugv_controller/cmake/ugv_controllerConfig-version.cmake
-- Installing: /home/jmj/pro_asp_ws/ugv_ws/install/ugv_controller/share/ugv_controller/package.xml
