[0.010s] Invoking command in '/home/jmj/pro_asp_ws/ws_aruco/build/image_geometry': CMAKE_PREFIX_PATH=${CMAKE_PREFIX_PATH}:/home/jmj/pro_asp_ws/ws_aruco/install/opencv_tests:/opt/ros/humble /usr/bin/cmake /home/jmj/pro_asp_ws/ws_aruco/src/vision_opencv/image_geometry -DCMAKE_INSTALL_PREFIX=/home/jmj/pro_asp_ws/ws_aruco/install/image_geometry
[0.061s] -- The C compiler identification is GNU 11.4.0
[0.105s] -- The CXX compiler identification is GNU 11.4.0
[0.112s] -- Detecting C compiler ABI info
[0.153s] -- Detecting C compiler ABI info - done
[0.158s] -- Check for working C compiler: /usr/lib/ccache/gcc - skipped
[0.158s] -- Detecting C compile features
[0.159s] -- Detecting C compile features - done
[0.161s] -- Detecting CXX compiler ABI info
[0.210s] -- Detecting CXX compiler ABI info - done
[0.215s] -- Check for working CXX compiler: /usr/lib/ccache/g++ - skipped
[0.215s] -- Detecting CXX compile features
[0.215s] -- Detecting CXX compile features - done
[0.217s] -- Found ament_cmake_python: 1.3.11 (/opt/ros/humble/share/ament_cmake_python/cmake)
[0.218s] -- Found ament_cmake_ros: 0.10.0 (/opt/ros/humble/share/ament_cmake_ros/cmake)
[0.343s] -- Found Python3: /usr/bin/python3 (found version "3.10.12") found components: Interpreter 
[0.475s] -- Found OpenCV: /usr (found version "4.5.4") found components: calib3d core highgui imgproc 
[0.476s] -- Found sensor_msgs: 4.8.0 (/opt/ros/humble/share/sensor_msgs/cmake)
[0.500s] -- Found rosidl_generator_c: 3.1.6 (/opt/ros/humble/share/rosidl_generator_c/cmake)
[0.503s] -- Found rosidl_adapter: 3.1.6 (/opt/ros/humble/share/rosidl_adapter/cmake)
[0.509s] -- Found rosidl_generator_cpp: 3.1.6 (/opt/ros/humble/share/rosidl_generator_cpp/cmake)
[0.517s] -- Using all available rosidl_typesupport_c: rosidl_typesupport_fastrtps_c;rosidl_typesupport_introspection_c
[0.530s] -- Using all available rosidl_typesupport_cpp: rosidl_typesupport_fastrtps_cpp;rosidl_typesupport_introspection_cpp
[0.590s] -- Found gtest sources under '/opt/ros/humble/src/gtest_vendor': C++ tests using 'Google Test' will be built
[0.593s] -- Looking for pthread.h
[0.688s] -- Looking for pthread.h - found
[0.688s] -- Performing Test CMAKE_HAVE_LIBC_PTHREAD
[0.739s] -- Performing Test CMAKE_HAVE_LIBC_PTHREAD - Success
[0.740s] -- Found Threads: TRUE  
[0.807s] -- Configuring done
[0.827s] -- Generating done
[0.832s] -- Build files have been written to: /home/jmj/pro_asp_ws/ws_aruco/build/image_geometry
[0.841s] Invoked command in '/home/jmj/pro_asp_ws/ws_aruco/build/image_geometry' returned '0': CMAKE_PREFIX_PATH=${CMAKE_PREFIX_PATH}:/home/jmj/pro_asp_ws/ws_aruco/install/opencv_tests:/opt/ros/humble /usr/bin/cmake /home/jmj/pro_asp_ws/ws_aruco/src/vision_opencv/image_geometry -DCMAKE_INSTALL_PREFIX=/home/jmj/pro_asp_ws/ws_aruco/install/image_geometry
[0.843s] Invoking command in '/home/jmj/pro_asp_ws/ws_aruco/build/image_geometry': CMAKE_PREFIX_PATH=${CMAKE_PREFIX_PATH}:/home/jmj/pro_asp_ws/ws_aruco/install/opencv_tests:/opt/ros/humble /usr/bin/cmake --build /home/jmj/pro_asp_ws/ws_aruco/build/image_geometry -- -j20 -l20
[0.889s] [ 33%] [32mBuilding CXX object gtest/CMakeFiles/gtest.dir/src/gtest-all.cc.o[0m
[0.890s] [ 33%] [32mBuilding CXX object CMakeFiles/image_geometry.dir/src/pinhole_camera_model.cpp.o[0m
[0.890s] [ 33%] [32mBuilding CXX object gtest/CMakeFiles/gtest_main.dir/src/gtest_main.cc.o[0m
[0.890s] [ 44%] [32mBuilding CXX object CMakeFiles/image_geometry.dir/src/stereo_camera_model.cpp.o[0m
[0.898s] [ 44%] Built target ament_cmake_python_copy_image_geometry
[0.906s] [ 66%] [32m[1mLinking CXX static library libgtest_main.a[0m
[0.906s] [ 66%] [32m[1mLinking CXX shared library libimage_geometry.so[0m
[0.908s] [ 77%] [32m[1mLinking CXX static library libgtest.a[0m
[0.966s] [ 77%] Built target gtest_main
[0.990s] [ 77%] Built target gtest
[1.016s] [ 77%] Built target image_geometry
[1.031s] [ 88%] [32mBuilding CXX object CMakeFiles/image_geometry-utest.dir/test/utest.cpp.o[0m
[1.044s] [100%] [32m[1mLinking CXX executable image_geometry-utest[0m
[1.104s] running egg_info
[1.106s] creating image_geometry.egg-info
[1.106s] writing image_geometry.egg-info/PKG-INFO
[1.106s] writing dependency_links to image_geometry.egg-info/dependency_links.txt
[1.106s] writing top-level names to image_geometry.egg-info/top_level.txt
[1.108s] writing manifest file 'image_geometry.egg-info/SOURCES.txt'
[1.113s] reading manifest file 'image_geometry.egg-info/SOURCES.txt'
[1.114s] writing manifest file 'image_geometry.egg-info/SOURCES.txt'
[1.145s] [100%] Built target ament_cmake_python_build_image_geometry_egg
[1.204s] [100%] Built target image_geometry-utest
[1.214s] Invoked command in '/home/jmj/pro_asp_ws/ws_aruco/build/image_geometry' returned '0': CMAKE_PREFIX_PATH=${CMAKE_PREFIX_PATH}:/home/jmj/pro_asp_ws/ws_aruco/install/opencv_tests:/opt/ros/humble /usr/bin/cmake --build /home/jmj/pro_asp_ws/ws_aruco/build/image_geometry -- -j20 -l20
[1.222s] Invoking command in '/home/jmj/pro_asp_ws/ws_aruco/build/image_geometry': CMAKE_PREFIX_PATH=${CMAKE_PREFIX_PATH}:/home/jmj/pro_asp_ws/ws_aruco/install/opencv_tests:/opt/ros/humble /usr/bin/cmake --install /home/jmj/pro_asp_ws/ws_aruco/build/image_geometry
[1.227s] -- Install configuration: ""
[1.227s] -- Installing: /home/jmj/pro_asp_ws/ws_aruco/install/image_geometry/share/image_geometry/environment/pythonpath.sh
[1.227s] -- Installing: /home/jmj/pro_asp_ws/ws_aruco/install/image_geometry/share/image_geometry/environment/pythonpath.dsv
[1.227s] -- Installing: /home/jmj/pro_asp_ws/ws_aruco/install/image_geometry/local/lib/python3.10/dist-packages/image_geometry-3.2.1-py3.10.egg-info
[1.227s] -- Installing: /home/jmj/pro_asp_ws/ws_aruco/install/image_geometry/local/lib/python3.10/dist-packages/image_geometry-3.2.1-py3.10.egg-info/dependency_links.txt
[1.227s] -- Installing: /home/jmj/pro_asp_ws/ws_aruco/install/image_geometry/local/lib/python3.10/dist-packages/image_geometry-3.2.1-py3.10.egg-info/top_level.txt
[1.227s] -- Installing: /home/jmj/pro_asp_ws/ws_aruco/install/image_geometry/local/lib/python3.10/dist-packages/image_geometry-3.2.1-py3.10.egg-info/PKG-INFO
[1.227s] -- Installing: /home/jmj/pro_asp_ws/ws_aruco/install/image_geometry/local/lib/python3.10/dist-packages/image_geometry-3.2.1-py3.10.egg-info/SOURCES.txt
[1.227s] -- Installing: /home/jmj/pro_asp_ws/ws_aruco/install/image_geometry/local/lib/python3.10/dist-packages/image_geometry
[1.227s] -- Installing: /home/jmj/pro_asp_ws/ws_aruco/install/image_geometry/local/lib/python3.10/dist-packages/image_geometry/__init__.py
[1.227s] -- Installing: /home/jmj/pro_asp_ws/ws_aruco/install/image_geometry/local/lib/python3.10/dist-packages/image_geometry/cameramodels.py
[1.252s] Listing '/home/jmj/pro_asp_ws/ws_aruco/install/image_geometry/local/lib/python3.10/dist-packages/image_geometry'...
[1.252s] Compiling '/home/jmj/pro_asp_ws/ws_aruco/install/image_geometry/local/lib/python3.10/dist-packages/image_geometry/__init__.py'...
[1.252s] Compiling '/home/jmj/pro_asp_ws/ws_aruco/install/image_geometry/local/lib/python3.10/dist-packages/image_geometry/cameramodels.py'...
[1.257s] -- Installing: /home/jmj/pro_asp_ws/ws_aruco/install/image_geometry/include/image_geometry
[1.257s] -- Installing: /home/jmj/pro_asp_ws/ws_aruco/install/image_geometry/include/image_geometry/image_geometry
[1.257s] -- Installing: /home/jmj/pro_asp_ws/ws_aruco/install/image_geometry/include/image_geometry/image_geometry/visibility_control.hpp
[1.257s] -- Installing: /home/jmj/pro_asp_ws/ws_aruco/install/image_geometry/include/image_geometry/image_geometry/stereo_camera_model.h
[1.257s] -- Installing: /home/jmj/pro_asp_ws/ws_aruco/install/image_geometry/include/image_geometry/image_geometry/pinhole_camera_model.h
[1.257s] -- Installing: /home/jmj/pro_asp_ws/ws_aruco/install/image_geometry/lib/libimage_geometry.so
[1.257s] -- Set runtime path of "/home/jmj/pro_asp_ws/ws_aruco/install/image_geometry/lib/libimage_geometry.so" to ""
[1.257s] -- Installing: /home/jmj/pro_asp_ws/ws_aruco/install/image_geometry/share/ament_index/resource_index/package_run_dependencies/image_geometry
[1.257s] -- Installing: /home/jmj/pro_asp_ws/ws_aruco/install/image_geometry/share/ament_index/resource_index/parent_prefix_path/image_geometry
[1.257s] -- Installing: /home/jmj/pro_asp_ws/ws_aruco/install/image_geometry/share/image_geometry/environment/ament_prefix_path.sh
[1.258s] -- Installing: /home/jmj/pro_asp_ws/ws_aruco/install/image_geometry/share/image_geometry/environment/ament_prefix_path.dsv
[1.258s] -- Installing: /home/jmj/pro_asp_ws/ws_aruco/install/image_geometry/share/image_geometry/environment/path.sh
[1.258s] -- Installing: /home/jmj/pro_asp_ws/ws_aruco/install/image_geometry/share/image_geometry/environment/path.dsv
[1.258s] -- Installing: /home/jmj/pro_asp_ws/ws_aruco/install/image_geometry/share/image_geometry/local_setup.bash
[1.258s] -- Installing: /home/jmj/pro_asp_ws/ws_aruco/install/image_geometry/share/image_geometry/local_setup.sh
[1.258s] -- Installing: /home/jmj/pro_asp_ws/ws_aruco/install/image_geometry/share/image_geometry/local_setup.zsh
[1.258s] -- Installing: /home/jmj/pro_asp_ws/ws_aruco/install/image_geometry/share/image_geometry/local_setup.dsv
[1.258s] -- Installing: /home/jmj/pro_asp_ws/ws_aruco/install/image_geometry/share/image_geometry/package.dsv
[1.258s] -- Installing: /home/jmj/pro_asp_ws/ws_aruco/install/image_geometry/share/ament_index/resource_index/packages/image_geometry
[1.258s] -- Installing: /home/jmj/pro_asp_ws/ws_aruco/install/image_geometry/share/image_geometry/cmake/export_image_geometryExport.cmake
[1.258s] -- Installing: /home/jmj/pro_asp_ws/ws_aruco/install/image_geometry/share/image_geometry/cmake/export_image_geometryExport-noconfig.cmake
[1.258s] -- Installing: /home/jmj/pro_asp_ws/ws_aruco/install/image_geometry/share/image_geometry/cmake/ament_cmake_export_targets-extras.cmake
[1.258s] -- Installing: /home/jmj/pro_asp_ws/ws_aruco/install/image_geometry/share/image_geometry/cmake/ament_cmake_export_dependencies-extras.cmake
[1.258s] -- Installing: /home/jmj/pro_asp_ws/ws_aruco/install/image_geometry/share/image_geometry/cmake/image_geometryConfig.cmake
[1.258s] -- Installing: /home/jmj/pro_asp_ws/ws_aruco/install/image_geometry/share/image_geometry/cmake/image_geometryConfig-version.cmake
[1.258s] -- Installing: /home/jmj/pro_asp_ws/ws_aruco/install/image_geometry/share/image_geometry/package.xml
[1.262s] Invoked command in '/home/jmj/pro_asp_ws/ws_aruco/build/image_geometry' returned '0': CMAKE_PREFIX_PATH=${CMAKE_PREFIX_PATH}:/home/jmj/pro_asp_ws/ws_aruco/install/opencv_tests:/opt/ros/humble /usr/bin/cmake --install /home/jmj/pro_asp_ws/ws_aruco/build/image_geometry
