[01m[K/home/jmj/pro_asp_ws/ws_px4_controls/src/px4_ros_com/src/examples/offboard/offboard_control.cpp:[m[K In constructor ‘[01m[KOffboardControl::OffboardControl()[m[K’:
[01m[K/home/jmj/pro_asp_ws/ws_px4_controls/src/px4_ros_com/src/examples/offboard/offboard_control.cpp:39:5:[m[K [01;31m[Kerror: [m[K‘[01m[Ktakeoff_sub_[m[K’ was not declared in this scope
   39 |     [01;31m[Ktakeoff_sub_[m[K = create_subscription<std_msgs::msg::Bool>("/command_takeoff", 10, [this](const std::bind(&OffboardControl::takeoff_callback), this, _1));
      |     [01;31m[K^~~~~~~~~~~~[m[K
[01m[K/home/jmj/pro_asp_ws/ws_px4_controls/src/px4_ros_com/src/examples/offboard/offboard_control.cpp:39:107:[m[K [01;31m[Kerror: [m[Kexpected unqualified-id before ‘[01m[K([m[K’ token
   39 |     takeoff_sub_ = create_subscription<std_msgs::msg::Bool>("/command_takeoff", 10, [this](const std::bind[01;31m[K([m[K&OffboardControl::takeoff_callback), this, _1));
      |                                                                                                           [01;31m[K^[m[K
[01m[K/home/jmj/pro_asp_ws/ws_px4_controls/src/px4_ros_com/src/examples/offboard/offboard_control.cpp:39:107:[m[K [01;31m[Kerror: [m[Kexpected ‘[01m[K)[m[K’ before ‘[01m[K([m[K’ token
[01m[K/home/jmj/pro_asp_ws/ws_px4_controls/src/px4_ros_com/src/examples/offboard/offboard_control.cpp:39:91:[m[K [01;36m[Knote: [m[Kto match this ‘[01m[K([m[K’
   39 |     takeoff_sub_ = create_subscription<std_msgs::msg::Bool>("/command_takeoff", 10, [this][01;36m[K([m[Kconst std::bind(&OffboardControl::takeoff_callback), this, _1));
      |                                                                                           [01;36m[K^[m[K
[01m[K/home/jmj/pro_asp_ws/ws_px4_controls/src/px4_ros_com/src/examples/offboard/offboard_control.cpp:[m[K In lambda function:
[01m[K/home/jmj/pro_asp_ws/ws_px4_controls/src/px4_ros_com/src/examples/offboard/offboard_control.cpp:39:107:[m[K [01;31m[Kerror: [m[Kexpected ‘[01m[K{[m[K’ before ‘[01m[K([m[K’ token
   39 |     takeoff_sub_ = create_subscription<std_msgs::msg::Bool>("/command_takeoff", 10, [this](const std::bind[01;31m[K([m[K&OffboardControl::takeoff_callback), this, _1));
      |                                                                                                           [01;31m[K^[m[K
[01m[K/home/jmj/pro_asp_ws/ws_px4_controls/src/px4_ros_com/src/examples/offboard/offboard_control.cpp:[m[K In constructor ‘[01m[KOffboardControl::OffboardControl()[m[K’:
[01m[K/home/jmj/pro_asp_ws/ws_px4_controls/src/px4_ros_com/src/examples/offboard/offboard_control.cpp:39:107:[m[K [01;31m[Kerror: [m[Kinvalid use of void expression
   39 |     takeoff_sub_ = create_subscription<std_msgs::msg::Bool>("/command_takeoff", 10, [01;31m[K[this](const std::bind(&OffboardControl::takeoff_callback)[m[K, this, _1));
      |                                                                                     [01;31m[K~~~~~~~~~~~~~~~~~~~~~~^~~~~~~~~~~~~~~~~~~~~~~~~~~~~~~~~~~~[m[K
[01m[K/home/jmj/pro_asp_ws/ws_px4_controls/src/px4_ros_com/src/examples/offboard/offboard_control.cpp:[m[K In member function ‘[01m[Kvoid OffboardControl::timer_callback()[m[K’:
[01m[K/home/jmj/pro_asp_ws/ws_px4_controls/src/px4_ros_com/src/examples/offboard/offboard_control.cpp:80:11:[m[K [01;31m[Kerror: [m[Kexpected primary-expression before ‘[01m[K)[m[K’ token
   80 |       if ([01;31m[K)[m[K
      |           [01;31m[K^[m[K
gmake[2]: *** [CMakeFiles/offboard_control.dir/build.make:76: CMakeFiles/offboard_control.dir/src/examples/offboard/offboard_control.cpp.o] Error 1
gmake[1]: *** [CMakeFiles/Makefile2:258: CMakeFiles/offboard_control.dir/all] Error 2
gmake: *** [Makefile:146: all] Error 2
