[0.059s] Invoking command in '/home/jmj/pro_asp_ws/ugv_ws/build/drone_takeoff_pub': CMAKE_PREFIX_PATH=/opt/ros/humble /usr/bin/cmake /home/jmj/pro_asp_ws/ugv_ws/src/drone_takeoff_pub -DCMAKE_INSTALL_PREFIX=/home/jmj/pro_asp_ws/ugv_ws/install/drone_takeoff_pub
[0.162s] -- The C compiler identification is GNU 11.4.0
[0.244s] -- The CXX compiler identification is GNU 11.4.0
[0.265s] -- Detecting C compiler ABI info
[0.386s] -- Detecting C compiler ABI info - done
[0.405s] -- Check for working C compiler: /usr/lib/ccache/gcc - skipped
[0.405s] -- Detecting C compile features
[0.405s] -- Detecting C compile features - done
[0.412s] -- Detecting CXX compiler ABI info
[0.574s] -- Detecting CXX compiler ABI info - done
[0.591s] -- Check for working CXX compiler: /usr/lib/ccache/g++ - skipped
[0.592s] -- Detecting CXX compile features
[0.596s] -- Detecting CXX compile features - done
[0.601s] -- Found ament_cmake: 1.3.11 (/opt/ros/humble/share/ament_cmake/cmake)
[0.968s] -- Found Python3: /usr/bin/python3 (found version "3.10.12") found components: Interpreter 
[1.112s] -- Found rclcpp: 16.0.12 (/opt/ros/humble/share/rclcpp/cmake)
[1.200s] -- Found rosidl_generator_c: 3.1.6 (/opt/ros/humble/share/rosidl_generator_c/cmake)
[1.211s] -- Found rosidl_adapter: 3.1.6 (/opt/ros/humble/share/rosidl_adapter/cmake)
[1.229s] -- Found rosidl_generator_cpp: 3.1.6 (/opt/ros/humble/share/rosidl_generator_cpp/cmake)
[1.265s] -- Using all available rosidl_typesupport_c: rosidl_typesupport_fastrtps_c;rosidl_typesupport_introspection_c
[1.324s] -- Using all available rosidl_typesupport_cpp: rosidl_typesupport_fastrtps_cpp;rosidl_typesupport_introspection_cpp
[1.447s] -- Found rmw_implementation_cmake: 6.1.2 (/opt/ros/humble/share/rmw_implementation_cmake/cmake)
[1.459s] -- Found rmw_fastrtps_cpp: 6.2.7 (/opt/ros/humble/share/rmw_fastrtps_cpp/cmake)
[1.695s] -- Found OpenSSL: /usr/lib/x86_64-linux-gnu/libcrypto.so (found version "3.0.2")  
[1.755s] -- Found FastRTPS: /opt/ros/humble/include  
[1.823s] -- Using RMW implementation 'rmw_fastrtps_cpp' as default
[1.848s] -- Looking for pthread.h
[2.028s] -- Looking for pthread.h - found
[2.028s] -- Performing Test CMAKE_HAVE_LIBC_PTHREAD
[2.219s] -- Performing Test CMAKE_HAVE_LIBC_PTHREAD - Success
[2.220s] -- Found Threads: TRUE  
[2.525s] -- Configuring done
[2.551s] -- Generating done
[2.563s] -- Build files have been written to: /home/jmj/pro_asp_ws/ugv_ws/build/drone_takeoff_pub
[2.589s] Invoked command in '/home/jmj/pro_asp_ws/ugv_ws/build/drone_takeoff_pub' returned '0': CMAKE_PREFIX_PATH=/opt/ros/humble /usr/bin/cmake /home/jmj/pro_asp_ws/ugv_ws/src/drone_takeoff_pub -DCMAKE_INSTALL_PREFIX=/home/jmj/pro_asp_ws/ugv_ws/install/drone_takeoff_pub
[2.593s] Invoking command in '/home/jmj/pro_asp_ws/ugv_ws/build/drone_takeoff_pub': CMAKE_PREFIX_PATH=/opt/ros/humble /usr/bin/cmake --build /home/jmj/pro_asp_ws/ugv_ws/build/drone_takeoff_pub -- -j20 -l20
[2.704s] [ 50%] [32mBuilding CXX object CMakeFiles/drone_takeoff_pub.dir/src/drone_takeoff_pub.cpp.o[0m
[7.471s] [100%] [32m[1mLinking CXX executable drone_takeoff_pub[0m
[7.597s] [100%] Built target drone_takeoff_pub
[7.607s] Invoked command in '/home/jmj/pro_asp_ws/ugv_ws/build/drone_takeoff_pub' returned '0': CMAKE_PREFIX_PATH=/opt/ros/humble /usr/bin/cmake --build /home/jmj/pro_asp_ws/ugv_ws/build/drone_takeoff_pub -- -j20 -l20
[7.617s] Invoking command in '/home/jmj/pro_asp_ws/ugv_ws/build/drone_takeoff_pub': CMAKE_PREFIX_PATH=/opt/ros/humble /usr/bin/cmake --install /home/jmj/pro_asp_ws/ugv_ws/build/drone_takeoff_pub
[7.624s] -- Install configuration: ""
[7.624s] -- Installing: /home/jmj/pro_asp_ws/ugv_ws/install/drone_takeoff_pub/lib/drone_takeoff_pub/drone_takeoff_pub
[7.625s] -- Set runtime path of "/home/jmj/pro_asp_ws/ugv_ws/install/drone_takeoff_pub/lib/drone_takeoff_pub/drone_takeoff_pub" to ""
[7.625s] -- Installing: /home/jmj/pro_asp_ws/ugv_ws/install/drone_takeoff_pub/share/ament_index/resource_index/package_run_dependencies/drone_takeoff_pub
[7.626s] -- Installing: /home/jmj/pro_asp_ws/ugv_ws/install/drone_takeoff_pub/share/ament_index/resource_index/parent_prefix_path/drone_takeoff_pub
[7.626s] -- Installing: /home/jmj/pro_asp_ws/ugv_ws/install/drone_takeoff_pub/share/drone_takeoff_pub/environment/ament_prefix_path.sh
[7.626s] -- Installing: /home/jmj/pro_asp_ws/ugv_ws/install/drone_takeoff_pub/share/drone_takeoff_pub/environment/ament_prefix_path.dsv
[7.626s] -- Installing: /home/jmj/pro_asp_ws/ugv_ws/install/drone_takeoff_pub/share/drone_takeoff_pub/environment/path.sh
[7.626s] -- Installing: /home/jmj/pro_asp_ws/ugv_ws/install/drone_takeoff_pub/share/drone_takeoff_pub/environment/path.dsv
[7.626s] -- Installing: /home/jmj/pro_asp_ws/ugv_ws/install/drone_takeoff_pub/share/drone_takeoff_pub/local_setup.bash
[7.626s] -- Installing: /home/jmj/pro_asp_ws/ugv_ws/install/drone_takeoff_pub/share/drone_takeoff_pub/local_setup.sh
[7.626s] -- Installing: /home/jmj/pro_asp_ws/ugv_ws/install/drone_takeoff_pub/share/drone_takeoff_pub/local_setup.zsh
[7.627s] -- Installing: /home/jmj/pro_asp_ws/ugv_ws/install/drone_takeoff_pub/share/drone_takeoff_pub/local_setup.dsv
[7.627s] -- Installing: /home/jmj/pro_asp_ws/ugv_ws/install/drone_takeoff_pub/share/drone_takeoff_pub/package.dsv
[7.627s] -- Installing: /home/jmj/pro_asp_ws/ugv_ws/install/drone_takeoff_pub/share/ament_index/resource_index/packages/drone_takeoff_pub
[7.627s] -- Installing: /home/jmj/pro_asp_ws/ugv_ws/install/drone_takeoff_pub/share/drone_takeoff_pub/cmake/drone_takeoff_pubConfig.cmake
[7.627s] -- Installing: /home/jmj/pro_asp_ws/ugv_ws/install/drone_takeoff_pub/share/drone_takeoff_pub/cmake/drone_takeoff_pubConfig-version.cmake
[7.627s] -- Installing: /home/jmj/pro_asp_ws/ugv_ws/install/drone_takeoff_pub/share/drone_takeoff_pub/package.xml
[7.629s] Invoked command in '/home/jmj/pro_asp_ws/ugv_ws/build/drone_takeoff_pub' returned '0': CMAKE_PREFIX_PATH=/opt/ros/humble /usr/bin/cmake --install /home/jmj/pro_asp_ws/ugv_ws/build/drone_takeoff_pub
