-- The C compiler identification is GNU 11.4.0
-- The CXX compiler identification is GNU 11.4.0
-- Detecting C compiler ABI info
-- Detecting C compiler ABI info - done
-- Check for working C compiler: /usr/lib/ccache/gcc - skipped
-- Detecting C compile features
-- Detecting C compile features - done
-- Detecting CXX compiler ABI info
-- Detecting CXX compiler ABI info - done
-- Check for working CXX compiler: /usr/lib/ccache/g++ - skipped
-- Detecting CXX compile features
-- Detecting CXX compile features - done
-- Found ament_cmake: 1.3.11 (/opt/ros/humble/share/ament_cmake/cmake)
-- Found Python3: /usr/bin/python3 (found version "3.10.12") found components: Interpreter 
-- Configuring done
-- Generating done
-- Build files have been written to: /home/jmj/pro_asp_ws/ws_px4_controls/build/vision_opencv
-- Install configuration: ""
-- Installing: /home/jmj/pro_asp_ws/ws_px4_controls/install/vision_opencv/share/ament_index/resource_index/package_run_dependencies/vision_opencv
-- Installing: /home/jmj/pro_asp_ws/ws_px4_controls/install/vision_opencv/share/ament_index/resource_index/parent_prefix_path/vision_opencv
-- Installing: /home/jmj/pro_asp_ws/ws_px4_controls/install/vision_opencv/share/vision_opencv/environment/ament_prefix_path.sh
-- Installing: /home/jmj/pro_asp_ws/ws_px4_controls/install/vision_opencv/share/vision_opencv/environment/ament_prefix_path.dsv
-- Installing: /home/jmj/pro_asp_ws/ws_px4_controls/install/vision_opencv/share/vision_opencv/environment/path.sh
-- Installing: /home/jmj/pro_asp_ws/ws_px4_controls/install/vision_opencv/share/vision_opencv/environment/path.dsv
-- Installing: /home/jmj/pro_asp_ws/ws_px4_controls/install/vision_opencv/share/vision_opencv/local_setup.bash
-- Installing: /home/jmj/pro_asp_ws/ws_px4_controls/install/vision_opencv/share/vision_opencv/local_setup.sh
-- Installing: /home/jmj/pro_asp_ws/ws_px4_controls/install/vision_opencv/share/vision_opencv/local_setup.zsh
-- Installing: /home/jmj/pro_asp_ws/ws_px4_controls/install/vision_opencv/share/vision_opencv/local_setup.dsv
-- Installing: /home/jmj/pro_asp_ws/ws_px4_controls/install/vision_opencv/share/vision_opencv/package.dsv
-- Installing: /home/jmj/pro_asp_ws/ws_px4_controls/install/vision_opencv/share/ament_index/resource_index/packages/vision_opencv
-- Installing: /home/jmj/pro_asp_ws/ws_px4_controls/install/vision_opencv/share/vision_opencv/cmake/vision_opencvConfig.cmake
-- Installing: /home/jmj/pro_asp_ws/ws_px4_controls/install/vision_opencv/share/vision_opencv/cmake/vision_opencvConfig-version.cmake
-- Installing: /home/jmj/pro_asp_ws/ws_px4_controls/install/vision_opencv/share/vision_opencv/package.xml
