[0.091s] DEBUG:colcon:Command line arguments: ['/usr/bin/colcon', 'build', '--packages-select', 'uav_controller_pkg']
[0.091s] DEBUG:colcon:Parsed command line arguments: Namespace(log_base=None, log_level=None, verb_name='build', build_base='build', install_base='install', merge_install=False, symlink_install=False, test_result_base=None, continue_on_error=False, executor='parallel', parallel_workers=16, event_handlers=None, ignore_user_meta=False, metas=['./colcon.meta'], base_paths=['.'], packages_ignore=None, packages_ignore_regex=None, paths=None, packages_up_to=None, packages_up_to_regex=None, packages_above=None, packages_above_and_dependencies=None, packages_above_depth=None, packages_select_by_dep=None, packages_skip_by_dep=None, packages_skip_up_to=None, packages_select_build_failed=False, packages_skip_build_finished=False, packages_select_test_failures=False, packages_skip_test_passed=False, packages_select=['uav_controller_pkg'], packages_skip=None, packages_select_regex=None, packages_skip_regex=None, packages_start=None, packages_end=None, allow_overriding=[], cmake_args=None, cmake_target=None, cmake_target_skip_unavailable=False, cmake_clean_cache=False, cmake_clean_first=False, cmake_force_configure=False, ament_cmake_args=None, catkin_cmake_args=None, catkin_skip_building_tests=False, mixin_files=None, mixin=None, verb_parser=<colcon_mixin.mixin.mixin_argument.MixinArgumentDecorator object at 0x776b10f17b50>, verb_extension=<colcon_core.verb.build.BuildVerb object at 0x776b10f17160>, main=<bound method BuildVerb.main of <colcon_core.verb.build.BuildVerb object at 0x776b10f17160>>, mixin_verb=('build',))
[0.124s] Level 1:colcon.colcon_core.package_discovery:discover_packages(colcon_meta) check parameters
[0.124s] Level 1:colcon.colcon_core.package_discovery:discover_packages(recursive) check parameters
[0.124s] Level 1:colcon.colcon_core.package_discovery:discover_packages(ignore) check parameters
[0.124s] Level 1:colcon.colcon_core.package_discovery:discover_packages(path) check parameters
[0.124s] Level 1:colcon.colcon_core.package_discovery:discover_packages(colcon_meta) discover
[0.124s] Level 1:colcon.colcon_core.package_discovery:discover_packages(recursive) discover
[0.124s] INFO:colcon.colcon_core.package_discovery:Crawling recursively for packages in '/home/acdl1/competition_ws/ws_px4_controls'
[0.124s] Level 1:colcon.colcon_core.package_identification:_identify(.) by extensions ['ignore', 'ignore_ament_install']
[0.124s] Level 1:colcon.colcon_core.package_identification:_identify(.) by extension 'ignore'
[0.124s] Level 1:colcon.colcon_core.package_identification:_identify(.) by extension 'ignore_ament_install'
[0.124s] Level 1:colcon.colcon_core.package_identification:_identify(.) by extensions ['colcon_pkg']
[0.124s] Level 1:colcon.colcon_core.package_identification:_identify(.) by extension 'colcon_pkg'
[0.124s] Level 1:colcon.colcon_core.package_identification:_identify(.) by extensions ['colcon_meta']
[0.124s] Level 1:colcon.colcon_core.package_identification:_identify(.) by extension 'colcon_meta'
[0.124s] Level 1:colcon.colcon_core.package_identification:_identify(.) by extensions ['ros']
[0.124s] Level 1:colcon.colcon_core.package_identification:_identify(.) by extension 'ros'
[0.136s] Level 1:colcon.colcon_core.package_identification:_identify(.) by extensions ['cmake', 'python']
[0.136s] Level 1:colcon.colcon_core.package_identification:_identify(.) by extension 'cmake'
[0.136s] Level 1:colcon.colcon_core.package_identification:_identify(.) by extension 'python'
[0.136s] Level 1:colcon.colcon_core.package_identification:_identify(.) by extensions ['python_setup_py']
[0.136s] Level 1:colcon.colcon_core.package_identification:_identify(.) by extension 'python_setup_py'
[0.136s] Level 1:colcon.colcon_core.package_identification:_identify(build) by extensions ['ignore', 'ignore_ament_install']
[0.136s] Level 1:colcon.colcon_core.package_identification:_identify(build) by extension 'ignore'
[0.137s] Level 1:colcon.colcon_core.package_identification:_identify(build) ignored
[0.137s] Level 1:colcon.colcon_core.package_identification:_identify(install) by extensions ['ignore', 'ignore_ament_install']
[0.137s] Level 1:colcon.colcon_core.package_identification:_identify(install) by extension 'ignore'
[0.137s] Level 1:colcon.colcon_core.package_identification:_identify(install) ignored
[0.137s] Level 1:colcon.colcon_core.package_identification:_identify(log) by extensions ['ignore', 'ignore_ament_install']
[0.137s] Level 1:colcon.colcon_core.package_identification:_identify(log) by extension 'ignore'
[0.137s] Level 1:colcon.colcon_core.package_identification:_identify(log) ignored
[0.137s] Level 1:colcon.colcon_core.package_identification:_identify(src) by extensions ['ignore', 'ignore_ament_install']
[0.137s] Level 1:colcon.colcon_core.package_identification:_identify(src) by extension 'ignore'
[0.137s] Level 1:colcon.colcon_core.package_identification:_identify(src) by extension 'ignore_ament_install'
[0.137s] Level 1:colcon.colcon_core.package_identification:_identify(src) by extensions ['colcon_pkg']
[0.137s] Level 1:colcon.colcon_core.package_identification:_identify(src) by extension 'colcon_pkg'
[0.137s] Level 1:colcon.colcon_core.package_identification:_identify(src) by extensions ['colcon_meta']
[0.137s] Level 1:colcon.colcon_core.package_identification:_identify(src) by extension 'colcon_meta'
[0.137s] Level 1:colcon.colcon_core.package_identification:_identify(src) by extensions ['ros']
[0.137s] Level 1:colcon.colcon_core.package_identification:_identify(src) by extension 'ros'
[0.137s] Level 1:colcon.colcon_core.package_identification:_identify(src) by extensions ['cmake', 'python']
[0.137s] Level 1:colcon.colcon_core.package_identification:_identify(src) by extension 'cmake'
[0.137s] Level 1:colcon.colcon_core.package_identification:_identify(src) by extension 'python'
[0.137s] Level 1:colcon.colcon_core.package_identification:_identify(src) by extensions ['python_setup_py']
[0.137s] Level 1:colcon.colcon_core.package_identification:_identify(src) by extension 'python_setup_py'
[0.137s] Level 1:colcon.colcon_core.package_identification:_identify(src/px4_msgs) by extensions ['ignore', 'ignore_ament_install']
[0.138s] Level 1:colcon.colcon_core.package_identification:_identify(src/px4_msgs) by extension 'ignore'
[0.138s] Level 1:colcon.colcon_core.package_identification:_identify(src/px4_msgs) by extension 'ignore_ament_install'
[0.138s] Level 1:colcon.colcon_core.package_identification:_identify(src/px4_msgs) by extensions ['colcon_pkg']
[0.138s] Level 1:colcon.colcon_core.package_identification:_identify(src/px4_msgs) by extension 'colcon_pkg'
[0.138s] Level 1:colcon.colcon_core.package_identification:_identify(src/px4_msgs) by extensions ['colcon_meta']
[0.138s] Level 1:colcon.colcon_core.package_identification:_identify(src/px4_msgs) by extension 'colcon_meta'
[0.138s] Level 1:colcon.colcon_core.package_identification:_identify(src/px4_msgs) by extensions ['ros']
[0.138s] Level 1:colcon.colcon_core.package_identification:_identify(src/px4_msgs) by extension 'ros'
[0.140s] DEBUG:colcon.colcon_core.package_identification:Package 'src/px4_msgs' with type 'ros.ament_cmake' and name 'px4_msgs'
[0.140s] Level 1:colcon.colcon_core.package_identification:_identify(src/px4_ros_com) by extensions ['ignore', 'ignore_ament_install']
[0.140s] Level 1:colcon.colcon_core.package_identification:_identify(src/px4_ros_com) by extension 'ignore'
[0.140s] Level 1:colcon.colcon_core.package_identification:_identify(src/px4_ros_com) by extension 'ignore_ament_install'
[0.140s] Level 1:colcon.colcon_core.package_identification:_identify(src/px4_ros_com) by extensions ['colcon_pkg']
[0.140s] Level 1:colcon.colcon_core.package_identification:_identify(src/px4_ros_com) by extension 'colcon_pkg'
[0.140s] Level 1:colcon.colcon_core.package_identification:_identify(src/px4_ros_com) by extensions ['colcon_meta']
[0.140s] Level 1:colcon.colcon_core.package_identification:_identify(src/px4_ros_com) by extension 'colcon_meta'
[0.140s] Level 1:colcon.colcon_core.package_identification:_identify(src/px4_ros_com) by extensions ['ros']
[0.140s] Level 1:colcon.colcon_core.package_identification:_identify(src/px4_ros_com) by extension 'ros'
[0.141s] DEBUG:colcon.colcon_core.package_identification:Package 'src/px4_ros_com' with type 'ros.ament_cmake' and name 'px4_ros_com'
[0.141s] Level 1:colcon.colcon_core.package_identification:_identify(src/uav_controller_pkg) by extensions ['ignore', 'ignore_ament_install']
[0.141s] Level 1:colcon.colcon_core.package_identification:_identify(src/uav_controller_pkg) by extension 'ignore'
[0.142s] Level 1:colcon.colcon_core.package_identification:_identify(src/uav_controller_pkg) by extension 'ignore_ament_install'
[0.142s] Level 1:colcon.colcon_core.package_identification:_identify(src/uav_controller_pkg) by extensions ['colcon_pkg']
[0.142s] Level 1:colcon.colcon_core.package_identification:_identify(src/uav_controller_pkg) by extension 'colcon_pkg'
[0.142s] Level 1:colcon.colcon_core.package_identification:_identify(src/uav_controller_pkg) by extensions ['colcon_meta']
[0.142s] Level 1:colcon.colcon_core.package_identification:_identify(src/uav_controller_pkg) by extension 'colcon_meta'
[0.142s] Level 1:colcon.colcon_core.package_identification:_identify(src/uav_controller_pkg) by extensions ['ros']
[0.142s] Level 1:colcon.colcon_core.package_identification:_identify(src/uav_controller_pkg) by extension 'ros'
[0.143s] DEBUG:colcon.colcon_core.package_identification:Package 'src/uav_controller_pkg' with type 'ros.ament_cmake' and name 'uav_controller_pkg'
[0.143s] Level 1:colcon.colcon_core.package_identification:_identify(src/ugv_ws) by extensions ['ignore', 'ignore_ament_install']
[0.143s] Level 1:colcon.colcon_core.package_identification:_identify(src/ugv_ws) by extension 'ignore'
[0.143s] Level 1:colcon.colcon_core.package_identification:_identify(src/ugv_ws) by extension 'ignore_ament_install'
[0.143s] Level 1:colcon.colcon_core.package_identification:_identify(src/ugv_ws) by extensions ['colcon_pkg']
[0.143s] Level 1:colcon.colcon_core.package_identification:_identify(src/ugv_ws) by extension 'colcon_pkg'
[0.143s] Level 1:colcon.colcon_core.package_identification:_identify(src/ugv_ws) by extensions ['colcon_meta']
[0.143s] Level 1:colcon.colcon_core.package_identification:_identify(src/ugv_ws) by extension 'colcon_meta'
[0.143s] Level 1:colcon.colcon_core.package_identification:_identify(src/ugv_ws) by extensions ['ros']
[0.143s] Level 1:colcon.colcon_core.package_identification:_identify(src/ugv_ws) by extension 'ros'
[0.143s] Level 1:colcon.colcon_core.package_identification:_identify(src/ugv_ws) by extensions ['cmake', 'python']
[0.143s] Level 1:colcon.colcon_core.package_identification:_identify(src/ugv_ws) by extension 'cmake'
[0.143s] Level 1:colcon.colcon_core.package_identification:_identify(src/ugv_ws) by extension 'python'
[0.143s] Level 1:colcon.colcon_core.package_identification:_identify(src/ugv_ws) by extensions ['python_setup_py']
[0.143s] Level 1:colcon.colcon_core.package_identification:_identify(src/ugv_ws) by extension 'python_setup_py'
[0.143s] Level 1:colcon.colcon_core.package_identification:_identify(src/ugv_ws/src) by extensions ['ignore', 'ignore_ament_install']
[0.143s] Level 1:colcon.colcon_core.package_identification:_identify(src/ugv_ws/src) by extension 'ignore'
[0.143s] Level 1:colcon.colcon_core.package_identification:_identify(src/ugv_ws/src) by extension 'ignore_ament_install'
[0.144s] Level 1:colcon.colcon_core.package_identification:_identify(src/ugv_ws/src) by extensions ['colcon_pkg']
[0.144s] Level 1:colcon.colcon_core.package_identification:_identify(src/ugv_ws/src) by extension 'colcon_pkg'
[0.144s] Level 1:colcon.colcon_core.package_identification:_identify(src/ugv_ws/src) by extensions ['colcon_meta']
[0.144s] Level 1:colcon.colcon_core.package_identification:_identify(src/ugv_ws/src) by extension 'colcon_meta'
[0.144s] Level 1:colcon.colcon_core.package_identification:_identify(src/ugv_ws/src) by extensions ['ros']
[0.144s] Level 1:colcon.colcon_core.package_identification:_identify(src/ugv_ws/src) by extension 'ros'
[0.144s] Level 1:colcon.colcon_core.package_identification:_identify(src/ugv_ws/src) by extensions ['cmake', 'python']
[0.144s] Level 1:colcon.colcon_core.package_identification:_identify(src/ugv_ws/src) by extension 'cmake'
[0.144s] Level 1:colcon.colcon_core.package_identification:_identify(src/ugv_ws/src) by extension 'python'
[0.144s] Level 1:colcon.colcon_core.package_identification:_identify(src/ugv_ws/src) by extensions ['python_setup_py']
[0.144s] Level 1:colcon.colcon_core.package_identification:_identify(src/ugv_ws/src) by extension 'python_setup_py'
[0.144s] Level 1:colcon.colcon_core.package_identification:_identify(src/ugv_ws/src/drone_takeoff_pub) by extensions ['ignore', 'ignore_ament_install']
[0.144s] Level 1:colcon.colcon_core.package_identification:_identify(src/ugv_ws/src/drone_takeoff_pub) by extension 'ignore'
[0.144s] Level 1:colcon.colcon_core.package_identification:_identify(src/ugv_ws/src/drone_takeoff_pub) by extension 'ignore_ament_install'
[0.144s] Level 1:colcon.colcon_core.package_identification:_identify(src/ugv_ws/src/drone_takeoff_pub) by extensions ['colcon_pkg']
[0.144s] Level 1:colcon.colcon_core.package_identification:_identify(src/ugv_ws/src/drone_takeoff_pub) by extension 'colcon_pkg'
[0.144s] Level 1:colcon.colcon_core.package_identification:_identify(src/ugv_ws/src/drone_takeoff_pub) by extensions ['colcon_meta']
[0.144s] Level 1:colcon.colcon_core.package_identification:_identify(src/ugv_ws/src/drone_takeoff_pub) by extension 'colcon_meta'
[0.144s] Level 1:colcon.colcon_core.package_identification:_identify(src/ugv_ws/src/drone_takeoff_pub) by extensions ['ros']
[0.144s] Level 1:colcon.colcon_core.package_identification:_identify(src/ugv_ws/src/drone_takeoff_pub) by extension 'ros'
[0.145s] DEBUG:colcon.colcon_core.package_identification:Package 'src/ugv_ws/src/drone_takeoff_pub' with type 'ros.ament_cmake' and name 'drone_takeoff_pub'
[0.145s] Level 1:colcon.colcon_core.package_identification:_identify(src/ugv_ws/src/gazebo_env_setup) by extensions ['ignore', 'ignore_ament_install']
[0.145s] Level 1:colcon.colcon_core.package_identification:_identify(src/ugv_ws/src/gazebo_env_setup) by extension 'ignore'
[0.145s] Level 1:colcon.colcon_core.package_identification:_identify(src/ugv_ws/src/gazebo_env_setup) by extension 'ignore_ament_install'
[0.145s] Level 1:colcon.colcon_core.package_identification:_identify(src/ugv_ws/src/gazebo_env_setup) by extensions ['colcon_pkg']
[0.145s] Level 1:colcon.colcon_core.package_identification:_identify(src/ugv_ws/src/gazebo_env_setup) by extension 'colcon_pkg'
[0.145s] Level 1:colcon.colcon_core.package_identification:_identify(src/ugv_ws/src/gazebo_env_setup) by extensions ['colcon_meta']
[0.145s] Level 1:colcon.colcon_core.package_identification:_identify(src/ugv_ws/src/gazebo_env_setup) by extension 'colcon_meta'
[0.145s] Level 1:colcon.colcon_core.package_identification:_identify(src/ugv_ws/src/gazebo_env_setup) by extensions ['ros']
[0.145s] Level 1:colcon.colcon_core.package_identification:_identify(src/ugv_ws/src/gazebo_env_setup) by extension 'ros'
[0.146s] DEBUG:colcon.colcon_core.package_identification:Package 'src/ugv_ws/src/gazebo_env_setup' with type 'ros.ament_cmake' and name 'gazebo_env_setup'
[0.146s] Level 1:colcon.colcon_core.package_identification:_identify(src/ugv_ws/src/ugv_controller) by extensions ['ignore', 'ignore_ament_install']
[0.146s] Level 1:colcon.colcon_core.package_identification:_identify(src/ugv_ws/src/ugv_controller) by extension 'ignore'
[0.146s] Level 1:colcon.colcon_core.package_identification:_identify(src/ugv_ws/src/ugv_controller) by extension 'ignore_ament_install'
[0.146s] Level 1:colcon.colcon_core.package_identification:_identify(src/ugv_ws/src/ugv_controller) by extensions ['colcon_pkg']
[0.146s] Level 1:colcon.colcon_core.package_identification:_identify(src/ugv_ws/src/ugv_controller) by extension 'colcon_pkg'
[0.146s] Level 1:colcon.colcon_core.package_identification:_identify(src/ugv_ws/src/ugv_controller) by extensions ['colcon_meta']
[0.146s] Level 1:colcon.colcon_core.package_identification:_identify(src/ugv_ws/src/ugv_controller) by extension 'colcon_meta'
[0.146s] Level 1:colcon.colcon_core.package_identification:_identify(src/ugv_ws/src/ugv_controller) by extensions ['ros']
[0.146s] Level 1:colcon.colcon_core.package_identification:_identify(src/ugv_ws/src/ugv_controller) by extension 'ros'
[0.147s] DEBUG:colcon.colcon_core.package_identification:Package 'src/ugv_ws/src/ugv_controller' with type 'ros.ament_cmake' and name 'ugv_controller'
[0.147s] Level 1:colcon.colcon_core.package_identification:_identify(src/utilities_pkg) by extensions ['ignore', 'ignore_ament_install']
[0.147s] Level 1:colcon.colcon_core.package_identification:_identify(src/utilities_pkg) by extension 'ignore'
[0.147s] Level 1:colcon.colcon_core.package_identification:_identify(src/utilities_pkg) by extension 'ignore_ament_install'
[0.147s] Level 1:colcon.colcon_core.package_identification:_identify(src/utilities_pkg) by extensions ['colcon_pkg']
[0.147s] Level 1:colcon.colcon_core.package_identification:_identify(src/utilities_pkg) by extension 'colcon_pkg'
[0.147s] Level 1:colcon.colcon_core.package_identification:_identify(src/utilities_pkg) by extensions ['colcon_meta']
[0.147s] Level 1:colcon.colcon_core.package_identification:_identify(src/utilities_pkg) by extension 'colcon_meta'
[0.147s] Level 1:colcon.colcon_core.package_identification:_identify(src/utilities_pkg) by extensions ['ros']
[0.148s] Level 1:colcon.colcon_core.package_identification:_identify(src/utilities_pkg) by extension 'ros'
[0.148s] DEBUG:colcon.colcon_core.package_identification:Package 'src/utilities_pkg' with type 'ros.ament_cmake' and name 'utilities_pkg'
[0.148s] Level 1:colcon.colcon_core.package_identification:_identify(src/ws_aruco) by extensions ['ignore', 'ignore_ament_install']
[0.148s] Level 1:colcon.colcon_core.package_identification:_identify(src/ws_aruco) by extension 'ignore'
[0.148s] Level 1:colcon.colcon_core.package_identification:_identify(src/ws_aruco) by extension 'ignore_ament_install'
[0.148s] Level 1:colcon.colcon_core.package_identification:_identify(src/ws_aruco) by extensions ['colcon_pkg']
[0.148s] Level 1:colcon.colcon_core.package_identification:_identify(src/ws_aruco) by extension 'colcon_pkg'
[0.148s] Level 1:colcon.colcon_core.package_identification:_identify(src/ws_aruco) by extensions ['colcon_meta']
[0.149s] Level 1:colcon.colcon_core.package_identification:_identify(src/ws_aruco) by extension 'colcon_meta'
[0.149s] Level 1:colcon.colcon_core.package_identification:_identify(src/ws_aruco) by extensions ['ros']
[0.149s] Level 1:colcon.colcon_core.package_identification:_identify(src/ws_aruco) by extension 'ros'
[0.149s] Level 1:colcon.colcon_core.package_identification:_identify(src/ws_aruco) by extensions ['cmake', 'python']
[0.149s] Level 1:colcon.colcon_core.package_identification:_identify(src/ws_aruco) by extension 'cmake'
[0.149s] Level 1:colcon.colcon_core.package_identification:_identify(src/ws_aruco) by extension 'python'
[0.149s] Level 1:colcon.colcon_core.package_identification:_identify(src/ws_aruco) by extensions ['python_setup_py']
[0.149s] Level 1:colcon.colcon_core.package_identification:_identify(src/ws_aruco) by extension 'python_setup_py'
[0.149s] Level 1:colcon.colcon_core.package_identification:_identify(src/ws_aruco/src) by extensions ['ignore', 'ignore_ament_install']
[0.149s] Level 1:colcon.colcon_core.package_identification:_identify(src/ws_aruco/src) by extension 'ignore'
[0.149s] Level 1:colcon.colcon_core.package_identification:_identify(src/ws_aruco/src) by extension 'ignore_ament_install'
[0.149s] Level 1:colcon.colcon_core.package_identification:_identify(src/ws_aruco/src) by extensions ['colcon_pkg']
[0.149s] Level 1:colcon.colcon_core.package_identification:_identify(src/ws_aruco/src) by extension 'colcon_pkg'
[0.149s] Level 1:colcon.colcon_core.package_identification:_identify(src/ws_aruco/src) by extensions ['colcon_meta']
[0.149s] Level 1:colcon.colcon_core.package_identification:_identify(src/ws_aruco/src) by extension 'colcon_meta'
[0.149s] Level 1:colcon.colcon_core.package_identification:_identify(src/ws_aruco/src) by extensions ['ros']
[0.149s] Level 1:colcon.colcon_core.package_identification:_identify(src/ws_aruco/src) by extension 'ros'
[0.149s] Level 1:colcon.colcon_core.package_identification:_identify(src/ws_aruco/src) by extensions ['cmake', 'python']
[0.149s] Level 1:colcon.colcon_core.package_identification:_identify(src/ws_aruco/src) by extension 'cmake'
[0.149s] Level 1:colcon.colcon_core.package_identification:_identify(src/ws_aruco/src) by extension 'python'
[0.149s] Level 1:colcon.colcon_core.package_identification:_identify(src/ws_aruco/src) by extensions ['python_setup_py']
[0.149s] Level 1:colcon.colcon_core.package_identification:_identify(src/ws_aruco/src) by extension 'python_setup_py'
[0.149s] Level 1:colcon.colcon_core.package_identification:_identify(src/ws_aruco/src/aruco_interfaces) by extensions ['ignore', 'ignore_ament_install']
[0.149s] Level 1:colcon.colcon_core.package_identification:_identify(src/ws_aruco/src/aruco_interfaces) by extension 'ignore'
[0.149s] Level 1:colcon.colcon_core.package_identification:_identify(src/ws_aruco/src/aruco_interfaces) by extension 'ignore_ament_install'
[0.150s] Level 1:colcon.colcon_core.package_identification:_identify(src/ws_aruco/src/aruco_interfaces) by extensions ['colcon_pkg']
[0.150s] Level 1:colcon.colcon_core.package_identification:_identify(src/ws_aruco/src/aruco_interfaces) by extension 'colcon_pkg'
[0.150s] Level 1:colcon.colcon_core.package_identification:_identify(src/ws_aruco/src/aruco_interfaces) by extensions ['colcon_meta']
[0.150s] Level 1:colcon.colcon_core.package_identification:_identify(src/ws_aruco/src/aruco_interfaces) by extension 'colcon_meta'
[0.150s] Level 1:colcon.colcon_core.package_identification:_identify(src/ws_aruco/src/aruco_interfaces) by extensions ['ros']
[0.150s] Level 1:colcon.colcon_core.package_identification:_identify(src/ws_aruco/src/aruco_interfaces) by extension 'ros'
[0.150s] DEBUG:colcon.colcon_core.package_identification:Package 'src/ws_aruco/src/aruco_interfaces' with type 'ros.ament_cmake' and name 'aruco_interfaces'
[0.150s] Level 1:colcon.colcon_core.package_identification:_identify(src/ws_aruco/src/multi_tracker) by extensions ['ignore', 'ignore_ament_install']
[0.150s] Level 1:colcon.colcon_core.package_identification:_identify(src/ws_aruco/src/multi_tracker) by extension 'ignore'
[0.150s] Level 1:colcon.colcon_core.package_identification:_identify(src/ws_aruco/src/multi_tracker) by extension 'ignore_ament_install'
[0.150s] Level 1:colcon.colcon_core.package_identification:_identify(src/ws_aruco/src/multi_tracker) by extensions ['colcon_pkg']
[0.151s] Level 1:colcon.colcon_core.package_identification:_identify(src/ws_aruco/src/multi_tracker) by extension 'colcon_pkg'
[0.151s] Level 1:colcon.colcon_core.package_identification:_identify(src/ws_aruco/src/multi_tracker) by extensions ['colcon_meta']
[0.151s] Level 1:colcon.colcon_core.package_identification:_identify(src/ws_aruco/src/multi_tracker) by extension 'colcon_meta'
[0.151s] Level 1:colcon.colcon_core.package_identification:_identify(src/ws_aruco/src/multi_tracker) by extensions ['ros']
[0.151s] Level 1:colcon.colcon_core.package_identification:_identify(src/ws_aruco/src/multi_tracker) by extension 'ros'
[0.152s] DEBUG:colcon.colcon_core.package_identification:Package 'src/ws_aruco/src/multi_tracker' with type 'ros.ament_cmake' and name 'multi_tracker'
[0.152s] Level 1:colcon.colcon_core.package_identification:_identify(src/ws_aruco/src/vision_opencv) by extensions ['ignore', 'ignore_ament_install']
[0.152s] Level 1:colcon.colcon_core.package_identification:_identify(src/ws_aruco/src/vision_opencv) by extension 'ignore'
[0.152s] Level 1:colcon.colcon_core.package_identification:_identify(src/ws_aruco/src/vision_opencv) by extension 'ignore_ament_install'
[0.152s] Level 1:colcon.colcon_core.package_identification:_identify(src/ws_aruco/src/vision_opencv) by extensions ['colcon_pkg']
[0.152s] Level 1:colcon.colcon_core.package_identification:_identify(src/ws_aruco/src/vision_opencv) by extension 'colcon_pkg'
[0.152s] Level 1:colcon.colcon_core.package_identification:_identify(src/ws_aruco/src/vision_opencv) by extensions ['colcon_meta']
[0.152s] Level 1:colcon.colcon_core.package_identification:_identify(src/ws_aruco/src/vision_opencv) by extension 'colcon_meta'
[0.152s] Level 1:colcon.colcon_core.package_identification:_identify(src/ws_aruco/src/vision_opencv) by extensions ['ros']
[0.152s] Level 1:colcon.colcon_core.package_identification:_identify(src/ws_aruco/src/vision_opencv) by extension 'ros'
[0.152s] Level 1:colcon.colcon_core.package_identification:_identify(src/ws_aruco/src/vision_opencv) by extensions ['cmake', 'python']
[0.152s] Level 1:colcon.colcon_core.package_identification:_identify(src/ws_aruco/src/vision_opencv) by extension 'cmake'
[0.152s] Level 1:colcon.colcon_core.package_identification:_identify(src/ws_aruco/src/vision_opencv) by extension 'python'
[0.152s] Level 1:colcon.colcon_core.package_identification:_identify(src/ws_aruco/src/vision_opencv) by extensions ['python_setup_py']
[0.152s] Level 1:colcon.colcon_core.package_identification:_identify(src/ws_aruco/src/vision_opencv) by extension 'python_setup_py'
[0.152s] Level 1:colcon.colcon_core.package_identification:_identify(src/ws_aruco/src/vision_opencv/cv_bridge) by extensions ['ignore', 'ignore_ament_install']
[0.152s] Level 1:colcon.colcon_core.package_identification:_identify(src/ws_aruco/src/vision_opencv/cv_bridge) by extension 'ignore'
[0.152s] Level 1:colcon.colcon_core.package_identification:_identify(src/ws_aruco/src/vision_opencv/cv_bridge) by extension 'ignore_ament_install'
[0.152s] Level 1:colcon.colcon_core.package_identification:_identify(src/ws_aruco/src/vision_opencv/cv_bridge) by extensions ['colcon_pkg']
[0.152s] Level 1:colcon.colcon_core.package_identification:_identify(src/ws_aruco/src/vision_opencv/cv_bridge) by extension 'colcon_pkg'
[0.152s] Level 1:colcon.colcon_core.package_identification:_identify(src/ws_aruco/src/vision_opencv/cv_bridge) by extensions ['colcon_meta']
[0.153s] Level 1:colcon.colcon_core.package_identification:_identify(src/ws_aruco/src/vision_opencv/cv_bridge) by extension 'colcon_meta'
[0.153s] Level 1:colcon.colcon_core.package_identification:_identify(src/ws_aruco/src/vision_opencv/cv_bridge) by extensions ['ros']
[0.153s] Level 1:colcon.colcon_core.package_identification:_identify(src/ws_aruco/src/vision_opencv/cv_bridge) by extension 'ros'
[0.153s] DEBUG:colcon.colcon_core.package_identification:Package 'src/ws_aruco/src/vision_opencv/cv_bridge' with type 'ros.ament_cmake' and name 'cv_bridge'
[0.153s] Level 1:colcon.colcon_core.package_identification:_identify(src/ws_aruco/src/vision_opencv/image_geometry) by extensions ['ignore', 'ignore_ament_install']
[0.153s] Level 1:colcon.colcon_core.package_identification:_identify(src/ws_aruco/src/vision_opencv/image_geometry) by extension 'ignore'
[0.153s] Level 1:colcon.colcon_core.package_identification:_identify(src/ws_aruco/src/vision_opencv/image_geometry) by extension 'ignore_ament_install'
[0.154s] Level 1:colcon.colcon_core.package_identification:_identify(src/ws_aruco/src/vision_opencv/image_geometry) by extensions ['colcon_pkg']
[0.154s] Level 1:colcon.colcon_core.package_identification:_identify(src/ws_aruco/src/vision_opencv/image_geometry) by extension 'colcon_pkg'
[0.154s] Level 1:colcon.colcon_core.package_identification:_identify(src/ws_aruco/src/vision_opencv/image_geometry) by extensions ['colcon_meta']
[0.154s] Level 1:colcon.colcon_core.package_identification:_identify(src/ws_aruco/src/vision_opencv/image_geometry) by extension 'colcon_meta'
[0.154s] Level 1:colcon.colcon_core.package_identification:_identify(src/ws_aruco/src/vision_opencv/image_geometry) by extensions ['ros']
[0.154s] Level 1:colcon.colcon_core.package_identification:_identify(src/ws_aruco/src/vision_opencv/image_geometry) by extension 'ros'
[0.155s] DEBUG:colcon.colcon_core.package_identification:Package 'src/ws_aruco/src/vision_opencv/image_geometry' with type 'ros.ament_cmake' and name 'image_geometry'
[0.155s] Level 1:colcon.colcon_core.package_identification:_identify(src/ws_aruco/src/vision_opencv/opencv_tests) by extensions ['ignore', 'ignore_ament_install']
[0.155s] Level 1:colcon.colcon_core.package_identification:_identify(src/ws_aruco/src/vision_opencv/opencv_tests) by extension 'ignore'
[0.155s] Level 1:colcon.colcon_core.package_identification:_identify(src/ws_aruco/src/vision_opencv/opencv_tests) by extension 'ignore_ament_install'
[0.155s] Level 1:colcon.colcon_core.package_identification:_identify(src/ws_aruco/src/vision_opencv/opencv_tests) by extensions ['colcon_pkg']
[0.155s] Level 1:colcon.colcon_core.package_identification:_identify(src/ws_aruco/src/vision_opencv/opencv_tests) by extension 'colcon_pkg'
[0.155s] Level 1:colcon.colcon_core.package_identification:_identify(src/ws_aruco/src/vision_opencv/opencv_tests) by extensions ['colcon_meta']
[0.156s] Level 1:colcon.colcon_core.package_identification:_identify(src/ws_aruco/src/vision_opencv/opencv_tests) by extension 'colcon_meta'
[0.156s] Level 1:colcon.colcon_core.package_identification:_identify(src/ws_aruco/src/vision_opencv/opencv_tests) by extensions ['ros']
[0.156s] Level 1:colcon.colcon_core.package_identification:_identify(src/ws_aruco/src/vision_opencv/opencv_tests) by extension 'ros'
[0.156s] DEBUG:colcon.colcon_core.package_identification:Package 'src/ws_aruco/src/vision_opencv/opencv_tests' with type 'ros.ament_python' and name 'opencv_tests'
[0.156s] Level 1:colcon.colcon_core.package_identification:_identify(src/ws_aruco/src/vision_opencv/vision_opencv) by extensions ['ignore', 'ignore_ament_install']
[0.156s] Level 1:colcon.colcon_core.package_identification:_identify(src/ws_aruco/src/vision_opencv/vision_opencv) by extension 'ignore'
[0.156s] Level 1:colcon.colcon_core.package_identification:_identify(src/ws_aruco/src/vision_opencv/vision_opencv) by extension 'ignore_ament_install'
[0.156s] Level 1:colcon.colcon_core.package_identification:_identify(src/ws_aruco/src/vision_opencv/vision_opencv) by extensions ['colcon_pkg']
[0.156s] Level 1:colcon.colcon_core.package_identification:_identify(src/ws_aruco/src/vision_opencv/vision_opencv) by extension 'colcon_pkg'
[0.156s] Level 1:colcon.colcon_core.package_identification:_identify(src/ws_aruco/src/vision_opencv/vision_opencv) by extensions ['colcon_meta']
[0.156s] Level 1:colcon.colcon_core.package_identification:_identify(src/ws_aruco/src/vision_opencv/vision_opencv) by extension 'colcon_meta'
[0.156s] Level 1:colcon.colcon_core.package_identification:_identify(src/ws_aruco/src/vision_opencv/vision_opencv) by extensions ['ros']
[0.156s] Level 1:colcon.colcon_core.package_identification:_identify(src/ws_aruco/src/vision_opencv/vision_opencv) by extension 'ros'
[0.157s] DEBUG:colcon.colcon_core.package_identification:Package 'src/ws_aruco/src/vision_opencv/vision_opencv' with type 'ros.ament_cmake' and name 'vision_opencv'
[0.157s] Level 1:colcon.colcon_core.package_discovery:discover_packages(recursive) using defaults
[0.157s] Level 1:colcon.colcon_core.package_discovery:discover_packages(ignore) discover
[0.157s] Level 1:colcon.colcon_core.package_discovery:discover_packages(ignore) using defaults
[0.157s] Level 1:colcon.colcon_core.package_discovery:discover_packages(path) discover
[0.157s] Level 1:colcon.colcon_core.package_discovery:discover_packages(path) using defaults
[0.176s] INFO:colcon.colcon_core.package_selection:Skipping not selected package 'aruco_interfaces' in 'src/ws_aruco/src/aruco_interfaces'
[0.176s] INFO:colcon.colcon_core.package_selection:Skipping not selected package 'cv_bridge' in 'src/ws_aruco/src/vision_opencv/cv_bridge'
[0.176s] INFO:colcon.colcon_core.package_selection:Skipping not selected package 'drone_takeoff_pub' in 'src/ugv_ws/src/drone_takeoff_pub'
[0.176s] INFO:colcon.colcon_core.package_selection:Skipping not selected package 'gazebo_env_setup' in 'src/ugv_ws/src/gazebo_env_setup'
[0.176s] INFO:colcon.colcon_core.package_selection:Skipping not selected package 'image_geometry' in 'src/ws_aruco/src/vision_opencv/image_geometry'
[0.176s] INFO:colcon.colcon_core.package_selection:Skipping not selected package 'px4_msgs' in 'src/px4_msgs'
[0.176s] INFO:colcon.colcon_core.package_selection:Skipping not selected package 'ugv_controller' in 'src/ugv_ws/src/ugv_controller'
[0.176s] INFO:colcon.colcon_core.package_selection:Skipping not selected package 'multi_tracker' in 'src/ws_aruco/src/multi_tracker'
[0.176s] INFO:colcon.colcon_core.package_selection:Skipping not selected package 'opencv_tests' in 'src/ws_aruco/src/vision_opencv/opencv_tests'
[0.176s] INFO:colcon.colcon_core.package_selection:Skipping not selected package 'px4_ros_com' in 'src/px4_ros_com'
[0.177s] INFO:colcon.colcon_core.package_selection:Skipping not selected package 'utilities_pkg' in 'src/utilities_pkg'
[0.177s] INFO:colcon.colcon_core.package_selection:Skipping not selected package 'vision_opencv' in 'src/ws_aruco/src/vision_opencv/vision_opencv'
[0.177s] Level 1:colcon.colcon_core.package_discovery:discover_packages(prefix_path) check parameters
[0.177s] Level 1:colcon.colcon_core.package_discovery:discover_packages(prefix_path) discover
[0.179s] DEBUG:colcon.colcon_installed_package_information.package_discovery:Found 13 installed packages in /home/acdl1/competition_ws/ws_px4_controls/install
[0.180s] DEBUG:colcon.colcon_installed_package_information.package_discovery:Found 287 installed packages in /opt/ros/humble
[0.181s] Level 1:colcon.colcon_core.package_discovery:discover_packages(prefix_path) using defaults
[0.213s] Level 5:colcon.colcon_core.verb:set package 'uav_controller_pkg' build argument 'cmake_args' from command line to 'None'
[0.213s] Level 5:colcon.colcon_core.verb:set package 'uav_controller_pkg' build argument 'cmake_target' from command line to 'None'
[0.213s] Level 5:colcon.colcon_core.verb:set package 'uav_controller_pkg' build argument 'cmake_target_skip_unavailable' from command line to 'False'
[0.213s] Level 5:colcon.colcon_core.verb:set package 'uav_controller_pkg' build argument 'cmake_clean_cache' from command line to 'False'
[0.213s] Level 5:colcon.colcon_core.verb:set package 'uav_controller_pkg' build argument 'cmake_clean_first' from command line to 'False'
[0.213s] Level 5:colcon.colcon_core.verb:set package 'uav_controller_pkg' build argument 'cmake_force_configure' from command line to 'False'
[0.213s] Level 5:colcon.colcon_core.verb:set package 'uav_controller_pkg' build argument 'ament_cmake_args' from command line to 'None'
[0.213s] Level 5:colcon.colcon_core.verb:set package 'uav_controller_pkg' build argument 'catkin_cmake_args' from command line to 'None'
[0.213s] Level 5:colcon.colcon_core.verb:set package 'uav_controller_pkg' build argument 'catkin_skip_building_tests' from command line to 'False'
[0.213s] DEBUG:colcon.colcon_core.verb:Building package 'uav_controller_pkg' with the following arguments: {'ament_cmake_args': None, 'build_base': '/home/acdl1/competition_ws/ws_px4_controls/build/uav_controller_pkg', 'catkin_cmake_args': None, 'catkin_skip_building_tests': False, 'cmake_args': None, 'cmake_clean_cache': False, 'cmake_clean_first': False, 'cmake_force_configure': False, 'cmake_target': None, 'cmake_target_skip_unavailable': False, 'install_base': '/home/acdl1/competition_ws/ws_px4_controls/install/uav_controller_pkg', 'merge_install': False, 'path': '/home/acdl1/competition_ws/ws_px4_controls/src/uav_controller_pkg', 'symlink_install': False, 'test_result_base': None}
[0.214s] INFO:colcon.colcon_core.executor:Executing jobs using 'parallel' executor
[0.214s] DEBUG:colcon.colcon_parallel_executor.executor.parallel:run_until_complete
[0.215s] INFO:colcon.colcon_ros.task.ament_cmake.build:Building ROS package in '/home/acdl1/competition_ws/ws_px4_controls/src/uav_controller_pkg' with build type 'ament_cmake'
[0.215s] INFO:colcon.colcon_cmake.task.cmake.build:Building CMake package in '/home/acdl1/competition_ws/ws_px4_controls/src/uav_controller_pkg'
[0.217s] INFO:colcon.colcon_core.plugin_system:Skipping extension 'colcon_core.shell.bat': Not used on non-Windows systems
[0.217s] INFO:colcon.colcon_core.shell:Skip shell extension 'powershell' for command environment: Not usable outside of PowerShell
[0.217s] DEBUG:colcon.colcon_core.shell:Skip shell extension 'dsv' for command environment
[0.227s] DEBUG:colcon.colcon_core.event_handler.log_command:Invoking command in '/home/acdl1/competition_ws/ws_px4_controls/build/uav_controller_pkg': CMAKE_PREFIX_PATH=/home/acdl1/competition_ws/ws_px4_controls/install/px4_msgs:/home/acdl1/competition_ws/ws_px4_controls/install/aruco_interfaces:/home/acdl1/competition_ws/ws_px4_controls/install/vision_opencv:/home/acdl1/competition_ws/ws_px4_controls/install/utilities_pkg:/home/acdl1/competition_ws/ws_px4_controls/install/ugv_controller:/home/acdl1/competition_ws/ws_px4_controls/install/uav_controller_pkg:/home/acdl1/competition_ws/ws_px4_controls/install/px4_ros_com:/home/acdl1/competition_ws/ws_px4_controls/install/multi_tracker:/home/acdl1/competition_ws/ws_px4_controls/install/image_geometry:/home/acdl1/competition_ws/ws_px4_controls/install/gazebo_env_setup:/home/acdl1/competition_ws/ws_px4_controls/install/drone_takeoff_pub:/home/acdl1/competition_ws/ws_px4_controls/install/cv_bridge:/home/acdl1/competition_ws/ws_px4_controls/install/opencv_tests:/opt/ros/humble LD_LIBRARY_PATH=/home/acdl1/competition_ws/ws_px4_controls/install/px4_msgs/lib:/home/acdl1/competition_ws/ws_px4_controls/install/aruco_interfaces/lib:/home/acdl1/competition_ws/ws_px4_controls/install/px4_ros_com/lib:/home/acdl1/competition_ws/ws_px4_controls/install/image_geometry/lib:/home/acdl1/competition_ws/ws_px4_controls/install/cv_bridge/lib:/opt/ros/humble/opt/rviz_ogre_vendor/lib:/opt/ros/humble/lib/x86_64-linux-gnu:/opt/ros/humble/lib /usr/bin/cmake --build /home/acdl1/competition_ws/ws_px4_controls/build/uav_controller_pkg -- -j16 -l16
[16.963s] DEBUG:colcon.colcon_core.event_handler.log_command:Invoked command in '/home/acdl1/competition_ws/ws_px4_controls/build/uav_controller_pkg' returned '0': CMAKE_PREFIX_PATH=/home/acdl1/competition_ws/ws_px4_controls/install/px4_msgs:/home/acdl1/competition_ws/ws_px4_controls/install/aruco_interfaces:/home/acdl1/competition_ws/ws_px4_controls/install/vision_opencv:/home/acdl1/competition_ws/ws_px4_controls/install/utilities_pkg:/home/acdl1/competition_ws/ws_px4_controls/install/ugv_controller:/home/acdl1/competition_ws/ws_px4_controls/install/uav_controller_pkg:/home/acdl1/competition_ws/ws_px4_controls/install/px4_ros_com:/home/acdl1/competition_ws/ws_px4_controls/install/multi_tracker:/home/acdl1/competition_ws/ws_px4_controls/install/image_geometry:/home/acdl1/competition_ws/ws_px4_controls/install/gazebo_env_setup:/home/acdl1/competition_ws/ws_px4_controls/install/drone_takeoff_pub:/home/acdl1/competition_ws/ws_px4_controls/install/cv_bridge:/home/acdl1/competition_ws/ws_px4_controls/install/opencv_tests:/opt/ros/humble LD_LIBRARY_PATH=/home/acdl1/competition_ws/ws_px4_controls/install/px4_msgs/lib:/home/acdl1/competition_ws/ws_px4_controls/install/aruco_interfaces/lib:/home/acdl1/competition_ws/ws_px4_controls/install/px4_ros_com/lib:/home/acdl1/competition_ws/ws_px4_controls/install/image_geometry/lib:/home/acdl1/competition_ws/ws_px4_controls/install/cv_bridge/lib:/opt/ros/humble/opt/rviz_ogre_vendor/lib:/opt/ros/humble/lib/x86_64-linux-gnu:/opt/ros/humble/lib /usr/bin/cmake --build /home/acdl1/competition_ws/ws_px4_controls/build/uav_controller_pkg -- -j16 -l16
[16.970s] DEBUG:colcon.colcon_core.event_handler.log_command:Invoking command in '/home/acdl1/competition_ws/ws_px4_controls/build/uav_controller_pkg': CMAKE_PREFIX_PATH=/home/acdl1/competition_ws/ws_px4_controls/install/px4_msgs:/home/acdl1/competition_ws/ws_px4_controls/install/aruco_interfaces:/home/acdl1/competition_ws/ws_px4_controls/install/vision_opencv:/home/acdl1/competition_ws/ws_px4_controls/install/utilities_pkg:/home/acdl1/competition_ws/ws_px4_controls/install/ugv_controller:/home/acdl1/competition_ws/ws_px4_controls/install/uav_controller_pkg:/home/acdl1/competition_ws/ws_px4_controls/install/px4_ros_com:/home/acdl1/competition_ws/ws_px4_controls/install/multi_tracker:/home/acdl1/competition_ws/ws_px4_controls/install/image_geometry:/home/acdl1/competition_ws/ws_px4_controls/install/gazebo_env_setup:/home/acdl1/competition_ws/ws_px4_controls/install/drone_takeoff_pub:/home/acdl1/competition_ws/ws_px4_controls/install/cv_bridge:/home/acdl1/competition_ws/ws_px4_controls/install/opencv_tests:/opt/ros/humble LD_LIBRARY_PATH=/home/acdl1/competition_ws/ws_px4_controls/install/px4_msgs/lib:/home/acdl1/competition_ws/ws_px4_controls/install/aruco_interfaces/lib:/home/acdl1/competition_ws/ws_px4_controls/install/px4_ros_com/lib:/home/acdl1/competition_ws/ws_px4_controls/install/image_geometry/lib:/home/acdl1/competition_ws/ws_px4_controls/install/cv_bridge/lib:/opt/ros/humble/opt/rviz_ogre_vendor/lib:/opt/ros/humble/lib/x86_64-linux-gnu:/opt/ros/humble/lib /usr/bin/cmake --install /home/acdl1/competition_ws/ws_px4_controls/build/uav_controller_pkg
[17.002s] Level 1:colcon.colcon_core.environment:create_environment_scripts_only(uav_controller_pkg)
[17.002s] DEBUG:colcon.colcon_core.event_handler.log_command:Invoked command in '/home/acdl1/competition_ws/ws_px4_controls/build/uav_controller_pkg' returned '0': CMAKE_PREFIX_PATH=/home/acdl1/competition_ws/ws_px4_controls/install/px4_msgs:/home/acdl1/competition_ws/ws_px4_controls/install/aruco_interfaces:/home/acdl1/competition_ws/ws_px4_controls/install/vision_opencv:/home/acdl1/competition_ws/ws_px4_controls/install/utilities_pkg:/home/acdl1/competition_ws/ws_px4_controls/install/ugv_controller:/home/acdl1/competition_ws/ws_px4_controls/install/uav_controller_pkg:/home/acdl1/competition_ws/ws_px4_controls/install/px4_ros_com:/home/acdl1/competition_ws/ws_px4_controls/install/multi_tracker:/home/acdl1/competition_ws/ws_px4_controls/install/image_geometry:/home/acdl1/competition_ws/ws_px4_controls/install/gazebo_env_setup:/home/acdl1/competition_ws/ws_px4_controls/install/drone_takeoff_pub:/home/acdl1/competition_ws/ws_px4_controls/install/cv_bridge:/home/acdl1/competition_ws/ws_px4_controls/install/opencv_tests:/opt/ros/humble LD_LIBRARY_PATH=/home/acdl1/competition_ws/ws_px4_controls/install/px4_msgs/lib:/home/acdl1/competition_ws/ws_px4_controls/install/aruco_interfaces/lib:/home/acdl1/competition_ws/ws_px4_controls/install/px4_ros_com/lib:/home/acdl1/competition_ws/ws_px4_controls/install/image_geometry/lib:/home/acdl1/competition_ws/ws_px4_controls/install/cv_bridge/lib:/opt/ros/humble/opt/rviz_ogre_vendor/lib:/opt/ros/humble/lib/x86_64-linux-gnu:/opt/ros/humble/lib /usr/bin/cmake --install /home/acdl1/competition_ws/ws_px4_controls/build/uav_controller_pkg
[17.004s] Level 1:colcon.colcon_core.environment:checking '/home/acdl1/competition_ws/ws_px4_controls/install/uav_controller_pkg' for CMake module files
[17.004s] Level 1:colcon.colcon_core.environment:checking '/home/acdl1/competition_ws/ws_px4_controls/install/uav_controller_pkg' for CMake config files
[17.005s] Level 1:colcon.colcon_core.shell:create_environment_hook('uav_controller_pkg', 'cmake_prefix_path')
[17.005s] INFO:colcon.colcon_core.shell:Creating environment hook '/home/acdl1/competition_ws/ws_px4_controls/install/uav_controller_pkg/share/uav_controller_pkg/hook/cmake_prefix_path.ps1'
[17.005s] INFO:colcon.colcon_core.shell:Creating environment descriptor '/home/acdl1/competition_ws/ws_px4_controls/install/uav_controller_pkg/share/uav_controller_pkg/hook/cmake_prefix_path.dsv'
[17.006s] INFO:colcon.colcon_core.shell:Creating environment hook '/home/acdl1/competition_ws/ws_px4_controls/install/uav_controller_pkg/share/uav_controller_pkg/hook/cmake_prefix_path.sh'
[17.006s] Level 1:colcon.colcon_core.environment:checking '/home/acdl1/competition_ws/ws_px4_controls/install/uav_controller_pkg/lib'
[17.006s] Level 1:colcon.colcon_core.environment:checking '/home/acdl1/competition_ws/ws_px4_controls/install/uav_controller_pkg/bin'
[17.006s] Level 1:colcon.colcon_core.environment:checking '/home/acdl1/competition_ws/ws_px4_controls/install/uav_controller_pkg/lib/pkgconfig/uav_controller_pkg.pc'
[17.007s] Level 1:colcon.colcon_core.environment:checking '/home/acdl1/competition_ws/ws_px4_controls/install/uav_controller_pkg/lib/python3.10/site-packages'
[17.007s] Level 1:colcon.colcon_core.environment:checking '/home/acdl1/competition_ws/ws_px4_controls/install/uav_controller_pkg/bin'
[17.007s] INFO:colcon.colcon_core.shell:Creating package script '/home/acdl1/competition_ws/ws_px4_controls/install/uav_controller_pkg/share/uav_controller_pkg/package.ps1'
[17.008s] INFO:colcon.colcon_core.shell:Creating package descriptor '/home/acdl1/competition_ws/ws_px4_controls/install/uav_controller_pkg/share/uav_controller_pkg/package.dsv'
[17.008s] INFO:colcon.colcon_core.shell:Creating package script '/home/acdl1/competition_ws/ws_px4_controls/install/uav_controller_pkg/share/uav_controller_pkg/package.sh'
[17.009s] INFO:colcon.colcon_core.shell:Creating package script '/home/acdl1/competition_ws/ws_px4_controls/install/uav_controller_pkg/share/uav_controller_pkg/package.bash'
[17.010s] INFO:colcon.colcon_core.shell:Creating package script '/home/acdl1/competition_ws/ws_px4_controls/install/uav_controller_pkg/share/uav_controller_pkg/package.zsh'
[17.010s] Level 1:colcon.colcon_core.environment:create_file_with_runtime_dependencies(/home/acdl1/competition_ws/ws_px4_controls/install/uav_controller_pkg/share/colcon-core/packages/uav_controller_pkg)
[17.011s] Level 1:colcon.colcon_core.environment:create_environment_scripts_only(uav_controller_pkg)
[17.011s] Level 1:colcon.colcon_core.environment:checking '/home/acdl1/competition_ws/ws_px4_controls/install/uav_controller_pkg' for CMake module files
[17.011s] Level 1:colcon.colcon_core.environment:checking '/home/acdl1/competition_ws/ws_px4_controls/install/uav_controller_pkg' for CMake config files
[17.011s] Level 1:colcon.colcon_core.shell:create_environment_hook('uav_controller_pkg', 'cmake_prefix_path')
[17.011s] INFO:colcon.colcon_core.shell:Creating environment hook '/home/acdl1/competition_ws/ws_px4_controls/install/uav_controller_pkg/share/uav_controller_pkg/hook/cmake_prefix_path.ps1'
[17.012s] INFO:colcon.colcon_core.shell:Creating environment descriptor '/home/acdl1/competition_ws/ws_px4_controls/install/uav_controller_pkg/share/uav_controller_pkg/hook/cmake_prefix_path.dsv'
[17.012s] INFO:colcon.colcon_core.shell:Creating environment hook '/home/acdl1/competition_ws/ws_px4_controls/install/uav_controller_pkg/share/uav_controller_pkg/hook/cmake_prefix_path.sh'
[17.012s] Level 1:colcon.colcon_core.environment:checking '/home/acdl1/competition_ws/ws_px4_controls/install/uav_controller_pkg/lib'
[17.013s] Level 1:colcon.colcon_core.environment:checking '/home/acdl1/competition_ws/ws_px4_controls/install/uav_controller_pkg/bin'
[17.013s] Level 1:colcon.colcon_core.environment:checking '/home/acdl1/competition_ws/ws_px4_controls/install/uav_controller_pkg/lib/pkgconfig/uav_controller_pkg.pc'
[17.013s] Level 1:colcon.colcon_core.environment:checking '/home/acdl1/competition_ws/ws_px4_controls/install/uav_controller_pkg/lib/python3.10/site-packages'
[17.013s] Level 1:colcon.colcon_core.environment:checking '/home/acdl1/competition_ws/ws_px4_controls/install/uav_controller_pkg/bin'
[17.013s] INFO:colcon.colcon_core.shell:Creating package script '/home/acdl1/competition_ws/ws_px4_controls/install/uav_controller_pkg/share/uav_controller_pkg/package.ps1'
[17.014s] INFO:colcon.colcon_core.shell:Creating package descriptor '/home/acdl1/competition_ws/ws_px4_controls/install/uav_controller_pkg/share/uav_controller_pkg/package.dsv'
[17.014s] INFO:colcon.colcon_core.shell:Creating package script '/home/acdl1/competition_ws/ws_px4_controls/install/uav_controller_pkg/share/uav_controller_pkg/package.sh'
[17.014s] INFO:colcon.colcon_core.shell:Creating package script '/home/acdl1/competition_ws/ws_px4_controls/install/uav_controller_pkg/share/uav_controller_pkg/package.bash'
[17.015s] INFO:colcon.colcon_core.shell:Creating package script '/home/acdl1/competition_ws/ws_px4_controls/install/uav_controller_pkg/share/uav_controller_pkg/package.zsh'
[17.015s] Level 1:colcon.colcon_core.environment:create_file_with_runtime_dependencies(/home/acdl1/competition_ws/ws_px4_controls/install/uav_controller_pkg/share/colcon-core/packages/uav_controller_pkg)
[17.015s] DEBUG:colcon.colcon_parallel_executor.executor.parallel:closing loop
[17.015s] DEBUG:colcon.colcon_parallel_executor.executor.parallel:loop closed
[17.015s] DEBUG:colcon.colcon_parallel_executor.executor.parallel:run_until_complete finished with '0'
[17.016s] DEBUG:colcon.colcon_core.event_reactor:joining thread
[17.019s] INFO:colcon.colcon_core.plugin_system:Skipping extension 'colcon_notification.desktop_notification.terminal_notifier': Not used on non-Darwin systems
[17.019s] INFO:colcon.colcon_core.plugin_system:Skipping extension 'colcon_notification.desktop_notification.win32': Not used on non-Windows systems
[17.019s] INFO:colcon.colcon_notification.desktop_notification:Sending desktop notification using 'notify2'
[17.033s] DEBUG:colcon.colcon_core.event_reactor:joined thread
[17.033s] INFO:colcon.colcon_core.shell:Creating prefix script '/home/acdl1/competition_ws/ws_px4_controls/install/local_setup.ps1'
[17.034s] INFO:colcon.colcon_core.shell:Creating prefix util module '/home/acdl1/competition_ws/ws_px4_controls/install/_local_setup_util_ps1.py'
[17.035s] INFO:colcon.colcon_core.shell:Creating prefix chain script '/home/acdl1/competition_ws/ws_px4_controls/install/setup.ps1'
[17.036s] INFO:colcon.colcon_core.shell:Creating prefix script '/home/acdl1/competition_ws/ws_px4_controls/install/local_setup.sh'
[17.036s] INFO:colcon.colcon_core.shell:Creating prefix util module '/home/acdl1/competition_ws/ws_px4_controls/install/_local_setup_util_sh.py'
[17.037s] INFO:colcon.colcon_core.shell:Creating prefix chain script '/home/acdl1/competition_ws/ws_px4_controls/install/setup.sh'
[17.038s] INFO:colcon.colcon_core.shell:Creating prefix script '/home/acdl1/competition_ws/ws_px4_controls/install/local_setup.bash'
[17.039s] INFO:colcon.colcon_core.shell:Creating prefix chain script '/home/acdl1/competition_ws/ws_px4_controls/install/setup.bash'
[17.040s] INFO:colcon.colcon_core.shell:Creating prefix script '/home/acdl1/competition_ws/ws_px4_controls/install/local_setup.zsh'
[17.040s] INFO:colcon.colcon_core.shell:Creating prefix chain script '/home/acdl1/competition_ws/ws_px4_controls/install/setup.zsh'
