[0.011s] Invoking command in '/home/jmj/pro_asp_ws/ws_px4_controls/build/px4_ros_com': CMAKE_PREFIX_PATH=/home/jmj/pro_asp_ws/ws_px4_controls/install/px4_msgs:/home/jmj/pro_asp_ws/ws_px4_controls/install/utilities_pkg:/home/jmj/pro_asp_ws/ws_px4_controls/install/uav_controller_pkg:/home/jmj/pro_asp_ws/ws_px4_controls/install/px4_ros_com:/home/jmj/pro_asp_ws/ws_px4_controls/install/multi_tracker:/home/jmj/pro_asp_ws/ws_px4_controls/install/aruco_interfaces:/opt/ros/humble LD_LIBRARY_PATH=/home/jmj/pro_asp_ws/ws_px4_controls/install/px4_msgs/lib:/home/jmj/pro_asp_ws/ws_px4_controls/install/px4_ros_com/lib:/home/jmj/pro_asp_ws/ws_px4_controls/install/aruco_interfaces/lib:/usr/local/cuda/lib64:/opt/ros/humble/opt/rviz_ogre_vendor/lib:/opt/ros/humble/lib/x86_64-linux-gnu:/opt/ros/humble/lib:/usr/local/cuda/lib64 /usr/bin/cmake --build /home/jmj/pro_asp_ws/ws_px4_controls/build/px4_ros_com -- -j20 -l20
[0.054s] [35m[1mConsolidate compiler generated dependencies of target offboard_control[0m
[0.067s] [ 12%] Built target frame_transforms
[0.067s] [ 25%] Built target sensor_combined_listener
[0.068s] [ 37%] Built target cli_pose_command
[0.068s] [ 62%] Built target offboard_control_srv
[0.068s] [ 62%] Built target vehicle_gps_position_listener
[0.070s] [ 75%] Built target debug_vect_advertiser
[0.070s] [ 75%] Built target ament_cmake_python_copy_px4_ros_com
[0.077s] [ 93%] [32mBuilding CXX object CMakeFiles/offboard_control.dir/src/examples/offboard/offboard_control.cpp.o[0m
[0.077s] [ 93%] Built target offboard_control_key
[0.239s] running egg_info
[0.241s] writing px4_ros_com.egg-info/PKG-INFO
[0.241s] writing dependency_links to px4_ros_com.egg-info/dependency_links.txt
[0.241s] writing top-level names to px4_ros_com.egg-info/top_level.txt
[0.244s] reading manifest file 'px4_ros_com.egg-info/SOURCES.txt'
[0.244s] writing manifest file 'px4_ros_com.egg-info/SOURCES.txt'
[0.274s] [ 93%] Built target ament_cmake_python_build_px4_ros_com_egg
[11.892s] [01m[K/home/jmj/pro_asp_ws/ws_px4_controls/src/px4_ros_com/src/examples/offboard/offboard_control.cpp:[m[K In member function ‘[01m[Kvoid OffboardControl::timer_callback()[m[K’:
[11.892s] [01m[K/home/jmj/pro_asp_ws/ws_px4_controls/src/px4_ros_com/src/examples/offboard/offboard_control.cpp:90:22:[m[K [01;35m[Kwarning: [m[Kvariable ‘[01m[KT_odom_to_map[m[K’ set but not used [[01;35m[K-Wunused-but-set-variable[m[K]
[11.892s]    90 |       tf2::Transform [01;35m[KT_odom_to_map[m[K = T_map_to_odom_.inverse(); // 브로드캐스터는 부모->자식을 보내므로, T_map_to_odom의 역변환을 보냅니다.
[11.892s]       |                      [01;35m[K^~~~~~~~~~~~~[m[K
[11.902s] [100%] [32m[1mLinking CXX executable offboard_control[0m
[12.602s] [100%] Built target offboard_control
[12.610s] Invoked command in '/home/jmj/pro_asp_ws/ws_px4_controls/build/px4_ros_com' returned '0': CMAKE_PREFIX_PATH=/home/jmj/pro_asp_ws/ws_px4_controls/install/px4_msgs:/home/jmj/pro_asp_ws/ws_px4_controls/install/utilities_pkg:/home/jmj/pro_asp_ws/ws_px4_controls/install/uav_controller_pkg:/home/jmj/pro_asp_ws/ws_px4_controls/install/px4_ros_com:/home/jmj/pro_asp_ws/ws_px4_controls/install/multi_tracker:/home/jmj/pro_asp_ws/ws_px4_controls/install/aruco_interfaces:/opt/ros/humble LD_LIBRARY_PATH=/home/jmj/pro_asp_ws/ws_px4_controls/install/px4_msgs/lib:/home/jmj/pro_asp_ws/ws_px4_controls/install/px4_ros_com/lib:/home/jmj/pro_asp_ws/ws_px4_controls/install/aruco_interfaces/lib:/usr/local/cuda/lib64:/opt/ros/humble/opt/rviz_ogre_vendor/lib:/opt/ros/humble/lib/x86_64-linux-gnu:/opt/ros/humble/lib:/usr/local/cuda/lib64 /usr/bin/cmake --build /home/jmj/pro_asp_ws/ws_px4_controls/build/px4_ros_com -- -j20 -l20
[12.617s] Invoking command in '/home/jmj/pro_asp_ws/ws_px4_controls/build/px4_ros_com': CMAKE_PREFIX_PATH=/home/jmj/pro_asp_ws/ws_px4_controls/install/px4_msgs:/home/jmj/pro_asp_ws/ws_px4_controls/install/utilities_pkg:/home/jmj/pro_asp_ws/ws_px4_controls/install/uav_controller_pkg:/home/jmj/pro_asp_ws/ws_px4_controls/install/px4_ros_com:/home/jmj/pro_asp_ws/ws_px4_controls/install/multi_tracker:/home/jmj/pro_asp_ws/ws_px4_controls/install/aruco_interfaces:/opt/ros/humble LD_LIBRARY_PATH=/home/jmj/pro_asp_ws/ws_px4_controls/install/px4_msgs/lib:/home/jmj/pro_asp_ws/ws_px4_controls/install/px4_ros_com/lib:/home/jmj/pro_asp_ws/ws_px4_controls/install/aruco_interfaces/lib:/usr/local/cuda/lib64:/opt/ros/humble/opt/rviz_ogre_vendor/lib:/opt/ros/humble/lib/x86_64-linux-gnu:/opt/ros/humble/lib:/usr/local/cuda/lib64 /usr/bin/cmake --install /home/jmj/pro_asp_ws/ws_px4_controls/build/px4_ros_com
[12.624s] -- Install configuration: ""
[12.624s] -- Up-to-date: /home/jmj/pro_asp_ws/ws_px4_controls/install/px4_ros_com/lib/px4_ros_com/sensor_combined_listener
[12.624s] -- Up-to-date: /home/jmj/pro_asp_ws/ws_px4_controls/install/px4_ros_com/lib/px4_ros_com/vehicle_gps_position_listener
[12.624s] -- Up-to-date: /home/jmj/pro_asp_ws/ws_px4_controls/install/px4_ros_com/lib/px4_ros_com/debug_vect_advertiser
[12.624s] -- Installing: /home/jmj/pro_asp_ws/ws_px4_controls/install/px4_ros_com/lib/px4_ros_com/offboard_control
[12.631s] -- Set runtime path of "/home/jmj/pro_asp_ws/ws_px4_controls/install/px4_ros_com/lib/px4_ros_com/offboard_control" to ""
[12.631s] -- Up-to-date: /home/jmj/pro_asp_ws/ws_px4_controls/install/px4_ros_com/lib/px4_ros_com/offboard_control_srv
[12.631s] -- Up-to-date: /home/jmj/pro_asp_ws/ws_px4_controls/install/px4_ros_com/lib/px4_ros_com/offboard_control_key
[12.631s] -- Up-to-date: /home/jmj/pro_asp_ws/ws_px4_controls/install/px4_ros_com/lib/px4_ros_com/cli_pose_command
[12.631s] -- Up-to-date: /home/jmj/pro_asp_ws/ws_px4_controls/install/px4_ros_com/share/px4_ros_com/environment/library_path.sh
[12.631s] -- Up-to-date: /home/jmj/pro_asp_ws/ws_px4_controls/install/px4_ros_com/share/px4_ros_com/environment/library_path.dsv
[12.632s] -- Up-to-date: /home/jmj/pro_asp_ws/ws_px4_controls/install/px4_ros_com/include/px4_ros_com
[12.632s] -- Up-to-date: /home/jmj/pro_asp_ws/ws_px4_controls/install/px4_ros_com/include/px4_ros_com/frame_transforms.h
[12.632s] -- Up-to-date: /home/jmj/pro_asp_ws/ws_px4_controls/install/px4_ros_com/lib/libframe_transforms.so
[12.632s] -- Up-to-date: /home/jmj/pro_asp_ws/ws_px4_controls/install/px4_ros_com/share/px4_ros_com//launch
[12.632s] -- Up-to-date: /home/jmj/pro_asp_ws/ws_px4_controls/install/px4_ros_com/share/px4_ros_com//launch/sensor_combined_listener.launch.py
[12.632s] -- Up-to-date: /home/jmj/pro_asp_ws/ws_px4_controls/install/px4_ros_com/share/px4_ros_com//launch/offboard_control_launch.yaml
[12.632s] -- Up-to-date: /home/jmj/pro_asp_ws/ws_px4_controls/install/px4_ros_com/share/px4_ros_com//test
[12.632s] -- Up-to-date: /home/jmj/pro_asp_ws/ws_px4_controls/install/px4_ros_com/share/px4_ros_com//test/test_input.py
[12.632s] -- Up-to-date: /home/jmj/pro_asp_ws/ws_px4_controls/install/px4_ros_com/share/px4_ros_com//test/__init__.py
[12.632s] -- Up-to-date: /home/jmj/pro_asp_ws/ws_px4_controls/install/px4_ros_com/share/px4_ros_com//test/test_output.py
[12.632s] -- Up-to-date: /home/jmj/pro_asp_ws/ws_px4_controls/install/px4_ros_com/share/px4_ros_com//test/pipeline_io_test.py
[12.632s] -- Up-to-date: /home/jmj/pro_asp_ws/ws_px4_controls/install/px4_ros_com/share/px4_ros_com/environment/pythonpath.sh
[12.632s] -- Up-to-date: /home/jmj/pro_asp_ws/ws_px4_controls/install/px4_ros_com/share/px4_ros_com/environment/pythonpath.dsv
[12.632s] -- Up-to-date: /home/jmj/pro_asp_ws/ws_px4_controls/install/px4_ros_com/local/lib/python3.10/dist-packages/px4_ros_com-0.1.0-py3.10.egg-info
[12.632s] -- Installing: /home/jmj/pro_asp_ws/ws_px4_controls/install/px4_ros_com/local/lib/python3.10/dist-packages/px4_ros_com-0.1.0-py3.10.egg-info/dependency_links.txt
[12.632s] -- Installing: /home/jmj/pro_asp_ws/ws_px4_controls/install/px4_ros_com/local/lib/python3.10/dist-packages/px4_ros_com-0.1.0-py3.10.egg-info/top_level.txt
[12.632s] -- Installing: /home/jmj/pro_asp_ws/ws_px4_controls/install/px4_ros_com/local/lib/python3.10/dist-packages/px4_ros_com-0.1.0-py3.10.egg-info/PKG-INFO
[12.632s] -- Installing: /home/jmj/pro_asp_ws/ws_px4_controls/install/px4_ros_com/local/lib/python3.10/dist-packages/px4_ros_com-0.1.0-py3.10.egg-info/SOURCES.txt
[12.632s] -- Up-to-date: /home/jmj/pro_asp_ws/ws_px4_controls/install/px4_ros_com/local/lib/python3.10/dist-packages/px4_ros_com
[12.632s] -- Up-to-date: /home/jmj/pro_asp_ws/ws_px4_controls/install/px4_ros_com/local/lib/python3.10/dist-packages/px4_ros_com/__init__.py
[12.632s] -- Up-to-date: /home/jmj/pro_asp_ws/ws_px4_controls/install/px4_ros_com/local/lib/python3.10/dist-packages/px4_ros_com/module_to_import.py
[12.653s] Listing '/home/jmj/pro_asp_ws/ws_px4_controls/install/px4_ros_com/local/lib/python3.10/dist-packages/px4_ros_com'...
[12.657s] -- Up-to-date: /home/jmj/pro_asp_ws/ws_px4_controls/install/px4_ros_com/lib/px4_ros_com/offboard_control.py
[12.657s] -- Up-to-date: /home/jmj/pro_asp_ws/ws_px4_controls/install/px4_ros_com/share/ament_index/resource_index/package_run_dependencies/px4_ros_com
[12.657s] -- Up-to-date: /home/jmj/pro_asp_ws/ws_px4_controls/install/px4_ros_com/share/ament_index/resource_index/parent_prefix_path/px4_ros_com
[12.657s] -- Up-to-date: /home/jmj/pro_asp_ws/ws_px4_controls/install/px4_ros_com/share/px4_ros_com/environment/ament_prefix_path.sh
[12.657s] -- Up-to-date: /home/jmj/pro_asp_ws/ws_px4_controls/install/px4_ros_com/share/px4_ros_com/environment/ament_prefix_path.dsv
[12.657s] -- Up-to-date: /home/jmj/pro_asp_ws/ws_px4_controls/install/px4_ros_com/share/px4_ros_com/environment/path.sh
[12.657s] -- Up-to-date: /home/jmj/pro_asp_ws/ws_px4_controls/install/px4_ros_com/share/px4_ros_com/environment/path.dsv
[12.658s] -- Up-to-date: /home/jmj/pro_asp_ws/ws_px4_controls/install/px4_ros_com/share/px4_ros_com/local_setup.bash
[12.658s] -- Up-to-date: /home/jmj/pro_asp_ws/ws_px4_controls/install/px4_ros_com/share/px4_ros_com/local_setup.sh
[12.658s] -- Up-to-date: /home/jmj/pro_asp_ws/ws_px4_controls/install/px4_ros_com/share/px4_ros_com/local_setup.zsh
[12.658s] -- Up-to-date: /home/jmj/pro_asp_ws/ws_px4_controls/install/px4_ros_com/share/px4_ros_com/local_setup.dsv
[12.658s] -- Installing: /home/jmj/pro_asp_ws/ws_px4_controls/install/px4_ros_com/share/px4_ros_com/package.dsv
[12.658s] -- Up-to-date: /home/jmj/pro_asp_ws/ws_px4_controls/install/px4_ros_com/share/ament_index/resource_index/packages/px4_ros_com
[12.658s] -- Up-to-date: /home/jmj/pro_asp_ws/ws_px4_controls/install/px4_ros_com/share/px4_ros_com/cmake/export_frame_transformsExport.cmake
[12.658s] -- Up-to-date: /home/jmj/pro_asp_ws/ws_px4_controls/install/px4_ros_com/share/px4_ros_com/cmake/export_frame_transformsExport-noconfig.cmake
[12.658s] -- Up-to-date: /home/jmj/pro_asp_ws/ws_px4_controls/install/px4_ros_com/share/px4_ros_com/cmake/ament_cmake_export_dependencies-extras.cmake
[12.658s] -- Up-to-date: /home/jmj/pro_asp_ws/ws_px4_controls/install/px4_ros_com/share/px4_ros_com/cmake/ament_cmake_export_targets-extras.cmake
[12.658s] -- Up-to-date: /home/jmj/pro_asp_ws/ws_px4_controls/install/px4_ros_com/share/px4_ros_com/cmake/ament_cmake_export_include_directories-extras.cmake
[12.658s] -- Up-to-date: /home/jmj/pro_asp_ws/ws_px4_controls/install/px4_ros_com/share/px4_ros_com/cmake/ament_cmake_export_libraries-extras.cmake
[12.658s] -- Up-to-date: /home/jmj/pro_asp_ws/ws_px4_controls/install/px4_ros_com/share/px4_ros_com/cmake/px4_ros_comConfig.cmake
[12.658s] -- Up-to-date: /home/jmj/pro_asp_ws/ws_px4_controls/install/px4_ros_com/share/px4_ros_com/cmake/px4_ros_comConfig-version.cmake
[12.658s] -- Up-to-date: /home/jmj/pro_asp_ws/ws_px4_controls/install/px4_ros_com/share/px4_ros_com/package.xml
[12.659s] Invoked command in '/home/jmj/pro_asp_ws/ws_px4_controls/build/px4_ros_com' returned '0': CMAKE_PREFIX_PATH=/home/jmj/pro_asp_ws/ws_px4_controls/install/px4_msgs:/home/jmj/pro_asp_ws/ws_px4_controls/install/utilities_pkg:/home/jmj/pro_asp_ws/ws_px4_controls/install/uav_controller_pkg:/home/jmj/pro_asp_ws/ws_px4_controls/install/px4_ros_com:/home/jmj/pro_asp_ws/ws_px4_controls/install/multi_tracker:/home/jmj/pro_asp_ws/ws_px4_controls/install/aruco_interfaces:/opt/ros/humble LD_LIBRARY_PATH=/home/jmj/pro_asp_ws/ws_px4_controls/install/px4_msgs/lib:/home/jmj/pro_asp_ws/ws_px4_controls/install/px4_ros_com/lib:/home/jmj/pro_asp_ws/ws_px4_controls/install/aruco_interfaces/lib:/usr/local/cuda/lib64:/opt/ros/humble/opt/rviz_ogre_vendor/lib:/opt/ros/humble/lib/x86_64-linux-gnu:/opt/ros/humble/lib:/usr/local/cuda/lib64 /usr/bin/cmake --install /home/jmj/pro_asp_ws/ws_px4_controls/build/px4_ros_com
