-- The C compiler identification is GNU 11.4.0
-- The CXX compiler identification is GNU 11.4.0
-- Detecting C compiler ABI info
-- Detecting C compiler ABI info - done
-- Check for working C compiler: /usr/lib/ccache/gcc - skipped
-- Detecting C compile features
-- Detecting C compile features - done
-- Detecting CXX compiler ABI info
-- Detecting CXX compiler ABI info - done
-- Check for working CXX compiler: /usr/lib/ccache/g++ - skipped
-- Detecting CXX compile features
-- Detecting CXX compile features - done
-- Found ament_cmake: 1.3.11 (/opt/ros/humble/share/ament_cmake/cmake)
-- Found Python3: /usr/bin/python3 (found version "3.10.12") found components: Interpreter 
-- Found std_msgs: 4.8.0 (/opt/ros/humble/share/std_msgs/cmake)
-- Found rosidl_generator_c: 3.1.6 (/opt/ros/humble/share/rosidl_generator_c/cmake)
-- Found rosidl_adapter: 3.1.6 (/opt/ros/humble/share/rosidl_adapter/cmake)
-- Found rosidl_generator_cpp: 3.1.6 (/opt/ros/humble/share/rosidl_generator_cpp/cmake)
-- Using all available rosidl_typesupport_c: rosidl_typesupport_fastrtps_c;rosidl_typesupport_introspection_c
-- Using all available rosidl_typesupport_cpp: rosidl_typesupport_fastrtps_cpp;rosidl_typesupport_introspection_cpp
-- Found geometry_msgs: 4.8.0 (/opt/ros/humble/share/geometry_msgs/cmake)
-- Found rosidl_default_generators: 1.2.0 (/opt/ros/humble/share/rosidl_default_generators/cmake)
-- Found ament_cmake_ros: 0.10.0 (/opt/ros/humble/share/ament_cmake_ros/cmake)
-- Using all available rosidl_typesupport_c: rosidl_typesupport_fastrtps_c;rosidl_typesupport_introspection_c
-- Using all available rosidl_typesupport_cpp: rosidl_typesupport_fastrtps_cpp;rosidl_typesupport_introspection_cpp
-- Found PythonInterp: /usr/bin/python3 (found suitable version "3.10.12", minimum required is "3.6") 
-- Found python_cmake_module: 0.10.0 (/opt/ros/humble/share/python_cmake_module/cmake)
-- Found PythonLibs: /usr/lib/x86_64-linux-gnu/libpython3.10.so (found suitable version "3.10.12", minimum required is "3.5") 
-- Using PYTHON_EXECUTABLE: /usr/bin/python3
-- Using PYTHON_INCLUDE_DIRS: /usr/include/python3.10
-- Using PYTHON_LIBRARIES: /usr/lib/x86_64-linux-gnu/libpython3.10.so
-- Found PythonExtra: .so  
-- Found ament_lint_auto: 0.12.12 (/opt/ros/humble/share/ament_lint_auto/cmake)
-- Added test 'lint_cmake' to check CMake code style
-- Added test 'xmllint' to check XML markup files
-- Configuring done
-- Generating done
-- Build files have been written to: /home/jmj/pro_asp_ws/ws_aruco/build/aruco_interfaces
[  3%] [34m[1mGenerating C code for ROS interfaces[0m
[  6%] [34m[1mGenerating C++ code for ROS interfaces[0m
[  6%] Built target ament_cmake_python_copy_aruco_interfaces
[  6%] Built target aruco_interfaces__cpp
[ 12%] [34m[1mGenerating C++ introspection for ROS interfaces[0m
[ 12%] [34m[1mGenerating C++ type support for eProsima Fast-RTPS[0m
[ 16%] [34m[1mGenerating C++ type support dispatch for ROS interfaces[0m
[ 19%] [32mBuilding C object CMakeFiles/aruco_interfaces__rosidl_generator_c.dir/rosidl_generator_c/aruco_interfaces/msg/detail/marker_pose_id__functions.c.o[0m
[ 22%] [32m[1mLinking C shared library libaruco_interfaces__rosidl_generator_c.so[0m
running egg_info
creating aruco_interfaces.egg-info
writing aruco_interfaces.egg-info/PKG-INFO
writing dependency_links to aruco_interfaces.egg-info/dependency_links.txt
writing top-level names to aruco_interfaces.egg-info/top_level.txt
writing manifest file 'aruco_interfaces.egg-info/SOURCES.txt'
reading manifest file 'aruco_interfaces.egg-info/SOURCES.txt'
writing manifest file 'aruco_interfaces.egg-info/SOURCES.txt'
[ 22%] Built target ament_cmake_python_build_aruco_interfaces_egg
[ 22%] Built target aruco_interfaces__rosidl_generator_c
[ 29%] [34m[1mGenerating C type support for eProsima Fast-RTPS[0m
[ 29%] [34m[1mGenerating C type support dispatch for ROS interfaces[0m
[ 32%] [34m[1mGenerating C introspection for ROS interfaces[0m
[ 35%] [32mBuilding CXX object CMakeFiles/aruco_interfaces__rosidl_typesupport_cpp.dir/rosidl_typesupport_cpp/aruco_interfaces/msg/marker_pose_id__type_support.cpp.o[0m
[ 38%] [32mBuilding CXX object CMakeFiles/aruco_interfaces__rosidl_typesupport_introspection_cpp.dir/rosidl_typesupport_introspection_cpp/aruco_interfaces/msg/detail/marker_pose_id__type_support.cpp.o[0m
[ 41%] [32mBuilding CXX object CMakeFiles/aruco_interfaces__rosidl_typesupport_fastrtps_cpp.dir/rosidl_typesupport_fastrtps_cpp/aruco_interfaces/msg/detail/dds_fastrtps/marker_pose_id__type_support.cpp.o[0m
[ 45%] [32m[1mLinking CXX shared library libaruco_interfaces__rosidl_typesupport_cpp.so[0m
[ 48%] [32mBuilding CXX object CMakeFiles/aruco_interfaces__rosidl_typesupport_c.dir/rosidl_typesupport_c/aruco_interfaces/msg/marker_pose_id__type_support.cpp.o[0m
[ 51%] [32m[1mLinking CXX shared library libaruco_interfaces__rosidl_typesupport_introspection_cpp.so[0m
[ 54%] [32m[1mLinking CXX shared library libaruco_interfaces__rosidl_typesupport_fastrtps_cpp.so[0m
[ 58%] [32mBuilding C object CMakeFiles/aruco_interfaces__rosidl_typesupport_introspection_c.dir/rosidl_typesupport_introspection_c/aruco_interfaces/msg/detail/marker_pose_id__type_support.c.o[0m
[ 61%] [32m[1mLinking CXX shared library libaruco_interfaces__rosidl_typesupport_c.so[0m
[ 61%] Built target aruco_interfaces__rosidl_typesupport_cpp
[ 64%] [32mBuilding CXX object CMakeFiles/aruco_interfaces__rosidl_typesupport_fastrtps_c.dir/rosidl_typesupport_fastrtps_c/aruco_interfaces/msg/detail/marker_pose_id__type_support_c.cpp.o[0m
[ 67%] [32m[1mLinking C shared library libaruco_interfaces__rosidl_typesupport_introspection_c.so[0m
[ 67%] Built target aruco_interfaces__rosidl_typesupport_c
[ 67%] Built target aruco_interfaces__rosidl_typesupport_introspection_cpp
[ 67%] Built target aruco_interfaces__rosidl_typesupport_introspection_c
[ 70%] [32m[1mLinking CXX shared library libaruco_interfaces__rosidl_typesupport_fastrtps_c.so[0m
[ 70%] Built target aruco_interfaces__rosidl_typesupport_fastrtps_cpp
[ 70%] Built target aruco_interfaces__rosidl_typesupport_fastrtps_c
[ 70%] Built target aruco_interfaces
[ 74%] [34m[1mGenerating Python code for ROS interfaces[0m
[ 74%] Built target aruco_interfaces__py
[ 77%] [32mBuilding C object CMakeFiles/aruco_interfaces__rosidl_generator_py.dir/rosidl_generator_py/aruco_interfaces/msg/_marker_pose_id_s.c.o[0m
[ 80%] [32m[1mLinking C shared library rosidl_generator_py/aruco_interfaces/libaruco_interfaces__rosidl_generator_py.so[0m
[ 80%] Built target aruco_interfaces__rosidl_generator_py
[ 87%] [32mBuilding C object CMakeFiles/aruco_interfaces__rosidl_typesupport_fastrtps_c__pyext.dir/rosidl_generator_py/aruco_interfaces/_aruco_interfaces_s.ep.rosidl_typesupport_fastrtps_c.c.o[0m
[ 87%] [32mBuilding C object CMakeFiles/aruco_interfaces__rosidl_typesupport_introspection_c__pyext.dir/rosidl_generator_py/aruco_interfaces/_aruco_interfaces_s.ep.rosidl_typesupport_introspection_c.c.o[0m
[ 90%] [32mBuilding C object CMakeFiles/aruco_interfaces__rosidl_typesupport_c__pyext.dir/rosidl_generator_py/aruco_interfaces/_aruco_interfaces_s.ep.rosidl_typesupport_c.c.o[0m
[100%] [32m[1mLinking C shared library rosidl_generator_py/aruco_interfaces/aruco_interfaces_s__rosidl_typesupport_c.cpython-310-x86_64-linux-gnu.so[0m
[100%] [32m[1mLinking C shared library rosidl_generator_py/aruco_interfaces/aruco_interfaces_s__rosidl_typesupport_fastrtps_c.cpython-310-x86_64-linux-gnu.so[0m
[100%] [32m[1mLinking C shared library rosidl_generator_py/aruco_interfaces/aruco_interfaces_s__rosidl_typesupport_introspection_c.cpython-310-x86_64-linux-gnu.so[0m
[100%] Built target aruco_interfaces__rosidl_typesupport_c__pyext
[100%] Built target aruco_interfaces__rosidl_typesupport_introspection_c__pyext
[100%] Built target aruco_interfaces__rosidl_typesupport_fastrtps_c__pyext
-- Install configuration: ""
-- Installing: /home/jmj/pro_asp_ws/ws_aruco/install/aruco_interfaces/share/ament_index/resource_index/rosidl_interfaces/aruco_interfaces
-- Installing: /home/jmj/pro_asp_ws/ws_aruco/install/aruco_interfaces/include/aruco_interfaces/aruco_interfaces
-- Installing: /home/jmj/pro_asp_ws/ws_aruco/install/aruco_interfaces/include/aruco_interfaces/aruco_interfaces/msg
-- Installing: /home/jmj/pro_asp_ws/ws_aruco/install/aruco_interfaces/include/aruco_interfaces/aruco_interfaces/msg/rosidl_generator_c__visibility_control.h
-- Installing: /home/jmj/pro_asp_ws/ws_aruco/install/aruco_interfaces/include/aruco_interfaces/aruco_interfaces/msg/detail
-- Installing: /home/jmj/pro_asp_ws/ws_aruco/install/aruco_interfaces/include/aruco_interfaces/aruco_interfaces/msg/detail/marker_pose_id__type_support.h
-- Installing: /home/jmj/pro_asp_ws/ws_aruco/install/aruco_interfaces/include/aruco_interfaces/aruco_interfaces/msg/detail/marker_pose_id__functions.c
-- Installing: /home/jmj/pro_asp_ws/ws_aruco/install/aruco_interfaces/include/aruco_interfaces/aruco_interfaces/msg/detail/marker_pose_id__struct.h
-- Installing: /home/jmj/pro_asp_ws/ws_aruco/install/aruco_interfaces/include/aruco_interfaces/aruco_interfaces/msg/detail/marker_pose_id__functions.h
-- Installing: /home/jmj/pro_asp_ws/ws_aruco/install/aruco_interfaces/include/aruco_interfaces/aruco_interfaces/msg/marker_pose_id.h
-- Installing: /home/jmj/pro_asp_ws/ws_aruco/install/aruco_interfaces/share/aruco_interfaces/environment/library_path.sh
-- Installing: /home/jmj/pro_asp_ws/ws_aruco/install/aruco_interfaces/share/aruco_interfaces/environment/library_path.dsv
-- Installing: /home/jmj/pro_asp_ws/ws_aruco/install/aruco_interfaces/lib/libaruco_interfaces__rosidl_generator_c.so
-- Set runtime path of "/home/jmj/pro_asp_ws/ws_aruco/install/aruco_interfaces/lib/libaruco_interfaces__rosidl_generator_c.so" to ""
-- Up-to-date: /home/jmj/pro_asp_ws/ws_aruco/install/aruco_interfaces/include/aruco_interfaces/aruco_interfaces
-- Up-to-date: /home/jmj/pro_asp_ws/ws_aruco/install/aruco_interfaces/include/aruco_interfaces/aruco_interfaces/msg
-- Up-to-date: /home/jmj/pro_asp_ws/ws_aruco/install/aruco_interfaces/include/aruco_interfaces/aruco_interfaces/msg/detail
-- Installing: /home/jmj/pro_asp_ws/ws_aruco/install/aruco_interfaces/include/aruco_interfaces/aruco_interfaces/msg/detail/marker_pose_id__rosidl_typesupport_fastrtps_c.h
-- Installing: /home/jmj/pro_asp_ws/ws_aruco/install/aruco_interfaces/include/aruco_interfaces/aruco_interfaces/msg/rosidl_typesupport_fastrtps_c__visibility_control.h
-- Installing: /home/jmj/pro_asp_ws/ws_aruco/install/aruco_interfaces/lib/libaruco_interfaces__rosidl_typesupport_fastrtps_c.so
-- Set runtime path of "/home/jmj/pro_asp_ws/ws_aruco/install/aruco_interfaces/lib/libaruco_interfaces__rosidl_typesupport_fastrtps_c.so" to ""
-- Up-to-date: /home/jmj/pro_asp_ws/ws_aruco/install/aruco_interfaces/include/aruco_interfaces/aruco_interfaces
-- Up-to-date: /home/jmj/pro_asp_ws/ws_aruco/install/aruco_interfaces/include/aruco_interfaces/aruco_interfaces/msg
-- Up-to-date: /home/jmj/pro_asp_ws/ws_aruco/install/aruco_interfaces/include/aruco_interfaces/aruco_interfaces/msg/detail
-- Installing: /home/jmj/pro_asp_ws/ws_aruco/install/aruco_interfaces/include/aruco_interfaces/aruco_interfaces/msg/detail/marker_pose_id__struct.hpp
-- Installing: /home/jmj/pro_asp_ws/ws_aruco/install/aruco_interfaces/include/aruco_interfaces/aruco_interfaces/msg/detail/marker_pose_id__traits.hpp
-- Installing: /home/jmj/pro_asp_ws/ws_aruco/install/aruco_interfaces/include/aruco_interfaces/aruco_interfaces/msg/detail/marker_pose_id__type_support.hpp
-- Installing: /home/jmj/pro_asp_ws/ws_aruco/install/aruco_interfaces/include/aruco_interfaces/aruco_interfaces/msg/detail/marker_pose_id__builder.hpp
-- Installing: /home/jmj/pro_asp_ws/ws_aruco/install/aruco_interfaces/include/aruco_interfaces/aruco_interfaces/msg/marker_pose_id.hpp
-- Installing: /home/jmj/pro_asp_ws/ws_aruco/install/aruco_interfaces/include/aruco_interfaces/aruco_interfaces/msg/rosidl_generator_cpp__visibility_control.hpp
-- Up-to-date: /home/jmj/pro_asp_ws/ws_aruco/install/aruco_interfaces/include/aruco_interfaces/aruco_interfaces
-- Up-to-date: /home/jmj/pro_asp_ws/ws_aruco/install/aruco_interfaces/include/aruco_interfaces/aruco_interfaces/msg
-- Up-to-date: /home/jmj/pro_asp_ws/ws_aruco/install/aruco_interfaces/include/aruco_interfaces/aruco_interfaces/msg/detail
-- Installing: /home/jmj/pro_asp_ws/ws_aruco/install/aruco_interfaces/include/aruco_interfaces/aruco_interfaces/msg/detail/dds_fastrtps
-- Installing: /home/jmj/pro_asp_ws/ws_aruco/install/aruco_interfaces/include/aruco_interfaces/aruco_interfaces/msg/detail/marker_pose_id__rosidl_typesupport_fastrtps_cpp.hpp
-- Installing: /home/jmj/pro_asp_ws/ws_aruco/install/aruco_interfaces/include/aruco_interfaces/aruco_interfaces/msg/rosidl_typesupport_fastrtps_cpp__visibility_control.h
-- Installing: /home/jmj/pro_asp_ws/ws_aruco/install/aruco_interfaces/lib/libaruco_interfaces__rosidl_typesupport_fastrtps_cpp.so
-- Set runtime path of "/home/jmj/pro_asp_ws/ws_aruco/install/aruco_interfaces/lib/libaruco_interfaces__rosidl_typesupport_fastrtps_cpp.so" to ""
-- Up-to-date: /home/jmj/pro_asp_ws/ws_aruco/install/aruco_interfaces/include/aruco_interfaces/aruco_interfaces
-- Up-to-date: /home/jmj/pro_asp_ws/ws_aruco/install/aruco_interfaces/include/aruco_interfaces/aruco_interfaces/msg
-- Up-to-date: /home/jmj/pro_asp_ws/ws_aruco/install/aruco_interfaces/include/aruco_interfaces/aruco_interfaces/msg/detail
-- Installing: /home/jmj/pro_asp_ws/ws_aruco/install/aruco_interfaces/include/aruco_interfaces/aruco_interfaces/msg/detail/marker_pose_id__type_support.c
-- Installing: /home/jmj/pro_asp_ws/ws_aruco/install/aruco_interfaces/include/aruco_interfaces/aruco_interfaces/msg/detail/marker_pose_id__rosidl_typesupport_introspection_c.h
-- Installing: /home/jmj/pro_asp_ws/ws_aruco/install/aruco_interfaces/include/aruco_interfaces/aruco_interfaces/msg/rosidl_typesupport_introspection_c__visibility_control.h
-- Installing: /home/jmj/pro_asp_ws/ws_aruco/install/aruco_interfaces/lib/libaruco_interfaces__rosidl_typesupport_introspection_c.so
-- Set runtime path of "/home/jmj/pro_asp_ws/ws_aruco/install/aruco_interfaces/lib/libaruco_interfaces__rosidl_typesupport_introspection_c.so" to ""
-- Installing: /home/jmj/pro_asp_ws/ws_aruco/install/aruco_interfaces/lib/libaruco_interfaces__rosidl_typesupport_c.so
-- Set runtime path of "/home/jmj/pro_asp_ws/ws_aruco/install/aruco_interfaces/lib/libaruco_interfaces__rosidl_typesupport_c.so" to ""
-- Up-to-date: /home/jmj/pro_asp_ws/ws_aruco/install/aruco_interfaces/include/aruco_interfaces/aruco_interfaces
-- Up-to-date: /home/jmj/pro_asp_ws/ws_aruco/install/aruco_interfaces/include/aruco_interfaces/aruco_interfaces/msg
-- Up-to-date: /home/jmj/pro_asp_ws/ws_aruco/install/aruco_interfaces/include/aruco_interfaces/aruco_interfaces/msg/detail
-- Installing: /home/jmj/pro_asp_ws/ws_aruco/install/aruco_interfaces/include/aruco_interfaces/aruco_interfaces/msg/detail/marker_pose_id__type_support.cpp
-- Installing: /home/jmj/pro_asp_ws/ws_aruco/install/aruco_interfaces/include/aruco_interfaces/aruco_interfaces/msg/detail/marker_pose_id__rosidl_typesupport_introspection_cpp.hpp
-- Installing: /home/jmj/pro_asp_ws/ws_aruco/install/aruco_interfaces/lib/libaruco_interfaces__rosidl_typesupport_introspection_cpp.so
-- Set runtime path of "/home/jmj/pro_asp_ws/ws_aruco/install/aruco_interfaces/lib/libaruco_interfaces__rosidl_typesupport_introspection_cpp.so" to ""
-- Installing: /home/jmj/pro_asp_ws/ws_aruco/install/aruco_interfaces/lib/libaruco_interfaces__rosidl_typesupport_cpp.so
-- Set runtime path of "/home/jmj/pro_asp_ws/ws_aruco/install/aruco_interfaces/lib/libaruco_interfaces__rosidl_typesupport_cpp.so" to ""
-- Installing: /home/jmj/pro_asp_ws/ws_aruco/install/aruco_interfaces/share/aruco_interfaces/environment/pythonpath.sh
-- Installing: /home/jmj/pro_asp_ws/ws_aruco/install/aruco_interfaces/share/aruco_interfaces/environment/pythonpath.dsv
-- Installing: /home/jmj/pro_asp_ws/ws_aruco/install/aruco_interfaces/local/lib/python3.10/dist-packages/aruco_interfaces-0.0.0-py3.10.egg-info
-- Installing: /home/jmj/pro_asp_ws/ws_aruco/install/aruco_interfaces/local/lib/python3.10/dist-packages/aruco_interfaces-0.0.0-py3.10.egg-info/dependency_links.txt
-- Installing: /home/jmj/pro_asp_ws/ws_aruco/install/aruco_interfaces/local/lib/python3.10/dist-packages/aruco_interfaces-0.0.0-py3.10.egg-info/top_level.txt
-- Installing: /home/jmj/pro_asp_ws/ws_aruco/install/aruco_interfaces/local/lib/python3.10/dist-packages/aruco_interfaces-0.0.0-py3.10.egg-info/PKG-INFO
-- Installing: /home/jmj/pro_asp_ws/ws_aruco/install/aruco_interfaces/local/lib/python3.10/dist-packages/aruco_interfaces-0.0.0-py3.10.egg-info/SOURCES.txt
-- Installing: /home/jmj/pro_asp_ws/ws_aruco/install/aruco_interfaces/local/lib/python3.10/dist-packages/aruco_interfaces
-- Installing: /home/jmj/pro_asp_ws/ws_aruco/install/aruco_interfaces/local/lib/python3.10/dist-packages/aruco_interfaces/__init__.py
-- Installing: /home/jmj/pro_asp_ws/ws_aruco/install/aruco_interfaces/local/lib/python3.10/dist-packages/aruco_interfaces/aruco_interfaces_s__rosidl_typesupport_c.cpython-310-x86_64-linux-gnu.so
-- Installing: /home/jmj/pro_asp_ws/ws_aruco/install/aruco_interfaces/local/lib/python3.10/dist-packages/aruco_interfaces/aruco_interfaces_s__rosidl_typesupport_introspection_c.cpython-310-x86_64-linux-gnu.so
-- Installing: /home/jmj/pro_asp_ws/ws_aruco/install/aruco_interfaces/local/lib/python3.10/dist-packages/aruco_interfaces/libaruco_interfaces__rosidl_generator_py.so
-- Installing: /home/jmj/pro_asp_ws/ws_aruco/install/aruco_interfaces/local/lib/python3.10/dist-packages/aruco_interfaces/aruco_interfaces_s__rosidl_typesupport_fastrtps_c.cpython-310-x86_64-linux-gnu.so
-- Installing: /home/jmj/pro_asp_ws/ws_aruco/install/aruco_interfaces/local/lib/python3.10/dist-packages/aruco_interfaces/_aruco_interfaces_s.ep.rosidl_typesupport_c.c
-- Installing: /home/jmj/pro_asp_ws/ws_aruco/install/aruco_interfaces/local/lib/python3.10/dist-packages/aruco_interfaces/_aruco_interfaces_s.ep.rosidl_typesupport_introspection_c.c
-- Installing: /home/jmj/pro_asp_ws/ws_aruco/install/aruco_interfaces/local/lib/python3.10/dist-packages/aruco_interfaces/_aruco_interfaces_s.ep.rosidl_typesupport_fastrtps_c.c
-- Installing: /home/jmj/pro_asp_ws/ws_aruco/install/aruco_interfaces/local/lib/python3.10/dist-packages/aruco_interfaces/msg
-- Installing: /home/jmj/pro_asp_ws/ws_aruco/install/aruco_interfaces/local/lib/python3.10/dist-packages/aruco_interfaces/msg/__init__.py
-- Installing: /home/jmj/pro_asp_ws/ws_aruco/install/aruco_interfaces/local/lib/python3.10/dist-packages/aruco_interfaces/msg/_marker_pose_id.py
-- Installing: /home/jmj/pro_asp_ws/ws_aruco/install/aruco_interfaces/local/lib/python3.10/dist-packages/aruco_interfaces/msg/_marker_pose_id_s.c
Listing '/home/jmj/pro_asp_ws/ws_aruco/install/aruco_interfaces/local/lib/python3.10/dist-packages/aruco_interfaces'...
Compiling '/home/jmj/pro_asp_ws/ws_aruco/install/aruco_interfaces/local/lib/python3.10/dist-packages/aruco_interfaces/__init__.py'...
Listing '/home/jmj/pro_asp_ws/ws_aruco/install/aruco_interfaces/local/lib/python3.10/dist-packages/aruco_interfaces/msg'...
Compiling '/home/jmj/pro_asp_ws/ws_aruco/install/aruco_interfaces/local/lib/python3.10/dist-packages/aruco_interfaces/msg/__init__.py'...
Compiling '/home/jmj/pro_asp_ws/ws_aruco/install/aruco_interfaces/local/lib/python3.10/dist-packages/aruco_interfaces/msg/_marker_pose_id.py'...
-- Installing: /home/jmj/pro_asp_ws/ws_aruco/install/aruco_interfaces/local/lib/python3.10/dist-packages/aruco_interfaces/aruco_interfaces_s__rosidl_typesupport_fastrtps_c.cpython-310-x86_64-linux-gnu.so
-- Set runtime path of "/home/jmj/pro_asp_ws/ws_aruco/install/aruco_interfaces/local/lib/python3.10/dist-packages/aruco_interfaces/aruco_interfaces_s__rosidl_typesupport_fastrtps_c.cpython-310-x86_64-linux-gnu.so" to ""
-- Installing: /home/jmj/pro_asp_ws/ws_aruco/install/aruco_interfaces/local/lib/python3.10/dist-packages/aruco_interfaces/aruco_interfaces_s__rosidl_typesupport_introspection_c.cpython-310-x86_64-linux-gnu.so
-- Set runtime path of "/home/jmj/pro_asp_ws/ws_aruco/install/aruco_interfaces/local/lib/python3.10/dist-packages/aruco_interfaces/aruco_interfaces_s__rosidl_typesupport_introspection_c.cpython-310-x86_64-linux-gnu.so" to ""
-- Installing: /home/jmj/pro_asp_ws/ws_aruco/install/aruco_interfaces/local/lib/python3.10/dist-packages/aruco_interfaces/aruco_interfaces_s__rosidl_typesupport_c.cpython-310-x86_64-linux-gnu.so
-- Set runtime path of "/home/jmj/pro_asp_ws/ws_aruco/install/aruco_interfaces/local/lib/python3.10/dist-packages/aruco_interfaces/aruco_interfaces_s__rosidl_typesupport_c.cpython-310-x86_64-linux-gnu.so" to ""
-- Installing: /home/jmj/pro_asp_ws/ws_aruco/install/aruco_interfaces/lib/libaruco_interfaces__rosidl_generator_py.so
-- Set runtime path of "/home/jmj/pro_asp_ws/ws_aruco/install/aruco_interfaces/lib/libaruco_interfaces__rosidl_generator_py.so" to ""
-- Installing: /home/jmj/pro_asp_ws/ws_aruco/install/aruco_interfaces/share/aruco_interfaces/msg/MarkerPoseId.idl
-- Installing: /home/jmj/pro_asp_ws/ws_aruco/install/aruco_interfaces/share/aruco_interfaces/msg/MarkerPoseId.msg
-- Installing: /home/jmj/pro_asp_ws/ws_aruco/install/aruco_interfaces/share/ament_index/resource_index/package_run_dependencies/aruco_interfaces
-- Installing: /home/jmj/pro_asp_ws/ws_aruco/install/aruco_interfaces/share/ament_index/resource_index/parent_prefix_path/aruco_interfaces
-- Installing: /home/jmj/pro_asp_ws/ws_aruco/install/aruco_interfaces/share/aruco_interfaces/environment/ament_prefix_path.sh
-- Installing: /home/jmj/pro_asp_ws/ws_aruco/install/aruco_interfaces/share/aruco_interfaces/environment/ament_prefix_path.dsv
-- Installing: /home/jmj/pro_asp_ws/ws_aruco/install/aruco_interfaces/share/aruco_interfaces/environment/path.sh
-- Installing: /home/jmj/pro_asp_ws/ws_aruco/install/aruco_interfaces/share/aruco_interfaces/environment/path.dsv
-- Installing: /home/jmj/pro_asp_ws/ws_aruco/install/aruco_interfaces/share/aruco_interfaces/local_setup.bash
-- Installing: /home/jmj/pro_asp_ws/ws_aruco/install/aruco_interfaces/share/aruco_interfaces/local_setup.sh
-- Installing: /home/jmj/pro_asp_ws/ws_aruco/install/aruco_interfaces/share/aruco_interfaces/local_setup.zsh
-- Installing: /home/jmj/pro_asp_ws/ws_aruco/install/aruco_interfaces/share/aruco_interfaces/local_setup.dsv
-- Installing: /home/jmj/pro_asp_ws/ws_aruco/install/aruco_interfaces/share/aruco_interfaces/package.dsv
-- Installing: /home/jmj/pro_asp_ws/ws_aruco/install/aruco_interfaces/share/ament_index/resource_index/packages/aruco_interfaces
-- Installing: /home/jmj/pro_asp_ws/ws_aruco/install/aruco_interfaces/share/aruco_interfaces/cmake/export_aruco_interfaces__rosidl_generator_cExport.cmake
-- Installing: /home/jmj/pro_asp_ws/ws_aruco/install/aruco_interfaces/share/aruco_interfaces/cmake/export_aruco_interfaces__rosidl_generator_cExport-noconfig.cmake
-- Installing: /home/jmj/pro_asp_ws/ws_aruco/install/aruco_interfaces/share/aruco_interfaces/cmake/export_aruco_interfaces__rosidl_typesupport_fastrtps_cExport.cmake
-- Installing: /home/jmj/pro_asp_ws/ws_aruco/install/aruco_interfaces/share/aruco_interfaces/cmake/export_aruco_interfaces__rosidl_typesupport_fastrtps_cExport-noconfig.cmake
-- Installing: /home/jmj/pro_asp_ws/ws_aruco/install/aruco_interfaces/share/aruco_interfaces/cmake/export_aruco_interfaces__rosidl_generator_cppExport.cmake
-- Installing: /home/jmj/pro_asp_ws/ws_aruco/install/aruco_interfaces/share/aruco_interfaces/cmake/export_aruco_interfaces__rosidl_typesupport_fastrtps_cppExport.cmake
-- Installing: /home/jmj/pro_asp_ws/ws_aruco/install/aruco_interfaces/share/aruco_interfaces/cmake/export_aruco_interfaces__rosidl_typesupport_fastrtps_cppExport-noconfig.cmake
-- Installing: /home/jmj/pro_asp_ws/ws_aruco/install/aruco_interfaces/share/aruco_interfaces/cmake/aruco_interfaces__rosidl_typesupport_introspection_cExport.cmake
-- Installing: /home/jmj/pro_asp_ws/ws_aruco/install/aruco_interfaces/share/aruco_interfaces/cmake/aruco_interfaces__rosidl_typesupport_introspection_cExport-noconfig.cmake
-- Installing: /home/jmj/pro_asp_ws/ws_aruco/install/aruco_interfaces/share/aruco_interfaces/cmake/aruco_interfaces__rosidl_typesupport_cExport.cmake
-- Installing: /home/jmj/pro_asp_ws/ws_aruco/install/aruco_interfaces/share/aruco_interfaces/cmake/aruco_interfaces__rosidl_typesupport_cExport-noconfig.cmake
-- Installing: /home/jmj/pro_asp_ws/ws_aruco/install/aruco_interfaces/share/aruco_interfaces/cmake/aruco_interfaces__rosidl_typesupport_introspection_cppExport.cmake
-- Installing: /home/jmj/pro_asp_ws/ws_aruco/install/aruco_interfaces/share/aruco_interfaces/cmake/aruco_interfaces__rosidl_typesupport_introspection_cppExport-noconfig.cmake
-- Installing: /home/jmj/pro_asp_ws/ws_aruco/install/aruco_interfaces/share/aruco_interfaces/cmake/aruco_interfaces__rosidl_typesupport_cppExport.cmake
-- Installing: /home/jmj/pro_asp_ws/ws_aruco/install/aruco_interfaces/share/aruco_interfaces/cmake/aruco_interfaces__rosidl_typesupport_cppExport-noconfig.cmake
-- Installing: /home/jmj/pro_asp_ws/ws_aruco/install/aruco_interfaces/share/aruco_interfaces/cmake/export_aruco_interfaces__rosidl_generator_pyExport.cmake
-- Installing: /home/jmj/pro_asp_ws/ws_aruco/install/aruco_interfaces/share/aruco_interfaces/cmake/export_aruco_interfaces__rosidl_generator_pyExport-noconfig.cmake
-- Installing: /home/jmj/pro_asp_ws/ws_aruco/install/aruco_interfaces/share/aruco_interfaces/cmake/rosidl_cmake-extras.cmake
-- Installing: /home/jmj/pro_asp_ws/ws_aruco/install/aruco_interfaces/share/aruco_interfaces/cmake/ament_cmake_export_dependencies-extras.cmake
-- Installing: /home/jmj/pro_asp_ws/ws_aruco/install/aruco_interfaces/share/aruco_interfaces/cmake/ament_cmake_export_include_directories-extras.cmake
-- Installing: /home/jmj/pro_asp_ws/ws_aruco/install/aruco_interfaces/share/aruco_interfaces/cmake/ament_cmake_export_libraries-extras.cmake
-- Installing: /home/jmj/pro_asp_ws/ws_aruco/install/aruco_interfaces/share/aruco_interfaces/cmake/ament_cmake_export_targets-extras.cmake
-- Installing: /home/jmj/pro_asp_ws/ws_aruco/install/aruco_interfaces/share/aruco_interfaces/cmake/rosidl_cmake_export_typesupport_targets-extras.cmake
-- Installing: /home/jmj/pro_asp_ws/ws_aruco/install/aruco_interfaces/share/aruco_interfaces/cmake/rosidl_cmake_export_typesupport_libraries-extras.cmake
-- Installing: /home/jmj/pro_asp_ws/ws_aruco/install/aruco_interfaces/share/aruco_interfaces/cmake/aruco_interfacesConfig.cmake
-- Installing: /home/jmj/pro_asp_ws/ws_aruco/install/aruco_interfaces/share/aruco_interfaces/cmake/aruco_interfacesConfig-version.cmake
-- Installing: /home/jmj/pro_asp_ws/ws_aruco/install/aruco_interfaces/share/aruco_interfaces/package.xml
