[0.017s] Invoking command in '/home/jmj/pro_asp_ws/ws_px4_controls/build/aruco_interfaces': CMAKE_PREFIX_PATH=${CMAKE_PREFIX_PATH}:/home/jmj/pro_asp_ws/ws_px4_controls/install/opencv_tests:/opt/ros/humble /usr/bin/cmake --build /home/jmj/pro_asp_ws/ws_px4_controls/build/aruco_interfaces -- -j20 -l20
[0.054s] [  3%] Built target aruco_interfaces__cpp
[0.057s] [ 12%] Built target aruco_interfaces__rosidl_generator_c
[0.062s] [ 12%] Built target ament_cmake_python_copy_aruco_interfaces
[0.073s] [ 22%] Built target aruco_interfaces__rosidl_typesupport_cpp
[0.077s] [ 32%] Built target aruco_interfaces__rosidl_typesupport_introspection_cpp
[0.077s] [ 41%] Built target aruco_interfaces__rosidl_typesupport_fastrtps_cpp
[0.085s] [ 51%] Built target aruco_interfaces__rosidl_typesupport_c
[0.085s] [ 61%] Built target aruco_interfaces__rosidl_typesupport_introspection_c
[0.085s] [ 70%] Built target aruco_interfaces__rosidl_typesupport_fastrtps_c
[0.101s] [ 70%] Built target aruco_interfaces
[0.122s] [ 74%] Built target aruco_interfaces__py
[0.141s] [ 80%] Built target aruco_interfaces__rosidl_generator_py
[0.156s] [ 93%] Built target aruco_interfaces__rosidl_typesupport_c__pyext
[0.156s] [ 93%] Built target aruco_interfaces__rosidl_typesupport_introspection_c__pyext
[0.160s] [100%] Built target aruco_interfaces__rosidl_typesupport_fastrtps_c__pyext
[0.239s] running egg_info
[0.240s] writing aruco_interfaces.egg-info/PKG-INFO
[0.240s] writing dependency_links to aruco_interfaces.egg-info/dependency_links.txt
[0.240s] writing top-level names to aruco_interfaces.egg-info/top_level.txt
[0.242s] reading manifest file 'aruco_interfaces.egg-info/SOURCES.txt'
[0.242s] writing manifest file 'aruco_interfaces.egg-info/SOURCES.txt'
[0.262s] [100%] Built target ament_cmake_python_build_aruco_interfaces_egg
[0.269s] Invoked command in '/home/jmj/pro_asp_ws/ws_px4_controls/build/aruco_interfaces' returned '0': CMAKE_PREFIX_PATH=${CMAKE_PREFIX_PATH}:/home/jmj/pro_asp_ws/ws_px4_controls/install/opencv_tests:/opt/ros/humble /usr/bin/cmake --build /home/jmj/pro_asp_ws/ws_px4_controls/build/aruco_interfaces -- -j20 -l20
[0.269s] Invoking command in '/home/jmj/pro_asp_ws/ws_px4_controls/build/aruco_interfaces': CMAKE_PREFIX_PATH=${CMAKE_PREFIX_PATH}:/home/jmj/pro_asp_ws/ws_px4_controls/install/opencv_tests:/opt/ros/humble /usr/bin/cmake --install /home/jmj/pro_asp_ws/ws_px4_controls/build/aruco_interfaces
[0.275s] -- Install configuration: ""
[0.276s] -- Up-to-date: /home/jmj/pro_asp_ws/ws_px4_controls/install/aruco_interfaces/share/ament_index/resource_index/rosidl_interfaces/aruco_interfaces
[0.276s] -- Up-to-date: /home/jmj/pro_asp_ws/ws_px4_controls/install/aruco_interfaces/include/aruco_interfaces/aruco_interfaces
[0.276s] -- Up-to-date: /home/jmj/pro_asp_ws/ws_px4_controls/install/aruco_interfaces/include/aruco_interfaces/aruco_interfaces/msg
[0.276s] -- Up-to-date: /home/jmj/pro_asp_ws/ws_px4_controls/install/aruco_interfaces/include/aruco_interfaces/aruco_interfaces/msg/rosidl_generator_c__visibility_control.h
[0.276s] -- Up-to-date: /home/jmj/pro_asp_ws/ws_px4_controls/install/aruco_interfaces/include/aruco_interfaces/aruco_interfaces/msg/detail
[0.276s] -- Up-to-date: /home/jmj/pro_asp_ws/ws_px4_controls/install/aruco_interfaces/include/aruco_interfaces/aruco_interfaces/msg/detail/marker_pose_id__type_support.h
[0.276s] -- Up-to-date: /home/jmj/pro_asp_ws/ws_px4_controls/install/aruco_interfaces/include/aruco_interfaces/aruco_interfaces/msg/detail/marker_pose_id__functions.c
[0.277s] -- Up-to-date: /home/jmj/pro_asp_ws/ws_px4_controls/install/aruco_interfaces/include/aruco_interfaces/aruco_interfaces/msg/detail/marker_pose_id__struct.h
[0.277s] -- Up-to-date: /home/jmj/pro_asp_ws/ws_px4_controls/install/aruco_interfaces/include/aruco_interfaces/aruco_interfaces/msg/detail/marker_pose_id__functions.h
[0.277s] -- Up-to-date: /home/jmj/pro_asp_ws/ws_px4_controls/install/aruco_interfaces/include/aruco_interfaces/aruco_interfaces/msg/marker_pose_id.h
[0.277s] -- Up-to-date: /home/jmj/pro_asp_ws/ws_px4_controls/install/aruco_interfaces/share/aruco_interfaces/environment/library_path.sh
[0.277s] -- Up-to-date: /home/jmj/pro_asp_ws/ws_px4_controls/install/aruco_interfaces/share/aruco_interfaces/environment/library_path.dsv
[0.277s] -- Up-to-date: /home/jmj/pro_asp_ws/ws_px4_controls/install/aruco_interfaces/lib/libaruco_interfaces__rosidl_generator_c.so
[0.277s] -- Up-to-date: /home/jmj/pro_asp_ws/ws_px4_controls/install/aruco_interfaces/include/aruco_interfaces/aruco_interfaces
[0.277s] -- Up-to-date: /home/jmj/pro_asp_ws/ws_px4_controls/install/aruco_interfaces/include/aruco_interfaces/aruco_interfaces/msg
[0.277s] -- Up-to-date: /home/jmj/pro_asp_ws/ws_px4_controls/install/aruco_interfaces/include/aruco_interfaces/aruco_interfaces/msg/detail
[0.277s] -- Up-to-date: /home/jmj/pro_asp_ws/ws_px4_controls/install/aruco_interfaces/include/aruco_interfaces/aruco_interfaces/msg/detail/marker_pose_id__rosidl_typesupport_fastrtps_c.h
[0.277s] -- Up-to-date: /home/jmj/pro_asp_ws/ws_px4_controls/install/aruco_interfaces/include/aruco_interfaces/aruco_interfaces/msg/rosidl_typesupport_fastrtps_c__visibility_control.h
[0.277s] -- Up-to-date: /home/jmj/pro_asp_ws/ws_px4_controls/install/aruco_interfaces/lib/libaruco_interfaces__rosidl_typesupport_fastrtps_c.so
[0.277s] -- Up-to-date: /home/jmj/pro_asp_ws/ws_px4_controls/install/aruco_interfaces/include/aruco_interfaces/aruco_interfaces
[0.277s] -- Up-to-date: /home/jmj/pro_asp_ws/ws_px4_controls/install/aruco_interfaces/include/aruco_interfaces/aruco_interfaces/msg
[0.278s] -- Up-to-date: /home/jmj/pro_asp_ws/ws_px4_controls/install/aruco_interfaces/include/aruco_interfaces/aruco_interfaces/msg/detail
[0.278s] -- Up-to-date: /home/jmj/pro_asp_ws/ws_px4_controls/install/aruco_interfaces/include/aruco_interfaces/aruco_interfaces/msg/detail/marker_pose_id__struct.hpp
[0.278s] -- Up-to-date: /home/jmj/pro_asp_ws/ws_px4_controls/install/aruco_interfaces/include/aruco_interfaces/aruco_interfaces/msg/detail/marker_pose_id__traits.hpp
[0.278s] -- Up-to-date: /home/jmj/pro_asp_ws/ws_px4_controls/install/aruco_interfaces/include/aruco_interfaces/aruco_interfaces/msg/detail/marker_pose_id__type_support.hpp
[0.278s] -- Up-to-date: /home/jmj/pro_asp_ws/ws_px4_controls/install/aruco_interfaces/include/aruco_interfaces/aruco_interfaces/msg/detail/marker_pose_id__builder.hpp
[0.278s] -- Up-to-date: /home/jmj/pro_asp_ws/ws_px4_controls/install/aruco_interfaces/include/aruco_interfaces/aruco_interfaces/msg/marker_pose_id.hpp
[0.278s] -- Up-to-date: /home/jmj/pro_asp_ws/ws_px4_controls/install/aruco_interfaces/include/aruco_interfaces/aruco_interfaces/msg/rosidl_generator_cpp__visibility_control.hpp
[0.278s] -- Up-to-date: /home/jmj/pro_asp_ws/ws_px4_controls/install/aruco_interfaces/include/aruco_interfaces/aruco_interfaces
[0.278s] -- Up-to-date: /home/jmj/pro_asp_ws/ws_px4_controls/install/aruco_interfaces/include/aruco_interfaces/aruco_interfaces/msg
[0.278s] -- Up-to-date: /home/jmj/pro_asp_ws/ws_px4_controls/install/aruco_interfaces/include/aruco_interfaces/aruco_interfaces/msg/detail
[0.278s] -- Up-to-date: /home/jmj/pro_asp_ws/ws_px4_controls/install/aruco_interfaces/include/aruco_interfaces/aruco_interfaces/msg/detail/dds_fastrtps
[0.278s] -- Up-to-date: /home/jmj/pro_asp_ws/ws_px4_controls/install/aruco_interfaces/include/aruco_interfaces/aruco_interfaces/msg/detail/marker_pose_id__rosidl_typesupport_fastrtps_cpp.hpp
[0.278s] -- Up-to-date: /home/jmj/pro_asp_ws/ws_px4_controls/install/aruco_interfaces/include/aruco_interfaces/aruco_interfaces/msg/rosidl_typesupport_fastrtps_cpp__visibility_control.h
[0.278s] -- Up-to-date: /home/jmj/pro_asp_ws/ws_px4_controls/install/aruco_interfaces/lib/libaruco_interfaces__rosidl_typesupport_fastrtps_cpp.so
[0.278s] -- Up-to-date: /home/jmj/pro_asp_ws/ws_px4_controls/install/aruco_interfaces/include/aruco_interfaces/aruco_interfaces
[0.278s] -- Up-to-date: /home/jmj/pro_asp_ws/ws_px4_controls/install/aruco_interfaces/include/aruco_interfaces/aruco_interfaces/msg
[0.278s] -- Up-to-date: /home/jmj/pro_asp_ws/ws_px4_controls/install/aruco_interfaces/include/aruco_interfaces/aruco_interfaces/msg/detail
[0.279s] -- Up-to-date: /home/jmj/pro_asp_ws/ws_px4_controls/install/aruco_interfaces/include/aruco_interfaces/aruco_interfaces/msg/detail/marker_pose_id__type_support.c
[0.279s] -- Up-to-date: /home/jmj/pro_asp_ws/ws_px4_controls/install/aruco_interfaces/include/aruco_interfaces/aruco_interfaces/msg/detail/marker_pose_id__rosidl_typesupport_introspection_c.h
[0.279s] -- Up-to-date: /home/jmj/pro_asp_ws/ws_px4_controls/install/aruco_interfaces/include/aruco_interfaces/aruco_interfaces/msg/rosidl_typesupport_introspection_c__visibility_control.h
[0.279s] -- Up-to-date: /home/jmj/pro_asp_ws/ws_px4_controls/install/aruco_interfaces/lib/libaruco_interfaces__rosidl_typesupport_introspection_c.so
[0.279s] -- Up-to-date: /home/jmj/pro_asp_ws/ws_px4_controls/install/aruco_interfaces/lib/libaruco_interfaces__rosidl_typesupport_c.so
[0.279s] -- Up-to-date: /home/jmj/pro_asp_ws/ws_px4_controls/install/aruco_interfaces/include/aruco_interfaces/aruco_interfaces
[0.279s] -- Up-to-date: /home/jmj/pro_asp_ws/ws_px4_controls/install/aruco_interfaces/include/aruco_interfaces/aruco_interfaces/msg
[0.279s] -- Up-to-date: /home/jmj/pro_asp_ws/ws_px4_controls/install/aruco_interfaces/include/aruco_interfaces/aruco_interfaces/msg/detail
[0.279s] -- Up-to-date: /home/jmj/pro_asp_ws/ws_px4_controls/install/aruco_interfaces/include/aruco_interfaces/aruco_interfaces/msg/detail/marker_pose_id__type_support.cpp
[0.279s] -- Up-to-date: /home/jmj/pro_asp_ws/ws_px4_controls/install/aruco_interfaces/include/aruco_interfaces/aruco_interfaces/msg/detail/marker_pose_id__rosidl_typesupport_introspection_cpp.hpp
[0.279s] -- Up-to-date: /home/jmj/pro_asp_ws/ws_px4_controls/install/aruco_interfaces/lib/libaruco_interfaces__rosidl_typesupport_introspection_cpp.so
[0.279s] -- Up-to-date: /home/jmj/pro_asp_ws/ws_px4_controls/install/aruco_interfaces/lib/libaruco_interfaces__rosidl_typesupport_cpp.so
[0.279s] -- Up-to-date: /home/jmj/pro_asp_ws/ws_px4_controls/install/aruco_interfaces/share/aruco_interfaces/environment/pythonpath.sh
[0.279s] -- Up-to-date: /home/jmj/pro_asp_ws/ws_px4_controls/install/aruco_interfaces/share/aruco_interfaces/environment/pythonpath.dsv
[0.279s] -- Up-to-date: /home/jmj/pro_asp_ws/ws_px4_controls/install/aruco_interfaces/local/lib/python3.10/dist-packages/aruco_interfaces-0.0.0-py3.10.egg-info
[0.279s] -- Installing: /home/jmj/pro_asp_ws/ws_px4_controls/install/aruco_interfaces/local/lib/python3.10/dist-packages/aruco_interfaces-0.0.0-py3.10.egg-info/dependency_links.txt
[0.279s] -- Installing: /home/jmj/pro_asp_ws/ws_px4_controls/install/aruco_interfaces/local/lib/python3.10/dist-packages/aruco_interfaces-0.0.0-py3.10.egg-info/top_level.txt
[0.279s] -- Installing: /home/jmj/pro_asp_ws/ws_px4_controls/install/aruco_interfaces/local/lib/python3.10/dist-packages/aruco_interfaces-0.0.0-py3.10.egg-info/PKG-INFO
[0.279s] -- Installing: /home/jmj/pro_asp_ws/ws_px4_controls/install/aruco_interfaces/local/lib/python3.10/dist-packages/aruco_interfaces-0.0.0-py3.10.egg-info/SOURCES.txt
[0.279s] -- Up-to-date: /home/jmj/pro_asp_ws/ws_px4_controls/install/aruco_interfaces/local/lib/python3.10/dist-packages/aruco_interfaces
[0.279s] -- Up-to-date: /home/jmj/pro_asp_ws/ws_px4_controls/install/aruco_interfaces/local/lib/python3.10/dist-packages/aruco_interfaces/__init__.py
[0.279s] -- Up-to-date: /home/jmj/pro_asp_ws/ws_px4_controls/install/aruco_interfaces/local/lib/python3.10/dist-packages/aruco_interfaces/aruco_interfaces_s__rosidl_typesupport_c.cpython-310-x86_64-linux-gnu.so
[0.279s] -- Up-to-date: /home/jmj/pro_asp_ws/ws_px4_controls/install/aruco_interfaces/local/lib/python3.10/dist-packages/aruco_interfaces/aruco_interfaces_s__rosidl_typesupport_introspection_c.cpython-310-x86_64-linux-gnu.so
[0.279s] -- Up-to-date: /home/jmj/pro_asp_ws/ws_px4_controls/install/aruco_interfaces/local/lib/python3.10/dist-packages/aruco_interfaces/libaruco_interfaces__rosidl_generator_py.so
[0.279s] -- Up-to-date: /home/jmj/pro_asp_ws/ws_px4_controls/install/aruco_interfaces/local/lib/python3.10/dist-packages/aruco_interfaces/aruco_interfaces_s__rosidl_typesupport_fastrtps_c.cpython-310-x86_64-linux-gnu.so
[0.279s] -- Up-to-date: /home/jmj/pro_asp_ws/ws_px4_controls/install/aruco_interfaces/local/lib/python3.10/dist-packages/aruco_interfaces/_aruco_interfaces_s.ep.rosidl_typesupport_c.c
[0.279s] -- Up-to-date: /home/jmj/pro_asp_ws/ws_px4_controls/install/aruco_interfaces/local/lib/python3.10/dist-packages/aruco_interfaces/_aruco_interfaces_s.ep.rosidl_typesupport_introspection_c.c
[0.279s] -- Up-to-date: /home/jmj/pro_asp_ws/ws_px4_controls/install/aruco_interfaces/local/lib/python3.10/dist-packages/aruco_interfaces/_aruco_interfaces_s.ep.rosidl_typesupport_fastrtps_c.c
[0.279s] -- Up-to-date: /home/jmj/pro_asp_ws/ws_px4_controls/install/aruco_interfaces/local/lib/python3.10/dist-packages/aruco_interfaces/msg
[0.279s] -- Up-to-date: /home/jmj/pro_asp_ws/ws_px4_controls/install/aruco_interfaces/local/lib/python3.10/dist-packages/aruco_interfaces/msg/__init__.py
[0.279s] -- Up-to-date: /home/jmj/pro_asp_ws/ws_px4_controls/install/aruco_interfaces/local/lib/python3.10/dist-packages/aruco_interfaces/msg/_marker_pose_id.py
[0.279s] -- Up-to-date: /home/jmj/pro_asp_ws/ws_px4_controls/install/aruco_interfaces/local/lib/python3.10/dist-packages/aruco_interfaces/msg/_marker_pose_id_s.c
[0.298s] Listing '/home/jmj/pro_asp_ws/ws_px4_controls/install/aruco_interfaces/local/lib/python3.10/dist-packages/aruco_interfaces'...
[0.299s] Listing '/home/jmj/pro_asp_ws/ws_px4_controls/install/aruco_interfaces/local/lib/python3.10/dist-packages/aruco_interfaces/msg'...
[0.301s] -- Up-to-date: /home/jmj/pro_asp_ws/ws_px4_controls/install/aruco_interfaces/local/lib/python3.10/dist-packages/aruco_interfaces/aruco_interfaces_s__rosidl_typesupport_fastrtps_c.cpython-310-x86_64-linux-gnu.so
[0.302s] -- Up-to-date: /home/jmj/pro_asp_ws/ws_px4_controls/install/aruco_interfaces/local/lib/python3.10/dist-packages/aruco_interfaces/aruco_interfaces_s__rosidl_typesupport_introspection_c.cpython-310-x86_64-linux-gnu.so
[0.302s] -- Up-to-date: /home/jmj/pro_asp_ws/ws_px4_controls/install/aruco_interfaces/local/lib/python3.10/dist-packages/aruco_interfaces/aruco_interfaces_s__rosidl_typesupport_c.cpython-310-x86_64-linux-gnu.so
[0.302s] -- Up-to-date: /home/jmj/pro_asp_ws/ws_px4_controls/install/aruco_interfaces/lib/libaruco_interfaces__rosidl_generator_py.so
[0.303s] -- Up-to-date: /home/jmj/pro_asp_ws/ws_px4_controls/install/aruco_interfaces/share/aruco_interfaces/msg/MarkerPoseId.idl
[0.303s] -- Up-to-date: /home/jmj/pro_asp_ws/ws_px4_controls/install/aruco_interfaces/share/aruco_interfaces/msg/MarkerPoseId.msg
[0.303s] -- Up-to-date: /home/jmj/pro_asp_ws/ws_px4_controls/install/aruco_interfaces/share/ament_index/resource_index/package_run_dependencies/aruco_interfaces
[0.303s] -- Up-to-date: /home/jmj/pro_asp_ws/ws_px4_controls/install/aruco_interfaces/share/ament_index/resource_index/parent_prefix_path/aruco_interfaces
[0.303s] -- Up-to-date: /home/jmj/pro_asp_ws/ws_px4_controls/install/aruco_interfaces/share/aruco_interfaces/environment/ament_prefix_path.sh
[0.303s] -- Up-to-date: /home/jmj/pro_asp_ws/ws_px4_controls/install/aruco_interfaces/share/aruco_interfaces/environment/ament_prefix_path.dsv
[0.303s] -- Up-to-date: /home/jmj/pro_asp_ws/ws_px4_controls/install/aruco_interfaces/share/aruco_interfaces/environment/path.sh
[0.303s] -- Up-to-date: /home/jmj/pro_asp_ws/ws_px4_controls/install/aruco_interfaces/share/aruco_interfaces/environment/path.dsv
[0.303s] -- Up-to-date: /home/jmj/pro_asp_ws/ws_px4_controls/install/aruco_interfaces/share/aruco_interfaces/local_setup.bash
[0.303s] -- Up-to-date: /home/jmj/pro_asp_ws/ws_px4_controls/install/aruco_interfaces/share/aruco_interfaces/local_setup.sh
[0.303s] -- Up-to-date: /home/jmj/pro_asp_ws/ws_px4_controls/install/aruco_interfaces/share/aruco_interfaces/local_setup.zsh
[0.303s] -- Up-to-date: /home/jmj/pro_asp_ws/ws_px4_controls/install/aruco_interfaces/share/aruco_interfaces/local_setup.dsv
[0.303s] -- Installing: /home/jmj/pro_asp_ws/ws_px4_controls/install/aruco_interfaces/share/aruco_interfaces/package.dsv
[0.303s] -- Up-to-date: /home/jmj/pro_asp_ws/ws_px4_controls/install/aruco_interfaces/share/ament_index/resource_index/packages/aruco_interfaces
[0.304s] -- Up-to-date: /home/jmj/pro_asp_ws/ws_px4_controls/install/aruco_interfaces/share/aruco_interfaces/cmake/export_aruco_interfaces__rosidl_generator_cExport.cmake
[0.304s] -- Up-to-date: /home/jmj/pro_asp_ws/ws_px4_controls/install/aruco_interfaces/share/aruco_interfaces/cmake/export_aruco_interfaces__rosidl_generator_cExport-noconfig.cmake
[0.304s] -- Up-to-date: /home/jmj/pro_asp_ws/ws_px4_controls/install/aruco_interfaces/share/aruco_interfaces/cmake/export_aruco_interfaces__rosidl_typesupport_fastrtps_cExport.cmake
[0.304s] -- Up-to-date: /home/jmj/pro_asp_ws/ws_px4_controls/install/aruco_interfaces/share/aruco_interfaces/cmake/export_aruco_interfaces__rosidl_typesupport_fastrtps_cExport-noconfig.cmake
[0.304s] -- Up-to-date: /home/jmj/pro_asp_ws/ws_px4_controls/install/aruco_interfaces/share/aruco_interfaces/cmake/export_aruco_interfaces__rosidl_generator_cppExport.cmake
[0.304s] -- Up-to-date: /home/jmj/pro_asp_ws/ws_px4_controls/install/aruco_interfaces/share/aruco_interfaces/cmake/export_aruco_interfaces__rosidl_typesupport_fastrtps_cppExport.cmake
[0.304s] -- Up-to-date: /home/jmj/pro_asp_ws/ws_px4_controls/install/aruco_interfaces/share/aruco_interfaces/cmake/export_aruco_interfaces__rosidl_typesupport_fastrtps_cppExport-noconfig.cmake
[0.304s] -- Up-to-date: /home/jmj/pro_asp_ws/ws_px4_controls/install/aruco_interfaces/share/aruco_interfaces/cmake/aruco_interfaces__rosidl_typesupport_introspection_cExport.cmake
[0.304s] -- Up-to-date: /home/jmj/pro_asp_ws/ws_px4_controls/install/aruco_interfaces/share/aruco_interfaces/cmake/aruco_interfaces__rosidl_typesupport_introspection_cExport-noconfig.cmake
[0.304s] -- Up-to-date: /home/jmj/pro_asp_ws/ws_px4_controls/install/aruco_interfaces/share/aruco_interfaces/cmake/aruco_interfaces__rosidl_typesupport_cExport.cmake
[0.304s] -- Up-to-date: /home/jmj/pro_asp_ws/ws_px4_controls/install/aruco_interfaces/share/aruco_interfaces/cmake/aruco_interfaces__rosidl_typesupport_cExport-noconfig.cmake
[0.304s] -- Up-to-date: /home/jmj/pro_asp_ws/ws_px4_controls/install/aruco_interfaces/share/aruco_interfaces/cmake/aruco_interfaces__rosidl_typesupport_introspection_cppExport.cmake
[0.304s] -- Up-to-date: /home/jmj/pro_asp_ws/ws_px4_controls/install/aruco_interfaces/share/aruco_interfaces/cmake/aruco_interfaces__rosidl_typesupport_introspection_cppExport-noconfig.cmake
[0.304s] -- Up-to-date: /home/jmj/pro_asp_ws/ws_px4_controls/install/aruco_interfaces/share/aruco_interfaces/cmake/aruco_interfaces__rosidl_typesupport_cppExport.cmake
[0.304s] -- Up-to-date: /home/jmj/pro_asp_ws/ws_px4_controls/install/aruco_interfaces/share/aruco_interfaces/cmake/aruco_interfaces__rosidl_typesupport_cppExport-noconfig.cmake
[0.304s] -- Up-to-date: /home/jmj/pro_asp_ws/ws_px4_controls/install/aruco_interfaces/share/aruco_interfaces/cmake/export_aruco_interfaces__rosidl_generator_pyExport.cmake
[0.304s] -- Up-to-date: /home/jmj/pro_asp_ws/ws_px4_controls/install/aruco_interfaces/share/aruco_interfaces/cmake/export_aruco_interfaces__rosidl_generator_pyExport-noconfig.cmake
[0.304s] -- Up-to-date: /home/jmj/pro_asp_ws/ws_px4_controls/install/aruco_interfaces/share/aruco_interfaces/cmake/rosidl_cmake-extras.cmake
[0.304s] -- Up-to-date: /home/jmj/pro_asp_ws/ws_px4_controls/install/aruco_interfaces/share/aruco_interfaces/cmake/ament_cmake_export_dependencies-extras.cmake
[0.304s] -- Up-to-date: /home/jmj/pro_asp_ws/ws_px4_controls/install/aruco_interfaces/share/aruco_interfaces/cmake/ament_cmake_export_include_directories-extras.cmake
[0.304s] -- Up-to-date: /home/jmj/pro_asp_ws/ws_px4_controls/install/aruco_interfaces/share/aruco_interfaces/cmake/ament_cmake_export_libraries-extras.cmake
[0.304s] -- Up-to-date: /home/jmj/pro_asp_ws/ws_px4_controls/install/aruco_interfaces/share/aruco_interfaces/cmake/ament_cmake_export_targets-extras.cmake
[0.304s] -- Up-to-date: /home/jmj/pro_asp_ws/ws_px4_controls/install/aruco_interfaces/share/aruco_interfaces/cmake/rosidl_cmake_export_typesupport_targets-extras.cmake
[0.304s] -- Up-to-date: /home/jmj/pro_asp_ws/ws_px4_controls/install/aruco_interfaces/share/aruco_interfaces/cmake/rosidl_cmake_export_typesupport_libraries-extras.cmake
[0.304s] -- Up-to-date: /home/jmj/pro_asp_ws/ws_px4_controls/install/aruco_interfaces/share/aruco_interfaces/cmake/aruco_interfacesConfig.cmake
[0.304s] -- Up-to-date: /home/jmj/pro_asp_ws/ws_px4_controls/install/aruco_interfaces/share/aruco_interfaces/cmake/aruco_interfacesConfig-version.cmake
[0.304s] -- Up-to-date: /home/jmj/pro_asp_ws/ws_px4_controls/install/aruco_interfaces/share/aruco_interfaces/package.xml
[0.322s] Invoked command in '/home/jmj/pro_asp_ws/ws_px4_controls/build/aruco_interfaces' returned '0': CMAKE_PREFIX_PATH=${CMAKE_PREFIX_PATH}:/home/jmj/pro_asp_ws/ws_px4_controls/install/opencv_tests:/opt/ros/humble /usr/bin/cmake --install /home/jmj/pro_asp_ws/ws_px4_controls/build/aruco_interfaces
