[0.021s] Invoking command in '/home/acdl1/competition_ws/ws_px4_controls/build/cv_bridge': CMAKE_PREFIX_PATH=${CMAKE_PREFIX_PATH}:/opt/ros/humble /usr/bin/cmake /home/acdl1/competition_ws/ws_px4_controls/src/ws_aruco/src/vision_opencv/cv_bridge -DCMAKE_INSTALL_PREFIX=/home/acdl1/competition_ws/ws_px4_controls/install/cv_bridge
[0.062s] -- The C compiler identification is GNU 11.4.0
[0.118s] -- The CXX compiler identification is GNU 11.4.0
[0.122s] -- Detecting C compiler ABI info
[0.172s] -- Detecting C compiler ABI info - done
[0.177s] -- Check for working C compiler: /usr/bin/cc - skipped
[0.178s] -- Detecting C compile features
[0.178s] -- Detecting C compile features - done
[0.180s] -- Detecting CXX compiler ABI info
[0.240s] -- Detecting CXX compiler ABI info - done
[0.246s] -- Check for working CXX compiler: /usr/bin/c++ - skipped
[0.246s] -- Detecting CXX compile features
[0.246s] -- Detecting CXX compile features - done
[0.248s] -- Found ament_cmake_ros: 0.10.0 (/opt/ros/humble/share/ament_cmake_ros/cmake)
[0.599s] -- Found Python3: /usr/bin/python3 (found version "3.10.12") found components: Interpreter 
[1.677s] -- Found Python3: /usr/include/python3.10 (found version "3.10.12") found components: Development NumPy Interpreter Development.Module Development.Embed 
[1.702s] -- Found Boost: /usr/lib/x86_64-linux-gnu/cmake/Boost-1.74.0/BoostConfig.cmake (found version "1.74.0") found components: python310 
[1.708s] -- Found rcpputils: 2.4.5 (/opt/ros/humble/share/rcpputils/cmake)
[1.735s] -- Found sensor_msgs: 4.8.0 (/opt/ros/humble/share/sensor_msgs/cmake)
[1.785s] -- Found rosidl_generator_c: 3.1.6 (/opt/ros/humble/share/rosidl_generator_c/cmake)
[1.799s] -- Found rosidl_adapter: 3.1.6 (/opt/ros/humble/share/rosidl_adapter/cmake)
[1.815s] -- Found rosidl_generator_cpp: 3.1.6 (/opt/ros/humble/share/rosidl_generator_cpp/cmake)
[1.848s] -- Using all available rosidl_typesupport_c: rosidl_typesupport_fastrtps_c;rosidl_typesupport_introspection_c
[1.878s] -- Using all available rosidl_typesupport_cpp: rosidl_typesupport_fastrtps_cpp;rosidl_typesupport_introspection_cpp
[2.267s] -- Performing Test COMPILER_HAS_HIDDEN_VISIBILITY
[2.462s] -- Performing Test COMPILER_HAS_HIDDEN_VISIBILITY - Success
[2.463s] -- Performing Test COMPILER_HAS_HIDDEN_INLINE_VISIBILITY
[2.671s] -- Performing Test COMPILER_HAS_HIDDEN_INLINE_VISIBILITY - Success
[2.671s] -- Performing Test COMPILER_HAS_DEPRECATED_ATTR
[2.887s] -- Performing Test COMPILER_HAS_DEPRECATED_ATTR - Success
[2.897s] -- Found ament_lint_auto: 0.12.12 (/opt/ros/humble/share/ament_lint_auto/cmake)
[3.060s] -- Found gtest sources under '/opt/ros/humble/src/gtest_vendor': C++ tests using 'Google Test' will be built
[3.069s] -- Looking for pthread.h
[3.242s] -- Looking for pthread.h - found
[3.244s] -- Performing Test CMAKE_HAVE_LIBC_PTHREAD
[3.420s] -- Performing Test CMAKE_HAVE_LIBC_PTHREAD - Success
[3.422s] -- Found Threads: TRUE  
[5.131s] -- Configuring done
[5.156s] -- Generating done
[5.165s] -- Build files have been written to: /home/acdl1/competition_ws/ws_px4_controls/build/cv_bridge
[5.193s] Invoked command in '/home/acdl1/competition_ws/ws_px4_controls/build/cv_bridge' returned '0': CMAKE_PREFIX_PATH=${CMAKE_PREFIX_PATH}:/opt/ros/humble /usr/bin/cmake /home/acdl1/competition_ws/ws_px4_controls/src/ws_aruco/src/vision_opencv/cv_bridge -DCMAKE_INSTALL_PREFIX=/home/acdl1/competition_ws/ws_px4_controls/install/cv_bridge
[5.194s] Invoking command in '/home/acdl1/competition_ws/ws_px4_controls/build/cv_bridge': CMAKE_PREFIX_PATH=${CMAKE_PREFIX_PATH}:/opt/ros/humble /usr/bin/cmake --build /home/acdl1/competition_ws/ws_px4_controls/build/cv_bridge -- -j16 -l16
[5.304s] [  6%] [32mBuilding CXX object gtest/CMakeFiles/gtest.dir/src/gtest-all.cc.o[0m
[5.309s] [ 12%] [32mBuilding CXX object gtest/CMakeFiles/gtest_main.dir/src/gtest_main.cc.o[0m
[5.309s] [ 18%] [32mBuilding CXX object src/CMakeFiles/cv_bridge.dir/cv_bridge.cpp.o[0m
[5.324s] [ 18%] Built target ament_cmake_python_copy_cv_bridge
[5.326s] [ 25%] [32mBuilding CXX object src/CMakeFiles/cv_bridge.dir/rgb_colors.cpp.o[0m
[5.833s] running egg_info
[5.884s] creating cv_bridge.egg-info
[5.884s] writing cv_bridge.egg-info/PKG-INFO
[5.889s] writing dependency_links to cv_bridge.egg-info/dependency_links.txt
[5.889s] writing top-level names to cv_bridge.egg-info/top_level.txt
[5.890s] writing manifest file 'cv_bridge.egg-info/SOURCES.txt'
[6.045s] reading manifest file 'cv_bridge.egg-info/SOURCES.txt'
[6.049s] writing manifest file 'cv_bridge.egg-info/SOURCES.txt'
[6.153s] [ 25%] Built target ament_cmake_python_build_cv_bridge_egg
[6.550s] [ 31%] [32m[1mLinking CXX static library libgtest_main.a[0m
[6.704s] [ 31%] Built target gtest_main
[9.193s] [ 37%] [32m[1mLinking CXX static library libgtest.a[0m
[9.297s] [ 37%] Built target gtest
[11.022s] [ 43%] [32m[1mLinking CXX shared library libcv_bridge.so[0m
[11.240s] [ 43%] Built target cv_bridge
[11.262s] [ 68%] [32mBuilding CXX object test/CMakeFiles/cv_bridge-utest.dir/utest2.cpp.o[0m
[11.262s] [ 68%] [32mBuilding CXX object test/CMakeFiles/cv_bridge-utest.dir/utest.cpp.o[0m
[11.262s] [ 68%] [32mBuilding CXX object src/CMakeFiles/cv_bridge_boost.dir/module.cpp.o[0m
[11.262s] [ 75%] [32mBuilding CXX object test/CMakeFiles/cv_bridge-utest.dir/test_compression.cpp.o[0m
[11.263s] [ 68%] [32mBuilding CXX object src/CMakeFiles/cv_bridge_boost.dir/module_opencv3.cpp.o[0m
[11.263s] [ 81%] [32mBuilding CXX object test/CMakeFiles/cv_bridge-utest.dir/test_endian.cpp.o[0m
[11.270s] [ 87%] [32mBuilding CXX object test/CMakeFiles/cv_bridge-utest.dir/test_rgb_colors.cpp.o[0m
[13.661s] [ 93%] [32m[1mLinking CXX executable cv_bridge-utest[0m
[14.213s] [ 93%] Built target cv_bridge-utest
[15.008s] [100%] [32m[1mLinking CXX shared module boost/cv_bridge_boost.so[0m
[15.103s] [100%] Built target cv_bridge_boost
[15.112s] Invoked command in '/home/acdl1/competition_ws/ws_px4_controls/build/cv_bridge' returned '0': CMAKE_PREFIX_PATH=${CMAKE_PREFIX_PATH}:/opt/ros/humble /usr/bin/cmake --build /home/acdl1/competition_ws/ws_px4_controls/build/cv_bridge -- -j16 -l16
[15.113s] Invoking command in '/home/acdl1/competition_ws/ws_px4_controls/build/cv_bridge': CMAKE_PREFIX_PATH=${CMAKE_PREFIX_PATH}:/opt/ros/humble /usr/bin/cmake --install /home/acdl1/competition_ws/ws_px4_controls/build/cv_bridge
[15.119s] -- Install configuration: ""
[15.119s] -- Installing: /home/acdl1/competition_ws/ws_px4_controls/install/cv_bridge/share/cv_bridge/environment/pythonpath.sh
[15.119s] -- Installing: /home/acdl1/competition_ws/ws_px4_controls/install/cv_bridge/share/cv_bridge/environment/pythonpath.dsv
[15.119s] -- Installing: /home/acdl1/competition_ws/ws_px4_controls/install/cv_bridge/local/lib/python3.10/dist-packages/cv_bridge-3.2.1-py3.10.egg-info
[15.119s] -- Installing: /home/acdl1/competition_ws/ws_px4_controls/install/cv_bridge/local/lib/python3.10/dist-packages/cv_bridge-3.2.1-py3.10.egg-info/SOURCES.txt
[15.119s] -- Installing: /home/acdl1/competition_ws/ws_px4_controls/install/cv_bridge/local/lib/python3.10/dist-packages/cv_bridge-3.2.1-py3.10.egg-info/PKG-INFO
[15.120s] -- Installing: /home/acdl1/competition_ws/ws_px4_controls/install/cv_bridge/local/lib/python3.10/dist-packages/cv_bridge-3.2.1-py3.10.egg-info/dependency_links.txt
[15.120s] -- Installing: /home/acdl1/competition_ws/ws_px4_controls/install/cv_bridge/local/lib/python3.10/dist-packages/cv_bridge-3.2.1-py3.10.egg-info/top_level.txt
[15.120s] -- Installing: /home/acdl1/competition_ws/ws_px4_controls/install/cv_bridge/local/lib/python3.10/dist-packages/cv_bridge
[15.120s] -- Installing: /home/acdl1/competition_ws/ws_px4_controls/install/cv_bridge/local/lib/python3.10/dist-packages/cv_bridge/core.py
[15.120s] -- Installing: /home/acdl1/competition_ws/ws_px4_controls/install/cv_bridge/local/lib/python3.10/dist-packages/cv_bridge/__init__.py
[15.145s] Listing '/home/acdl1/competition_ws/ws_px4_controls/install/cv_bridge/local/lib/python3.10/dist-packages/cv_bridge'...
[15.146s] Compiling '/home/acdl1/competition_ws/ws_px4_controls/install/cv_bridge/local/lib/python3.10/dist-packages/cv_bridge/__init__.py'...
[15.146s] Compiling '/home/acdl1/competition_ws/ws_px4_controls/install/cv_bridge/local/lib/python3.10/dist-packages/cv_bridge/core.py'...
[15.150s] -- Installing: /home/acdl1/competition_ws/ws_px4_controls/install/cv_bridge/lib/libcv_bridge.so
[15.151s] -- Set runtime path of "/home/acdl1/competition_ws/ws_px4_controls/install/cv_bridge/lib/libcv_bridge.so" to ""
[15.151s] -- Installing: /home/acdl1/competition_ws/ws_px4_controls/install/cv_bridge/include/cv_bridge/cv_bridge/cv_bridge_export.h
[15.151s] -- Installing: /home/acdl1/competition_ws/ws_px4_controls/install/cv_bridge/local/lib/python3.10/dist-packages/cv_bridge/boost/cv_bridge_boost.so
[15.151s] -- Set runtime path of "/home/acdl1/competition_ws/ws_px4_controls/install/cv_bridge/local/lib/python3.10/dist-packages/cv_bridge/boost/cv_bridge_boost.so" to ""
[15.151s] -- Up-to-date: /home/acdl1/competition_ws/ws_px4_controls/install/cv_bridge/include/cv_bridge
[15.151s] -- Up-to-date: /home/acdl1/competition_ws/ws_px4_controls/install/cv_bridge/include/cv_bridge/cv_bridge
[15.151s] -- Installing: /home/acdl1/competition_ws/ws_px4_controls/install/cv_bridge/include/cv_bridge/cv_bridge/rgb_colors.h
[15.151s] -- Installing: /home/acdl1/competition_ws/ws_px4_controls/install/cv_bridge/include/cv_bridge/cv_bridge/cv_bridge.h
[15.152s] -- Up-to-date: /home/acdl1/competition_ws/ws_px4_controls/install/cv_bridge/lib/libcv_bridge.so
[15.152s] -- Installing: /home/acdl1/competition_ws/ws_px4_controls/install/cv_bridge/share/ament_index/resource_index/package_run_dependencies/cv_bridge
[15.152s] -- Installing: /home/acdl1/competition_ws/ws_px4_controls/install/cv_bridge/share/ament_index/resource_index/parent_prefix_path/cv_bridge
[15.152s] -- Installing: /home/acdl1/competition_ws/ws_px4_controls/install/cv_bridge/share/cv_bridge/environment/ament_prefix_path.sh
[15.152s] -- Installing: /home/acdl1/competition_ws/ws_px4_controls/install/cv_bridge/share/cv_bridge/environment/ament_prefix_path.dsv
[15.152s] -- Installing: /home/acdl1/competition_ws/ws_px4_controls/install/cv_bridge/share/cv_bridge/environment/path.sh
[15.152s] -- Installing: /home/acdl1/competition_ws/ws_px4_controls/install/cv_bridge/share/cv_bridge/environment/path.dsv
[15.152s] -- Installing: /home/acdl1/competition_ws/ws_px4_controls/install/cv_bridge/share/cv_bridge/local_setup.bash
[15.152s] -- Installing: /home/acdl1/competition_ws/ws_px4_controls/install/cv_bridge/share/cv_bridge/local_setup.sh
[15.152s] -- Installing: /home/acdl1/competition_ws/ws_px4_controls/install/cv_bridge/share/cv_bridge/local_setup.zsh
[15.152s] -- Installing: /home/acdl1/competition_ws/ws_px4_controls/install/cv_bridge/share/cv_bridge/local_setup.dsv
[15.152s] -- Installing: /home/acdl1/competition_ws/ws_px4_controls/install/cv_bridge/share/cv_bridge/package.dsv
[15.153s] -- Installing: /home/acdl1/competition_ws/ws_px4_controls/install/cv_bridge/share/ament_index/resource_index/packages/cv_bridge
[15.153s] -- Installing: /home/acdl1/competition_ws/ws_px4_controls/install/cv_bridge/share/cv_bridge/cmake/export_cv_bridgeExport.cmake
[15.153s] -- Installing: /home/acdl1/competition_ws/ws_px4_controls/install/cv_bridge/share/cv_bridge/cmake/export_cv_bridgeExport-noconfig.cmake
[15.153s] -- Installing: /home/acdl1/competition_ws/ws_px4_controls/install/cv_bridge/share/cv_bridge/cmake/cv_bridge-extras.cmake
[15.153s] -- Installing: /home/acdl1/competition_ws/ws_px4_controls/install/cv_bridge/share/cv_bridge/cmake/ament_cmake_export_dependencies-extras.cmake
[15.153s] -- Installing: /home/acdl1/competition_ws/ws_px4_controls/install/cv_bridge/share/cv_bridge/cmake/ament_cmake_export_targets-extras.cmake
[15.153s] -- Installing: /home/acdl1/competition_ws/ws_px4_controls/install/cv_bridge/share/cv_bridge/cmake/cv_bridgeConfig.cmake
[15.153s] -- Installing: /home/acdl1/competition_ws/ws_px4_controls/install/cv_bridge/share/cv_bridge/cmake/cv_bridgeConfig-version.cmake
[15.153s] -- Installing: /home/acdl1/competition_ws/ws_px4_controls/install/cv_bridge/share/cv_bridge/package.xml
[15.155s] Invoked command in '/home/acdl1/competition_ws/ws_px4_controls/build/cv_bridge' returned '0': CMAKE_PREFIX_PATH=${CMAKE_PREFIX_PATH}:/opt/ros/humble /usr/bin/cmake --install /home/acdl1/competition_ws/ws_px4_controls/build/cv_bridge
