[0.009s] Invoking command in '/home/acdl1/mj_ws/ws_px4_controls/build/ugv_controller': CMAKE_PREFIX_PATH=${CMAKE_PREFIX_PATH}:/home/acdl1/mj_ws/ws_px4_controls/install/opencv_tests:/opt/ros/humble /usr/bin/cmake --build /home/acdl1/mj_ws/ws_px4_controls/build/ugv_controller -- -j16 -l16
[0.045s] [35m[1mConsolidate compiler generated dependencies of target mission_follower_node[0m
[0.056s] [ 66%] Built target manual_path_logger_node
[0.056s] [ 66%] Built target path_follower_node
[0.061s] [ 83%] [32mBuilding CXX object CMakeFiles/mission_follower_node.dir/src/mission_follower_node.cpp.o[0m
[9.379s] [100%] [32m[1mLinking CXX executable mission_follower_node[0m
[9.967s] [100%] Built target mission_follower_node
[9.986s] Invoked command in '/home/acdl1/mj_ws/ws_px4_controls/build/ugv_controller' returned '0': CMAKE_PREFIX_PATH=${CMAKE_PREFIX_PATH}:/home/acdl1/mj_ws/ws_px4_controls/install/opencv_tests:/opt/ros/humble /usr/bin/cmake --build /home/acdl1/mj_ws/ws_px4_controls/build/ugv_controller -- -j16 -l16
[9.997s] Invoking command in '/home/acdl1/mj_ws/ws_px4_controls/build/ugv_controller': CMAKE_PREFIX_PATH=${CMAKE_PREFIX_PATH}:/home/acdl1/mj_ws/ws_px4_controls/install/opencv_tests:/opt/ros/humble /usr/bin/cmake --install /home/acdl1/mj_ws/ws_px4_controls/build/ugv_controller
[10.004s] -- Install configuration: ""
[10.004s] -- Up-to-date: /home/acdl1/mj_ws/ws_px4_controls/install/ugv_controller/lib/ugv_controller/path_follower_node
[10.004s] -- Up-to-date: /home/acdl1/mj_ws/ws_px4_controls/install/ugv_controller/lib/ugv_controller/manual_path_logger_node
[10.005s] -- Installing: /home/acdl1/mj_ws/ws_px4_controls/install/ugv_controller/lib/ugv_controller/mission_follower_node
[10.008s] -- Set runtime path of "/home/acdl1/mj_ws/ws_px4_controls/install/ugv_controller/lib/ugv_controller/mission_follower_node" to ""
[10.008s] -- Up-to-date: /home/acdl1/mj_ws/ws_px4_controls/install/ugv_controller/share/ugv_controller/launch
[10.008s] -- Up-to-date: /home/acdl1/mj_ws/ws_px4_controls/install/ugv_controller/share/ugv_controller/launch/path_follower.launch.py
[10.009s] -- Up-to-date: /home/acdl1/mj_ws/ws_px4_controls/install/ugv_controller/share/ugv_controller/mission.csv
[10.009s] -- Up-to-date: /home/acdl1/mj_ws/ws_px4_controls/install/ugv_controller/share/ament_index/resource_index/package_run_dependencies/ugv_controller
[10.009s] -- Up-to-date: /home/acdl1/mj_ws/ws_px4_controls/install/ugv_controller/share/ament_index/resource_index/parent_prefix_path/ugv_controller
[10.009s] -- Up-to-date: /home/acdl1/mj_ws/ws_px4_controls/install/ugv_controller/share/ugv_controller/environment/ament_prefix_path.sh
[10.009s] -- Up-to-date: /home/acdl1/mj_ws/ws_px4_controls/install/ugv_controller/share/ugv_controller/environment/ament_prefix_path.dsv
[10.009s] -- Up-to-date: /home/acdl1/mj_ws/ws_px4_controls/install/ugv_controller/share/ugv_controller/environment/path.sh
[10.009s] -- Up-to-date: /home/acdl1/mj_ws/ws_px4_controls/install/ugv_controller/share/ugv_controller/environment/path.dsv
[10.009s] -- Up-to-date: /home/acdl1/mj_ws/ws_px4_controls/install/ugv_controller/share/ugv_controller/local_setup.bash
[10.009s] -- Up-to-date: /home/acdl1/mj_ws/ws_px4_controls/install/ugv_controller/share/ugv_controller/local_setup.sh
[10.009s] -- Up-to-date: /home/acdl1/mj_ws/ws_px4_controls/install/ugv_controller/share/ugv_controller/local_setup.zsh
[10.009s] -- Up-to-date: /home/acdl1/mj_ws/ws_px4_controls/install/ugv_controller/share/ugv_controller/local_setup.dsv
[10.009s] -- Installing: /home/acdl1/mj_ws/ws_px4_controls/install/ugv_controller/share/ugv_controller/package.dsv
[10.009s] -- Up-to-date: /home/acdl1/mj_ws/ws_px4_controls/install/ugv_controller/share/ament_index/resource_index/packages/ugv_controller
[10.010s] -- Up-to-date: /home/acdl1/mj_ws/ws_px4_controls/install/ugv_controller/share/ugv_controller/cmake/ugv_controllerConfig.cmake
[10.010s] -- Up-to-date: /home/acdl1/mj_ws/ws_px4_controls/install/ugv_controller/share/ugv_controller/cmake/ugv_controllerConfig-version.cmake
[10.010s] -- Up-to-date: /home/acdl1/mj_ws/ws_px4_controls/install/ugv_controller/share/ugv_controller/package.xml
[10.011s] Invoked command in '/home/acdl1/mj_ws/ws_px4_controls/build/ugv_controller' returned '0': CMAKE_PREFIX_PATH=${CMAKE_PREFIX_PATH}:/home/acdl1/mj_ws/ws_px4_controls/install/opencv_tests:/opt/ros/humble /usr/bin/cmake --install /home/acdl1/mj_ws/ws_px4_controls/build/ugv_controller
