[35m[1mConsolidate compiler generated dependencies of target mission_follower_node[0m
[ 33%] Built target manual_path_logger_node
[ 66%] Built target path_follower_node
[ 83%] [32mBuilding CXX object CMakeFiles/mission_follower_node.dir/src/mission_follower_node.cpp.o[0m
[01m[K/home/jmj/pro_asp_ws/ugv_ws/src/ugv_controller/src/mission_follower_node.cpp:[m[K In constructor ‘[01m[KPathFollower::PathFollower()[m[K’:
[01m[K/home/jmj/pro_asp_ws/ugv_ws/src/ugv_controller/src/mission_follower_node.cpp:58:75:[m[K [01;31m[Kerror: [m[Kno match for ‘[01m[Koperator=[m[K’ (operand types are ‘[01m[Krclcpp::Subscription<std_msgs::msg::Bool_<std::allocator<void> > >::SharedPtr[m[K’ {aka ‘[01m[Kstd::shared_ptr<rclcpp::Subscription<std_msgs::msg::Bool_<std::allocator<void> > > >[m[K’} and ‘[01m[Kstd::shared_ptr<rclcpp::Publisher<std_msgs::msg::Bool_<std::allocator<void> > > >[m[K’)
   58 |     takeoff_pub_ = create_publisher<std_msgs::msg::Bool>("/do_takeoff", 10[01;31m[K)[m[K;
      |                                                                           [01;31m[K^[m[K
In file included from [01m[K/usr/include/c++/11/memory:77[m[K,
                 from [01m[K/opt/ros/humble/include/rclcpp/rclcpp/rclcpp.hpp:153[m[K,
                 from [01m[K/home/jmj/pro_asp_ws/ugv_ws/src/ugv_controller/src/mission_follower_node.cpp:1[m[K:
[01m[K/usr/include/c++/11/bits/shared_ptr.h:363:9:[m[K [01;36m[Knote: [m[Kcandidate: ‘[01m[Ktemplate<class _Yp> std::shared_ptr<_Tp>::_Assignable<const std::shared_ptr<_Yp>&> std::shared_ptr<_Tp>::operator=(const std::shared_ptr<_Yp>&) [with _Yp = _Yp; _Tp = rclcpp::Subscription<std_msgs::msg::Bool_<std::allocator<void> > >][m[K’
  363 |         [01;36m[Koperator[m[K=(const shared_ptr<_Yp>& __r) noexcept
      |         [01;36m[K^~~~~~~~[m[K
[01m[K/usr/include/c++/11/bits/shared_ptr.h:363:9:[m[K [01;36m[Knote: [m[K  template argument deduction/substitution failed:
/usr/include/c++/11/bits/shared_ptr.h: In substitution of ‘[01m[Ktemplate<class _Tp> template<class _Arg> using _Assignable = typename std::enable_if<std::is_assignable<std::__shared_ptr<_Tp>&, _Arg>::value, std::shared_ptr<_Tp>&>::type [with _Arg = const std::shared_ptr<rclcpp::Publisher<std_msgs::msg::Bool_<std::allocator<void> > > >&; _Tp = rclcpp::Subscription<std_msgs::msg::Bool_<std::allocator<void> > >][m[K’:
[01m[K/usr/include/c++/11/bits/shared_ptr.h:363:2:[m[K   required by substitution of ‘[01m[Ktemplate<class _Yp> std::shared_ptr<rclcpp::Subscription<std_msgs::msg::Bool_<std::allocator<void> > > >::_Assignable<const std::shared_ptr<_Tp>&> std::shared_ptr<rclcpp::Subscription<std_msgs::msg::Bool_<std::allocator<void> > > >::operator=<_Yp>(const std::shared_ptr<_Tp>&) [with _Yp = rclcpp::Publisher<std_msgs::msg::Bool_<std::allocator<void> > >][m[K’
[01m[K/home/jmj/pro_asp_ws/ugv_ws/src/ugv_controller/src/mission_follower_node.cpp:58:75:[m[K   required from here
[01m[K/usr/include/c++/11/bits/shared_ptr.h:130:15:[m[K [01;31m[Kerror: [m[Kno type named ‘[01m[Ktype[m[K’ in ‘[01m[Kstruct std::enable_if<false, std::shared_ptr<rclcpp::Subscription<std_msgs::msg::Bool_<std::allocator<void> > > >&>[m[K’
  130 |         using [01;31m[K_Assignable[m[K = typename enable_if<
      |               [01;31m[K^~~~~~~~~~~[m[K
[01m[K/usr/include/c++/11/bits/shared_ptr.h:374:9:[m[K [01;36m[Knote: [m[Kcandidate: ‘[01m[Ktemplate<class _Yp> std::shared_ptr<_Tp>::_Assignable<std::auto_ptr<_Up> > std::shared_ptr<_Tp>::operator=(std::auto_ptr<_Up>&&) [with _Yp = _Yp; _Tp = rclcpp::Subscription<std_msgs::msg::Bool_<std::allocator<void> > >][m[K’
  374 |         [01;36m[Koperator[m[K=(auto_ptr<_Yp>&& __r)
      |         [01;36m[K^~~~~~~~[m[K
[01m[K/usr/include/c++/11/bits/shared_ptr.h:374:9:[m[K [01;36m[Knote: [m[K  template argument deduction/substitution failed:
[01m[K/home/jmj/pro_asp_ws/ugv_ws/src/ugv_controller/src/mission_follower_node.cpp:58:75:[m[K [01;36m[Knote: [m[K  ‘[01m[Kstd::shared_ptr<rclcpp::Publisher<std_msgs::msg::Bool_<std::allocator<void> > > >[m[K’ is not derived from ‘[01m[Kstd::auto_ptr<_Up>[m[K’
   58 |     takeoff_pub_ = create_publisher<std_msgs::msg::Bool>("/do_takeoff", 10[01;36m[K)[m[K;
      |                                                                           [01;36m[K^[m[K
In file included from [01m[K/usr/include/c++/11/memory:77[m[K,
                 from [01m[K/opt/ros/humble/include/rclcpp/rclcpp/rclcpp.hpp:153[m[K,
                 from [01m[K/home/jmj/pro_asp_ws/ugv_ws/src/ugv_controller/src/mission_follower_node.cpp:1[m[K:
[01m[K/usr/include/c++/11/bits/shared_ptr.h:391:9:[m[K [01;36m[Knote: [m[Kcandidate: ‘[01m[Ktemplate<class _Yp> std::shared_ptr<_Tp>::_Assignable<std::shared_ptr<_Yp> > std::shared_ptr<_Tp>::operator=(std::shared_ptr<_Yp>&&) [with _Yp = _Yp; _Tp = rclcpp::Subscription<std_msgs::msg::Bool_<std::allocator<void> > >][m[K’
  391 |         [01;36m[Koperator[m[K=(shared_ptr<_Yp>&& __r) noexcept
      |         [01;36m[K^~~~~~~~[m[K
[01m[K/usr/include/c++/11/bits/shared_ptr.h:391:9:[m[K [01;36m[Knote: [m[K  template argument deduction/substitution failed:
/usr/include/c++/11/bits/shared_ptr.h: In substitution of ‘[01m[Ktemplate<class _Tp> template<class _Arg> using _Assignable = typename std::enable_if<std::is_assignable<std::__shared_ptr<_Tp>&, _Arg>::value, std::shared_ptr<_Tp>&>::type [with _Arg = std::shared_ptr<rclcpp::Publisher<std_msgs::msg::Bool_<std::allocator<void> > > >; _Tp = rclcpp::Subscription<std_msgs::msg::Bool_<std::allocator<void> > >][m[K’:
[01m[K/usr/include/c++/11/bits/shared_ptr.h:391:2:[m[K   required by substitution of ‘[01m[Ktemplate<class _Yp> std::shared_ptr<rclcpp::Subscription<std_msgs::msg::Bool_<std::allocator<void> > > >::_Assignable<std::shared_ptr<_Tp> > std::shared_ptr<rclcpp::Subscription<std_msgs::msg::Bool_<std::allocator<void> > > >::operator=<_Yp>(std::shared_ptr<_Tp>&&) [with _Yp = rclcpp::Publisher<std_msgs::msg::Bool_<std::allocator<void> > >][m[K’
[01m[K/home/jmj/pro_asp_ws/ugv_ws/src/ugv_controller/src/mission_follower_node.cpp:58:75:[m[K   required from here
[01m[K/usr/include/c++/11/bits/shared_ptr.h:130:15:[m[K [01;31m[Kerror: [m[Kno type named ‘[01m[Ktype[m[K’ in ‘[01m[Kstruct std::enable_if<false, std::shared_ptr<rclcpp::Subscription<std_msgs::msg::Bool_<std::allocator<void> > > >&>[m[K’
  130 |         using [01;31m[K_Assignable[m[K = typename enable_if<
      |               [01;31m[K^~~~~~~~~~~[m[K
[01m[K/usr/include/c++/11/bits/shared_ptr.h:399:9:[m[K [01;36m[Knote: [m[Kcandidate: ‘[01m[Ktemplate<class _Yp, class _Del> std::shared_ptr<_Tp>::_Assignable<std::unique_ptr<_Up, _Ep> > std::shared_ptr<_Tp>::operator=(std::unique_ptr<_Up, _Ep>&&) [with _Yp = _Yp; _Del = _Del; _Tp = rclcpp::Subscription<std_msgs::msg::Bool_<std::allocator<void> > >][m[K’
  399 |         [01;36m[Koperator[m[K=(unique_ptr<_Yp, _Del>&& __r)
      |         [01;36m[K^~~~~~~~[m[K
[01m[K/usr/include/c++/11/bits/shared_ptr.h:399:9:[m[K [01;36m[Knote: [m[K  template argument deduction/substitution failed:
[01m[K/home/jmj/pro_asp_ws/ugv_ws/src/ugv_controller/src/mission_follower_node.cpp:58:75:[m[K [01;36m[Knote: [m[K  ‘[01m[Kstd::shared_ptr<rclcpp::Publisher<std_msgs::msg::Bool_<std::allocator<void> > > >[m[K’ is not derived from ‘[01m[Kstd::unique_ptr<_Tp, _Dp>[m[K’
   58 |     takeoff_pub_ = create_publisher<std_msgs::msg::Bool>("/do_takeoff", 10[01;36m[K)[m[K;
      |                                                                           [01;36m[K^[m[K
In file included from [01m[K/usr/include/c++/11/memory:77[m[K,
                 from [01m[K/opt/ros/humble/include/rclcpp/rclcpp/rclcpp.hpp:153[m[K,
                 from [01m[K/home/jmj/pro_asp_ws/ugv_ws/src/ugv_controller/src/mission_follower_node.cpp:1[m[K:
[01m[K/usr/include/c++/11/bits/shared_ptr.h:359:19:[m[K [01;36m[Knote: [m[Kcandidate: ‘[01m[Kstd::shared_ptr<_Tp>& std::shared_ptr<_Tp>::operator=(const std::shared_ptr<_Tp>&) [with _Tp = rclcpp::Subscription<std_msgs::msg::Bool_<std::allocator<void> > >][m[K’
  359 |       shared_ptr& [01;36m[Koperator[m[K=(const shared_ptr&) noexcept = default;
      |                   [01;36m[K^~~~~~~~[m[K
[01m[K/usr/include/c++/11/bits/shared_ptr.h:359:29:[m[K [01;36m[Knote: [m[K  no known conversion for argument 1 from ‘[01m[Kstd::shared_ptr<rclcpp::Publisher<std_msgs::msg::Bool_<std::allocator<void> > > >[m[K’ to ‘[01m[Kconst std::shared_ptr<rclcpp::Subscription<std_msgs::msg::Bool_<std::allocator<void> > > >&[m[K’
  359 |       shared_ptr& operator=([01;36m[Kconst shared_ptr&[m[K) noexcept = default;
      |                             [01;36m[K^~~~~~~~~~~~~~~~~[m[K
[01m[K/usr/include/c++/11/bits/shared_ptr.h:383:7:[m[K [01;36m[Knote: [m[Kcandidate: ‘[01m[Kstd::shared_ptr<_Tp>& std::shared_ptr<_Tp>::operator=(std::shared_ptr<_Tp>&&) [with _Tp = rclcpp::Subscription<std_msgs::msg::Bool_<std::allocator<void> > >][m[K’
  383 |       [01;36m[Koperator[m[K=(shared_ptr&& __r) noexcept
      |       [01;36m[K^~~~~~~~[m[K
[01m[K/usr/include/c++/11/bits/shared_ptr.h:383:30:[m[K [01;36m[Knote: [m[K  no known conversion for argument 1 from ‘[01m[Kstd::shared_ptr<rclcpp::Publisher<std_msgs::msg::Bool_<std::allocator<void> > > >[m[K’ to ‘[01m[Kstd::shared_ptr<rclcpp::Subscription<std_msgs::msg::Bool_<std::allocator<void> > > >&&[m[K’
  383 |       operator=([01;36m[Kshared_ptr&& __r[m[K) noexcept
      |                 [01;36m[K~~~~~~~~~~~~~^~~[m[K
[01m[K/home/jmj/pro_asp_ws/ugv_ws/src/ugv_controller/src/mission_follower_node.cpp:[m[K In member function ‘[01m[Kvoid PathFollower::control_loop()[m[K’:
[01m[K/home/jmj/pro_asp_ws/ugv_ws/src/ugv_controller/src/mission_follower_node.cpp:160:7:[m[K [01;31m[Kerror: [m[K‘[01m[Ktakeoff_pub[m[K’ was not declared in this scope; did you mean ‘[01m[Ktakeoff_pub_[m[K’?
  160 |       [01;31m[Ktakeoff_pub[m[K->publish(std_msgs::msg::Bool{true});  // 드론 이륙 신호 전송
      |       [01;31m[K^~~~~~~~~~~[m[K
      |       [32m[Ktakeoff_pub_[m[K
[01m[K/home/jmj/pro_asp_ws/ugv_ws/src/ugv_controller/src/mission_follower_node.cpp:160:52:[m[K [01;31m[Kerror: [m[Kno matching function for call to ‘[01m[Kstd_msgs::msg::Bool_<std::allocator<void> >::Bool_(<brace-enclosed initializer list>)[m[K’
  160 |       takeoff_pub->publish(std_msgs::msg::Bool{true[01;31m[K}[m[K);  // 드론 이륙 신호 전송
      |                                                    [01;31m[K^[m[K
In file included from [01m[K/opt/ros/humble/include/std_msgs/std_msgs/msg/bool.hpp:7[m[K,
                 from [01m[K/home/jmj/pro_asp_ws/ugv_ws/src/ugv_controller/src/mission_follower_node.cpp:5[m[K:
[01m[K/opt/ros/humble/include/std_msgs/std_msgs/msg/detail/bool__struct.hpp:45:12:[m[K [01;36m[Knote: [m[Kcandidate: ‘[01m[Kstd_msgs::msg::Bool_<ContainerAllocator>::Bool_(const ContainerAllocator&, rosidl_runtime_cpp::MessageInitialization) [with ContainerAllocator = std::allocator<void>][m[K’
   45 |   explicit [01;36m[KBool_[m[K(const ContainerAllocator & _alloc, rosidl_runtime_cpp::MessageInitialization _init = rosidl_runtime_cpp::MessageInitialization::ALL)
      |            [01;36m[K^~~~~[m[K
[01m[K/opt/ros/humble/include/std_msgs/std_msgs/msg/detail/bool__struct.hpp:45:45:[m[K [01;36m[Knote: [m[K  no known conversion for argument 1 from ‘[01m[Kbool[m[K’ to ‘[01m[Kconst std::allocator<void>&[m[K’
   45 |   explicit Bool_([01;36m[Kconst ContainerAllocator & _alloc[m[K, rosidl_runtime_cpp::MessageInitialization _init = rosidl_runtime_cpp::MessageInitialization::ALL)
      |                  [01;36m[K~~~~~~~~~~~~~~~~~~~~~~~~~~~^~~~~~[m[K
[01m[K/opt/ros/humble/include/std_msgs/std_msgs/msg/detail/bool__struct.hpp:36:12:[m[K [01;36m[Knote: [m[Kcandidate: ‘[01m[Kstd_msgs::msg::Bool_<ContainerAllocator>::Bool_(rosidl_runtime_cpp::MessageInitialization) [with ContainerAllocator = std::allocator<void>][m[K’
   36 |   explicit [01;36m[KBool_[m[K(rosidl_runtime_cpp::MessageInitialization _init = rosidl_runtime_cpp::MessageInitialization::ALL)
      |            [01;36m[K^~~~~[m[K
[01m[K/opt/ros/humble/include/std_msgs/std_msgs/msg/detail/bool__struct.hpp:36:60:[m[K [01;36m[Knote: [m[K  no known conversion for argument 1 from ‘[01m[Kbool[m[K’ to ‘[01m[Krosidl_runtime_cpp::MessageInitialization[m[K’
   36 |   explicit Bool_([01;36m[Krosidl_runtime_cpp::MessageInitialization _init = rosidl_runtime_cpp::MessageInitialization::ALL[m[K)
      |                  [01;36m[K~~~~~~~~~~~~~~~~~~~~~~~~~~~~~~~~~~~~~~~~~~^~~~~~~~~~~~~~~~~~~~~~~~~~~~~~~~~~~~~~~~~~~~~~~~~~~~~~[m[K
[01m[K/opt/ros/humble/include/std_msgs/std_msgs/msg/detail/bool__struct.hpp:32:8:[m[K [01;36m[Knote: [m[Kcandidate: ‘[01m[Kconstexpr std_msgs::msg::Bool_<std::allocator<void> >::Bool_(const std_msgs::msg::Bool_<std::allocator<void> >&)[m[K’
   32 | struct [01;36m[KBool_[m[K
      |        [01;36m[K^~~~~[m[K
[01m[K/opt/ros/humble/include/std_msgs/std_msgs/msg/detail/bool__struct.hpp:32:8:[m[K [01;36m[Knote: [m[K  no known conversion for argument 1 from ‘[01m[Kbool[m[K’ to ‘[01m[Kconst std_msgs::msg::Bool_<std::allocator<void> >&[m[K’
[01m[K/opt/ros/humble/include/std_msgs/std_msgs/msg/detail/bool__struct.hpp:32:8:[m[K [01;36m[Knote: [m[Kcandidate: ‘[01m[Kconstexpr std_msgs::msg::Bool_<std::allocator<void> >::Bool_(std_msgs::msg::Bool_<std::allocator<void> >&&)[m[K’
[01m[K/opt/ros/humble/include/std_msgs/std_msgs/msg/detail/bool__struct.hpp:32:8:[m[K [01;36m[Knote: [m[K  no known conversion for argument 1 from ‘[01m[Kbool[m[K’ to ‘[01m[Kstd_msgs::msg::Bool_<std::allocator<void> >&&[m[K’
gmake[2]: *** [CMakeFiles/mission_follower_node.dir/build.make:76: CMakeFiles/mission_follower_node.dir/src/mission_follower_node.cpp.o] Error 1
gmake[1]: *** [CMakeFiles/Makefile2:193: CMakeFiles/mission_follower_node.dir/all] Error 2
gmake: *** [Makefile:146: all] Error 2
