[0.011s] Invoking command in '/home/acdl1/mj_ws/ws_px4_controls/build/ugv_controller': CMAKE_PREFIX_PATH=${CMAKE_PREFIX_PATH}:/home/acdl1/mj_ws/ws_px4_controls/install/opencv_tests:/opt/ros/humble /usr/bin/cmake --build /home/acdl1/mj_ws/ws_px4_controls/build/ugv_controller -- -j16 -l16
[0.053s] [35m[1mConsolidate compiler generated dependencies of target mission_follower_node[0m
[0.066s] [ 66%] Built target manual_path_logger_node
[0.066s] [ 66%] Built target path_follower_node
[0.074s] [ 83%] [32mBuilding CXX object CMakeFiles/mission_follower_node.dir/src/mission_follower_node.cpp.o[0m
[10.525s] [100%] [32m[1mLinking CXX executable mission_follower_node[0m
[11.109s] [100%] Built target mission_follower_node
[11.120s] Invoked command in '/home/acdl1/mj_ws/ws_px4_controls/build/ugv_controller' returned '0': CMAKE_PREFIX_PATH=${CMAKE_PREFIX_PATH}:/home/acdl1/mj_ws/ws_px4_controls/install/opencv_tests:/opt/ros/humble /usr/bin/cmake --build /home/acdl1/mj_ws/ws_px4_controls/build/ugv_controller -- -j16 -l16
[11.130s] Invoking command in '/home/acdl1/mj_ws/ws_px4_controls/build/ugv_controller': CMAKE_PREFIX_PATH=${CMAKE_PREFIX_PATH}:/home/acdl1/mj_ws/ws_px4_controls/install/opencv_tests:/opt/ros/humble /usr/bin/cmake --install /home/acdl1/mj_ws/ws_px4_controls/build/ugv_controller
[11.140s] -- Install configuration: ""
[11.140s] -- Up-to-date: /home/acdl1/mj_ws/ws_px4_controls/install/ugv_controller/lib/ugv_controller/path_follower_node
[11.141s] -- Up-to-date: /home/acdl1/mj_ws/ws_px4_controls/install/ugv_controller/lib/ugv_controller/manual_path_logger_node
[11.141s] -- Installing: /home/acdl1/mj_ws/ws_px4_controls/install/ugv_controller/lib/ugv_controller/mission_follower_node
[11.145s] -- Set runtime path of "/home/acdl1/mj_ws/ws_px4_controls/install/ugv_controller/lib/ugv_controller/mission_follower_node" to ""
[11.145s] -- Up-to-date: /home/acdl1/mj_ws/ws_px4_controls/install/ugv_controller/share/ugv_controller/launch
[11.145s] -- Up-to-date: /home/acdl1/mj_ws/ws_px4_controls/install/ugv_controller/share/ugv_controller/launch/path_follower.launch.py
[11.146s] -- Up-to-date: /home/acdl1/mj_ws/ws_px4_controls/install/ugv_controller/share/ugv_controller/mission.csv
[11.146s] -- Up-to-date: /home/acdl1/mj_ws/ws_px4_controls/install/ugv_controller/share/ament_index/resource_index/package_run_dependencies/ugv_controller
[11.146s] -- Up-to-date: /home/acdl1/mj_ws/ws_px4_controls/install/ugv_controller/share/ament_index/resource_index/parent_prefix_path/ugv_controller
[11.146s] -- Up-to-date: /home/acdl1/mj_ws/ws_px4_controls/install/ugv_controller/share/ugv_controller/environment/ament_prefix_path.sh
[11.146s] -- Up-to-date: /home/acdl1/mj_ws/ws_px4_controls/install/ugv_controller/share/ugv_controller/environment/ament_prefix_path.dsv
[11.146s] -- Up-to-date: /home/acdl1/mj_ws/ws_px4_controls/install/ugv_controller/share/ugv_controller/environment/path.sh
[11.146s] -- Up-to-date: /home/acdl1/mj_ws/ws_px4_controls/install/ugv_controller/share/ugv_controller/environment/path.dsv
[11.146s] -- Up-to-date: /home/acdl1/mj_ws/ws_px4_controls/install/ugv_controller/share/ugv_controller/local_setup.bash
[11.146s] -- Up-to-date: /home/acdl1/mj_ws/ws_px4_controls/install/ugv_controller/share/ugv_controller/local_setup.sh
[11.147s] -- Up-to-date: /home/acdl1/mj_ws/ws_px4_controls/install/ugv_controller/share/ugv_controller/local_setup.zsh
[11.147s] -- Up-to-date: /home/acdl1/mj_ws/ws_px4_controls/install/ugv_controller/share/ugv_controller/local_setup.dsv
[11.147s] -- Installing: /home/acdl1/mj_ws/ws_px4_controls/install/ugv_controller/share/ugv_controller/package.dsv
[11.147s] -- Up-to-date: /home/acdl1/mj_ws/ws_px4_controls/install/ugv_controller/share/ament_index/resource_index/packages/ugv_controller
[11.147s] -- Up-to-date: /home/acdl1/mj_ws/ws_px4_controls/install/ugv_controller/share/ugv_controller/cmake/ugv_controllerConfig.cmake
[11.147s] -- Up-to-date: /home/acdl1/mj_ws/ws_px4_controls/install/ugv_controller/share/ugv_controller/cmake/ugv_controllerConfig-version.cmake
[11.147s] -- Up-to-date: /home/acdl1/mj_ws/ws_px4_controls/install/ugv_controller/share/ugv_controller/package.xml
[11.149s] Invoked command in '/home/acdl1/mj_ws/ws_px4_controls/build/ugv_controller' returned '0': CMAKE_PREFIX_PATH=${CMAKE_PREFIX_PATH}:/home/acdl1/mj_ws/ws_px4_controls/install/opencv_tests:/opt/ros/humble /usr/bin/cmake --install /home/acdl1/mj_ws/ws_px4_controls/build/ugv_controller
