[35m[1mConsolidate compiler generated dependencies of target pose_tf_broadcaster[0m
[100%] Built target pose_tf_broadcaster
-- Install configuration: ""
-- Installing: /home/acdl1/mj_ws/ws_px4_controls/install/gazebo_env_setup/lib/gazebo_env_setup/pose_tf_broadcaster
-- Set runtime path of "/home/acdl1/mj_ws/ws_px4_controls/install/gazebo_env_setup/lib/gazebo_env_setup/pose_tf_broadcaster" to ""
-- Installing: /home/acdl1/mj_ws/ws_px4_controls/install/gazebo_env_setup/share/gazebo_env_setup/launch
-- Installing: /home/acdl1/mj_ws/ws_px4_controls/install/gazebo_env_setup/share/gazebo_env_setup/launch/pose_tf_broadcaster.launch.py
-- Installing: /home/acdl1/mj_ws/ws_px4_controls/install/gazebo_env_setup/share/gazebo_env_setup/launch/topic_bridge.launch.py
-- Installing: /home/acdl1/mj_ws/ws_px4_controls/install/gazebo_env_setup/share/ament_index/resource_index/package_run_dependencies/gazebo_env_setup
-- Installing: /home/acdl1/mj_ws/ws_px4_controls/install/gazebo_env_setup/share/ament_index/resource_index/parent_prefix_path/gazebo_env_setup
-- Installing: /home/acdl1/mj_ws/ws_px4_controls/install/gazebo_env_setup/share/gazebo_env_setup/environment/ament_prefix_path.sh
-- Installing: /home/acdl1/mj_ws/ws_px4_controls/install/gazebo_env_setup/share/gazebo_env_setup/environment/ament_prefix_path.dsv
-- Installing: /home/acdl1/mj_ws/ws_px4_controls/install/gazebo_env_setup/share/gazebo_env_setup/environment/path.sh
-- Installing: /home/acdl1/mj_ws/ws_px4_controls/install/gazebo_env_setup/share/gazebo_env_setup/environment/path.dsv
-- Installing: /home/acdl1/mj_ws/ws_px4_controls/install/gazebo_env_setup/share/gazebo_env_setup/local_setup.bash
-- Installing: /home/acdl1/mj_ws/ws_px4_controls/install/gazebo_env_setup/share/gazebo_env_setup/local_setup.sh
-- Installing: /home/acdl1/mj_ws/ws_px4_controls/install/gazebo_env_setup/share/gazebo_env_setup/local_setup.zsh
-- Installing: /home/acdl1/mj_ws/ws_px4_controls/install/gazebo_env_setup/share/gazebo_env_setup/local_setup.dsv
-- Installing: /home/acdl1/mj_ws/ws_px4_controls/install/gazebo_env_setup/share/gazebo_env_setup/package.dsv
-- Installing: /home/acdl1/mj_ws/ws_px4_controls/install/gazebo_env_setup/share/ament_index/resource_index/packages/gazebo_env_setup
-- Installing: /home/acdl1/mj_ws/ws_px4_controls/install/gazebo_env_setup/share/gazebo_env_setup/cmake/gazebo_env_setupConfig.cmake
-- Installing: /home/acdl1/mj_ws/ws_px4_controls/install/gazebo_env_setup/share/gazebo_env_setup/cmake/gazebo_env_setupConfig-version.cmake
-- Installing: /home/acdl1/mj_ws/ws_px4_controls/install/gazebo_env_setup/share/gazebo_env_setup/package.xml
