[0.024s] Invoking command in '/home/jmj/pro_asp_ws/ws_px4_controls/build/image_geometry': CMAKE_PREFIX_PATH=${CMAKE_PREFIX_PATH}:/home/jmj/pro_asp_ws/ws_px4_controls/install/opencv_tests:/opt/ros/humble /usr/bin/cmake /home/jmj/pro_asp_ws/ws_px4_controls/src/ws_aruco/src/vision_opencv/image_geometry -DCMAKE_INSTALL_PREFIX=/home/jmj/pro_asp_ws/ws_px4_controls/install/image_geometry
[0.079s] -- The C compiler identification is GNU 11.4.0
[0.162s] -- The CXX compiler identification is GNU 11.4.0
[0.165s] -- Detecting C compiler ABI info
[0.232s] -- Detecting C compiler ABI info - done
[0.240s] -- Check for working C compiler: /usr/lib/ccache/gcc - skipped
[0.241s] -- Detecting C compile features
[0.241s] -- Detecting C compile features - done
[0.244s] -- Detecting CXX compiler ABI info
[0.321s] -- Detecting CXX compiler ABI info - done
[0.334s] -- Check for working CXX compiler: /usr/lib/ccache/g++ - skipped
[0.334s] -- Detecting CXX compile features
[0.334s] -- Detecting CXX compile features - done
[0.337s] -- Found ament_cmake_python: 1.3.11 (/opt/ros/humble/share/ament_cmake_python/cmake)
[0.339s] -- Found ament_cmake_ros: 0.10.0 (/opt/ros/humble/share/ament_cmake_ros/cmake)
[0.555s] -- Found Python3: /usr/bin/python3 (found version "3.10.12") found components: Interpreter 
[0.812s] -- Found OpenCV: /usr (found version "4.5.4") found components: calib3d core highgui imgproc 
[0.815s] -- Found sensor_msgs: 4.8.0 (/opt/ros/humble/share/sensor_msgs/cmake)
[0.878s] -- Found rosidl_generator_c: 3.1.6 (/opt/ros/humble/share/rosidl_generator_c/cmake)
[0.889s] -- Found rosidl_adapter: 3.1.6 (/opt/ros/humble/share/rosidl_adapter/cmake)
[0.913s] -- Found rosidl_generator_cpp: 3.1.6 (/opt/ros/humble/share/rosidl_generator_cpp/cmake)
[0.929s] -- Using all available rosidl_typesupport_c: rosidl_typesupport_fastrtps_c;rosidl_typesupport_introspection_c
[0.951s] -- Using all available rosidl_typesupport_cpp: rosidl_typesupport_fastrtps_cpp;rosidl_typesupport_introspection_cpp
[1.029s] -- Found gtest sources under '/opt/ros/humble/src/gtest_vendor': C++ tests using 'Google Test' will be built
[1.033s] -- Looking for pthread.h
[1.176s] -- Looking for pthread.h - found
[1.176s] -- Performing Test CMAKE_HAVE_LIBC_PTHREAD
[1.255s] -- Performing Test CMAKE_HAVE_LIBC_PTHREAD - Success
[1.256s] -- Found Threads: TRUE  
[1.403s] -- Configuring done
[1.422s] -- Generating done
[1.428s] -- Build files have been written to: /home/jmj/pro_asp_ws/ws_px4_controls/build/image_geometry
[1.450s] Invoked command in '/home/jmj/pro_asp_ws/ws_px4_controls/build/image_geometry' returned '0': CMAKE_PREFIX_PATH=${CMAKE_PREFIX_PATH}:/home/jmj/pro_asp_ws/ws_px4_controls/install/opencv_tests:/opt/ros/humble /usr/bin/cmake /home/jmj/pro_asp_ws/ws_px4_controls/src/ws_aruco/src/vision_opencv/image_geometry -DCMAKE_INSTALL_PREFIX=/home/jmj/pro_asp_ws/ws_px4_controls/install/image_geometry
[1.451s] Invoking command in '/home/jmj/pro_asp_ws/ws_px4_controls/build/image_geometry': CMAKE_PREFIX_PATH=${CMAKE_PREFIX_PATH}:/home/jmj/pro_asp_ws/ws_px4_controls/install/opencv_tests:/opt/ros/humble /usr/bin/cmake --build /home/jmj/pro_asp_ws/ws_px4_controls/build/image_geometry -- -j20 -l20
[1.511s] [ 22%] [32mBuilding CXX object gtest/CMakeFiles/gtest_main.dir/src/gtest_main.cc.o[0m
[1.511s] [ 22%] [32mBuilding CXX object CMakeFiles/image_geometry.dir/src/stereo_camera_model.cpp.o[0m
[1.519s] [ 44%] [32mBuilding CXX object CMakeFiles/image_geometry.dir/src/pinhole_camera_model.cpp.o[0m
[1.519s] [ 44%] [32mBuilding CXX object gtest/CMakeFiles/gtest.dir/src/gtest-all.cc.o[0m
[1.521s] [ 44%] Built target ament_cmake_python_copy_image_geometry
[1.532s] [ 55%] [32m[1mLinking CXX static library libgtest_main.a[0m
[1.540s] [ 66%] [32m[1mLinking CXX shared library libimage_geometry.so[0m
[1.553s] [ 77%] [32m[1mLinking CXX static library libgtest.a[0m
[1.632s] [ 77%] Built target gtest_main
[1.880s] [ 77%] Built target gtest
[1.938s] [ 77%] Built target image_geometry
[1.969s] [ 88%] [32mBuilding CXX object CMakeFiles/image_geometry-utest.dir/test/utest.cpp.o[0m
[1.969s] [100%] [32m[1mLinking CXX executable image_geometry-utest[0m
[1.977s] running egg_info
[1.977s] creating image_geometry.egg-info
[1.978s] writing image_geometry.egg-info/PKG-INFO
[1.978s] writing dependency_links to image_geometry.egg-info/dependency_links.txt
[1.978s] writing top-level names to image_geometry.egg-info/top_level.txt
[1.978s] writing manifest file 'image_geometry.egg-info/SOURCES.txt'
[1.978s] reading manifest file 'image_geometry.egg-info/SOURCES.txt'
[1.979s] writing manifest file 'image_geometry.egg-info/SOURCES.txt'
[1.987s] [100%] Built target ament_cmake_python_build_image_geometry_egg
[2.143s] [100%] Built target image_geometry-utest
[2.182s] Invoked command in '/home/jmj/pro_asp_ws/ws_px4_controls/build/image_geometry' returned '0': CMAKE_PREFIX_PATH=${CMAKE_PREFIX_PATH}:/home/jmj/pro_asp_ws/ws_px4_controls/install/opencv_tests:/opt/ros/humble /usr/bin/cmake --build /home/jmj/pro_asp_ws/ws_px4_controls/build/image_geometry -- -j20 -l20
[2.184s] Invoking command in '/home/jmj/pro_asp_ws/ws_px4_controls/build/image_geometry': CMAKE_PREFIX_PATH=${CMAKE_PREFIX_PATH}:/home/jmj/pro_asp_ws/ws_px4_controls/install/opencv_tests:/opt/ros/humble /usr/bin/cmake --install /home/jmj/pro_asp_ws/ws_px4_controls/build/image_geometry
[2.198s] -- Install configuration: ""
[2.198s] -- Installing: /home/jmj/pro_asp_ws/ws_px4_controls/install/image_geometry/share/image_geometry/environment/pythonpath.sh
[2.198s] -- Installing: /home/jmj/pro_asp_ws/ws_px4_controls/install/image_geometry/share/image_geometry/environment/pythonpath.dsv
[2.198s] -- Installing: /home/jmj/pro_asp_ws/ws_px4_controls/install/image_geometry/local/lib/python3.10/dist-packages/image_geometry-3.2.1-py3.10.egg-info
[2.198s] -- Installing: /home/jmj/pro_asp_ws/ws_px4_controls/install/image_geometry/local/lib/python3.10/dist-packages/image_geometry-3.2.1-py3.10.egg-info/dependency_links.txt
[2.198s] -- Installing: /home/jmj/pro_asp_ws/ws_px4_controls/install/image_geometry/local/lib/python3.10/dist-packages/image_geometry-3.2.1-py3.10.egg-info/top_level.txt
[2.198s] -- Installing: /home/jmj/pro_asp_ws/ws_px4_controls/install/image_geometry/local/lib/python3.10/dist-packages/image_geometry-3.2.1-py3.10.egg-info/PKG-INFO
[2.198s] -- Installing: /home/jmj/pro_asp_ws/ws_px4_controls/install/image_geometry/local/lib/python3.10/dist-packages/image_geometry-3.2.1-py3.10.egg-info/SOURCES.txt
[2.199s] -- Installing: /home/jmj/pro_asp_ws/ws_px4_controls/install/image_geometry/local/lib/python3.10/dist-packages/image_geometry
[2.199s] -- Installing: /home/jmj/pro_asp_ws/ws_px4_controls/install/image_geometry/local/lib/python3.10/dist-packages/image_geometry/__init__.py
[2.199s] -- Installing: /home/jmj/pro_asp_ws/ws_px4_controls/install/image_geometry/local/lib/python3.10/dist-packages/image_geometry/cameramodels.py
[2.254s] Listing '/home/jmj/pro_asp_ws/ws_px4_controls/install/image_geometry/local/lib/python3.10/dist-packages/image_geometry'...
[2.254s] Compiling '/home/jmj/pro_asp_ws/ws_px4_controls/install/image_geometry/local/lib/python3.10/dist-packages/image_geometry/__init__.py'...
[2.254s] Compiling '/home/jmj/pro_asp_ws/ws_px4_controls/install/image_geometry/local/lib/python3.10/dist-packages/image_geometry/cameramodels.py'...
[2.264s] -- Installing: /home/jmj/pro_asp_ws/ws_px4_controls/install/image_geometry/include/image_geometry
[2.264s] -- Installing: /home/jmj/pro_asp_ws/ws_px4_controls/install/image_geometry/include/image_geometry/image_geometry
[2.264s] -- Installing: /home/jmj/pro_asp_ws/ws_px4_controls/install/image_geometry/include/image_geometry/image_geometry/visibility_control.hpp
[2.265s] -- Installing: /home/jmj/pro_asp_ws/ws_px4_controls/install/image_geometry/include/image_geometry/image_geometry/stereo_camera_model.h
[2.265s] -- Installing: /home/jmj/pro_asp_ws/ws_px4_controls/install/image_geometry/include/image_geometry/image_geometry/pinhole_camera_model.h
[2.265s] -- Installing: /home/jmj/pro_asp_ws/ws_px4_controls/install/image_geometry/lib/libimage_geometry.so
[2.266s] -- Set runtime path of "/home/jmj/pro_asp_ws/ws_px4_controls/install/image_geometry/lib/libimage_geometry.so" to ""
[2.267s] -- Installing: /home/jmj/pro_asp_ws/ws_px4_controls/install/image_geometry/share/ament_index/resource_index/package_run_dependencies/image_geometry
[2.267s] -- Installing: /home/jmj/pro_asp_ws/ws_px4_controls/install/image_geometry/share/ament_index/resource_index/parent_prefix_path/image_geometry
[2.267s] -- Installing: /home/jmj/pro_asp_ws/ws_px4_controls/install/image_geometry/share/image_geometry/environment/ament_prefix_path.sh
[2.268s] -- Installing: /home/jmj/pro_asp_ws/ws_px4_controls/install/image_geometry/share/image_geometry/environment/ament_prefix_path.dsv
[2.268s] -- Installing: /home/jmj/pro_asp_ws/ws_px4_controls/install/image_geometry/share/image_geometry/environment/path.sh
[2.268s] -- Installing: /home/jmj/pro_asp_ws/ws_px4_controls/install/image_geometry/share/image_geometry/environment/path.dsv
[2.269s] -- Installing: /home/jmj/pro_asp_ws/ws_px4_controls/install/image_geometry/share/image_geometry/local_setup.bash
[2.269s] -- Installing: /home/jmj/pro_asp_ws/ws_px4_controls/install/image_geometry/share/image_geometry/local_setup.sh
[2.269s] -- Installing: /home/jmj/pro_asp_ws/ws_px4_controls/install/image_geometry/share/image_geometry/local_setup.zsh
[2.269s] -- Installing: /home/jmj/pro_asp_ws/ws_px4_controls/install/image_geometry/share/image_geometry/local_setup.dsv
[2.270s] -- Installing: /home/jmj/pro_asp_ws/ws_px4_controls/install/image_geometry/share/image_geometry/package.dsv
[2.270s] -- Installing: /home/jmj/pro_asp_ws/ws_px4_controls/install/image_geometry/share/ament_index/resource_index/packages/image_geometry
[2.270s] -- Installing: /home/jmj/pro_asp_ws/ws_px4_controls/install/image_geometry/share/image_geometry/cmake/export_image_geometryExport.cmake
[2.270s] -- Installing: /home/jmj/pro_asp_ws/ws_px4_controls/install/image_geometry/share/image_geometry/cmake/export_image_geometryExport-noconfig.cmake
[2.271s] -- Installing: /home/jmj/pro_asp_ws/ws_px4_controls/install/image_geometry/share/image_geometry/cmake/ament_cmake_export_targets-extras.cmake
[2.271s] -- Installing: /home/jmj/pro_asp_ws/ws_px4_controls/install/image_geometry/share/image_geometry/cmake/ament_cmake_export_dependencies-extras.cmake
[2.272s] -- Installing: /home/jmj/pro_asp_ws/ws_px4_controls/install/image_geometry/share/image_geometry/cmake/image_geometryConfig.cmake
[2.272s] -- Installing: /home/jmj/pro_asp_ws/ws_px4_controls/install/image_geometry/share/image_geometry/cmake/image_geometryConfig-version.cmake
[2.272s] -- Installing: /home/jmj/pro_asp_ws/ws_px4_controls/install/image_geometry/share/image_geometry/package.xml
[2.276s] Invoked command in '/home/jmj/pro_asp_ws/ws_px4_controls/build/image_geometry' returned '0': CMAKE_PREFIX_PATH=${CMAKE_PREFIX_PATH}:/home/jmj/pro_asp_ws/ws_px4_controls/install/opencv_tests:/opt/ros/humble /usr/bin/cmake --install /home/jmj/pro_asp_ws/ws_px4_controls/build/image_geometry
