[0.056s] Invoking command in '/home/jmj/pro_asp_ws/ugv_ws/build/ugv_controller': CMAKE_PREFIX_PATH=/opt/ros/humble /usr/bin/cmake /home/jmj/pro_asp_ws/ugv_ws/src/ugv_controller -DCMAKE_INSTALL_PREFIX=/home/jmj/pro_asp_ws/ugv_ws/install/ugv_controller
[0.160s] -- The C compiler identification is GNU 11.4.0
[0.271s] -- The CXX compiler identification is GNU 11.4.0
[0.291s] -- Detecting C compiler ABI info
[0.374s] -- Detecting C compiler ABI info - done
[0.391s] -- Check for working C compiler: /usr/lib/ccache/gcc - skipped
[0.391s] -- Detecting C compile features
[0.391s] -- Detecting C compile features - done
[0.399s] -- Detecting CXX compiler ABI info
[0.518s] -- Detecting CXX compiler ABI info - done
[0.534s] -- Check for working CXX compiler: /usr/lib/ccache/g++ - skipped
[0.537s] -- Detecting CXX compile features
[0.537s] -- Detecting CXX compile features - done
[0.545s] -- Found ament_cmake: 1.3.11 (/opt/ros/humble/share/ament_cmake/cmake)
[0.776s] -- Found Python3: /usr/bin/python3 (found version "3.10.12") found components: Interpreter 
[1.045s] -- Found rclcpp: 16.0.12 (/opt/ros/humble/share/rclcpp/cmake)
[1.169s] -- Found rosidl_generator_c: 3.1.6 (/opt/ros/humble/share/rosidl_generator_c/cmake)
[1.183s] -- Found rosidl_adapter: 3.1.6 (/opt/ros/humble/share/rosidl_adapter/cmake)
[1.199s] -- Found rosidl_generator_cpp: 3.1.6 (/opt/ros/humble/share/rosidl_generator_cpp/cmake)
[1.234s] -- Using all available rosidl_typesupport_c: rosidl_typesupport_fastrtps_c;rosidl_typesupport_introspection_c
[1.286s] -- Using all available rosidl_typesupport_cpp: rosidl_typesupport_fastrtps_cpp;rosidl_typesupport_introspection_cpp
[1.413s] -- Found rmw_implementation_cmake: 6.1.2 (/opt/ros/humble/share/rmw_implementation_cmake/cmake)
[1.420s] -- Found rmw_fastrtps_cpp: 6.2.7 (/opt/ros/humble/share/rmw_fastrtps_cpp/cmake)
[1.649s] -- Found OpenSSL: /usr/lib/x86_64-linux-gnu/libcrypto.so (found version "3.0.2")  
[1.717s] -- Found FastRTPS: /opt/ros/humble/include  
[1.832s] -- Using RMW implementation 'rmw_fastrtps_cpp' as default
[1.856s] -- Looking for pthread.h
[2.063s] -- Looking for pthread.h - found
[2.067s] -- Performing Test CMAKE_HAVE_LIBC_PTHREAD
[2.253s] -- Performing Test CMAKE_HAVE_LIBC_PTHREAD - Success
[2.258s] -- Found Threads: TRUE  
[2.357s] -- Found geometry_msgs: 4.8.0 (/opt/ros/humble/share/geometry_msgs/cmake)
[2.404s] -- Found visualization_msgs: 4.8.0 (/opt/ros/humble/share/visualization_msgs/cmake)
[2.497s] -- Found tf2: 0.25.12 (/opt/ros/humble/share/tf2/cmake)
[2.526s] -- Found tf2_ros: 0.25.12 (/opt/ros/humble/share/tf2_ros/cmake)
[2.788s] -- Found tf2_geometry_msgs: 0.25.12 (/opt/ros/humble/share/tf2_geometry_msgs/cmake)
[2.825s] -- Found eigen3_cmake_module: 0.1.1 (/opt/ros/humble/share/eigen3_cmake_module/cmake)
[2.828s] -- Found Eigen3: TRUE (found version "3.4.0") 
[2.828s] -- Ensuring Eigen3 include directory is part of orocos-kdl CMake target
[3.008s] -- Configuring done
[3.062s] -- Generating done
[3.085s] -- Build files have been written to: /home/jmj/pro_asp_ws/ugv_ws/build/ugv_controller
[3.117s] Invoked command in '/home/jmj/pro_asp_ws/ugv_ws/build/ugv_controller' returned '0': CMAKE_PREFIX_PATH=/opt/ros/humble /usr/bin/cmake /home/jmj/pro_asp_ws/ugv_ws/src/ugv_controller -DCMAKE_INSTALL_PREFIX=/home/jmj/pro_asp_ws/ugv_ws/install/ugv_controller
[3.118s] Invoking command in '/home/jmj/pro_asp_ws/ugv_ws/build/ugv_controller': CMAKE_PREFIX_PATH=/opt/ros/humble /usr/bin/cmake --build /home/jmj/pro_asp_ws/ugv_ws/build/ugv_controller -- -j20 -l20
[3.216s] [ 16%] [32mBuilding CXX object CMakeFiles/path_follower_node.dir/src/path_follower_node.cpp.o[0m
[3.225s] [ 33%] [32mBuilding CXX object CMakeFiles/manual_path_logger_node.dir/src/manual_path_logger_node.cpp.o[0m
[3.230s] [ 50%] [32mBuilding CXX object CMakeFiles/mission_follower_node.dir/src/mission_follower_node.cpp.o[0m
[6.777s] [ 66%] [32m[1mLinking CXX executable manual_path_logger_node[0m
[6.977s] [ 66%] Built target manual_path_logger_node
[8.364s] [01m[K/home/jmj/pro_asp_ws/ugv_ws/src/ugv_controller/src/path_follower_node.cpp:[m[K In member function ‘[01m[Kvoid PathFollower::control_loop()[m[K’:
[8.364s] [01m[K/home/jmj/pro_asp_ws/ugv_ws/src/ugv_controller/src/path_follower_node.cpp:163:33:[m[K [01;31m[Kerror: [m[K‘[01m[Kmsg[m[K’ was not declared in this scope
[8.364s]   163 |       ugv_arrival_pub_->publish([01;31m[Kmsg[m[K);
[8.364s]       |                                 [01;31m[K^~~[m[K
[8.364s] [01m[K/home/jmj/pro_asp_ws/ugv_ws/src/ugv_controller/src/path_follower_node.cpp:163:33:[m[K [01;36m[Knote: [m[Ksuggested alternatives:
[8.364s] In file included from [01m[K/opt/ros/humble/include/builtin_interfaces/builtin_interfaces/msg/duration.hpp:7[m[K,
[8.364s]                  from [01m[K/opt/ros/humble/include/rclcpp/rclcpp/duration.hpp:20[m[K,
[8.364s]                  from [01m[K/opt/ros/humble/include/rclcpp/rclcpp/qos.hpp:20[m[K,
[8.364s]                  from [01m[K/opt/ros/humble/include/rclcpp/rclcpp/node_interfaces/node_graph_interface.hpp:32[m[K,
[8.364s]                  from [01m[K/opt/ros/humble/include/rclcpp/rclcpp/client.hpp:42[m[K,
[8.364s]                  from [01m[K/opt/ros/humble/include/rclcpp/rclcpp/callback_group.hpp:24[m[K,
[8.364s]                  from [01m[K/opt/ros/humble/include/rclcpp/rclcpp/any_executable.hpp:20[m[K,
[8.364s]                  from [01m[K/opt/ros/humble/include/rclcpp/rclcpp/memory_strategy.hpp:25[m[K,
[8.364s]                  from [01m[K/opt/ros/humble/include/rclcpp/rclcpp/memory_strategies.hpp:18[m[K,
[8.364s]                  from [01m[K/opt/ros/humble/include/rclcpp/rclcpp/executor_options.hpp:20[m[K,
[8.364s]                  from [01m[K/opt/ros/humble/include/rclcpp/rclcpp/executor.hpp:37[m[K,
[8.364s]                  from [01m[K/opt/ros/humble/include/rclcpp/rclcpp/executors/multi_threaded_executor.hpp:25[m[K,
[8.364s]                  from [01m[K/opt/ros/humble/include/rclcpp/rclcpp/executors.hpp:21[m[K,
[8.364s]                  from [01m[K/opt/ros/humble/include/rclcpp/rclcpp/rclcpp.hpp:155[m[K,
[8.364s]                  from [01m[K/home/jmj/pro_asp_ws/ugv_ws/src/ugv_controller/src/path_follower_node.cpp:1[m[K:
[8.364s] [01m[K/opt/ros/humble/include/builtin_interfaces/builtin_interfaces/msg/detail/duration__struct.hpp:27:11:[m[K [01;36m[Knote: [m[K  ‘[01m[Kbuiltin_interfaces::msg[m[K’
[8.364s]    27 | namespace [01;36m[Kmsg[m[K
[8.364s]       |           [01;36m[K^~~[m[K
[8.364s] In file included from [01m[K/opt/ros/humble/include/rcl_interfaces/rcl_interfaces/msg/set_parameters_result.hpp:7[m[K,
[8.364s]                  from [01m[K/opt/ros/humble/include/rclcpp/rclcpp/qos_overriding_options.hpp:28[m[K,
[8.364s]                  from [01m[K/opt/ros/humble/include/rclcpp/rclcpp/subscription_options.hpp:30[m[K,
[8.364s]                  from [01m[K/opt/ros/humble/include/rclcpp/rclcpp/subscription.hpp:45[m[K,
[8.365s]                  from [01m[K/opt/ros/humble/include/rclcpp/rclcpp/any_executable.hpp:25[m[K,
[8.365s]                  from [01m[K/opt/ros/humble/include/rclcpp/rclcpp/memory_strategy.hpp:25[m[K,
[8.365s]                  from [01m[K/opt/ros/humble/include/rclcpp/rclcpp/memory_strategies.hpp:18[m[K,
[8.365s]                  from [01m[K/opt/ros/humble/include/rclcpp/rclcpp/executor_options.hpp:20[m[K,
[8.365s]                  from [01m[K/opt/ros/humble/include/rclcpp/rclcpp/executor.hpp:37[m[K,
[8.365s]                  from [01m[K/opt/ros/humble/include/rclcpp/rclcpp/executors/multi_threaded_executor.hpp:25[m[K,
[8.365s]                  from [01m[K/opt/ros/humble/include/rclcpp/rclcpp/executors.hpp:21[m[K,
[8.365s]                  from [01m[K/opt/ros/humble/include/rclcpp/rclcpp/rclcpp.hpp:155[m[K,
[8.365s]                  from [01m[K/home/jmj/pro_asp_ws/ugv_ws/src/ugv_controller/src/path_follower_node.cpp:1[m[K:
[8.365s] [01m[K/opt/ros/humble/include/rcl_interfaces/rcl_interfaces/msg/detail/set_parameters_result__struct.hpp:27:11:[m[K [01;36m[Knote: [m[K  ‘[01m[Krcl_interfaces::msg[m[K’
[8.365s]    27 | namespace [01;36m[Kmsg[m[K
[8.365s]       |           [01;36m[K^~~[m[K
[8.365s] In file included from [01m[K/opt/ros/humble/include/statistics_msgs/statistics_msgs/msg/detail/metrics_message__struct.hpp:23[m[K,
[8.365s]                  from [01m[K/opt/ros/humble/include/statistics_msgs/statistics_msgs/msg/metrics_message.hpp:7[m[K,
[8.365s]                  from [01m[K/opt/ros/humble/include/libstatistics_collector/libstatistics_collector/collector/generate_statistics_message.hpp:21[m[K,
[8.365s]                  from [01m[K/opt/ros/humble/include/rclcpp/rclcpp/topic_statistics/subscription_topic_statistics.hpp:23[m[K,
[8.365s]                  from [01m[K/opt/ros/humble/include/rclcpp/rclcpp/subscription.hpp:50[m[K,
[8.365s]                  from [01m[K/opt/ros/humble/include/rclcpp/rclcpp/any_executable.hpp:25[m[K,
[8.365s]                  from [01m[K/opt/ros/humble/include/rclcpp/rclcpp/memory_strategy.hpp:25[m[K,
[8.365s]                  from [01m[K/opt/ros/humble/include/rclcpp/rclcpp/memory_strategies.hpp:18[m[K,
[8.365s]                  from [01m[K/opt/ros/humble/include/rclcpp/rclcpp/executor_options.hpp:20[m[K,
[8.365s]                  from [01m[K/opt/ros/humble/include/rclcpp/rclcpp/executor.hpp:37[m[K,
[8.365s]                  from [01m[K/opt/ros/humble/include/rclcpp/rclcpp/executors/multi_threaded_executor.hpp:25[m[K,
[8.365s]                  from [01m[K/opt/ros/humble/include/rclcpp/rclcpp/executors.hpp:21[m[K,
[8.365s]                  from [01m[K/opt/ros/humble/include/rclcpp/rclcpp/rclcpp.hpp:155[m[K,
[8.365s]                  from [01m[K/home/jmj/pro_asp_ws/ugv_ws/src/ugv_controller/src/path_follower_node.cpp:1[m[K:
[8.365s] [01m[K/opt/ros/humble/include/statistics_msgs/statistics_msgs/msg/detail/statistic_data_point__struct.hpp:27:11:[m[K [01;36m[Knote: [m[K  ‘[01m[Kstatistics_msgs::msg[m[K’
[8.365s]    27 | namespace [01;36m[Kmsg[m[K
[8.365s]       |           [01;36m[K^~~[m[K
[8.365s] In file included from [01m[K/opt/ros/humble/include/geometry_msgs/geometry_msgs/msg/detail/twist__struct.hpp:21[m[K,
[8.365s]                  from [01m[K/opt/ros/humble/include/geometry_msgs/geometry_msgs/msg/twist.hpp:7[m[K,
[8.365s]                  from [01m[K/home/jmj/pro_asp_ws/ugv_ws/src/ugv_controller/src/path_follower_node.cpp:2[m[K:
[8.365s] [01m[K/opt/ros/humble/include/geometry_msgs/geometry_msgs/msg/detail/vector3__struct.hpp:27:11:[m[K [01;36m[Knote: [m[K  ‘[01m[Kgeometry_msgs::msg[m[K’
[8.365s]    27 | namespace [01;36m[Kmsg[m[K
[8.365s]       |           [01;36m[K^~~[m[K
[8.365s] In file included from [01m[K/opt/ros/humble/include/visualization_msgs/visualization_msgs/msg/detail/marker__struct.hpp:20[m[K,
[8.365s]                  from [01m[K/opt/ros/humble/include/visualization_msgs/visualization_msgs/msg/marker.hpp:7[m[K,
[8.365s]                  from [01m[K/home/jmj/pro_asp_ws/ugv_ws/src/ugv_controller/src/path_follower_node.cpp:4[m[K:
[8.365s] [01m[K/opt/ros/humble/include/std_msgs/std_msgs/msg/detail/header__struct.hpp:31:11:[m[K [01;36m[Knote: [m[K  ‘[01m[Kstd_msgs::msg[m[K’
[8.365s]    31 | namespace [01;36m[Kmsg[m[K
[8.365s]       |           [01;36m[K^~~[m[K
[8.365s] In file included from [01m[K/opt/ros/humble/include/visualization_msgs/visualization_msgs/msg/detail/marker__struct.hpp:33[m[K,
[8.365s]                  from [01m[K/opt/ros/humble/include/visualization_msgs/visualization_msgs/msg/marker.hpp:7[m[K,
[8.365s]                  from [01m[K/home/jmj/pro_asp_ws/ugv_ws/src/ugv_controller/src/path_follower_node.cpp:4[m[K:
[8.365s] [01m[K/opt/ros/humble/include/sensor_msgs/sensor_msgs/msg/detail/compressed_image__struct.hpp:31:11:[m[K [01;36m[Knote: [m[K  ‘[01m[Ksensor_msgs::msg[m[K’
[8.366s]    31 | namespace [01;36m[Kmsg[m[K
[8.366s]       |           [01;36m[K^~~[m[K
[8.366s] In file included from [01m[K/opt/ros/humble/include/visualization_msgs/visualization_msgs/msg/detail/marker__struct.hpp:35[m[K,
[8.366s]                  from [01m[K/opt/ros/humble/include/visualization_msgs/visualization_msgs/msg/marker.hpp:7[m[K,
[8.366s]                  from [01m[K/home/jmj/pro_asp_ws/ugv_ws/src/ugv_controller/src/path_follower_node.cpp:4[m[K:
[8.366s] [01m[K/opt/ros/humble/include/visualization_msgs/visualization_msgs/msg/detail/uv_coordinate__struct.hpp:27:11:[m[K [01;36m[Knote: [m[K  ‘[01m[Kvisualization_msgs::msg[m[K’
[8.366s]    27 | namespace [01;36m[Kmsg[m[K
[8.366s]       |           [01;36m[K^~~[m[K
[8.366s] In file included from [01m[K/opt/ros/humble/include/tf2_msgs/tf2_msgs/msg/tf_message.hpp:7[m[K,
[8.366s]                  from [01m[K/opt/ros/humble/include/tf2_ros/tf2_ros/transform_listener.h:44[m[K,
[8.366s]                  from [01m[K/home/jmj/pro_asp_ws/ugv_ws/src/ugv_controller/src/path_follower_node.cpp:6[m[K:
[8.366s] [01m[K/opt/ros/humble/include/tf2_msgs/tf2_msgs/msg/detail/tf_message__struct.hpp:31:11:[m[K [01;36m[Knote: [m[K  ‘[01m[Ktf2_msgs::msg[m[K’
[8.366s]    31 | namespace [01;36m[Kmsg[m[K
[8.366s]       |           [01;36m[K^~~[m[K
[8.366s] gmake[2]: *** [CMakeFiles/path_follower_node.dir/build.make:76: CMakeFiles/path_follower_node.dir/src/path_follower_node.cpp.o] Error 1
[8.366s] gmake[1]: *** [CMakeFiles/Makefile2:141: CMakeFiles/path_follower_node.dir/all] Error 2
[8.366s] gmake[1]: *** Waiting for unfinished jobs....
[10.681s] [ 83%] [32m[1mLinking CXX executable mission_follower_node[0m
[10.951s] [ 83%] Built target mission_follower_node
[10.952s] gmake: *** [Makefile:146: all] Error 2
[10.955s] Invoked command in '/home/jmj/pro_asp_ws/ugv_ws/build/ugv_controller' returned '2': CMAKE_PREFIX_PATH=/opt/ros/humble /usr/bin/cmake --build /home/jmj/pro_asp_ws/ugv_ws/build/ugv_controller -- -j20 -l20
