[35m[1mConsolidate compiler generated dependencies of target uav_controller[0m
[ 50%] [32mBuilding CXX object CMakeFiles/uav_controller.dir/src/uav_controller.cpp.o[0m
[01m[K/home/jmj/pro_asp_ws/ws_px4_controls/src/uav_controller_pkg/src/uav_controller.cpp:[m[K In constructor ‘[01m[KUavController::UavController()[m[K’:
[01m[K/home/jmj/pro_asp_ws/ws_px4_controls/src/uav_controller_pkg/src/uav_controller.cpp:76:14:[m[K [01;35m[Kwarning: [m[Kvariable ‘[01m[Ksensor_qos[m[K’ set but not used [[01;35m[K-Wunused-but-set-variable[m[K]
   76 |         auto [01;35m[Ksensor_qos[m[K = rclcpp::SensorDataQoS();
      |              [01;35m[K^~~~~~~~~~[m[K
[01m[K/home/jmj/pro_asp_ws/ws_px4_controls/src/uav_controller_pkg/src/uav_controller.cpp:[m[K In member function ‘[01m[Kvoid UavController::aruco_marker_cb(aruco_interfaces::msg::MarkerPoseId_<std::allocator<void> >::SharedPtr)[m[K’:
[01m[K/home/jmj/pro_asp_ws/ws_px4_controls/src/uav_controller_pkg/src/uav_controller.cpp:507:66:[m[K [01;31m[Kerror: [m[Kno matching function for call to ‘[01m[KtoMsg<geometry_msgs::msg::Pose>(tf2::Transform&)[m[K’
  507 |         marker_in_map.pose = [01;31m[Ktf2::toMsg<geometry_msgs::msg::Pose>(tf_marker_in_map)[m[K;
      |                              [01;31m[K~~~~~~~~~~~~~~~~~~~~~~~~~~~~~~~~~~~~^~~~~~~~~~~~~~~~~~[m[K
In file included from [01m[K/opt/ros/humble/include/tf2_geometry_msgs/tf2_geometry_msgs/tf2_geometry_msgs.hpp:56[m[K,
                 from [01m[K/home/jmj/pro_asp_ws/ws_px4_controls/src/uav_controller_pkg/src/uav_controller.cpp:25[m[K:
[01m[K/opt/ros/humble/include/tf2/tf2/convert.hpp:129:3:[m[K [01;36m[Knote: [m[Kcandidate: ‘[01m[Ktemplate<class A, class B> B tf2::toMsg(const A&)[m[K’
  129 | B [01;36m[KtoMsg[m[K(const A & a);
      |   [01;36m[K^~~~~[m[K
[01m[K/opt/ros/humble/include/tf2/tf2/convert.hpp:129:3:[m[K [01;36m[Knote: [m[K  template argument deduction/substitution failed:
[01m[K/home/jmj/pro_asp_ws/ws_px4_controls/src/uav_controller_pkg/src/uav_controller.cpp:507:66:[m[K [01;36m[Knote: [m[K  couldn’t deduce template parameter ‘[01m[KB[m[K’
  507 |         marker_in_map.pose = [01;36m[Ktf2::toMsg<geometry_msgs::msg::Pose>(tf_marker_in_map)[m[K;
      |                              [01;36m[K~~~~~~~~~~~~~~~~~~~~~~~~~~~~~~~~~~~~^~~~~~~~~~~~~~~~~~[m[K
gmake[2]: *** [CMakeFiles/uav_controller.dir/build.make:76: CMakeFiles/uav_controller.dir/src/uav_controller.cpp.o] Error 1
gmake[1]: *** [CMakeFiles/Makefile2:137: CMakeFiles/uav_controller.dir/all] Error 2
gmake: *** [Makefile:146: all] Error 2
