[0.043s] Invoking command in '/home/jmj/pro_asp_ws/ugv_ws/build/ugv_controller': CMAKE_PREFIX_PATH=${CMAKE_PREFIX_PATH}:/opt/ros/humble /usr/bin/cmake --build /home/jmj/pro_asp_ws/ugv_ws/build/ugv_controller -- -j20 -l20
[0.085s] [35m[1mConsolidate compiler generated dependencies of target mission_follower_node[0m
[0.098s] [ 66%] Built target path_follower_node
[0.098s] [ 66%] Built target manual_path_logger_node
[0.101s] [ 83%] [32mBuilding CXX object CMakeFiles/mission_follower_node.dir/src/mission_follower_node.cpp.o[0m
[4.670s] [01m[K/home/jmj/pro_asp_ws/ugv_ws/src/ugv_controller/src/mission_follower_node.cpp:[m[K In member function ‘[01m[Kvoid PathFollower::control_loop()[m[K’:
[4.671s] [01m[K/home/jmj/pro_asp_ws/ugv_ws/src/ugv_controller/src/mission_follower_node.cpp:160:7:[m[K [01;31m[Kerror: [m[K‘[01m[Ktakeoff_pub[m[K’ was not declared in this scope; did you mean ‘[01m[Ktakeoff_pub_[m[K’?
[4.671s]   160 |       [01;31m[Ktakeoff_pub[m[K->publish(std_msgs::msg::Bool{true});  // 드론 이륙 신호 전송
[4.671s]       |       [01;31m[K^~~~~~~~~~~[m[K
[4.671s]       |       [32m[Ktakeoff_pub_[m[K
[4.671s] [01m[K/home/jmj/pro_asp_ws/ugv_ws/src/ugv_controller/src/mission_follower_node.cpp:160:52:[m[K [01;31m[Kerror: [m[Kno matching function for call to ‘[01m[Kstd_msgs::msg::Bool_<std::allocator<void> >::Bool_(<brace-enclosed initializer list>)[m[K’
[4.671s]   160 |       takeoff_pub->publish(std_msgs::msg::Bool{true[01;31m[K}[m[K);  // 드론 이륙 신호 전송
[4.671s]       |                                                    [01;31m[K^[m[K
[4.671s] In file included from [01m[K/opt/ros/humble/include/std_msgs/std_msgs/msg/bool.hpp:7[m[K,
[4.671s]                  from [01m[K/home/jmj/pro_asp_ws/ugv_ws/src/ugv_controller/src/mission_follower_node.cpp:5[m[K:
[4.671s] [01m[K/opt/ros/humble/include/std_msgs/std_msgs/msg/detail/bool__struct.hpp:45:12:[m[K [01;36m[Knote: [m[Kcandidate: ‘[01m[Kstd_msgs::msg::Bool_<ContainerAllocator>::Bool_(const ContainerAllocator&, rosidl_runtime_cpp::MessageInitialization) [with ContainerAllocator = std::allocator<void>][m[K’
[4.671s]    45 |   explicit [01;36m[KBool_[m[K(const ContainerAllocator & _alloc, rosidl_runtime_cpp::MessageInitialization _init = rosidl_runtime_cpp::MessageInitialization::ALL)
[4.671s]       |            [01;36m[K^~~~~[m[K
[4.671s] [01m[K/opt/ros/humble/include/std_msgs/std_msgs/msg/detail/bool__struct.hpp:45:45:[m[K [01;36m[Knote: [m[K  no known conversion for argument 1 from ‘[01m[Kbool[m[K’ to ‘[01m[Kconst std::allocator<void>&[m[K’
[4.671s]    45 |   explicit Bool_([01;36m[Kconst ContainerAllocator & _alloc[m[K, rosidl_runtime_cpp::MessageInitialization _init = rosidl_runtime_cpp::MessageInitialization::ALL)
[4.671s]       |                  [01;36m[K~~~~~~~~~~~~~~~~~~~~~~~~~~~^~~~~~[m[K
[4.671s] [01m[K/opt/ros/humble/include/std_msgs/std_msgs/msg/detail/bool__struct.hpp:36:12:[m[K [01;36m[Knote: [m[Kcandidate: ‘[01m[Kstd_msgs::msg::Bool_<ContainerAllocator>::Bool_(rosidl_runtime_cpp::MessageInitialization) [with ContainerAllocator = std::allocator<void>][m[K’
[4.671s]    36 |   explicit [01;36m[KBool_[m[K(rosidl_runtime_cpp::MessageInitialization _init = rosidl_runtime_cpp::MessageInitialization::ALL)
[4.671s]       |            [01;36m[K^~~~~[m[K
[4.671s] [01m[K/opt/ros/humble/include/std_msgs/std_msgs/msg/detail/bool__struct.hpp:36:60:[m[K [01;36m[Knote: [m[K  no known conversion for argument 1 from ‘[01m[Kbool[m[K’ to ‘[01m[Krosidl_runtime_cpp::MessageInitialization[m[K’
[4.671s]    36 |   explicit Bool_([01;36m[Krosidl_runtime_cpp::MessageInitialization _init = rosidl_runtime_cpp::MessageInitialization::ALL[m[K)
[4.671s]       |                  [01;36m[K~~~~~~~~~~~~~~~~~~~~~~~~~~~~~~~~~~~~~~~~~~^~~~~~~~~~~~~~~~~~~~~~~~~~~~~~~~~~~~~~~~~~~~~~~~~~~~~~[m[K
[4.671s] [01m[K/opt/ros/humble/include/std_msgs/std_msgs/msg/detail/bool__struct.hpp:32:8:[m[K [01;36m[Knote: [m[Kcandidate: ‘[01m[Kconstexpr std_msgs::msg::Bool_<std::allocator<void> >::Bool_(const std_msgs::msg::Bool_<std::allocator<void> >&)[m[K’
[4.671s]    32 | struct [01;36m[KBool_[m[K
[4.671s]       |        [01;36m[K^~~~~[m[K
[4.672s] [01m[K/opt/ros/humble/include/std_msgs/std_msgs/msg/detail/bool__struct.hpp:32:8:[m[K [01;36m[Knote: [m[K  no known conversion for argument 1 from ‘[01m[Kbool[m[K’ to ‘[01m[Kconst std_msgs::msg::Bool_<std::allocator<void> >&[m[K’
[4.672s] [01m[K/opt/ros/humble/include/std_msgs/std_msgs/msg/detail/bool__struct.hpp:32:8:[m[K [01;36m[Knote: [m[Kcandidate: ‘[01m[Kconstexpr std_msgs::msg::Bool_<std::allocator<void> >::Bool_(std_msgs::msg::Bool_<std::allocator<void> >&&)[m[K’
[4.672s] [01m[K/opt/ros/humble/include/std_msgs/std_msgs/msg/detail/bool__struct.hpp:32:8:[m[K [01;36m[Knote: [m[K  no known conversion for argument 1 from ‘[01m[Kbool[m[K’ to ‘[01m[Kstd_msgs::msg::Bool_<std::allocator<void> >&&[m[K’
[4.672s] gmake[2]: *** [CMakeFiles/mission_follower_node.dir/build.make:76: CMakeFiles/mission_follower_node.dir/src/mission_follower_node.cpp.o] Error 1
[4.672s] gmake[1]: *** [CMakeFiles/Makefile2:193: CMakeFiles/mission_follower_node.dir/all] Error 2
[4.672s] gmake: *** [Makefile:146: all] Error 2
[4.673s] Invoked command in '/home/jmj/pro_asp_ws/ugv_ws/build/ugv_controller' returned '2': CMAKE_PREFIX_PATH=${CMAKE_PREFIX_PATH}:/opt/ros/humble /usr/bin/cmake --build /home/jmj/pro_asp_ws/ugv_ws/build/ugv_controller -- -j20 -l20
