[100%] Built target multi_tracker_node
-- Install configuration: ""
-- Up-to-date: /home/jmj/pro_asp_ws/ws_px4_controls/install/multi_tracker/lib/multi_tracker/multi_tracker_node
-- Up-to-date: /home/jmj/pro_asp_ws/ws_px4_controls/install/multi_tracker/share/multi_tracker//launch
-- Up-to-date: /home/jmj/pro_asp_ws/ws_px4_controls/install/multi_tracker/share/multi_tracker//launch/x1_aruco_detector.launch.py
-- Up-to-date: /home/jmj/pro_asp_ws/ws_px4_controls/install/multi_tracker/share/multi_tracker//launch/x500_aruco_detector.launch.py
-- Up-to-date: /home/jmj/pro_asp_ws/ws_px4_controls/install/multi_tracker/share/ament_index/resource_index/package_run_dependencies/multi_tracker
-- Up-to-date: /home/jmj/pro_asp_ws/ws_px4_controls/install/multi_tracker/share/ament_index/resource_index/parent_prefix_path/multi_tracker
-- Up-to-date: /home/jmj/pro_asp_ws/ws_px4_controls/install/multi_tracker/share/multi_tracker/environment/ament_prefix_path.sh
-- Up-to-date: /home/jmj/pro_asp_ws/ws_px4_controls/install/multi_tracker/share/multi_tracker/environment/ament_prefix_path.dsv
-- Up-to-date: /home/jmj/pro_asp_ws/ws_px4_controls/install/multi_tracker/share/multi_tracker/environment/path.sh
-- Up-to-date: /home/jmj/pro_asp_ws/ws_px4_controls/install/multi_tracker/share/multi_tracker/environment/path.dsv
-- Up-to-date: /home/jmj/pro_asp_ws/ws_px4_controls/install/multi_tracker/share/multi_tracker/local_setup.bash
-- Up-to-date: /home/jmj/pro_asp_ws/ws_px4_controls/install/multi_tracker/share/multi_tracker/local_setup.sh
-- Up-to-date: /home/jmj/pro_asp_ws/ws_px4_controls/install/multi_tracker/share/multi_tracker/local_setup.zsh
-- Up-to-date: /home/jmj/pro_asp_ws/ws_px4_controls/install/multi_tracker/share/multi_tracker/local_setup.dsv
-- Installing: /home/jmj/pro_asp_ws/ws_px4_controls/install/multi_tracker/share/multi_tracker/package.dsv
-- Up-to-date: /home/jmj/pro_asp_ws/ws_px4_controls/install/multi_tracker/share/ament_index/resource_index/packages/multi_tracker
-- Up-to-date: /home/jmj/pro_asp_ws/ws_px4_controls/install/multi_tracker/share/multi_tracker/cmake/ament_cmake_export_dependencies-extras.cmake
-- Up-to-date: /home/jmj/pro_asp_ws/ws_px4_controls/install/multi_tracker/share/multi_tracker/cmake/multi_trackerConfig.cmake
-- Up-to-date: /home/jmj/pro_asp_ws/ws_px4_controls/install/multi_tracker/share/multi_tracker/cmake/multi_trackerConfig-version.cmake
-- Up-to-date: /home/jmj/pro_asp_ws/ws_px4_controls/install/multi_tracker/share/multi_tracker/package.xml
