[35m[1mConsolidate compiler generated dependencies of target offboard_control[0m
[ 12%] Built target frame_transforms
[ 25%] Built target sensor_combined_listener
[ 37%] Built target debug_vect_advertiser
[ 62%] Built target offboard_control_srv
[ 62%] Built target vehicle_gps_position_listener
[ 75%] Built target cli_pose_command
[ 87%] Built target offboard_control_key
[ 87%] Built target ament_cmake_python_copy_px4_ros_com
[ 93%] [32mBuilding CXX object CMakeFiles/offboard_control.dir/src/examples/offboard/offboard_control.cpp.o[0m
running egg_info
writing px4_ros_com.egg-info/PKG-INFO
writing dependency_links to px4_ros_com.egg-info/dependency_links.txt
writing top-level names to px4_ros_com.egg-info/top_level.txt
reading manifest file 'px4_ros_com.egg-info/SOURCES.txt'
writing manifest file 'px4_ros_com.egg-info/SOURCES.txt'
[ 93%] Built target ament_cmake_python_build_px4_ros_com_egg
[01m[K/home/jmj/pro_asp_ws/ws_px4_controls/src/px4_ros_com/src/examples/offboard/offboard_control.cpp:[m[K In member function ‘[01m[Kvoid OffboardControl::timer_callback()[m[K’:
[01m[K/home/jmj/pro_asp_ws/ws_px4_controls/src/px4_ros_com/src/examples/offboard/offboard_control.cpp:92:11:[m[K [01;31m[Kerror: [m[K‘[01m[Kcurrent_control_mode_[m[K’ was not declared in this scope
   92 |       if ([01;31m[Kcurrent_control_mode_[m[K.flag_control_offboard_enabled)
      |           [01;31m[K^~~~~~~~~~~~~~~~~~~~~[m[K
[01m[K/home/jmj/pro_asp_ws/ws_px4_controls/src/px4_ros_com/src/examples/offboard/offboard_control.cpp:[m[K In member function ‘[01m[Kvoid OffboardControl::vehicle_control_mode_callback(px4_msgs::msg::VehicleControlMode_<std::allocator<void> >::SharedPtr)[m[K’:
[01m[K/home/jmj/pro_asp_ws/ws_px4_controls/src/px4_ros_com/src/examples/offboard/offboard_control.cpp:108:5:[m[K [01;31m[Kerror: [m[K‘[01m[Kcurrent_control_mode_[m[K’ was not declared in this scope
  108 |     [01;31m[Kcurrent_control_mode_[m[K = *msg;
      |     [01;31m[K^~~~~~~~~~~~~~~~~~~~~[m[K
[01m[K/home/jmj/pro_asp_ws/ws_px4_controls/src/px4_ros_com/src/examples/offboard/offboard_control.cpp:[m[K At global scope:
[01m[K/home/jmj/pro_asp_ws/ws_px4_controls/src/px4_ros_com/src/examples/offboard/offboard_control.cpp:245:1:[m[K [01;31m[Kerror: [m[Kexpected declaration before ‘[01m[K}[m[K’ token
  245 | [01;31m[K}[m[K
      | [01;31m[K^[m[K
gmake[2]: *** [CMakeFiles/offboard_control.dir/build.make:76: CMakeFiles/offboard_control.dir/src/examples/offboard/offboard_control.cpp.o] Error 1
gmake[1]: *** [CMakeFiles/Makefile2:258: CMakeFiles/offboard_control.dir/all] Error 2
gmake: *** [Makefile:146: all] Error 2
