[0.012s] Invoking command in '/home/jmj/pro_asp_ws/ws_px4_controls/build/px4_ros_com': CMAKE_PREFIX_PATH=/home/jmj/pro_asp_ws/ws_px4_controls/install/px4_msgs:/home/jmj/pro_asp_ws/ws_px4_controls/install/utilities_pkg:/home/jmj/pro_asp_ws/ws_px4_controls/install/uav_controller_pkg:/home/jmj/pro_asp_ws/ws_px4_controls/install/px4_ros_com:/home/jmj/pro_asp_ws/ws_px4_controls/install/multi_tracker:/home/jmj/pro_asp_ws/ws_px4_controls/install/aruco_interfaces:/opt/ros/humble LD_LIBRARY_PATH=/home/jmj/pro_asp_ws/ws_px4_controls/install/px4_msgs/lib:/home/jmj/pro_asp_ws/ws_px4_controls/install/px4_ros_com/lib:/home/jmj/pro_asp_ws/ws_px4_controls/install/aruco_interfaces/lib:/opt/ros/humble/opt/rviz_ogre_vendor/lib:/opt/ros/humble/lib/x86_64-linux-gnu:/opt/ros/humble/lib:/usr/local/cuda/lib64 /usr/bin/cmake --build /home/jmj/pro_asp_ws/ws_px4_controls/build/px4_ros_com -- -j20 -l20
[0.057s] [35m[1mConsolidate compiler generated dependencies of target offboard_control[0m
[0.067s] [ 12%] Built target frame_transforms
[0.067s] [ 25%] Built target sensor_combined_listener
[0.068s] [ 37%] Built target debug_vect_advertiser
[0.069s] [ 62%] Built target offboard_control_srv
[0.069s] [ 62%] Built target vehicle_gps_position_listener
[0.070s] [ 75%] Built target cli_pose_command
[0.070s] [ 87%] Built target offboard_control_key
[0.077s] [ 87%] Built target ament_cmake_python_copy_px4_ros_com
[0.077s] [ 93%] [32mBuilding CXX object CMakeFiles/offboard_control.dir/src/examples/offboard/offboard_control.cpp.o[0m
[0.335s] running egg_info
[0.337s] writing px4_ros_com.egg-info/PKG-INFO
[0.337s] writing dependency_links to px4_ros_com.egg-info/dependency_links.txt
[0.337s] writing top-level names to px4_ros_com.egg-info/top_level.txt
[0.340s] reading manifest file 'px4_ros_com.egg-info/SOURCES.txt'
[0.341s] writing manifest file 'px4_ros_com.egg-info/SOURCES.txt'
[0.368s] [ 93%] Built target ament_cmake_python_build_px4_ros_com_egg
[9.382s] [01m[K/home/jmj/pro_asp_ws/ws_px4_controls/src/px4_ros_com/src/examples/offboard/offboard_control.cpp:[m[K In member function ‘[01m[Kvoid OffboardControl::timer_callback()[m[K’:
[9.382s] [01m[K/home/jmj/pro_asp_ws/ws_px4_controls/src/px4_ros_com/src/examples/offboard/offboard_control.cpp:92:11:[m[K [01;31m[Kerror: [m[K‘[01m[Kcurrent_control_mode_[m[K’ was not declared in this scope
[9.382s]    92 |       if ([01;31m[Kcurrent_control_mode_[m[K.flag_control_offboard_enabled)
[9.382s]       |           [01;31m[K^~~~~~~~~~~~~~~~~~~~~[m[K
[9.382s] [01m[K/home/jmj/pro_asp_ws/ws_px4_controls/src/px4_ros_com/src/examples/offboard/offboard_control.cpp:[m[K In member function ‘[01m[Kvoid OffboardControl::vehicle_control_mode_callback(px4_msgs::msg::VehicleControlMode_<std::allocator<void> >::SharedPtr)[m[K’:
[9.382s] [01m[K/home/jmj/pro_asp_ws/ws_px4_controls/src/px4_ros_com/src/examples/offboard/offboard_control.cpp:108:5:[m[K [01;31m[Kerror: [m[K‘[01m[Kcurrent_control_mode_[m[K’ was not declared in this scope
[9.382s]   108 |     [01;31m[Kcurrent_control_mode_[m[K = *msg;
[9.382s]       |     [01;31m[K^~~~~~~~~~~~~~~~~~~~~[m[K
[9.382s] [01m[K/home/jmj/pro_asp_ws/ws_px4_controls/src/px4_ros_com/src/examples/offboard/offboard_control.cpp:[m[K At global scope:
[9.382s] [01m[K/home/jmj/pro_asp_ws/ws_px4_controls/src/px4_ros_com/src/examples/offboard/offboard_control.cpp:245:1:[m[K [01;31m[Kerror: [m[Kexpected declaration before ‘[01m[K}[m[K’ token
[9.382s]   245 | [01;31m[K}[m[K
[9.382s]       | [01;31m[K^[m[K
[9.384s] gmake[2]: *** [CMakeFiles/offboard_control.dir/build.make:76: CMakeFiles/offboard_control.dir/src/examples/offboard/offboard_control.cpp.o] Error 1
[9.384s] gmake[1]: *** [CMakeFiles/Makefile2:258: CMakeFiles/offboard_control.dir/all] Error 2
[9.384s] gmake: *** [Makefile:146: all] Error 2
[9.386s] Invoked command in '/home/jmj/pro_asp_ws/ws_px4_controls/build/px4_ros_com' returned '2': CMAKE_PREFIX_PATH=/home/jmj/pro_asp_ws/ws_px4_controls/install/px4_msgs:/home/jmj/pro_asp_ws/ws_px4_controls/install/utilities_pkg:/home/jmj/pro_asp_ws/ws_px4_controls/install/uav_controller_pkg:/home/jmj/pro_asp_ws/ws_px4_controls/install/px4_ros_com:/home/jmj/pro_asp_ws/ws_px4_controls/install/multi_tracker:/home/jmj/pro_asp_ws/ws_px4_controls/install/aruco_interfaces:/opt/ros/humble LD_LIBRARY_PATH=/home/jmj/pro_asp_ws/ws_px4_controls/install/px4_msgs/lib:/home/jmj/pro_asp_ws/ws_px4_controls/install/px4_ros_com/lib:/home/jmj/pro_asp_ws/ws_px4_controls/install/aruco_interfaces/lib:/opt/ros/humble/opt/rviz_ogre_vendor/lib:/opt/ros/humble/lib/x86_64-linux-gnu:/opt/ros/humble/lib:/usr/local/cuda/lib64 /usr/bin/cmake --build /home/jmj/pro_asp_ws/ws_px4_controls/build/px4_ros_com -- -j20 -l20
