[0.009s] Invoking command in '/home/jmj/pro_asp_ws/ws_px4_controls/build/px4_ros_com': CMAKE_PREFIX_PATH=/home/jmj/pro_asp_ws/ws_px4_controls/install/px4_msgs:/home/jmj/pro_asp_ws/ws_px4_controls/install/utilities_pkg:/home/jmj/pro_asp_ws/ws_px4_controls/install/uav_controller_pkg:/home/jmj/pro_asp_ws/ws_px4_controls/install/px4_ros_com:/home/jmj/pro_asp_ws/ws_px4_controls/install/multi_tracker:/home/jmj/pro_asp_ws/ws_px4_controls/install/aruco_interfaces:/opt/ros/humble LD_LIBRARY_PATH=/home/jmj/pro_asp_ws/ws_px4_controls/install/px4_msgs/lib:/home/jmj/pro_asp_ws/ws_px4_controls/install/px4_ros_com/lib:/home/jmj/pro_asp_ws/ws_px4_controls/install/aruco_interfaces/lib:/usr/local/cuda/lib64:/opt/ros/humble/opt/rviz_ogre_vendor/lib:/opt/ros/humble/lib/x86_64-linux-gnu:/opt/ros/humble/lib:/usr/local/cuda/lib64 /usr/bin/cmake --build /home/jmj/pro_asp_ws/ws_px4_controls/build/px4_ros_com -- -j20 -l20
[0.052s] [35m[1mConsolidate compiler generated dependencies of target offboard_control[0m
[0.065s] [ 25%] Built target frame_transforms
[0.065s] [ 25%] Built target debug_vect_advertiser
[0.065s] [ 37%] Built target vehicle_gps_position_listener
[0.066s] [ 56%] Built target cli_pose_command
[0.066s] [ 62%] Built target sensor_combined_listener
[0.066s] [ 75%] Built target offboard_control_srv
[0.069s] [ 75%] Built target ament_cmake_python_copy_px4_ros_com
[0.072s] [ 87%] Built target offboard_control_key
[0.075s] [ 93%] [32mBuilding CXX object CMakeFiles/offboard_control.dir/src/examples/offboard/offboard_control.cpp.o[0m
[0.246s] running egg_info
[0.247s] writing px4_ros_com.egg-info/PKG-INFO
[0.247s] writing dependency_links to px4_ros_com.egg-info/dependency_links.txt
[0.247s] writing top-level names to px4_ros_com.egg-info/top_level.txt
[0.249s] reading manifest file 'px4_ros_com.egg-info/SOURCES.txt'
[0.249s] writing manifest file 'px4_ros_com.egg-info/SOURCES.txt'
[0.272s] [ 93%] Built target ament_cmake_python_build_px4_ros_com_egg
[4.575s] [01m[K/home/jmj/pro_asp_ws/ws_px4_controls/src/px4_ros_com/src/examples/offboard/offboard_control.cpp:[m[K In constructor ‘[01m[KOffboardControl::OffboardControl()[m[K’:
[4.575s] [01m[K/home/jmj/pro_asp_ws/ws_px4_controls/src/px4_ros_com/src/examples/offboard/offboard_control.cpp:40:115:[m[K [01;31m[Kerror: [m[K‘[01m[Ktwist_callback[m[K’ is not a member of ‘[01m[KOffboardControl[m[K’
[4.575s]    40 |     twist_sub_ = create_subscription<geometry_msgs::msg::Twist>("/command/twist", 10, std::bind(&OffboardControl::[01;31m[Ktwist_callback[m[K, this, _1));
[4.576s]       |                                                                                                                   [01;31m[K^~~~~~~~~~~~~~[m[K
[4.576s] [01m[K/home/jmj/pro_asp_ws/ws_px4_controls/src/px4_ros_com/src/examples/offboard/offboard_control.cpp:41:125:[m[K [01;31m[Kerror: [m[K‘[01m[Kgimbal_callback[m[K’ is not a member of ‘[01m[KOffboardControl[m[K’
[4.576s]    41 |     gimbal_pitch_sub_ = create_subscription<std_msgs::msg::Float32>("/gimbal_pitch_degree", 10, std::bind(&OffboardControl::[01;31m[Kgimbal_callback[m[K, this, std::placeholders::_1));
[4.576s]       |                                                                                                                             [01;31m[K^~~~~~~~~~~~~~~[m[K
[4.576s] In file included from [01m[K/opt/ros/humble/include/rclcpp/rclcpp/logging.hpp:24[m[K,
[4.576s]                  from [01m[K/opt/ros/humble/include/rclcpp/rclcpp/client.hpp:40[m[K,
[4.576s]                  from [01m[K/opt/ros/humble/include/rclcpp/rclcpp/callback_group.hpp:24[m[K,
[4.576s]                  from [01m[K/opt/ros/humble/include/rclcpp/rclcpp/any_executable.hpp:20[m[K,
[4.576s]                  from [01m[K/opt/ros/humble/include/rclcpp/rclcpp/memory_strategy.hpp:25[m[K,
[4.576s]                  from [01m[K/opt/ros/humble/include/rclcpp/rclcpp/memory_strategies.hpp:18[m[K,
[4.576s]                  from [01m[K/opt/ros/humble/include/rclcpp/rclcpp/executor_options.hpp:20[m[K,
[4.576s]                  from [01m[K/opt/ros/humble/include/rclcpp/rclcpp/executor.hpp:37[m[K,
[4.576s]                  from [01m[K/opt/ros/humble/include/rclcpp/rclcpp/executors/multi_threaded_executor.hpp:25[m[K,
[4.576s]                  from [01m[K/opt/ros/humble/include/rclcpp/rclcpp/executors.hpp:21[m[K,
[4.576s]                  from [01m[K/opt/ros/humble/include/rclcpp/rclcpp/rclcpp.hpp:155[m[K,
[4.576s]                  from [01m[K/opt/ros/humble/include/tf2_ros/tf2_ros/buffer_interface.h:48[m[K,
[4.576s]                  from [01m[K/opt/ros/humble/include/tf2_geometry_msgs/tf2_geometry_msgs/tf2_geometry_msgs.hpp:60[m[K,
[4.576s]                  from [01m[K/home/jmj/pro_asp_ws/ws_px4_controls/src/px4_ros_com/src/examples/offboard/offboard_control.cpp:10[m[K:
[4.576s] [01m[K/home/jmj/pro_asp_ws/ws_px4_controls/src/px4_ros_com/src/examples/offboard/offboard_control.cpp:[m[K In member function ‘[01m[Kvoid OffboardControl::target_waypoint_callback(geometry_msgs::msg::PoseStamped_<std::allocator<void> >::SharedPtr)[m[K’:
[4.576s] [01m[K/home/jmj/pro_asp_ws/ws_px4_controls/src/px4_ros_com/src/examples/offboard/offboard_control.cpp:216:69:[m[K [01;31m[Kerror: [m[K‘[01m[Kusing _pose_type = struct geometry_msgs::msg::Pose_<std::allocator<void> >[m[K’ {aka ‘[01m[Kstruct geometry_msgs::msg::Pose_<std::allocator<void> >[m[K’} has no member named ‘[01m[Kpose[m[K’
[4.576s]   216 |                 odom_goal_pose.pose.position.x, odom_goal_pose.pose.[01;31m[Kpose[m[K.position.y,
[4.576s]       |                                                                     [01;31m[K^~~~[m[K
[4.576s] [01m[K/home/jmj/pro_asp_ws/ws_px4_controls/src/px4_ros_com/src/examples/offboard/offboard_control.cpp:220:5:[m[K [01;31m[Kerror: [m[K‘[01m[Kcurrent_target_setpoint_[m[K’ was not declared in this scope
[4.576s]   220 |     [01;31m[Kcurrent_target_setpoint_[m[K.position[0] = odom_goal_pose.pose.position.x;   // PX4 X (North)
[4.576s]       |     [01;31m[K^~~~~~~~~~~~~~~~~~~~~~~~[m[K
[4.576s] gmake[2]: *** [CMakeFiles/offboard_control.dir/build.make:76: CMakeFiles/offboard_control.dir/src/examples/offboard/offboard_control.cpp.o] Error 1
[4.577s] gmake[1]: *** [CMakeFiles/Makefile2:258: CMakeFiles/offboard_control.dir/all] Error 2
[4.577s] gmake: *** [Makefile:146: all] Error 2
[4.579s] Invoked command in '/home/jmj/pro_asp_ws/ws_px4_controls/build/px4_ros_com' returned '2': CMAKE_PREFIX_PATH=/home/jmj/pro_asp_ws/ws_px4_controls/install/px4_msgs:/home/jmj/pro_asp_ws/ws_px4_controls/install/utilities_pkg:/home/jmj/pro_asp_ws/ws_px4_controls/install/uav_controller_pkg:/home/jmj/pro_asp_ws/ws_px4_controls/install/px4_ros_com:/home/jmj/pro_asp_ws/ws_px4_controls/install/multi_tracker:/home/jmj/pro_asp_ws/ws_px4_controls/install/aruco_interfaces:/opt/ros/humble LD_LIBRARY_PATH=/home/jmj/pro_asp_ws/ws_px4_controls/install/px4_msgs/lib:/home/jmj/pro_asp_ws/ws_px4_controls/install/px4_ros_com/lib:/home/jmj/pro_asp_ws/ws_px4_controls/install/aruco_interfaces/lib:/usr/local/cuda/lib64:/opt/ros/humble/opt/rviz_ogre_vendor/lib:/opt/ros/humble/lib/x86_64-linux-gnu:/opt/ros/humble/lib:/usr/local/cuda/lib64 /usr/bin/cmake --build /home/jmj/pro_asp_ws/ws_px4_controls/build/px4_ros_com -- -j20 -l20
