[0.015s] Invoking command in '/home/acdl1/competition_ws/ws_px4_controls/build/uav_controller_pkg': CMAKE_PREFIX_PATH=${CMAKE_PREFIX_PATH}:/opt/ros/humble /usr/bin/cmake /home/acdl1/competition_ws/ws_px4_controls/src/uav_controller_pkg -DCMAKE_INSTALL_PREFIX=/home/acdl1/competition_ws/ws_px4_controls/install/uav_controller_pkg
[0.055s] -- The C compiler identification is GNU 11.4.0
[0.095s] -- The CXX compiler identification is GNU 11.4.0
[0.101s] -- Detecting C compiler ABI info
[0.150s] -- Detecting C compiler ABI info - done
[0.158s] -- Check for working C compiler: /usr/bin/cc - skipped
[0.159s] -- Detecting C compile features
[0.159s] -- Detecting C compile features - done
[0.161s] -- Detecting CXX compiler ABI info
[0.223s] -- Detecting CXX compiler ABI info - done
[0.229s] -- Check for working CXX compiler: /usr/bin/c++ - skipped
[0.229s] -- Detecting CXX compile features
[0.229s] -- Detecting CXX compile features - done
[0.231s] -- Found ament_cmake: 1.3.11 (/opt/ros/humble/share/ament_cmake/cmake)
[0.572s] -- Found Python3: /usr/bin/python3 (found version "3.10.12") found components: Interpreter 
[0.640s] -- Found rclcpp: 16.0.12 (/opt/ros/humble/share/rclcpp/cmake)
[0.667s] -- Found rosidl_generator_c: 3.1.6 (/opt/ros/humble/share/rosidl_generator_c/cmake)
[0.670s] -- Found rosidl_adapter: 3.1.6 (/opt/ros/humble/share/rosidl_adapter/cmake)
[0.676s] -- Found rosidl_generator_cpp: 3.1.6 (/opt/ros/humble/share/rosidl_generator_cpp/cmake)
[0.684s] -- Using all available rosidl_typesupport_c: rosidl_typesupport_fastrtps_c;rosidl_typesupport_introspection_c
[0.695s] -- Using all available rosidl_typesupport_cpp: rosidl_typesupport_fastrtps_cpp;rosidl_typesupport_introspection_cpp
[0.725s] -- Found rmw_implementation_cmake: 6.1.2 (/opt/ros/humble/share/rmw_implementation_cmake/cmake)
[0.727s] -- Found rmw_fastrtps_cpp: 6.2.7 (/opt/ros/humble/share/rmw_fastrtps_cpp/cmake)
[0.782s] -- Found OpenSSL: /usr/lib/x86_64-linux-gnu/libcrypto.so (found version "3.0.2")  
[0.802s] -- Found FastRTPS: /opt/ros/humble/include  
[0.831s] -- Using RMW implementation 'rmw_fastrtps_cpp' as default
[0.837s] -- Looking for pthread.h
[0.883s] -- Looking for pthread.h - found
[0.883s] -- Performing Test CMAKE_HAVE_LIBC_PTHREAD
[0.934s] -- Performing Test CMAKE_HAVE_LIBC_PTHREAD - Success
[0.935s] -- Found Threads: TRUE  
[0.976s] -- Found geometry_msgs: 4.8.0 (/opt/ros/humble/share/geometry_msgs/cmake)
[0.986s] -- Found px4_msgs: 2.0.1 (/home/acdl1/competition_ws/ws_px4_controls/install/px4_msgs/share/px4_msgs/cmake)
[0.996s] -- Found tf2_ros: 0.25.12 (/opt/ros/humble/share/tf2_ros/cmake)
[1.114s] -- Found tf2_geometry_msgs: 0.25.12 (/opt/ros/humble/share/tf2_geometry_msgs/cmake)
[1.129s] -- Found eigen3_cmake_module: 0.1.1 (/opt/ros/humble/share/eigen3_cmake_module/cmake)
[1.131s] -- Found Eigen3: TRUE (found version "3.4.0") 
[1.131s] -- Ensuring Eigen3 include directory is part of orocos-kdl CMake target
[1.133s] -- Found aruco_interfaces: 0.0.0 (/home/acdl1/competition_ws/ws_px4_controls/install/aruco_interfaces/share/aruco_interfaces/cmake)
[1.160s] -- Found ament_lint_auto: 0.12.12 (/opt/ros/humble/share/ament_lint_auto/cmake)
[1.252s] -- Added test 'cppcheck' to perform static code analysis on C / C++ code
[1.252s] -- Configured cppcheck include dirs: 
[1.252s] -- Configured cppcheck exclude dirs and/or files: 
[1.252s] -- Added test 'lint_cmake' to check CMake code style
[1.253s] -- Added test 'uncrustify' to check C / C++ code style
[1.253s] -- Configured uncrustify additional arguments: 
[1.254s] -- Added test 'xmllint' to check XML markup files
[1.255s] -- Configuring done
[1.271s] -- Generating done
[1.277s] -- Build files have been written to: /home/acdl1/competition_ws/ws_px4_controls/build/uav_controller_pkg
[1.300s] Invoked command in '/home/acdl1/competition_ws/ws_px4_controls/build/uav_controller_pkg' returned '0': CMAKE_PREFIX_PATH=${CMAKE_PREFIX_PATH}:/opt/ros/humble /usr/bin/cmake /home/acdl1/competition_ws/ws_px4_controls/src/uav_controller_pkg -DCMAKE_INSTALL_PREFIX=/home/acdl1/competition_ws/ws_px4_controls/install/uav_controller_pkg
[1.302s] Invoking command in '/home/acdl1/competition_ws/ws_px4_controls/build/uav_controller_pkg': CMAKE_PREFIX_PATH=${CMAKE_PREFIX_PATH}:/opt/ros/humble /usr/bin/cmake --build /home/acdl1/competition_ws/ws_px4_controls/build/uav_controller_pkg -- -j16 -l16
[1.374s] [ 50%] [32mBuilding CXX object CMakeFiles/uav_controller.dir/src/uav_controller.cpp.o[0m
[22.302s] [100%] [32m[1mLinking CXX executable uav_controller[0m
[23.180s] [100%] Built target uav_controller
[23.187s] Invoked command in '/home/acdl1/competition_ws/ws_px4_controls/build/uav_controller_pkg' returned '0': CMAKE_PREFIX_PATH=${CMAKE_PREFIX_PATH}:/opt/ros/humble /usr/bin/cmake --build /home/acdl1/competition_ws/ws_px4_controls/build/uav_controller_pkg -- -j16 -l16
[23.188s] Invoking command in '/home/acdl1/competition_ws/ws_px4_controls/build/uav_controller_pkg': CMAKE_PREFIX_PATH=${CMAKE_PREFIX_PATH}:/opt/ros/humble /usr/bin/cmake --install /home/acdl1/competition_ws/ws_px4_controls/build/uav_controller_pkg
[23.193s] -- Install configuration: "Debug"
[23.193s] -- Installing: /home/acdl1/competition_ws/ws_px4_controls/install/uav_controller_pkg/lib/uav_controller_pkg/uav_controller
[23.207s] -- Set runtime path of "/home/acdl1/competition_ws/ws_px4_controls/install/uav_controller_pkg/lib/uav_controller_pkg/uav_controller" to ""
[23.208s] -- Installing: /home/acdl1/competition_ws/ws_px4_controls/install/uav_controller_pkg/share/ament_index/resource_index/package_run_dependencies/uav_controller_pkg
[23.208s] -- Installing: /home/acdl1/competition_ws/ws_px4_controls/install/uav_controller_pkg/share/ament_index/resource_index/parent_prefix_path/uav_controller_pkg
[23.208s] -- Installing: /home/acdl1/competition_ws/ws_px4_controls/install/uav_controller_pkg/share/uav_controller_pkg/environment/ament_prefix_path.sh
[23.208s] -- Installing: /home/acdl1/competition_ws/ws_px4_controls/install/uav_controller_pkg/share/uav_controller_pkg/environment/ament_prefix_path.dsv
[23.208s] -- Installing: /home/acdl1/competition_ws/ws_px4_controls/install/uav_controller_pkg/share/uav_controller_pkg/environment/path.sh
[23.208s] -- Installing: /home/acdl1/competition_ws/ws_px4_controls/install/uav_controller_pkg/share/uav_controller_pkg/environment/path.dsv
[23.208s] -- Installing: /home/acdl1/competition_ws/ws_px4_controls/install/uav_controller_pkg/share/uav_controller_pkg/local_setup.bash
[23.208s] -- Installing: /home/acdl1/competition_ws/ws_px4_controls/install/uav_controller_pkg/share/uav_controller_pkg/local_setup.sh
[23.208s] -- Installing: /home/acdl1/competition_ws/ws_px4_controls/install/uav_controller_pkg/share/uav_controller_pkg/local_setup.zsh
[23.208s] -- Installing: /home/acdl1/competition_ws/ws_px4_controls/install/uav_controller_pkg/share/uav_controller_pkg/local_setup.dsv
[23.208s] -- Installing: /home/acdl1/competition_ws/ws_px4_controls/install/uav_controller_pkg/share/uav_controller_pkg/package.dsv
[23.208s] -- Installing: /home/acdl1/competition_ws/ws_px4_controls/install/uav_controller_pkg/share/ament_index/resource_index/packages/uav_controller_pkg
[23.208s] -- Installing: /home/acdl1/competition_ws/ws_px4_controls/install/uav_controller_pkg/share/uav_controller_pkg/cmake/uav_controller_pkgConfig.cmake
[23.208s] -- Installing: /home/acdl1/competition_ws/ws_px4_controls/install/uav_controller_pkg/share/uav_controller_pkg/cmake/uav_controller_pkgConfig-version.cmake
[23.208s] -- Installing: /home/acdl1/competition_ws/ws_px4_controls/install/uav_controller_pkg/share/uav_controller_pkg/package.xml
[23.210s] Invoked command in '/home/acdl1/competition_ws/ws_px4_controls/build/uav_controller_pkg' returned '0': CMAKE_PREFIX_PATH=${CMAKE_PREFIX_PATH}:/opt/ros/humble /usr/bin/cmake --install /home/acdl1/competition_ws/ws_px4_controls/build/uav_controller_pkg
