[0.013s] Invoking command in '/home/jmj/pro_asp_ws/ws_px4_controls/build/image_geometry': CMAKE_PREFIX_PATH=${CMAKE_PREFIX_PATH}:/home/jmj/pro_asp_ws/ws_px4_controls/install/opencv_tests:/opt/ros/humble /usr/bin/cmake /home/jmj/pro_asp_ws/ws_px4_controls/src/ws_aruco/src/vision_opencv/image_geometry -DCMAKE_INSTALL_PREFIX=/home/jmj/pro_asp_ws/ws_px4_controls/install/image_geometry
[0.048s] -- The C compiler identification is GNU 11.4.0
[0.088s] -- The CXX compiler identification is GNU 11.4.0
[0.095s] -- Detecting C compiler ABI info
[0.134s] -- Detecting C compiler ABI info - done
[0.139s] -- Check for working C compiler: /usr/lib/ccache/gcc - skipped
[0.139s] -- Detecting C compile features
[0.139s] -- Detecting C compile features - done
[0.141s] -- Detecting CXX compiler ABI info
[0.188s] -- Detecting CXX compiler ABI info - done
[0.193s] -- Check for working CXX compiler: /usr/lib/ccache/g++ - skipped
[0.193s] -- Detecting CXX compile features
[0.193s] -- Detecting CXX compile features - done
[0.194s] -- Found ament_cmake_python: 1.3.11 (/opt/ros/humble/share/ament_cmake_python/cmake)
[0.195s] -- Found ament_cmake_ros: 0.10.0 (/opt/ros/humble/share/ament_cmake_ros/cmake)
[0.310s] -- Found Python3: /usr/bin/python3 (found version "3.10.12") found components: Interpreter 
[0.437s] -- Found OpenCV: /usr (found version "4.5.4") found components: calib3d core highgui imgproc 
[0.438s] -- Found sensor_msgs: 4.8.0 (/opt/ros/humble/share/sensor_msgs/cmake)
[0.460s] -- Found rosidl_generator_c: 3.1.6 (/opt/ros/humble/share/rosidl_generator_c/cmake)
[0.463s] -- Found rosidl_adapter: 3.1.6 (/opt/ros/humble/share/rosidl_adapter/cmake)
[0.468s] -- Found rosidl_generator_cpp: 3.1.6 (/opt/ros/humble/share/rosidl_generator_cpp/cmake)
[0.476s] -- Using all available rosidl_typesupport_c: rosidl_typesupport_fastrtps_c;rosidl_typesupport_introspection_c
[0.486s] -- Using all available rosidl_typesupport_cpp: rosidl_typesupport_fastrtps_cpp;rosidl_typesupport_introspection_cpp
[0.524s] -- Found gtest sources under '/opt/ros/humble/src/gtest_vendor': C++ tests using 'Google Test' will be built
[0.525s] -- Looking for pthread.h
[0.578s] -- Looking for pthread.h - found
[0.578s] -- Performing Test CMAKE_HAVE_LIBC_PTHREAD
[0.634s] -- Performing Test CMAKE_HAVE_LIBC_PTHREAD - Success
[0.634s] -- Found Threads: TRUE  
[0.709s] -- Configuring done
[0.734s] -- Generating done
[0.741s] -- Build files have been written to: /home/jmj/pro_asp_ws/ws_px4_controls/build/image_geometry
[0.751s] Invoked command in '/home/jmj/pro_asp_ws/ws_px4_controls/build/image_geometry' returned '0': CMAKE_PREFIX_PATH=${CMAKE_PREFIX_PATH}:/home/jmj/pro_asp_ws/ws_px4_controls/install/opencv_tests:/opt/ros/humble /usr/bin/cmake /home/jmj/pro_asp_ws/ws_px4_controls/src/ws_aruco/src/vision_opencv/image_geometry -DCMAKE_INSTALL_PREFIX=/home/jmj/pro_asp_ws/ws_px4_controls/install/image_geometry
[0.754s] Invoking command in '/home/jmj/pro_asp_ws/ws_px4_controls/build/image_geometry': CMAKE_PREFIX_PATH=${CMAKE_PREFIX_PATH}:/home/jmj/pro_asp_ws/ws_px4_controls/install/opencv_tests:/opt/ros/humble /usr/bin/cmake --build /home/jmj/pro_asp_ws/ws_px4_controls/build/image_geometry -- -j20 -l20
[0.796s] [ 11%] [32mBuilding CXX object CMakeFiles/image_geometry.dir/src/stereo_camera_model.cpp.o[0m
[0.796s] [ 22%] [32mBuilding CXX object CMakeFiles/image_geometry.dir/src/pinhole_camera_model.cpp.o[0m
[0.798s] [ 33%] [32mBuilding CXX object gtest/CMakeFiles/gtest_main.dir/src/gtest_main.cc.o[0m
[0.799s] [ 44%] [32mBuilding CXX object gtest/CMakeFiles/gtest.dir/src/gtest-all.cc.o[0m
[0.802s] [ 44%] Built target ament_cmake_python_copy_image_geometry
[0.813s] [ 55%] [32m[1mLinking CXX shared library libimage_geometry.so[0m
[0.815s] [ 77%] [32m[1mLinking CXX static library libgtest_main.a[0m
[0.816s] [ 77%] [32m[1mLinking CXX static library libgtest.a[0m
[0.872s] [ 77%] Built target gtest_main
[0.898s] [ 77%] Built target gtest
[0.924s] [ 77%] Built target image_geometry
[0.939s] [ 88%] [32mBuilding CXX object CMakeFiles/image_geometry-utest.dir/test/utest.cpp.o[0m
[0.954s] [100%] [32m[1mLinking CXX executable image_geometry-utest[0m
[1.013s] running egg_info
[1.014s] creating image_geometry.egg-info
[1.015s] writing image_geometry.egg-info/PKG-INFO
[1.015s] writing dependency_links to image_geometry.egg-info/dependency_links.txt
[1.015s] writing top-level names to image_geometry.egg-info/top_level.txt
[1.017s] writing manifest file 'image_geometry.egg-info/SOURCES.txt'
[1.017s] reading manifest file 'image_geometry.egg-info/SOURCES.txt'
[1.018s] writing manifest file 'image_geometry.egg-info/SOURCES.txt'
[1.049s] [100%] Built target ament_cmake_python_build_image_geometry_egg
[1.159s] [100%] Built target image_geometry-utest
[1.171s] Invoked command in '/home/jmj/pro_asp_ws/ws_px4_controls/build/image_geometry' returned '0': CMAKE_PREFIX_PATH=${CMAKE_PREFIX_PATH}:/home/jmj/pro_asp_ws/ws_px4_controls/install/opencv_tests:/opt/ros/humble /usr/bin/cmake --build /home/jmj/pro_asp_ws/ws_px4_controls/build/image_geometry -- -j20 -l20
[1.173s] Invoking command in '/home/jmj/pro_asp_ws/ws_px4_controls/build/image_geometry': CMAKE_PREFIX_PATH=${CMAKE_PREFIX_PATH}:/home/jmj/pro_asp_ws/ws_px4_controls/install/opencv_tests:/opt/ros/humble /usr/bin/cmake --install /home/jmj/pro_asp_ws/ws_px4_controls/build/image_geometry
[1.179s] -- Install configuration: ""
[1.179s] -- Installing: /home/jmj/pro_asp_ws/ws_px4_controls/install/image_geometry/share/image_geometry/environment/pythonpath.sh
[1.180s] -- Installing: /home/jmj/pro_asp_ws/ws_px4_controls/install/image_geometry/share/image_geometry/environment/pythonpath.dsv
[1.180s] -- Installing: /home/jmj/pro_asp_ws/ws_px4_controls/install/image_geometry/local/lib/python3.10/dist-packages/image_geometry-3.2.1-py3.10.egg-info
[1.180s] -- Installing: /home/jmj/pro_asp_ws/ws_px4_controls/install/image_geometry/local/lib/python3.10/dist-packages/image_geometry-3.2.1-py3.10.egg-info/dependency_links.txt
[1.180s] -- Installing: /home/jmj/pro_asp_ws/ws_px4_controls/install/image_geometry/local/lib/python3.10/dist-packages/image_geometry-3.2.1-py3.10.egg-info/top_level.txt
[1.180s] -- Installing: /home/jmj/pro_asp_ws/ws_px4_controls/install/image_geometry/local/lib/python3.10/dist-packages/image_geometry-3.2.1-py3.10.egg-info/PKG-INFO
[1.180s] -- Installing: /home/jmj/pro_asp_ws/ws_px4_controls/install/image_geometry/local/lib/python3.10/dist-packages/image_geometry-3.2.1-py3.10.egg-info/SOURCES.txt
[1.180s] -- Installing: /home/jmj/pro_asp_ws/ws_px4_controls/install/image_geometry/local/lib/python3.10/dist-packages/image_geometry
[1.180s] -- Installing: /home/jmj/pro_asp_ws/ws_px4_controls/install/image_geometry/local/lib/python3.10/dist-packages/image_geometry/__init__.py
[1.180s] -- Installing: /home/jmj/pro_asp_ws/ws_px4_controls/install/image_geometry/local/lib/python3.10/dist-packages/image_geometry/cameramodels.py
[1.214s] Listing '/home/jmj/pro_asp_ws/ws_px4_controls/install/image_geometry/local/lib/python3.10/dist-packages/image_geometry'...
[1.214s] Compiling '/home/jmj/pro_asp_ws/ws_px4_controls/install/image_geometry/local/lib/python3.10/dist-packages/image_geometry/__init__.py'...
[1.214s] Compiling '/home/jmj/pro_asp_ws/ws_px4_controls/install/image_geometry/local/lib/python3.10/dist-packages/image_geometry/cameramodels.py'...
[1.224s] -- Installing: /home/jmj/pro_asp_ws/ws_px4_controls/install/image_geometry/include/image_geometry
[1.224s] -- Installing: /home/jmj/pro_asp_ws/ws_px4_controls/install/image_geometry/include/image_geometry/image_geometry
[1.224s] -- Installing: /home/jmj/pro_asp_ws/ws_px4_controls/install/image_geometry/include/image_geometry/image_geometry/visibility_control.hpp
[1.224s] -- Installing: /home/jmj/pro_asp_ws/ws_px4_controls/install/image_geometry/include/image_geometry/image_geometry/stereo_camera_model.h
[1.224s] -- Installing: /home/jmj/pro_asp_ws/ws_px4_controls/install/image_geometry/include/image_geometry/image_geometry/pinhole_camera_model.h
[1.224s] -- Installing: /home/jmj/pro_asp_ws/ws_px4_controls/install/image_geometry/lib/libimage_geometry.so
[1.224s] -- Set runtime path of "/home/jmj/pro_asp_ws/ws_px4_controls/install/image_geometry/lib/libimage_geometry.so" to ""
[1.224s] -- Installing: /home/jmj/pro_asp_ws/ws_px4_controls/install/image_geometry/share/ament_index/resource_index/package_run_dependencies/image_geometry
[1.225s] -- Installing: /home/jmj/pro_asp_ws/ws_px4_controls/install/image_geometry/share/ament_index/resource_index/parent_prefix_path/image_geometry
[1.225s] -- Installing: /home/jmj/pro_asp_ws/ws_px4_controls/install/image_geometry/share/image_geometry/environment/ament_prefix_path.sh
[1.225s] -- Installing: /home/jmj/pro_asp_ws/ws_px4_controls/install/image_geometry/share/image_geometry/environment/ament_prefix_path.dsv
[1.225s] -- Installing: /home/jmj/pro_asp_ws/ws_px4_controls/install/image_geometry/share/image_geometry/environment/path.sh
[1.225s] -- Installing: /home/jmj/pro_asp_ws/ws_px4_controls/install/image_geometry/share/image_geometry/environment/path.dsv
[1.225s] -- Installing: /home/jmj/pro_asp_ws/ws_px4_controls/install/image_geometry/share/image_geometry/local_setup.bash
[1.225s] -- Installing: /home/jmj/pro_asp_ws/ws_px4_controls/install/image_geometry/share/image_geometry/local_setup.sh
[1.225s] -- Installing: /home/jmj/pro_asp_ws/ws_px4_controls/install/image_geometry/share/image_geometry/local_setup.zsh
[1.225s] -- Installing: /home/jmj/pro_asp_ws/ws_px4_controls/install/image_geometry/share/image_geometry/local_setup.dsv
[1.225s] -- Installing: /home/jmj/pro_asp_ws/ws_px4_controls/install/image_geometry/share/image_geometry/package.dsv
[1.225s] -- Installing: /home/jmj/pro_asp_ws/ws_px4_controls/install/image_geometry/share/ament_index/resource_index/packages/image_geometry
[1.225s] -- Installing: /home/jmj/pro_asp_ws/ws_px4_controls/install/image_geometry/share/image_geometry/cmake/export_image_geometryExport.cmake
[1.226s] -- Installing: /home/jmj/pro_asp_ws/ws_px4_controls/install/image_geometry/share/image_geometry/cmake/export_image_geometryExport-noconfig.cmake
[1.226s] -- Installing: /home/jmj/pro_asp_ws/ws_px4_controls/install/image_geometry/share/image_geometry/cmake/ament_cmake_export_targets-extras.cmake
[1.226s] -- Installing: /home/jmj/pro_asp_ws/ws_px4_controls/install/image_geometry/share/image_geometry/cmake/ament_cmake_export_dependencies-extras.cmake
[1.226s] -- Installing: /home/jmj/pro_asp_ws/ws_px4_controls/install/image_geometry/share/image_geometry/cmake/image_geometryConfig.cmake
[1.226s] -- Installing: /home/jmj/pro_asp_ws/ws_px4_controls/install/image_geometry/share/image_geometry/cmake/image_geometryConfig-version.cmake
[1.226s] -- Installing: /home/jmj/pro_asp_ws/ws_px4_controls/install/image_geometry/share/image_geometry/package.xml
[1.229s] Invoked command in '/home/jmj/pro_asp_ws/ws_px4_controls/build/image_geometry' returned '0': CMAKE_PREFIX_PATH=${CMAKE_PREFIX_PATH}:/home/jmj/pro_asp_ws/ws_px4_controls/install/opencv_tests:/opt/ros/humble /usr/bin/cmake --install /home/jmj/pro_asp_ws/ws_px4_controls/build/image_geometry
