[0.053s] Invoking command in '/home/jmj/pro_asp_ws/ws_px4_controls/build/utilities_pkg': CMAKE_PREFIX_PATH=/home/jmj/pro_asp_ws/ws_px4_controls/install/px4_msgs:/home/jmj/pro_asp_ws/ws_px4_controls/install/vision_opencv:/home/jmj/pro_asp_ws/ws_px4_controls/install/utilities_pkg:/home/jmj/pro_asp_ws/ws_px4_controls/install/ugv_controller:/home/jmj/pro_asp_ws/ws_px4_controls/install/uav_controller_pkg:/home/jmj/pro_asp_ws/ws_px4_controls/install/px4_ros_com:/home/jmj/pro_asp_ws/ws_px4_controls/install/multi_tracker:/home/jmj/pro_asp_ws/ws_px4_controls/install/image_geometry:/home/jmj/pro_asp_ws/ws_px4_controls/install/gazebo_env_setup:/home/jmj/pro_asp_ws/ws_px4_controls/install/drone_takeoff_pub:/home/jmj/pro_asp_ws/ws_px4_controls/install/cv_bridge:/home/jmj/pro_asp_ws/ws_px4_controls/install/aruco_interfaces:/home/jmj/pro_asp_ws/ws_px4_controls/install/opencv_tests:/opt/ros/humble LD_LIBRARY_PATH=/home/jmj/pro_asp_ws/ws_px4_controls/install/px4_msgs/lib:/home/jmj/pro_asp_ws/ws_px4_controls/install/px4_ros_com/lib:/home/jmj/pro_asp_ws/ws_px4_controls/install/image_geometry/lib:/home/jmj/pro_asp_ws/ws_px4_controls/install/cv_bridge/lib:/home/jmj/pro_asp_ws/ws_px4_controls/install/aruco_interfaces/lib:/opt/ros/humble/opt/rviz_ogre_vendor/lib:/opt/ros/humble/lib/x86_64-linux-gnu:/opt/ros/humble/lib:/usr/local/cuda/lib64 /usr/bin/cmake /home/jmj/pro_asp_ws/ws_px4_controls/src/utilities_pkg -DCMAKE_INSTALL_PREFIX=/home/jmj/pro_asp_ws/ws_px4_controls/install/utilities_pkg
[0.164s] -- The C compiler identification is GNU 11.4.0
[0.244s] -- The CXX compiler identification is GNU 11.4.0
[0.256s] -- Detecting C compiler ABI info
[0.338s] -- Detecting C compiler ABI info - done
[0.346s] -- Check for working C compiler: /usr/lib/ccache/gcc - skipped
[0.346s] -- Detecting C compile features
[0.346s] -- Detecting C compile features - done
[0.349s] -- Detecting CXX compiler ABI info
[0.447s] -- Detecting CXX compiler ABI info - done
[0.462s] -- Check for working CXX compiler: /usr/lib/ccache/g++ - skipped
[0.463s] -- Detecting CXX compile features
[0.463s] -- Detecting CXX compile features - done
[0.467s] -- Found ament_cmake: 1.3.11 (/opt/ros/humble/share/ament_cmake/cmake)
[0.682s] -- Found Python3: /usr/bin/python3 (found version "3.10.12") found components: Interpreter 
[0.793s] -- Found rclcpp: 16.0.12 (/opt/ros/humble/share/rclcpp/cmake)
[0.838s] -- Found rosidl_generator_c: 3.1.6 (/opt/ros/humble/share/rosidl_generator_c/cmake)
[0.843s] -- Found rosidl_adapter: 3.1.6 (/opt/ros/humble/share/rosidl_adapter/cmake)
[0.853s] -- Found rosidl_generator_cpp: 3.1.6 (/opt/ros/humble/share/rosidl_generator_cpp/cmake)
[0.865s] -- Using all available rosidl_typesupport_c: rosidl_typesupport_fastrtps_c;rosidl_typesupport_introspection_c
[0.883s] -- Using all available rosidl_typesupport_cpp: rosidl_typesupport_fastrtps_cpp;rosidl_typesupport_introspection_cpp
[0.928s] -- Found rmw_implementation_cmake: 6.1.2 (/opt/ros/humble/share/rmw_implementation_cmake/cmake)
[0.931s] -- Found rmw_fastrtps_cpp: 6.2.7 (/opt/ros/humble/share/rmw_fastrtps_cpp/cmake)
[1.033s] -- Found OpenSSL: /usr/lib/x86_64-linux-gnu/libcrypto.so (found version "3.0.2")  
[1.072s] -- Found FastRTPS: /opt/ros/humble/include  
[1.119s] -- Using RMW implementation 'rmw_fastrtps_cpp' as default
[1.130s] -- Looking for pthread.h
[1.205s] -- Looking for pthread.h - found
[1.207s] -- Performing Test CMAKE_HAVE_LIBC_PTHREAD
[1.273s] -- Performing Test CMAKE_HAVE_LIBC_PTHREAD - Success
[1.274s] -- Found Threads: TRUE  
[1.344s] -- Found geometry_msgs: 4.8.0 (/opt/ros/humble/share/geometry_msgs/cmake)
[1.358s] -- Found tf2_ros: 0.25.12 (/opt/ros/humble/share/tf2_ros/cmake)
[1.460s] -- Found tf2_geometry_msgs: 0.25.12 (/opt/ros/humble/share/tf2_geometry_msgs/cmake)
[1.476s] -- Found eigen3_cmake_module: 0.1.1 (/opt/ros/humble/share/eigen3_cmake_module/cmake)
[1.477s] -- Found Eigen3: TRUE (found version "3.4.0") 
[1.477s] -- Ensuring Eigen3 include directory is part of orocos-kdl CMake target
[1.479s] -- Found px4_msgs: 2.0.1 (/home/jmj/pro_asp_ws/ws_px4_controls/install/px4_msgs/share/px4_msgs/cmake)
[1.562s] -- Configuring done
[1.575s] -- Generating done
[1.582s] -- Build files have been written to: /home/jmj/pro_asp_ws/ws_px4_controls/build/utilities_pkg
[1.595s] Invoked command in '/home/jmj/pro_asp_ws/ws_px4_controls/build/utilities_pkg' returned '0': CMAKE_PREFIX_PATH=/home/jmj/pro_asp_ws/ws_px4_controls/install/px4_msgs:/home/jmj/pro_asp_ws/ws_px4_controls/install/vision_opencv:/home/jmj/pro_asp_ws/ws_px4_controls/install/utilities_pkg:/home/jmj/pro_asp_ws/ws_px4_controls/install/ugv_controller:/home/jmj/pro_asp_ws/ws_px4_controls/install/uav_controller_pkg:/home/jmj/pro_asp_ws/ws_px4_controls/install/px4_ros_com:/home/jmj/pro_asp_ws/ws_px4_controls/install/multi_tracker:/home/jmj/pro_asp_ws/ws_px4_controls/install/image_geometry:/home/jmj/pro_asp_ws/ws_px4_controls/install/gazebo_env_setup:/home/jmj/pro_asp_ws/ws_px4_controls/install/drone_takeoff_pub:/home/jmj/pro_asp_ws/ws_px4_controls/install/cv_bridge:/home/jmj/pro_asp_ws/ws_px4_controls/install/aruco_interfaces:/home/jmj/pro_asp_ws/ws_px4_controls/install/opencv_tests:/opt/ros/humble LD_LIBRARY_PATH=/home/jmj/pro_asp_ws/ws_px4_controls/install/px4_msgs/lib:/home/jmj/pro_asp_ws/ws_px4_controls/install/px4_ros_com/lib:/home/jmj/pro_asp_ws/ws_px4_controls/install/image_geometry/lib:/home/jmj/pro_asp_ws/ws_px4_controls/install/cv_bridge/lib:/home/jmj/pro_asp_ws/ws_px4_controls/install/aruco_interfaces/lib:/opt/ros/humble/opt/rviz_ogre_vendor/lib:/opt/ros/humble/lib/x86_64-linux-gnu:/opt/ros/humble/lib:/usr/local/cuda/lib64 /usr/bin/cmake /home/jmj/pro_asp_ws/ws_px4_controls/src/utilities_pkg -DCMAKE_INSTALL_PREFIX=/home/jmj/pro_asp_ws/ws_px4_controls/install/utilities_pkg
[1.598s] Invoking command in '/home/jmj/pro_asp_ws/ws_px4_controls/build/utilities_pkg': CMAKE_PREFIX_PATH=/home/jmj/pro_asp_ws/ws_px4_controls/install/px4_msgs:/home/jmj/pro_asp_ws/ws_px4_controls/install/vision_opencv:/home/jmj/pro_asp_ws/ws_px4_controls/install/utilities_pkg:/home/jmj/pro_asp_ws/ws_px4_controls/install/ugv_controller:/home/jmj/pro_asp_ws/ws_px4_controls/install/uav_controller_pkg:/home/jmj/pro_asp_ws/ws_px4_controls/install/px4_ros_com:/home/jmj/pro_asp_ws/ws_px4_controls/install/multi_tracker:/home/jmj/pro_asp_ws/ws_px4_controls/install/image_geometry:/home/jmj/pro_asp_ws/ws_px4_controls/install/gazebo_env_setup:/home/jmj/pro_asp_ws/ws_px4_controls/install/drone_takeoff_pub:/home/jmj/pro_asp_ws/ws_px4_controls/install/cv_bridge:/home/jmj/pro_asp_ws/ws_px4_controls/install/aruco_interfaces:/home/jmj/pro_asp_ws/ws_px4_controls/install/opencv_tests:/opt/ros/humble LD_LIBRARY_PATH=/home/jmj/pro_asp_ws/ws_px4_controls/install/px4_msgs/lib:/home/jmj/pro_asp_ws/ws_px4_controls/install/px4_ros_com/lib:/home/jmj/pro_asp_ws/ws_px4_controls/install/image_geometry/lib:/home/jmj/pro_asp_ws/ws_px4_controls/install/cv_bridge/lib:/home/jmj/pro_asp_ws/ws_px4_controls/install/aruco_interfaces/lib:/opt/ros/humble/opt/rviz_ogre_vendor/lib:/opt/ros/humble/lib/x86_64-linux-gnu:/opt/ros/humble/lib:/usr/local/cuda/lib64 /usr/bin/cmake --build /home/jmj/pro_asp_ws/ws_px4_controls/build/utilities_pkg -- -j20 -l20
[1.663s] [ 50%] [32mBuilding CXX object CMakeFiles/keyboard_control_node.dir/src/keyboard_control_node.cpp.o[0m
[1.701s] [100%] [32m[1mLinking CXX executable keyboard_control_node[0m
[2.800s] [100%] Built target keyboard_control_node
[2.828s] Invoked command in '/home/jmj/pro_asp_ws/ws_px4_controls/build/utilities_pkg' returned '0': CMAKE_PREFIX_PATH=/home/jmj/pro_asp_ws/ws_px4_controls/install/px4_msgs:/home/jmj/pro_asp_ws/ws_px4_controls/install/vision_opencv:/home/jmj/pro_asp_ws/ws_px4_controls/install/utilities_pkg:/home/jmj/pro_asp_ws/ws_px4_controls/install/ugv_controller:/home/jmj/pro_asp_ws/ws_px4_controls/install/uav_controller_pkg:/home/jmj/pro_asp_ws/ws_px4_controls/install/px4_ros_com:/home/jmj/pro_asp_ws/ws_px4_controls/install/multi_tracker:/home/jmj/pro_asp_ws/ws_px4_controls/install/image_geometry:/home/jmj/pro_asp_ws/ws_px4_controls/install/gazebo_env_setup:/home/jmj/pro_asp_ws/ws_px4_controls/install/drone_takeoff_pub:/home/jmj/pro_asp_ws/ws_px4_controls/install/cv_bridge:/home/jmj/pro_asp_ws/ws_px4_controls/install/aruco_interfaces:/home/jmj/pro_asp_ws/ws_px4_controls/install/opencv_tests:/opt/ros/humble LD_LIBRARY_PATH=/home/jmj/pro_asp_ws/ws_px4_controls/install/px4_msgs/lib:/home/jmj/pro_asp_ws/ws_px4_controls/install/px4_ros_com/lib:/home/jmj/pro_asp_ws/ws_px4_controls/install/image_geometry/lib:/home/jmj/pro_asp_ws/ws_px4_controls/install/cv_bridge/lib:/home/jmj/pro_asp_ws/ws_px4_controls/install/aruco_interfaces/lib:/opt/ros/humble/opt/rviz_ogre_vendor/lib:/opt/ros/humble/lib/x86_64-linux-gnu:/opt/ros/humble/lib:/usr/local/cuda/lib64 /usr/bin/cmake --build /home/jmj/pro_asp_ws/ws_px4_controls/build/utilities_pkg -- -j20 -l20
[2.834s] Invoking command in '/home/jmj/pro_asp_ws/ws_px4_controls/build/utilities_pkg': CMAKE_PREFIX_PATH=/home/jmj/pro_asp_ws/ws_px4_controls/install/px4_msgs:/home/jmj/pro_asp_ws/ws_px4_controls/install/vision_opencv:/home/jmj/pro_asp_ws/ws_px4_controls/install/utilities_pkg:/home/jmj/pro_asp_ws/ws_px4_controls/install/ugv_controller:/home/jmj/pro_asp_ws/ws_px4_controls/install/uav_controller_pkg:/home/jmj/pro_asp_ws/ws_px4_controls/install/px4_ros_com:/home/jmj/pro_asp_ws/ws_px4_controls/install/multi_tracker:/home/jmj/pro_asp_ws/ws_px4_controls/install/image_geometry:/home/jmj/pro_asp_ws/ws_px4_controls/install/gazebo_env_setup:/home/jmj/pro_asp_ws/ws_px4_controls/install/drone_takeoff_pub:/home/jmj/pro_asp_ws/ws_px4_controls/install/cv_bridge:/home/jmj/pro_asp_ws/ws_px4_controls/install/aruco_interfaces:/home/jmj/pro_asp_ws/ws_px4_controls/install/opencv_tests:/opt/ros/humble LD_LIBRARY_PATH=/home/jmj/pro_asp_ws/ws_px4_controls/install/px4_msgs/lib:/home/jmj/pro_asp_ws/ws_px4_controls/install/px4_ros_com/lib:/home/jmj/pro_asp_ws/ws_px4_controls/install/image_geometry/lib:/home/jmj/pro_asp_ws/ws_px4_controls/install/cv_bridge/lib:/home/jmj/pro_asp_ws/ws_px4_controls/install/aruco_interfaces/lib:/opt/ros/humble/opt/rviz_ogre_vendor/lib:/opt/ros/humble/lib/x86_64-linux-gnu:/opt/ros/humble/lib:/usr/local/cuda/lib64 /usr/bin/cmake --install /home/jmj/pro_asp_ws/ws_px4_controls/build/utilities_pkg
[2.851s] -- Install configuration: ""
[2.853s] -- Installing: /home/jmj/pro_asp_ws/ws_px4_controls/install/utilities_pkg/lib/utilities_pkg/keyboard_control_node
[2.857s] -- Set runtime path of "/home/jmj/pro_asp_ws/ws_px4_controls/install/utilities_pkg/lib/utilities_pkg/keyboard_control_node" to ""
[2.858s] -- Installing: /home/jmj/pro_asp_ws/ws_px4_controls/install/utilities_pkg/share/ament_index/resource_index/package_run_dependencies/utilities_pkg
[2.858s] -- Installing: /home/jmj/pro_asp_ws/ws_px4_controls/install/utilities_pkg/share/ament_index/resource_index/parent_prefix_path/utilities_pkg
[2.858s] -- Installing: /home/jmj/pro_asp_ws/ws_px4_controls/install/utilities_pkg/share/utilities_pkg/environment/ament_prefix_path.sh
[2.858s] -- Installing: /home/jmj/pro_asp_ws/ws_px4_controls/install/utilities_pkg/share/utilities_pkg/environment/ament_prefix_path.dsv
[2.858s] -- Installing: /home/jmj/pro_asp_ws/ws_px4_controls/install/utilities_pkg/share/utilities_pkg/environment/path.sh
[2.858s] -- Installing: /home/jmj/pro_asp_ws/ws_px4_controls/install/utilities_pkg/share/utilities_pkg/environment/path.dsv
[2.858s] -- Installing: /home/jmj/pro_asp_ws/ws_px4_controls/install/utilities_pkg/share/utilities_pkg/local_setup.bash
[2.858s] -- Installing: /home/jmj/pro_asp_ws/ws_px4_controls/install/utilities_pkg/share/utilities_pkg/local_setup.sh
[2.858s] -- Installing: /home/jmj/pro_asp_ws/ws_px4_controls/install/utilities_pkg/share/utilities_pkg/local_setup.zsh
[2.858s] -- Installing: /home/jmj/pro_asp_ws/ws_px4_controls/install/utilities_pkg/share/utilities_pkg/local_setup.dsv
[2.858s] -- Installing: /home/jmj/pro_asp_ws/ws_px4_controls/install/utilities_pkg/share/utilities_pkg/package.dsv
[2.858s] -- Installing: /home/jmj/pro_asp_ws/ws_px4_controls/install/utilities_pkg/share/ament_index/resource_index/packages/utilities_pkg
[2.858s] -- Installing: /home/jmj/pro_asp_ws/ws_px4_controls/install/utilities_pkg/share/utilities_pkg/cmake/utilities_pkgConfig.cmake
[2.858s] -- Installing: /home/jmj/pro_asp_ws/ws_px4_controls/install/utilities_pkg/share/utilities_pkg/cmake/utilities_pkgConfig-version.cmake
[2.859s] -- Installing: /home/jmj/pro_asp_ws/ws_px4_controls/install/utilities_pkg/share/utilities_pkg/package.xml
[2.873s] Invoked command in '/home/jmj/pro_asp_ws/ws_px4_controls/build/utilities_pkg' returned '0': CMAKE_PREFIX_PATH=/home/jmj/pro_asp_ws/ws_px4_controls/install/px4_msgs:/home/jmj/pro_asp_ws/ws_px4_controls/install/vision_opencv:/home/jmj/pro_asp_ws/ws_px4_controls/install/utilities_pkg:/home/jmj/pro_asp_ws/ws_px4_controls/install/ugv_controller:/home/jmj/pro_asp_ws/ws_px4_controls/install/uav_controller_pkg:/home/jmj/pro_asp_ws/ws_px4_controls/install/px4_ros_com:/home/jmj/pro_asp_ws/ws_px4_controls/install/multi_tracker:/home/jmj/pro_asp_ws/ws_px4_controls/install/image_geometry:/home/jmj/pro_asp_ws/ws_px4_controls/install/gazebo_env_setup:/home/jmj/pro_asp_ws/ws_px4_controls/install/drone_takeoff_pub:/home/jmj/pro_asp_ws/ws_px4_controls/install/cv_bridge:/home/jmj/pro_asp_ws/ws_px4_controls/install/aruco_interfaces:/home/jmj/pro_asp_ws/ws_px4_controls/install/opencv_tests:/opt/ros/humble LD_LIBRARY_PATH=/home/jmj/pro_asp_ws/ws_px4_controls/install/px4_msgs/lib:/home/jmj/pro_asp_ws/ws_px4_controls/install/px4_ros_com/lib:/home/jmj/pro_asp_ws/ws_px4_controls/install/image_geometry/lib:/home/jmj/pro_asp_ws/ws_px4_controls/install/cv_bridge/lib:/home/jmj/pro_asp_ws/ws_px4_controls/install/aruco_interfaces/lib:/opt/ros/humble/opt/rviz_ogre_vendor/lib:/opt/ros/humble/lib/x86_64-linux-gnu:/opt/ros/humble/lib:/usr/local/cuda/lib64 /usr/bin/cmake --install /home/jmj/pro_asp_ws/ws_px4_controls/build/utilities_pkg
