[0.014s] Invoking command in '/home/jmj/pro_asp_ws/ws_px4_controls/build/gazebo_env_setup': CMAKE_PREFIX_PATH=${CMAKE_PREFIX_PATH}:/home/jmj/pro_asp_ws/ws_px4_controls/install/opencv_tests:/opt/ros/humble /usr/bin/cmake --build /home/jmj/pro_asp_ws/ws_px4_controls/build/gazebo_env_setup -- -j20 -l20
[0.050s] [100%] Built target pose_tf_broadcaster
[0.061s] Invoked command in '/home/jmj/pro_asp_ws/ws_px4_controls/build/gazebo_env_setup' returned '0': CMAKE_PREFIX_PATH=${CMAKE_PREFIX_PATH}:/home/jmj/pro_asp_ws/ws_px4_controls/install/opencv_tests:/opt/ros/humble /usr/bin/cmake --build /home/jmj/pro_asp_ws/ws_px4_controls/build/gazebo_env_setup -- -j20 -l20
[0.073s] Invoking command in '/home/jmj/pro_asp_ws/ws_px4_controls/build/gazebo_env_setup': CMAKE_PREFIX_PATH=${CMAKE_PREFIX_PATH}:/home/jmj/pro_asp_ws/ws_px4_controls/install/opencv_tests:/opt/ros/humble /usr/bin/cmake --install /home/jmj/pro_asp_ws/ws_px4_controls/build/gazebo_env_setup
[0.078s] -- Install configuration: ""
[0.078s] -- Up-to-date: /home/jmj/pro_asp_ws/ws_px4_controls/install/gazebo_env_setup/lib/gazebo_env_setup/pose_tf_broadcaster
[0.078s] -- Up-to-date: /home/jmj/pro_asp_ws/ws_px4_controls/install/gazebo_env_setup/share/gazebo_env_setup/launch
[0.078s] -- Up-to-date: /home/jmj/pro_asp_ws/ws_px4_controls/install/gazebo_env_setup/share/gazebo_env_setup/launch/pose_tf_broadcaster.launch.py
[0.078s] -- Up-to-date: /home/jmj/pro_asp_ws/ws_px4_controls/install/gazebo_env_setup/share/gazebo_env_setup/launch/topic_bridge.launch copy.py
[0.078s] -- Up-to-date: /home/jmj/pro_asp_ws/ws_px4_controls/install/gazebo_env_setup/share/gazebo_env_setup/launch/topic_bridge.launch.py
[0.078s] -- Up-to-date: /home/jmj/pro_asp_ws/ws_px4_controls/install/gazebo_env_setup/share/ament_index/resource_index/package_run_dependencies/gazebo_env_setup
[0.079s] -- Up-to-date: /home/jmj/pro_asp_ws/ws_px4_controls/install/gazebo_env_setup/share/ament_index/resource_index/parent_prefix_path/gazebo_env_setup
[0.079s] -- Up-to-date: /home/jmj/pro_asp_ws/ws_px4_controls/install/gazebo_env_setup/share/gazebo_env_setup/environment/ament_prefix_path.sh
[0.079s] -- Up-to-date: /home/jmj/pro_asp_ws/ws_px4_controls/install/gazebo_env_setup/share/gazebo_env_setup/environment/ament_prefix_path.dsv
[0.079s] -- Up-to-date: /home/jmj/pro_asp_ws/ws_px4_controls/install/gazebo_env_setup/share/gazebo_env_setup/environment/path.sh
[0.079s] -- Up-to-date: /home/jmj/pro_asp_ws/ws_px4_controls/install/gazebo_env_setup/share/gazebo_env_setup/environment/path.dsv
[0.079s] -- Up-to-date: /home/jmj/pro_asp_ws/ws_px4_controls/install/gazebo_env_setup/share/gazebo_env_setup/local_setup.bash
[0.079s] -- Up-to-date: /home/jmj/pro_asp_ws/ws_px4_controls/install/gazebo_env_setup/share/gazebo_env_setup/local_setup.sh
[0.079s] -- Up-to-date: /home/jmj/pro_asp_ws/ws_px4_controls/install/gazebo_env_setup/share/gazebo_env_setup/local_setup.zsh
[0.079s] -- Up-to-date: /home/jmj/pro_asp_ws/ws_px4_controls/install/gazebo_env_setup/share/gazebo_env_setup/local_setup.dsv
[0.079s] -- Installing: /home/jmj/pro_asp_ws/ws_px4_controls/install/gazebo_env_setup/share/gazebo_env_setup/package.dsv
[0.079s] -- Up-to-date: /home/jmj/pro_asp_ws/ws_px4_controls/install/gazebo_env_setup/share/ament_index/resource_index/packages/gazebo_env_setup
[0.079s] -- Up-to-date: /home/jmj/pro_asp_ws/ws_px4_controls/install/gazebo_env_setup/share/gazebo_env_setup/cmake/gazebo_env_setupConfig.cmake
[0.079s] -- Up-to-date: /home/jmj/pro_asp_ws/ws_px4_controls/install/gazebo_env_setup/share/gazebo_env_setup/cmake/gazebo_env_setupConfig-version.cmake
[0.079s] -- Up-to-date: /home/jmj/pro_asp_ws/ws_px4_controls/install/gazebo_env_setup/share/gazebo_env_setup/package.xml
[0.080s] Invoked command in '/home/jmj/pro_asp_ws/ws_px4_controls/build/gazebo_env_setup' returned '0': CMAKE_PREFIX_PATH=${CMAKE_PREFIX_PATH}:/home/jmj/pro_asp_ws/ws_px4_controls/install/opencv_tests:/opt/ros/humble /usr/bin/cmake --install /home/jmj/pro_asp_ws/ws_px4_controls/build/gazebo_env_setup
