[0.019s] Invoking command in '/home/acdl1/competition_ws/ws_px4_controls/build/utilities_pkg': CMAKE_PREFIX_PATH=${CMAKE_PREFIX_PATH}:/opt/ros/humble /usr/bin/cmake --build /home/acdl1/competition_ws/ws_px4_controls/build/utilities_pkg -- -j16 -l16
[0.055s] [35m[1mConsolidate compiler generated dependencies of target keyboard_control_node[0m
[0.079s] [100%] Built target keyboard_control_node
[0.091s] Invoked command in '/home/acdl1/competition_ws/ws_px4_controls/build/utilities_pkg' returned '0': CMAKE_PREFIX_PATH=${CMAKE_PREFIX_PATH}:/opt/ros/humble /usr/bin/cmake --build /home/acdl1/competition_ws/ws_px4_controls/build/utilities_pkg -- -j16 -l16
[0.092s] Invoking command in '/home/acdl1/competition_ws/ws_px4_controls/build/utilities_pkg': CMAKE_PREFIX_PATH=${CMAKE_PREFIX_PATH}:/opt/ros/humble /usr/bin/cmake --install /home/acdl1/competition_ws/ws_px4_controls/build/utilities_pkg
[0.102s] -- Install configuration: ""
[0.102s] -- Up-to-date: /home/acdl1/competition_ws/ws_px4_controls/install/utilities_pkg/lib/utilities_pkg/keyboard_control_node
[0.102s] -- Up-to-date: /home/acdl1/competition_ws/ws_px4_controls/install/utilities_pkg/share/ament_index/resource_index/package_run_dependencies/utilities_pkg
[0.103s] -- Up-to-date: /home/acdl1/competition_ws/ws_px4_controls/install/utilities_pkg/share/ament_index/resource_index/parent_prefix_path/utilities_pkg
[0.103s] -- Up-to-date: /home/acdl1/competition_ws/ws_px4_controls/install/utilities_pkg/share/utilities_pkg/environment/ament_prefix_path.sh
[0.103s] -- Up-to-date: /home/acdl1/competition_ws/ws_px4_controls/install/utilities_pkg/share/utilities_pkg/environment/ament_prefix_path.dsv
[0.103s] -- Up-to-date: /home/acdl1/competition_ws/ws_px4_controls/install/utilities_pkg/share/utilities_pkg/environment/path.sh
[0.103s] -- Up-to-date: /home/acdl1/competition_ws/ws_px4_controls/install/utilities_pkg/share/utilities_pkg/environment/path.dsv
[0.103s] -- Up-to-date: /home/acdl1/competition_ws/ws_px4_controls/install/utilities_pkg/share/utilities_pkg/local_setup.bash
[0.103s] -- Up-to-date: /home/acdl1/competition_ws/ws_px4_controls/install/utilities_pkg/share/utilities_pkg/local_setup.sh
[0.103s] -- Up-to-date: /home/acdl1/competition_ws/ws_px4_controls/install/utilities_pkg/share/utilities_pkg/local_setup.zsh
[0.103s] -- Up-to-date: /home/acdl1/competition_ws/ws_px4_controls/install/utilities_pkg/share/utilities_pkg/local_setup.dsv
[0.103s] -- Installing: /home/acdl1/competition_ws/ws_px4_controls/install/utilities_pkg/share/utilities_pkg/package.dsv
[0.103s] -- Up-to-date: /home/acdl1/competition_ws/ws_px4_controls/install/utilities_pkg/share/ament_index/resource_index/packages/utilities_pkg
[0.103s] -- Up-to-date: /home/acdl1/competition_ws/ws_px4_controls/install/utilities_pkg/share/utilities_pkg/cmake/utilities_pkgConfig.cmake
[0.103s] -- Up-to-date: /home/acdl1/competition_ws/ws_px4_controls/install/utilities_pkg/share/utilities_pkg/cmake/utilities_pkgConfig-version.cmake
[0.103s] -- Up-to-date: /home/acdl1/competition_ws/ws_px4_controls/install/utilities_pkg/share/utilities_pkg/package.xml
[0.142s] Invoked command in '/home/acdl1/competition_ws/ws_px4_controls/build/utilities_pkg' returned '0': CMAKE_PREFIX_PATH=${CMAKE_PREFIX_PATH}:/opt/ros/humble /usr/bin/cmake --install /home/acdl1/competition_ws/ws_px4_controls/build/utilities_pkg
