[0.019s] Invoking command in '/home/acdl1/mj_ws/ws_px4_controls/build/ugv_controller': CMAKE_PREFIX_PATH=/opt/ros/humble /usr/bin/cmake --build /home/acdl1/mj_ws/ws_px4_controls/build/ugv_controller -- -j16 -l16
[0.066s] [35m[1mConsolidate compiler generated dependencies of target path_follower_node[0m
[0.071s] [35m[1mConsolidate compiler generated dependencies of target mission_follower_node[0m
[0.072s] [35m[1mConsolidate compiler generated dependencies of target manual_path_logger_node[0m
[0.093s] [ 50%] Built target path_follower_node
[0.094s] [ 50%] [32mBuilding CXX object CMakeFiles/mission_follower_node.dir/src/mission_follower_node.cpp.o[0m
[0.102s] [ 83%] Built target manual_path_logger_node
[8.871s] [100%] [32m[1mLinking CXX executable mission_follower_node[0m
[9.334s] [100%] Built target mission_follower_node
[9.350s] Invoked command in '/home/acdl1/mj_ws/ws_px4_controls/build/ugv_controller' returned '0': CMAKE_PREFIX_PATH=/opt/ros/humble /usr/bin/cmake --build /home/acdl1/mj_ws/ws_px4_controls/build/ugv_controller -- -j16 -l16
[9.351s] Invoking command in '/home/acdl1/mj_ws/ws_px4_controls/build/ugv_controller': CMAKE_PREFIX_PATH=/opt/ros/humble /usr/bin/cmake --install /home/acdl1/mj_ws/ws_px4_controls/build/ugv_controller
[9.357s] -- Install configuration: ""
[9.358s] -- Installing: /home/acdl1/mj_ws/ws_px4_controls/install/ugv_controller/lib/ugv_controller/path_follower_node
[9.360s] -- Set runtime path of "/home/acdl1/mj_ws/ws_px4_controls/install/ugv_controller/lib/ugv_controller/path_follower_node" to ""
[9.361s] -- Installing: /home/acdl1/mj_ws/ws_px4_controls/install/ugv_controller/lib/ugv_controller/manual_path_logger_node
[9.361s] -- Set runtime path of "/home/acdl1/mj_ws/ws_px4_controls/install/ugv_controller/lib/ugv_controller/manual_path_logger_node" to ""
[9.361s] -- Installing: /home/acdl1/mj_ws/ws_px4_controls/install/ugv_controller/lib/ugv_controller/mission_follower_node
[9.363s] -- Set runtime path of "/home/acdl1/mj_ws/ws_px4_controls/install/ugv_controller/lib/ugv_controller/mission_follower_node" to ""
[9.363s] -- Installing: /home/acdl1/mj_ws/ws_px4_controls/install/ugv_controller/share/ugv_controller/launch
[9.363s] -- Installing: /home/acdl1/mj_ws/ws_px4_controls/install/ugv_controller/share/ugv_controller/launch/path_follower.launch.py
[9.363s] -- Installing: /home/acdl1/mj_ws/ws_px4_controls/install/ugv_controller/share/ugv_controller/mission.csv
[9.363s] -- Installing: /home/acdl1/mj_ws/ws_px4_controls/install/ugv_controller/share/ament_index/resource_index/package_run_dependencies/ugv_controller
[9.363s] -- Installing: /home/acdl1/mj_ws/ws_px4_controls/install/ugv_controller/share/ament_index/resource_index/parent_prefix_path/ugv_controller
[9.364s] -- Installing: /home/acdl1/mj_ws/ws_px4_controls/install/ugv_controller/share/ugv_controller/environment/ament_prefix_path.sh
[9.364s] -- Installing: /home/acdl1/mj_ws/ws_px4_controls/install/ugv_controller/share/ugv_controller/environment/ament_prefix_path.dsv
[9.364s] -- Installing: /home/acdl1/mj_ws/ws_px4_controls/install/ugv_controller/share/ugv_controller/environment/path.sh
[9.364s] -- Installing: /home/acdl1/mj_ws/ws_px4_controls/install/ugv_controller/share/ugv_controller/environment/path.dsv
[9.364s] -- Installing: /home/acdl1/mj_ws/ws_px4_controls/install/ugv_controller/share/ugv_controller/local_setup.bash
[9.364s] -- Installing: /home/acdl1/mj_ws/ws_px4_controls/install/ugv_controller/share/ugv_controller/local_setup.sh
[9.364s] -- Installing: /home/acdl1/mj_ws/ws_px4_controls/install/ugv_controller/share/ugv_controller/local_setup.zsh
[9.364s] -- Installing: /home/acdl1/mj_ws/ws_px4_controls/install/ugv_controller/share/ugv_controller/local_setup.dsv
[9.364s] -- Installing: /home/acdl1/mj_ws/ws_px4_controls/install/ugv_controller/share/ugv_controller/package.dsv
[9.364s] -- Installing: /home/acdl1/mj_ws/ws_px4_controls/install/ugv_controller/share/ament_index/resource_index/packages/ugv_controller
[9.364s] -- Installing: /home/acdl1/mj_ws/ws_px4_controls/install/ugv_controller/share/ugv_controller/cmake/ugv_controllerConfig.cmake
[9.364s] -- Installing: /home/acdl1/mj_ws/ws_px4_controls/install/ugv_controller/share/ugv_controller/cmake/ugv_controllerConfig-version.cmake
[9.365s] -- Installing: /home/acdl1/mj_ws/ws_px4_controls/install/ugv_controller/share/ugv_controller/package.xml
[9.366s] Invoked command in '/home/acdl1/mj_ws/ws_px4_controls/build/ugv_controller' returned '0': CMAKE_PREFIX_PATH=/opt/ros/humble /usr/bin/cmake --install /home/acdl1/mj_ws/ws_px4_controls/build/ugv_controller
