[0.010s] Invoking command in '/home/jmj/pro_asp_ws/ws_px4_controls/build/px4_ros_com': CMAKE_PREFIX_PATH=/home/jmj/pro_asp_ws/ws_px4_controls/install/px4_msgs:/home/jmj/pro_asp_ws/ws_px4_controls/install/utilities_pkg:/home/jmj/pro_asp_ws/ws_px4_controls/install/uav_controller_pkg:/home/jmj/pro_asp_ws/ws_px4_controls/install/px4_ros_com:/home/jmj/pro_asp_ws/ws_px4_controls/install/multi_tracker:/home/jmj/pro_asp_ws/ws_px4_controls/install/aruco_interfaces:/opt/ros/humble LD_LIBRARY_PATH=/home/jmj/pro_asp_ws/ws_px4_controls/install/px4_msgs/lib:/home/jmj/pro_asp_ws/ws_px4_controls/install/px4_ros_com/lib:/home/jmj/pro_asp_ws/ws_px4_controls/install/aruco_interfaces/lib:/usr/local/cuda/lib64:/opt/ros/humble/opt/rviz_ogre_vendor/lib:/opt/ros/humble/lib/x86_64-linux-gnu:/opt/ros/humble/lib:/usr/local/cuda/lib64 /usr/bin/cmake --build /home/jmj/pro_asp_ws/ws_px4_controls/build/px4_ros_com -- -j20 -l20
[0.032s] -- Found ament_cmake: 1.3.11 (/opt/ros/humble/share/ament_cmake/cmake)
[0.126s] -- Found builtin_interfaces: 1.2.1 (/opt/ros/humble/share/builtin_interfaces/cmake)
[0.141s] -- Found rosidl_generator_c: 3.1.6 (/opt/ros/humble/share/rosidl_generator_c/cmake)
[0.142s] -- Found rosidl_adapter: 3.1.6 (/opt/ros/humble/share/rosidl_adapter/cmake)
[0.146s] -- Found rosidl_generator_cpp: 3.1.6 (/opt/ros/humble/share/rosidl_generator_cpp/cmake)
[0.151s] -- Using all available rosidl_typesupport_c: rosidl_typesupport_fastrtps_c;rosidl_typesupport_introspection_c
[0.159s] -- Using all available rosidl_typesupport_cpp: rosidl_typesupport_fastrtps_cpp;rosidl_typesupport_introspection_cpp
[0.166s] -- Found eigen3_cmake_module: 0.1.1 (/opt/ros/humble/share/eigen3_cmake_module/cmake)
[0.167s] -- Found geometry_msgs: 4.8.0 (/opt/ros/humble/share/geometry_msgs/cmake)
[0.182s] -- Found px4_msgs: 2.0.1 (/home/jmj/pro_asp_ws/ws_px4_controls/install/px4_msgs/share/px4_msgs/cmake)
[0.191s] -- Found rclcpp: 16.0.12 (/opt/ros/humble/share/rclcpp/cmake)
[0.209s] -- Found rmw_implementation_cmake: 6.1.2 (/opt/ros/humble/share/rmw_implementation_cmake/cmake)
[0.211s] -- Found rmw_fastrtps_cpp: 6.2.7 (/opt/ros/humble/share/rmw_fastrtps_cpp/cmake)
[0.291s] -- Using RMW implementation 'rmw_fastrtps_cpp' as default
[0.317s] -- Found sensor_msgs: 4.8.0 (/opt/ros/humble/share/sensor_msgs/cmake)
[0.328s] -- Found rclpy: 3.3.16 (/opt/ros/humble/share/rclpy/cmake)
[0.328s] -- Found tf2: 0.25.12 (/opt/ros/humble/share/tf2/cmake)
[0.330s] -- Found tf2_geometry_msgs: 0.25.12 (/opt/ros/humble/share/tf2_geometry_msgs/cmake)
[0.335s] -- Ensuring Eigen3 include directory is part of orocos-kdl CMake target
[0.389s] -- Found ament_lint_auto: 0.12.12 (/opt/ros/humble/share/ament_lint_auto/cmake)
[0.444s] -- Added test 'copyright' to check source files copyright and LICENSE
[0.445s] -- Added test 'cppcheck' to perform static code analysis on C / C++ code
[0.445s] -- Configured cppcheck include dirs: /home/jmj/pro_asp_ws/ws_px4_controls/src/px4_ros_com/include;$<BUILD_INTERFACE:/home/jmj/pro_asp_ws/ws_px4_controls/src/px4_ros_com/include/px4_ros_com>
[0.446s] -- Configured cppcheck exclude dirs and/or files: 
[0.447s] -- Added test 'cpplint' to check C / C++ code against the Google style
[0.447s] -- Configured cpplint exclude dirs and/or files: 
[0.447s] -- Added test 'flake8' to check Python code syntax and style conventions
[0.447s] -- Added test 'lint_cmake' to check CMake code style
[0.448s] -- Added test 'pep257' to check Python code against some of the docstring style conventions in PEP 257
[0.449s] -- Added test 'uncrustify' to check C / C++ code style
[0.449s] -- Configured uncrustify additional arguments: 
[0.449s] -- Added test 'xmllint' to check XML markup files
[0.451s] -- Configuring done
[0.476s] -- Generating done
[0.486s] -- Build files have been written to: /home/jmj/pro_asp_ws/ws_px4_controls/build/px4_ros_com
[0.514s] [35m[1mConsolidate compiler generated dependencies of target frame_transforms[0m
[0.514s] [35m[1mConsolidate compiler generated dependencies of target sensor_combined_listener[0m
[0.515s] [35m[1mConsolidate compiler generated dependencies of target offboard_control_srv[0m
[0.515s] [35m[1mConsolidate compiler generated dependencies of target vehicle_gps_position_listener[0m
[0.515s] [35m[1mConsolidate compiler generated dependencies of target offboard_control_key[0m
[0.516s] [35m[1mConsolidate compiler generated dependencies of target cli_pose_command[0m
[0.518s] [35m[1mConsolidate compiler generated dependencies of target debug_vect_advertiser[0m
[0.519s] [35m[1mConsolidate compiler generated dependencies of target offboard_control[0m
[0.536s] [  6%] Built target ament_cmake_python_copy_px4_ros_com
[0.536s] [ 12%] Built target frame_transforms
[0.536s] [ 25%] Built target offboard_control_srv
[0.538s] [ 50%] Built target debug_vect_advertiser
[0.538s] [ 50%] Built target sensor_combined_listener
[0.538s] [ 62%] Built target cli_pose_command
[0.538s] [ 75%] Built target vehicle_gps_position_listener
[0.543s] [ 87%] Built target offboard_control_key
[0.543s] [ 93%] [32mBuilding CXX object CMakeFiles/offboard_control.dir/src/examples/offboard/offboard_control.cpp.o[0m
[0.764s] running egg_info
[0.765s] writing px4_ros_com.egg-info/PKG-INFO
[0.766s] writing dependency_links to px4_ros_com.egg-info/dependency_links.txt
[0.766s] writing top-level names to px4_ros_com.egg-info/top_level.txt
[0.768s] reading manifest file 'px4_ros_com.egg-info/SOURCES.txt'
[0.768s] writing manifest file 'px4_ros_com.egg-info/SOURCES.txt'
[0.795s] [ 93%] Built target ament_cmake_python_build_px4_ros_com_egg
[7.197s] [01m[K/home/jmj/pro_asp_ws/ws_px4_controls/src/px4_ros_com/src/examples/offboard/offboard_control.cpp:[m[K In member function ‘[01m[Kvoid OffboardControl::pose_callback(geometry_msgs::msg::PoseStamped_<std::allocator<void> >::SharedPtr)[m[K’:
[7.197s] [01m[K/home/jmj/pro_asp_ws/ws_px4_controls/src/px4_ros_com/src/examples/offboard/offboard_control.cpp:118:55:[m[K [01;31m[Kerror: [m[Kconversion from ‘[01m[Kgeometry_msgs::msg::Transform[m[K’ {aka ‘[01m[Kgeometry_msgs::msg::Transform_<std::allocator<void> >[m[K’} to non-scalar type ‘[01m[Kgeometry_msgs::msg::Pose[m[K’ {aka ‘[01m[Kgeometry_msgs::msg::Pose_<std::allocator<void> >[m[K’} requested
[7.197s]   118 |     geometry_msgs::msg::Pose pose_in_odom = [01;31m[Ktf2::toMsg(T_odom_to_current)[m[K;
[7.197s]       |                                             [01;31m[K~~~~~~~~~~^~~~~~~~~~~~~~~~~~~[m[K
[7.198s] gmake[2]: *** [CMakeFiles/offboard_control.dir/build.make:76: CMakeFiles/offboard_control.dir/src/examples/offboard/offboard_control.cpp.o] Error 1
[7.198s] gmake[1]: *** [CMakeFiles/Makefile2:258: CMakeFiles/offboard_control.dir/all] Error 2
[7.198s] gmake: *** [Makefile:146: all] Error 2
[7.200s] Invoked command in '/home/jmj/pro_asp_ws/ws_px4_controls/build/px4_ros_com' returned '2': CMAKE_PREFIX_PATH=/home/jmj/pro_asp_ws/ws_px4_controls/install/px4_msgs:/home/jmj/pro_asp_ws/ws_px4_controls/install/utilities_pkg:/home/jmj/pro_asp_ws/ws_px4_controls/install/uav_controller_pkg:/home/jmj/pro_asp_ws/ws_px4_controls/install/px4_ros_com:/home/jmj/pro_asp_ws/ws_px4_controls/install/multi_tracker:/home/jmj/pro_asp_ws/ws_px4_controls/install/aruco_interfaces:/opt/ros/humble LD_LIBRARY_PATH=/home/jmj/pro_asp_ws/ws_px4_controls/install/px4_msgs/lib:/home/jmj/pro_asp_ws/ws_px4_controls/install/px4_ros_com/lib:/home/jmj/pro_asp_ws/ws_px4_controls/install/aruco_interfaces/lib:/usr/local/cuda/lib64:/opt/ros/humble/opt/rviz_ogre_vendor/lib:/opt/ros/humble/lib/x86_64-linux-gnu:/opt/ros/humble/lib:/usr/local/cuda/lib64 /usr/bin/cmake --build /home/jmj/pro_asp_ws/ws_px4_controls/build/px4_ros_com -- -j20 -l20
