[0.011s] Invoking command in '/home/jmj/pro_asp_ws/ws_px4_controls/build/px4_ros_com': CMAKE_PREFIX_PATH=/home/jmj/pro_asp_ws/ws_px4_controls/install/px4_msgs:/home/jmj/pro_asp_ws/ws_px4_controls/install/utilities_pkg:/home/jmj/pro_asp_ws/ws_px4_controls/install/uav_controller_pkg:/home/jmj/pro_asp_ws/ws_px4_controls/install/px4_ros_com:/home/jmj/pro_asp_ws/ws_px4_controls/install/multi_tracker:/home/jmj/pro_asp_ws/ws_px4_controls/install/aruco_interfaces:/opt/ros/humble LD_LIBRARY_PATH=/home/jmj/pro_asp_ws/ws_px4_controls/install/px4_msgs/lib:/home/jmj/pro_asp_ws/ws_px4_controls/install/px4_ros_com/lib:/home/jmj/pro_asp_ws/ws_px4_controls/install/aruco_interfaces/lib:/usr/local/cuda/lib64:/opt/ros/humble/opt/rviz_ogre_vendor/lib:/opt/ros/humble/lib/x86_64-linux-gnu:/opt/ros/humble/lib:/usr/local/cuda/lib64 /usr/bin/cmake --build /home/jmj/pro_asp_ws/ws_px4_controls/build/px4_ros_com -- -j20 -l20
[0.047s] [35m[1mConsolidate compiler generated dependencies of target offboard_control[0m
[0.056s] [ 12%] Built target cli_pose_command
[0.056s] [ 25%] Built target vehicle_gps_position_listener
[0.056s] [ 37%] Built target debug_vect_advertiser
[0.056s] [ 50%] Built target offboard_control_srv
[0.057s] [ 62%] Built target sensor_combined_listener
[0.057s] [ 75%] Built target frame_transforms
[0.058s] [ 87%] Built target offboard_control_key
[0.059s] [ 93%] [32mBuilding CXX object CMakeFiles/offboard_control.dir/src/examples/offboard/offboard_control.cpp.o[0m
[0.060s] [ 93%] Built target ament_cmake_python_copy_px4_ros_com
[0.220s] running egg_info
[0.221s] writing px4_ros_com.egg-info/PKG-INFO
[0.221s] writing dependency_links to px4_ros_com.egg-info/dependency_links.txt
[0.221s] writing top-level names to px4_ros_com.egg-info/top_level.txt
[0.223s] reading manifest file 'px4_ros_com.egg-info/SOURCES.txt'
[0.224s] writing manifest file 'px4_ros_com.egg-info/SOURCES.txt'
[0.245s] [ 93%] Built target ament_cmake_python_build_px4_ros_com_egg
[4.101s] [01m[K/home/jmj/pro_asp_ws/ws_px4_controls/src/px4_ros_com/src/examples/offboard/offboard_control.cpp:232:2:[m[K [01;31m[Kerror: [m[Kexpected ‘[01m[K}[m[K’ at end of input
[4.102s]   232 | }
[4.102s]       |  [01;31m[K^[m[K
[4.102s] [01m[K/home/jmj/pro_asp_ws/ws_px4_controls/src/px4_ros_com/src/examples/offboard/offboard_control.cpp:24:1:[m[K [01;36m[Knote: [m[Kto match this ‘[01m[K{[m[K’
[4.102s]    24 | [01;36m[K{[m[K
[4.102s]       | [01;36m[K^[m[K
[4.102s] [01m[K/home/jmj/pro_asp_ws/ws_px4_controls/src/px4_ros_com/src/examples/offboard/offboard_control.cpp:[m[K In constructor ‘[01m[KOffboardControl::OffboardControl()[m[K’:
[4.102s] [01m[K/home/jmj/pro_asp_ws/ws_px4_controls/src/px4_ros_com/src/examples/offboard/offboard_control.cpp:33:115:[m[K [01;31m[Kerror: [m[K‘[01m[Ktwist_callback[m[K’ is not a member of ‘[01m[KOffboardControl[m[K’
[4.102s]    33 |     twist_sub_ = create_subscription<geometry_msgs::msg::Twist>("/command/twist", 10, std::bind(&OffboardControl::[01;31m[Ktwist_callback[m[K, this, _1));
[4.102s]       |                                                                                                                   [01;31m[K^~~~~~~~~~~~~~[m[K
[4.102s] [01m[K/home/jmj/pro_asp_ws/ws_px4_controls/src/px4_ros_com/src/examples/offboard/offboard_control.cpp:34:125:[m[K [01;31m[Kerror: [m[K‘[01m[Kgimbal_callback[m[K’ is not a member of ‘[01m[KOffboardControl[m[K’
[4.102s]    34 |     gimbal_pitch_sub_ = create_subscription<std_msgs::msg::Float32>("/gimbal_pitch_degree", 10, std::bind(&OffboardControl::[01;31m[Kgimbal_callback[m[K, this, std::placeholders::_1));
[4.102s]       |                                                                                                                             [01;31m[K^~~~~~~~~~~~~~~[m[K
[4.102s] [01m[K/home/jmj/pro_asp_ws/ws_px4_controls/src/px4_ros_com/src/examples/offboard/offboard_control.cpp:[m[K In member function ‘[01m[Kvoid OffboardControl::timer_callback()[m[K’:
[4.102s] [01m[K/home/jmj/pro_asp_ws/ws_px4_controls/src/px4_ros_com/src/examples/offboard/offboard_control.cpp:64:5:[m[K [01;31m[Kerror: [m[K‘[01m[Kpublish_offboard_control_mode[m[K’ was not declared in this scope
[4.102s]    64 |     [01;31m[Kpublish_offboard_control_mode[m[K();
[4.103s]       |     [01;31m[K^~~~~~~~~~~~~~~~~~~~~~~~~~~~~[m[K
[4.103s] [01m[K/home/jmj/pro_asp_ws/ws_px4_controls/src/px4_ros_com/src/examples/offboard/offboard_control.cpp:78:9:[m[K [01;31m[Kerror: [m[K‘[01m[Kpublish_vehicle_command[m[K’ was not declared in this scope
[4.103s]    78 |         [01;31m[Kpublish_vehicle_command[m[K(VehicleCommand::VEHICLE_CMD_DO_SET_MODE, 1, 6);
[4.103s]       |         [01;31m[K^~~~~~~~~~~~~~~~~~~~~~~[m[K
[4.103s] [01m[K/home/jmj/pro_asp_ws/ws_px4_controls/src/px4_ros_com/src/examples/offboard/offboard_control.cpp:[m[K In member function ‘[01m[Kvoid OffboardControl::takeoff_callback(std_msgs::msg::Bool_<std::allocator<void> >::SharedPtr)[m[K’:
[4.103s] [01m[K/home/jmj/pro_asp_ws/ws_px4_controls/src/px4_ros_com/src/examples/offboard/offboard_control.cpp:91:11:[m[K [01;31m[Kerror: [m[K‘[01m[Kpublish_vehicle_command[m[K’ was not declared in this scope
[4.103s]    91 |           [01;31m[Kpublish_vehicle_command[m[K(VehicleCommand::VEHICLE_CMD_DO_SET_MODE, 1, 6); // PX4_CUSTOM_MAIN_MODE = 6 (Offboard)
[4.103s]       |           [01;31m[K^~~~~~~~~~~~~~~~~~~~~~~[m[K
[4.103s] [01m[K/home/jmj/pro_asp_ws/ws_px4_controls/src/px4_ros_com/src/examples/offboard/offboard_control.cpp:[m[K In member function ‘[01m[Kvoid OffboardControl::pose_callback(geometry_msgs::msg::PoseStamped_<std::allocator<void> >::SharedPtr)[m[K’:
[4.103s] [01m[K/home/jmj/pro_asp_ws/ws_px4_controls/src/px4_ros_com/src/examples/offboard/offboard_control.cpp:103:10:[m[K [01;31m[Kerror: [m[K‘[01m[Kodom_origin_set_[m[K’ was not declared in this scope
[4.103s]   103 |     if (![01;31m[Kodom_origin_set_[m[K) {
[4.103s]       |          [01;31m[K^~~~~~~~~~~~~~~~[m[K
[4.103s] [01m[K/home/jmj/pro_asp_ws/ws_px4_controls/src/px4_ros_com/src/examples/offboard/offboard_control.cpp:104:31:[m[K [01;31m[Kerror: [m[K‘[01m[KT_map_to_odom_[m[K’ was not declared in this scope
[4.103s]   104 |       tf2::fromMsg(msg->pose, [01;31m[KT_map_to_odom_[m[K);  // 초기 위치 및 orientation 저장
[4.104s]       |                               [01;31m[K^~~~~~~~~~~~~~[m[K
[4.104s] [01m[K/home/jmj/pro_asp_ws/ws_px4_controls/src/px4_ros_com/src/examples/offboard/offboard_control.cpp:115:40:[m[K [01;31m[Kerror: [m[K‘[01m[KT_map_to_odom_[m[K’ was not declared in this scope
[4.104s]   115 |     tf2::Transform T_odom_to_current = [01;31m[KT_map_to_odom_[m[K * T_map_to_current;
[4.104s]       |                                        [01;31m[K^~~~~~~~~~~~~~[m[K
[4.104s] [01m[K/home/jmj/pro_asp_ws/ws_px4_controls/src/px4_ros_com/src/examples/offboard/offboard_control.cpp:116:55:[m[K [01;31m[Kerror: [m[Kconversion from ‘[01m[Kgeometry_msgs::msg::Transform[m[K’ {aka ‘[01m[Kgeometry_msgs::msg::Transform_<std::allocator<void> >[m[K’} to non-scalar type ‘[01m[Kgeometry_msgs::msg::Pose[m[K’ {aka ‘[01m[Kgeometry_msgs::msg::Pose_<std::allocator<void> >[m[K’} requested
[4.104s]   116 |     geometry_msgs::msg::Pose pose_in_odom = [01;31m[Ktf2::toMsg(T_odom_to_current)[m[K;
[4.104s]       |                                             [01;31m[K~~~~~~~~~~^~~~~~~~~~~~~~~~~~~[m[K
[4.104s] [01m[K/home/jmj/pro_asp_ws/ws_px4_controls/src/px4_ros_com/src/examples/offboard/offboard_control.cpp:132:3:[m[K [01;31m[Kerror: [m[Ka function-definition is not allowed here before ‘[01m[K{[m[K’ token
[4.104s]   132 |   [01;31m[K{[m[K
[4.104s]       |   [01;31m[K^[m[K
[4.104s] [01m[K/home/jmj/pro_asp_ws/ws_px4_controls/src/px4_ros_com/src/examples/offboard/offboard_control.cpp:138:3:[m[K [01;31m[Kerror: [m[Ka function-definition is not allowed here before ‘[01m[K{[m[K’ token
[4.104s]   138 |   [01;31m[K{[m[K
[4.104s]       |   [01;31m[K^[m[K
[4.104s] [01m[K/home/jmj/pro_asp_ws/ws_px4_controls/src/px4_ros_com/src/examples/offboard/offboard_control.cpp:153:40:[m[K [01;31m[Kerror: [m[Ka function-definition is not allowed here before ‘[01m[K{[m[K’ token
[4.104s]   153 |   void publish_offboard_control_mode() [01;31m[K{[m[K
[4.105s]       |                                        [01;31m[K^[m[K
[4.105s] [01m[K/home/jmj/pro_asp_ws/ws_px4_controls/src/px4_ros_com/src/examples/offboard/offboard_control.cpp:165:3:[m[K [01;31m[Kerror: [m[Ka function-definition is not allowed here before ‘[01m[K{[m[K’ token
[4.105s]   165 |   [01;31m[K{[m[K
[4.105s]       |   [01;31m[K^[m[K
[4.105s] [01m[K/home/jmj/pro_asp_ws/ws_px4_controls/src/px4_ros_com/src/examples/offboard/offboard_control.cpp:180:3:[m[K [01;31m[Kerror: [m[Ka function-definition is not allowed here before ‘[01m[K{[m[K’ token
[4.105s]   180 |   [01;31m[K{[m[K
[4.105s]       |   [01;31m[K^[m[K
[4.105s] [01m[K/home/jmj/pro_asp_ws/ws_px4_controls/src/px4_ros_com/src/examples/offboard/offboard_control.cpp:204:3:[m[K [01;31m[Kerror: [m[Ka function-definition is not allowed here before ‘[01m[K{[m[K’ token
[4.105s]   204 |   [01;31m[K{[m[K
[4.105s]       |   [01;31m[K^[m[K
[4.105s] [01m[K/home/jmj/pro_asp_ws/ws_px4_controls/src/px4_ros_com/src/examples/offboard/offboard_control.cpp:[m[K At global scope:
[4.105s] [01m[K/home/jmj/pro_asp_ws/ws_px4_controls/src/px4_ros_com/src/examples/offboard/offboard_control.cpp:232:2:[m[K [01;31m[Kerror: [m[Kexpected unqualified-id at end of input
[4.105s]   232 | }
[4.105s]       |  [01;31m[K^[m[K
[4.105s] gmake[2]: *** [CMakeFiles/offboard_control.dir/build.make:76: CMakeFiles/offboard_control.dir/src/examples/offboard/offboard_control.cpp.o] Error 1
[4.105s] gmake[1]: *** [CMakeFiles/Makefile2:258: CMakeFiles/offboard_control.dir/all] Error 2
[4.105s] gmake: *** [Makefile:146: all] Error 2
[4.106s] Invoked command in '/home/jmj/pro_asp_ws/ws_px4_controls/build/px4_ros_com' returned '2': CMAKE_PREFIX_PATH=/home/jmj/pro_asp_ws/ws_px4_controls/install/px4_msgs:/home/jmj/pro_asp_ws/ws_px4_controls/install/utilities_pkg:/home/jmj/pro_asp_ws/ws_px4_controls/install/uav_controller_pkg:/home/jmj/pro_asp_ws/ws_px4_controls/install/px4_ros_com:/home/jmj/pro_asp_ws/ws_px4_controls/install/multi_tracker:/home/jmj/pro_asp_ws/ws_px4_controls/install/aruco_interfaces:/opt/ros/humble LD_LIBRARY_PATH=/home/jmj/pro_asp_ws/ws_px4_controls/install/px4_msgs/lib:/home/jmj/pro_asp_ws/ws_px4_controls/install/px4_ros_com/lib:/home/jmj/pro_asp_ws/ws_px4_controls/install/aruco_interfaces/lib:/usr/local/cuda/lib64:/opt/ros/humble/opt/rviz_ogre_vendor/lib:/opt/ros/humble/lib/x86_64-linux-gnu:/opt/ros/humble/lib:/usr/local/cuda/lib64 /usr/bin/cmake --build /home/jmj/pro_asp_ws/ws_px4_controls/build/px4_ros_com -- -j20 -l20
