[0.012s] Invoking command in '/home/jmj/pro_asp_ws/ws_aruco/build/multi_tracker': CMAKE_PREFIX_PATH=/home/jmj/pro_asp_ws/ws_aruco/install/cv_bridge:/home/jmj/pro_asp_ws/ws_aruco/install/aruco_interfaces:/home/jmj/pro_asp_ws/ws_aruco/install/vision_opencv:/home/jmj/pro_asp_ws/ws_aruco/install/multi_tracker:/home/jmj/pro_asp_ws/ws_aruco/install/image_geometry:/home/jmj/pro_asp_ws/ws_px4_controls/install/utilities_pkg:/home/jmj/pro_asp_ws/ws_px4_controls/install/uav_controller_pkg:/home/jmj/pro_asp_ws/ws_px4_controls/install/px4_ros_com:/home/jmj/pro_asp_ws/ws_px4_controls/install/px4_msgs:/home/jmj/pro_asp_ws/ws_aruco/install/opencv_tests:/opt/ros/humble LD_LIBRARY_PATH=/home/jmj/pro_asp_ws/ws_aruco/install/cv_bridge/lib:/home/jmj/pro_asp_ws/ws_aruco/install/aruco_interfaces/lib:/home/jmj/pro_asp_ws/ws_aruco/install/image_geometry/lib:/home/jmj/pro_asp_ws/ws_px4_controls/install/px4_ros_com/lib:/home/jmj/pro_asp_ws/ws_px4_controls/install/px4_msgs/lib:/opt/ros/humble/opt/rviz_ogre_vendor/lib:/opt/ros/humble/lib/x86_64-linux-gnu:/opt/ros/humble/lib:/usr/local/cuda/lib64 /usr/bin/cmake --build /home/jmj/pro_asp_ws/ws_aruco/build/multi_tracker -- -j20 -l20
[0.034s] -- Found ament_cmake: 1.3.11 (/opt/ros/humble/share/ament_cmake/cmake)
[0.126s] -- Found rclcpp: 16.0.12 (/opt/ros/humble/share/rclcpp/cmake)
[0.146s] -- Found rosidl_generator_c: 3.1.6 (/opt/ros/humble/share/rosidl_generator_c/cmake)
[0.147s] -- Found rosidl_adapter: 3.1.6 (/opt/ros/humble/share/rosidl_adapter/cmake)
[0.151s] -- Found rosidl_generator_cpp: 3.1.6 (/opt/ros/humble/share/rosidl_generator_cpp/cmake)
[0.157s] -- Using all available rosidl_typesupport_c: rosidl_typesupport_fastrtps_c;rosidl_typesupport_introspection_c
[0.165s] -- Using all available rosidl_typesupport_cpp: rosidl_typesupport_fastrtps_cpp;rosidl_typesupport_introspection_cpp
[0.187s] -- Found rmw_implementation_cmake: 6.1.2 (/opt/ros/humble/share/rmw_implementation_cmake/cmake)
[0.188s] -- Found rmw_fastrtps_cpp: 6.2.7 (/opt/ros/humble/share/rmw_fastrtps_cpp/cmake)
[0.273s] -- Using RMW implementation 'rmw_fastrtps_cpp' as default
[0.306s] -- Found sensor_msgs: 4.8.0 (/opt/ros/humble/share/sensor_msgs/cmake)
[0.328s] -- Found cv_bridge: 3.2.1 (/home/jmj/pro_asp_ws/ws_aruco/install/cv_bridge/share/cv_bridge/cmake)
[0.330s] -- Found image_transport: 3.1.11 (/opt/ros/humble/share/image_transport/cmake)
[0.344s] -- Found tf2: 0.25.12 (/opt/ros/humble/share/tf2/cmake)
[0.346s] -- Found tf2_geometry_msgs: 0.25.12 (/opt/ros/humble/share/tf2_geometry_msgs/cmake)
[0.348s] -- Found eigen3_cmake_module: 0.1.1 (/opt/ros/humble/share/eigen3_cmake_module/cmake)
[0.349s] -- Ensuring Eigen3 include directory is part of orocos-kdl CMake target
[0.398s] -- Found px4_msgs: 2.0.1 (/home/jmj/pro_asp_ws/ws_px4_controls/install/px4_msgs/share/px4_msgs/cmake)
[0.405s] -- Found rosidl_default_generators: 1.2.0 (/opt/ros/humble/share/rosidl_default_generators/cmake)
[0.409s] -- Found aruco_interfaces: 0.0.0 (/home/jmj/pro_asp_ws/ws_aruco/install/aruco_interfaces/share/aruco_interfaces/cmake)
[0.484s] -- Configuring done
[0.494s] -- Generating done
[0.497s] -- Build files have been written to: /home/jmj/pro_asp_ws/ws_aruco/build/multi_tracker
[0.521s] [35m[1mConsolidate compiler generated dependencies of target multi_tracker_node[0m
[0.537s] [ 50%] [32mBuilding CXX object CMakeFiles/multi_tracker_node.dir/src/multi_tracker_node.cpp.o[0m
[9.682s] [01m[K/home/jmj/pro_asp_ws/ws_aruco/src/multi_tracker/src/multi_tracker_node.cpp:[m[K In member function ‘[01m[Kvoid MultiTrackerNode::image_callback(sensor_msgs::msg::Image_<std::allocator<void> >::SharedPtr)[m[K’:
[9.682s] [01m[K/home/jmj/pro_asp_ws/ws_aruco/src/multi_tracker/src/multi_tracker_node.cpp:122:13:[m[K [01;35m[Kwarning: [m[Kunused variable ‘[01m[Kselected_id[m[K’ [[01;35m[K-Wunused-variable[m[K]
[9.682s]   122 |         int [01;35m[Kselected_id[m[K = ids[best_marker_idx];
[9.682s]       |             [01;35m[K^~~~~~~~~~~[m[K
[9.692s] [100%] [32m[1mLinking CXX executable multi_tracker_node[0m
[10.458s] [100%] Built target multi_tracker_node
[10.467s] Invoked command in '/home/jmj/pro_asp_ws/ws_aruco/build/multi_tracker' returned '0': CMAKE_PREFIX_PATH=/home/jmj/pro_asp_ws/ws_aruco/install/cv_bridge:/home/jmj/pro_asp_ws/ws_aruco/install/aruco_interfaces:/home/jmj/pro_asp_ws/ws_aruco/install/vision_opencv:/home/jmj/pro_asp_ws/ws_aruco/install/multi_tracker:/home/jmj/pro_asp_ws/ws_aruco/install/image_geometry:/home/jmj/pro_asp_ws/ws_px4_controls/install/utilities_pkg:/home/jmj/pro_asp_ws/ws_px4_controls/install/uav_controller_pkg:/home/jmj/pro_asp_ws/ws_px4_controls/install/px4_ros_com:/home/jmj/pro_asp_ws/ws_px4_controls/install/px4_msgs:/home/jmj/pro_asp_ws/ws_aruco/install/opencv_tests:/opt/ros/humble LD_LIBRARY_PATH=/home/jmj/pro_asp_ws/ws_aruco/install/cv_bridge/lib:/home/jmj/pro_asp_ws/ws_aruco/install/aruco_interfaces/lib:/home/jmj/pro_asp_ws/ws_aruco/install/image_geometry/lib:/home/jmj/pro_asp_ws/ws_px4_controls/install/px4_ros_com/lib:/home/jmj/pro_asp_ws/ws_px4_controls/install/px4_msgs/lib:/opt/ros/humble/opt/rviz_ogre_vendor/lib:/opt/ros/humble/lib/x86_64-linux-gnu:/opt/ros/humble/lib:/usr/local/cuda/lib64 /usr/bin/cmake --build /home/jmj/pro_asp_ws/ws_aruco/build/multi_tracker -- -j20 -l20
[10.473s] Invoking command in '/home/jmj/pro_asp_ws/ws_aruco/build/multi_tracker': CMAKE_PREFIX_PATH=/home/jmj/pro_asp_ws/ws_aruco/install/cv_bridge:/home/jmj/pro_asp_ws/ws_aruco/install/aruco_interfaces:/home/jmj/pro_asp_ws/ws_aruco/install/vision_opencv:/home/jmj/pro_asp_ws/ws_aruco/install/multi_tracker:/home/jmj/pro_asp_ws/ws_aruco/install/image_geometry:/home/jmj/pro_asp_ws/ws_px4_controls/install/utilities_pkg:/home/jmj/pro_asp_ws/ws_px4_controls/install/uav_controller_pkg:/home/jmj/pro_asp_ws/ws_px4_controls/install/px4_ros_com:/home/jmj/pro_asp_ws/ws_px4_controls/install/px4_msgs:/home/jmj/pro_asp_ws/ws_aruco/install/opencv_tests:/opt/ros/humble LD_LIBRARY_PATH=/home/jmj/pro_asp_ws/ws_aruco/install/cv_bridge/lib:/home/jmj/pro_asp_ws/ws_aruco/install/aruco_interfaces/lib:/home/jmj/pro_asp_ws/ws_aruco/install/image_geometry/lib:/home/jmj/pro_asp_ws/ws_px4_controls/install/px4_ros_com/lib:/home/jmj/pro_asp_ws/ws_px4_controls/install/px4_msgs/lib:/opt/ros/humble/opt/rviz_ogre_vendor/lib:/opt/ros/humble/lib/x86_64-linux-gnu:/opt/ros/humble/lib:/usr/local/cuda/lib64 /usr/bin/cmake --install /home/jmj/pro_asp_ws/ws_aruco/build/multi_tracker
[10.477s] -- Install configuration: ""
[10.478s] -- Installing: /home/jmj/pro_asp_ws/ws_aruco/install/multi_tracker/lib/multi_tracker/multi_tracker_node
[10.481s] -- Set runtime path of "/home/jmj/pro_asp_ws/ws_aruco/install/multi_tracker/lib/multi_tracker/multi_tracker_node" to ""
[10.481s] -- Up-to-date: /home/jmj/pro_asp_ws/ws_aruco/install/multi_tracker/share/multi_tracker//launch
[10.481s] -- Up-to-date: /home/jmj/pro_asp_ws/ws_aruco/install/multi_tracker/share/multi_tracker//launch/x1_aruco_detector.launch.py
[10.481s] -- Up-to-date: /home/jmj/pro_asp_ws/ws_aruco/install/multi_tracker/share/multi_tracker//launch/x500_aruco_detector.launch.py
[10.481s] -- Installing: /home/jmj/pro_asp_ws/ws_aruco/install/multi_tracker/share/ament_index/resource_index/package_run_dependencies/multi_tracker
[10.481s] -- Up-to-date: /home/jmj/pro_asp_ws/ws_aruco/install/multi_tracker/share/ament_index/resource_index/parent_prefix_path/multi_tracker
[10.481s] -- Up-to-date: /home/jmj/pro_asp_ws/ws_aruco/install/multi_tracker/share/multi_tracker/environment/ament_prefix_path.sh
[10.481s] -- Installing: /home/jmj/pro_asp_ws/ws_aruco/install/multi_tracker/share/multi_tracker/environment/ament_prefix_path.dsv
[10.481s] -- Up-to-date: /home/jmj/pro_asp_ws/ws_aruco/install/multi_tracker/share/multi_tracker/environment/path.sh
[10.481s] -- Installing: /home/jmj/pro_asp_ws/ws_aruco/install/multi_tracker/share/multi_tracker/environment/path.dsv
[10.481s] -- Up-to-date: /home/jmj/pro_asp_ws/ws_aruco/install/multi_tracker/share/multi_tracker/local_setup.bash
[10.481s] -- Up-to-date: /home/jmj/pro_asp_ws/ws_aruco/install/multi_tracker/share/multi_tracker/local_setup.sh
[10.481s] -- Up-to-date: /home/jmj/pro_asp_ws/ws_aruco/install/multi_tracker/share/multi_tracker/local_setup.zsh
[10.481s] -- Installing: /home/jmj/pro_asp_ws/ws_aruco/install/multi_tracker/share/multi_tracker/local_setup.dsv
[10.482s] -- Installing: /home/jmj/pro_asp_ws/ws_aruco/install/multi_tracker/share/multi_tracker/package.dsv
[10.482s] -- Up-to-date: /home/jmj/pro_asp_ws/ws_aruco/install/multi_tracker/share/ament_index/resource_index/packages/multi_tracker
[10.482s] -- Up-to-date: /home/jmj/pro_asp_ws/ws_aruco/install/multi_tracker/share/multi_tracker/cmake/ament_cmake_export_dependencies-extras.cmake
[10.482s] -- Up-to-date: /home/jmj/pro_asp_ws/ws_aruco/install/multi_tracker/share/multi_tracker/cmake/multi_trackerConfig.cmake
[10.482s] -- Up-to-date: /home/jmj/pro_asp_ws/ws_aruco/install/multi_tracker/share/multi_tracker/cmake/multi_trackerConfig-version.cmake
[10.482s] -- Installing: /home/jmj/pro_asp_ws/ws_aruco/install/multi_tracker/share/multi_tracker/package.xml
[10.484s] Invoked command in '/home/jmj/pro_asp_ws/ws_aruco/build/multi_tracker' returned '0': CMAKE_PREFIX_PATH=/home/jmj/pro_asp_ws/ws_aruco/install/cv_bridge:/home/jmj/pro_asp_ws/ws_aruco/install/aruco_interfaces:/home/jmj/pro_asp_ws/ws_aruco/install/vision_opencv:/home/jmj/pro_asp_ws/ws_aruco/install/multi_tracker:/home/jmj/pro_asp_ws/ws_aruco/install/image_geometry:/home/jmj/pro_asp_ws/ws_px4_controls/install/utilities_pkg:/home/jmj/pro_asp_ws/ws_px4_controls/install/uav_controller_pkg:/home/jmj/pro_asp_ws/ws_px4_controls/install/px4_ros_com:/home/jmj/pro_asp_ws/ws_px4_controls/install/px4_msgs:/home/jmj/pro_asp_ws/ws_aruco/install/opencv_tests:/opt/ros/humble LD_LIBRARY_PATH=/home/jmj/pro_asp_ws/ws_aruco/install/cv_bridge/lib:/home/jmj/pro_asp_ws/ws_aruco/install/aruco_interfaces/lib:/home/jmj/pro_asp_ws/ws_aruco/install/image_geometry/lib:/home/jmj/pro_asp_ws/ws_px4_controls/install/px4_ros_com/lib:/home/jmj/pro_asp_ws/ws_px4_controls/install/px4_msgs/lib:/opt/ros/humble/opt/rviz_ogre_vendor/lib:/opt/ros/humble/lib/x86_64-linux-gnu:/opt/ros/humble/lib:/usr/local/cuda/lib64 /usr/bin/cmake --install /home/jmj/pro_asp_ws/ws_aruco/build/multi_tracker
