-- The C compiler identification is GNU 11.4.0
-- The CXX compiler identification is GNU 11.4.0
-- Detecting C compiler ABI info
-- Detecting C compiler ABI info - done
-- Check for working C compiler: /usr/lib/ccache/gcc - skipped
-- Detecting C compile features
-- Detecting C compile features - done
-- Detecting CXX compiler ABI info
-- Detecting CXX compiler ABI info - done
-- Check for working CXX compiler: /usr/lib/ccache/g++ - skipped
-- Detecting CXX compile features
-- Detecting CXX compile features - done
-- Found ament_cmake: 1.3.11 (/opt/ros/humble/share/ament_cmake/cmake)
-- Found Python3: /usr/bin/python3 (found version "3.10.12") found components: Interpreter 
-- Found rclcpp: 16.0.12 (/opt/ros/humble/share/rclcpp/cmake)
-- Found rosidl_generator_c: 3.1.6 (/opt/ros/humble/share/rosidl_generator_c/cmake)
-- Found rosidl_adapter: 3.1.6 (/opt/ros/humble/share/rosidl_adapter/cmake)
-- Found rosidl_generator_cpp: 3.1.6 (/opt/ros/humble/share/rosidl_generator_cpp/cmake)
-- Using all available rosidl_typesupport_c: rosidl_typesupport_fastrtps_c;rosidl_typesupport_introspection_c
-- Using all available rosidl_typesupport_cpp: rosidl_typesupport_fastrtps_cpp;rosidl_typesupport_introspection_cpp
-- Found rmw_implementation_cmake: 6.1.2 (/opt/ros/humble/share/rmw_implementation_cmake/cmake)
-- Found rmw_fastrtps_cpp: 6.2.7 (/opt/ros/humble/share/rmw_fastrtps_cpp/cmake)
-- Found OpenSSL: /usr/lib/x86_64-linux-gnu/libcrypto.so (found version "3.0.2")  
-- Found FastRTPS: /opt/ros/humble/include  
-- Using RMW implementation 'rmw_fastrtps_cpp' as default
-- Looking for pthread.h
-- Looking for pthread.h - found
-- Performing Test CMAKE_HAVE_LIBC_PTHREAD
-- Performing Test CMAKE_HAVE_LIBC_PTHREAD - Success
-- Found Threads: TRUE  
-- Found geometry_msgs: 4.8.0 (/opt/ros/humble/share/geometry_msgs/cmake)
-- Found tf2_ros: 0.25.12 (/opt/ros/humble/share/tf2_ros/cmake)
-- Configuring done
-- Generating done
-- Build files have been written to: /home/jmj/pro_asp_ws/ugv_ws/build/gazebo_env_setup
[ 50%] [32mBuilding CXX object CMakeFiles/pose_tf_broadcaster.dir/src/pose_tf_broadcaster.cpp.o[0m
[100%] [32m[1mLinking CXX executable pose_tf_broadcaster[0m
[100%] Built target pose_tf_broadcaster
-- Install configuration: ""
-- Installing: /home/jmj/pro_asp_ws/ugv_ws/install/gazebo_env_setup/lib/gazebo_env_setup/pose_tf_broadcaster
-- Set runtime path of "/home/jmj/pro_asp_ws/ugv_ws/install/gazebo_env_setup/lib/gazebo_env_setup/pose_tf_broadcaster" to ""
-- Installing: /home/jmj/pro_asp_ws/ugv_ws/install/gazebo_env_setup/share/gazebo_env_setup/launch
-- Installing: /home/jmj/pro_asp_ws/ugv_ws/install/gazebo_env_setup/share/gazebo_env_setup/launch/pose_tf_broadcaster.launch.py
-- Installing: /home/jmj/pro_asp_ws/ugv_ws/install/gazebo_env_setup/share/gazebo_env_setup/launch/topic_bridge.launch.py
-- Installing: /home/jmj/pro_asp_ws/ugv_ws/install/gazebo_env_setup/share/ament_index/resource_index/package_run_dependencies/gazebo_env_setup
-- Installing: /home/jmj/pro_asp_ws/ugv_ws/install/gazebo_env_setup/share/ament_index/resource_index/parent_prefix_path/gazebo_env_setup
-- Installing: /home/jmj/pro_asp_ws/ugv_ws/install/gazebo_env_setup/share/gazebo_env_setup/environment/ament_prefix_path.sh
-- Installing: /home/jmj/pro_asp_ws/ugv_ws/install/gazebo_env_setup/share/gazebo_env_setup/environment/ament_prefix_path.dsv
-- Installing: /home/jmj/pro_asp_ws/ugv_ws/install/gazebo_env_setup/share/gazebo_env_setup/environment/path.sh
-- Installing: /home/jmj/pro_asp_ws/ugv_ws/install/gazebo_env_setup/share/gazebo_env_setup/environment/path.dsv
-- Installing: /home/jmj/pro_asp_ws/ugv_ws/install/gazebo_env_setup/share/gazebo_env_setup/local_setup.bash
-- Installing: /home/jmj/pro_asp_ws/ugv_ws/install/gazebo_env_setup/share/gazebo_env_setup/local_setup.sh
-- Installing: /home/jmj/pro_asp_ws/ugv_ws/install/gazebo_env_setup/share/gazebo_env_setup/local_setup.zsh
-- Installing: /home/jmj/pro_asp_ws/ugv_ws/install/gazebo_env_setup/share/gazebo_env_setup/local_setup.dsv
-- Installing: /home/jmj/pro_asp_ws/ugv_ws/install/gazebo_env_setup/share/gazebo_env_setup/package.dsv
-- Installing: /home/jmj/pro_asp_ws/ugv_ws/install/gazebo_env_setup/share/ament_index/resource_index/packages/gazebo_env_setup
-- Installing: /home/jmj/pro_asp_ws/ugv_ws/install/gazebo_env_setup/share/gazebo_env_setup/cmake/gazebo_env_setupConfig.cmake
-- Installing: /home/jmj/pro_asp_ws/ugv_ws/install/gazebo_env_setup/share/gazebo_env_setup/cmake/gazebo_env_setupConfig-version.cmake
-- Installing: /home/jmj/pro_asp_ws/ugv_ws/install/gazebo_env_setup/share/gazebo_env_setup/package.xml
