[0.054s] Invoking command in '/home/jmj/pro_asp_ws/ugv_ws/build/gazebo_env_setup': CMAKE_PREFIX_PATH=/opt/ros/humble /usr/bin/cmake /home/jmj/pro_asp_ws/ugv_ws/src/gazebo_env_setup -DCMAKE_INSTALL_PREFIX=/home/jmj/pro_asp_ws/ugv_ws/install/gazebo_env_setup
[0.191s] -- The C compiler identification is GNU 11.4.0
[0.298s] -- The CXX compiler identification is GNU 11.4.0
[0.320s] -- Detecting C compiler ABI info
[0.468s] -- Detecting C compiler ABI info - done
[0.492s] -- Check for working C compiler: /usr/lib/ccache/gcc - skipped
[0.492s] -- Detecting C compile features
[0.494s] -- Detecting C compile features - done
[0.502s] -- Detecting CXX compiler ABI info
[0.615s] -- Detecting CXX compiler ABI info - done
[0.633s] -- Check for working CXX compiler: /usr/lib/ccache/g++ - skipped
[0.633s] -- Detecting CXX compile features
[0.634s] -- Detecting CXX compile features - done
[0.637s] -- Found ament_cmake: 1.3.11 (/opt/ros/humble/share/ament_cmake/cmake)
[0.963s] -- Found Python3: /usr/bin/python3 (found version "3.10.12") found components: Interpreter 
[1.124s] -- Found rclcpp: 16.0.12 (/opt/ros/humble/share/rclcpp/cmake)
[1.175s] -- Found rosidl_generator_c: 3.1.6 (/opt/ros/humble/share/rosidl_generator_c/cmake)
[1.187s] -- Found rosidl_adapter: 3.1.6 (/opt/ros/humble/share/rosidl_adapter/cmake)
[1.204s] -- Found rosidl_generator_cpp: 3.1.6 (/opt/ros/humble/share/rosidl_generator_cpp/cmake)
[1.242s] -- Using all available rosidl_typesupport_c: rosidl_typesupport_fastrtps_c;rosidl_typesupport_introspection_c
[1.292s] -- Using all available rosidl_typesupport_cpp: rosidl_typesupport_fastrtps_cpp;rosidl_typesupport_introspection_cpp
[1.423s] -- Found rmw_implementation_cmake: 6.1.2 (/opt/ros/humble/share/rmw_implementation_cmake/cmake)
[1.429s] -- Found rmw_fastrtps_cpp: 6.2.7 (/opt/ros/humble/share/rmw_fastrtps_cpp/cmake)
[1.680s] -- Found OpenSSL: /usr/lib/x86_64-linux-gnu/libcrypto.so (found version "3.0.2")  
[1.765s] -- Found FastRTPS: /opt/ros/humble/include  
[1.880s] -- Using RMW implementation 'rmw_fastrtps_cpp' as default
[1.892s] -- Looking for pthread.h
[2.119s] -- Looking for pthread.h - found
[2.119s] -- Performing Test CMAKE_HAVE_LIBC_PTHREAD
[2.306s] -- Performing Test CMAKE_HAVE_LIBC_PTHREAD - Success
[2.308s] -- Found Threads: TRUE  
[2.449s] -- Found geometry_msgs: 4.8.0 (/opt/ros/humble/share/geometry_msgs/cmake)
[2.490s] -- Found tf2_ros: 0.25.12 (/opt/ros/humble/share/tf2_ros/cmake)
[2.917s] -- Configuring done
[2.947s] -- Generating done
[2.963s] -- Build files have been written to: /home/jmj/pro_asp_ws/ugv_ws/build/gazebo_env_setup
[3.001s] Invoked command in '/home/jmj/pro_asp_ws/ugv_ws/build/gazebo_env_setup' returned '0': CMAKE_PREFIX_PATH=/opt/ros/humble /usr/bin/cmake /home/jmj/pro_asp_ws/ugv_ws/src/gazebo_env_setup -DCMAKE_INSTALL_PREFIX=/home/jmj/pro_asp_ws/ugv_ws/install/gazebo_env_setup
[3.001s] Invoking command in '/home/jmj/pro_asp_ws/ugv_ws/build/gazebo_env_setup': CMAKE_PREFIX_PATH=/opt/ros/humble /usr/bin/cmake --build /home/jmj/pro_asp_ws/ugv_ws/build/gazebo_env_setup -- -j20 -l20
[3.113s] [ 50%] [32mBuilding CXX object CMakeFiles/pose_tf_broadcaster.dir/src/pose_tf_broadcaster.cpp.o[0m
[10.342s] [100%] [32m[1mLinking CXX executable pose_tf_broadcaster[0m
[10.592s] [100%] Built target pose_tf_broadcaster
[10.600s] Invoked command in '/home/jmj/pro_asp_ws/ugv_ws/build/gazebo_env_setup' returned '0': CMAKE_PREFIX_PATH=/opt/ros/humble /usr/bin/cmake --build /home/jmj/pro_asp_ws/ugv_ws/build/gazebo_env_setup -- -j20 -l20
[10.601s] Invoking command in '/home/jmj/pro_asp_ws/ugv_ws/build/gazebo_env_setup': CMAKE_PREFIX_PATH=/opt/ros/humble /usr/bin/cmake --install /home/jmj/pro_asp_ws/ugv_ws/build/gazebo_env_setup
[10.605s] -- Install configuration: ""
[10.605s] -- Installing: /home/jmj/pro_asp_ws/ugv_ws/install/gazebo_env_setup/lib/gazebo_env_setup/pose_tf_broadcaster
[10.607s] -- Set runtime path of "/home/jmj/pro_asp_ws/ugv_ws/install/gazebo_env_setup/lib/gazebo_env_setup/pose_tf_broadcaster" to ""
[10.607s] -- Installing: /home/jmj/pro_asp_ws/ugv_ws/install/gazebo_env_setup/share/gazebo_env_setup/launch
[10.607s] -- Installing: /home/jmj/pro_asp_ws/ugv_ws/install/gazebo_env_setup/share/gazebo_env_setup/launch/pose_tf_broadcaster.launch.py
[10.607s] -- Installing: /home/jmj/pro_asp_ws/ugv_ws/install/gazebo_env_setup/share/gazebo_env_setup/launch/topic_bridge.launch.py
[10.607s] -- Installing: /home/jmj/pro_asp_ws/ugv_ws/install/gazebo_env_setup/share/ament_index/resource_index/package_run_dependencies/gazebo_env_setup
[10.607s] -- Installing: /home/jmj/pro_asp_ws/ugv_ws/install/gazebo_env_setup/share/ament_index/resource_index/parent_prefix_path/gazebo_env_setup
[10.607s] -- Installing: /home/jmj/pro_asp_ws/ugv_ws/install/gazebo_env_setup/share/gazebo_env_setup/environment/ament_prefix_path.sh
[10.607s] -- Installing: /home/jmj/pro_asp_ws/ugv_ws/install/gazebo_env_setup/share/gazebo_env_setup/environment/ament_prefix_path.dsv
[10.608s] -- Installing: /home/jmj/pro_asp_ws/ugv_ws/install/gazebo_env_setup/share/gazebo_env_setup/environment/path.sh
[10.608s] -- Installing: /home/jmj/pro_asp_ws/ugv_ws/install/gazebo_env_setup/share/gazebo_env_setup/environment/path.dsv
[10.608s] -- Installing: /home/jmj/pro_asp_ws/ugv_ws/install/gazebo_env_setup/share/gazebo_env_setup/local_setup.bash
[10.608s] -- Installing: /home/jmj/pro_asp_ws/ugv_ws/install/gazebo_env_setup/share/gazebo_env_setup/local_setup.sh
[10.608s] -- Installing: /home/jmj/pro_asp_ws/ugv_ws/install/gazebo_env_setup/share/gazebo_env_setup/local_setup.zsh
[10.608s] -- Installing: /home/jmj/pro_asp_ws/ugv_ws/install/gazebo_env_setup/share/gazebo_env_setup/local_setup.dsv
[10.608s] -- Installing: /home/jmj/pro_asp_ws/ugv_ws/install/gazebo_env_setup/share/gazebo_env_setup/package.dsv
[10.608s] -- Installing: /home/jmj/pro_asp_ws/ugv_ws/install/gazebo_env_setup/share/ament_index/resource_index/packages/gazebo_env_setup
[10.608s] -- Installing: /home/jmj/pro_asp_ws/ugv_ws/install/gazebo_env_setup/share/gazebo_env_setup/cmake/gazebo_env_setupConfig.cmake
[10.608s] -- Installing: /home/jmj/pro_asp_ws/ugv_ws/install/gazebo_env_setup/share/gazebo_env_setup/cmake/gazebo_env_setupConfig-version.cmake
[10.608s] -- Installing: /home/jmj/pro_asp_ws/ugv_ws/install/gazebo_env_setup/share/gazebo_env_setup/package.xml
[10.609s] Invoked command in '/home/jmj/pro_asp_ws/ugv_ws/build/gazebo_env_setup' returned '0': CMAKE_PREFIX_PATH=/opt/ros/humble /usr/bin/cmake --install /home/jmj/pro_asp_ws/ugv_ws/build/gazebo_env_setup
