[0.008s] Invoking command in '/home/acdl1/mj_ws/ws_px4_controls/build/ugv_controller': CMAKE_PREFIX_PATH=${CMAKE_PREFIX_PATH}:/home/acdl1/mj_ws/ws_px4_controls/install/opencv_tests:/opt/ros/humble /usr/bin/cmake --build /home/acdl1/mj_ws/ws_px4_controls/build/ugv_controller -- -j16 -l16
[0.039s] [35m[1mConsolidate compiler generated dependencies of target mission_follower_node[0m
[0.049s] [ 66%] Built target manual_path_logger_node
[0.049s] [ 66%] Built target path_follower_node
[0.052s] [ 83%] [32mBuilding CXX object CMakeFiles/mission_follower_node.dir/src/mission_follower_node.cpp.o[0m
[7.677s] [100%] [32m[1mLinking CXX executable mission_follower_node[0m
[8.039s] [100%] Built target mission_follower_node
[8.048s] Invoked command in '/home/acdl1/mj_ws/ws_px4_controls/build/ugv_controller' returned '0': CMAKE_PREFIX_PATH=${CMAKE_PREFIX_PATH}:/home/acdl1/mj_ws/ws_px4_controls/install/opencv_tests:/opt/ros/humble /usr/bin/cmake --build /home/acdl1/mj_ws/ws_px4_controls/build/ugv_controller -- -j16 -l16
[8.055s] Invoking command in '/home/acdl1/mj_ws/ws_px4_controls/build/ugv_controller': CMAKE_PREFIX_PATH=${CMAKE_PREFIX_PATH}:/home/acdl1/mj_ws/ws_px4_controls/install/opencv_tests:/opt/ros/humble /usr/bin/cmake --install /home/acdl1/mj_ws/ws_px4_controls/build/ugv_controller
[8.061s] -- Install configuration: ""
[8.061s] -- Up-to-date: /home/acdl1/mj_ws/ws_px4_controls/install/ugv_controller/lib/ugv_controller/path_follower_node
[8.061s] -- Up-to-date: /home/acdl1/mj_ws/ws_px4_controls/install/ugv_controller/lib/ugv_controller/manual_path_logger_node
[8.061s] -- Installing: /home/acdl1/mj_ws/ws_px4_controls/install/ugv_controller/lib/ugv_controller/mission_follower_node
[8.065s] -- Set runtime path of "/home/acdl1/mj_ws/ws_px4_controls/install/ugv_controller/lib/ugv_controller/mission_follower_node" to ""
[8.065s] -- Up-to-date: /home/acdl1/mj_ws/ws_px4_controls/install/ugv_controller/share/ugv_controller/launch
[8.065s] -- Up-to-date: /home/acdl1/mj_ws/ws_px4_controls/install/ugv_controller/share/ugv_controller/launch/path_follower.launch.py
[8.065s] -- Up-to-date: /home/acdl1/mj_ws/ws_px4_controls/install/ugv_controller/share/ugv_controller/mission.csv
[8.065s] -- Up-to-date: /home/acdl1/mj_ws/ws_px4_controls/install/ugv_controller/share/ament_index/resource_index/package_run_dependencies/ugv_controller
[8.065s] -- Up-to-date: /home/acdl1/mj_ws/ws_px4_controls/install/ugv_controller/share/ament_index/resource_index/parent_prefix_path/ugv_controller
[8.065s] -- Up-to-date: /home/acdl1/mj_ws/ws_px4_controls/install/ugv_controller/share/ugv_controller/environment/ament_prefix_path.sh
[8.065s] -- Up-to-date: /home/acdl1/mj_ws/ws_px4_controls/install/ugv_controller/share/ugv_controller/environment/ament_prefix_path.dsv
[8.065s] -- Up-to-date: /home/acdl1/mj_ws/ws_px4_controls/install/ugv_controller/share/ugv_controller/environment/path.sh
[8.065s] -- Up-to-date: /home/acdl1/mj_ws/ws_px4_controls/install/ugv_controller/share/ugv_controller/environment/path.dsv
[8.065s] -- Up-to-date: /home/acdl1/mj_ws/ws_px4_controls/install/ugv_controller/share/ugv_controller/local_setup.bash
[8.065s] -- Up-to-date: /home/acdl1/mj_ws/ws_px4_controls/install/ugv_controller/share/ugv_controller/local_setup.sh
[8.065s] -- Up-to-date: /home/acdl1/mj_ws/ws_px4_controls/install/ugv_controller/share/ugv_controller/local_setup.zsh
[8.066s] -- Up-to-date: /home/acdl1/mj_ws/ws_px4_controls/install/ugv_controller/share/ugv_controller/local_setup.dsv
[8.066s] -- Installing: /home/acdl1/mj_ws/ws_px4_controls/install/ugv_controller/share/ugv_controller/package.dsv
[8.066s] -- Up-to-date: /home/acdl1/mj_ws/ws_px4_controls/install/ugv_controller/share/ament_index/resource_index/packages/ugv_controller
[8.066s] -- Up-to-date: /home/acdl1/mj_ws/ws_px4_controls/install/ugv_controller/share/ugv_controller/cmake/ugv_controllerConfig.cmake
[8.066s] -- Up-to-date: /home/acdl1/mj_ws/ws_px4_controls/install/ugv_controller/share/ugv_controller/cmake/ugv_controllerConfig-version.cmake
[8.066s] -- Up-to-date: /home/acdl1/mj_ws/ws_px4_controls/install/ugv_controller/share/ugv_controller/package.xml
[8.067s] Invoked command in '/home/acdl1/mj_ws/ws_px4_controls/build/ugv_controller' returned '0': CMAKE_PREFIX_PATH=${CMAKE_PREFIX_PATH}:/home/acdl1/mj_ws/ws_px4_controls/install/opencv_tests:/opt/ros/humble /usr/bin/cmake --install /home/acdl1/mj_ws/ws_px4_controls/build/ugv_controller
