[0.012s] Invoking command in '/home/jmj/pro_asp_ws/ws_px4_controls/build/uav_controller_pkg': CMAKE_PREFIX_PATH=/home/jmj/pro_asp_ws/ws_px4_controls/install/px4_msgs:/home/jmj/pro_asp_ws/ws_px4_controls/install/aruco_interfaces:/home/jmj/pro_asp_ws/ws_px4_controls/install/utilities_pkg:/home/jmj/pro_asp_ws/ws_px4_controls/install/uav_controller_pkg:/home/jmj/pro_asp_ws/ws_px4_controls/install/px4_ros_com:/home/jmj/pro_asp_ws/ws_px4_controls/install/multi_tracker:/opt/ros/humble LD_LIBRARY_PATH=/home/jmj/pro_asp_ws/ws_px4_controls/install/px4_msgs/lib:/home/jmj/pro_asp_ws/ws_px4_controls/install/aruco_interfaces/lib:/home/jmj/pro_asp_ws/ws_px4_controls/install/px4_ros_com/lib:/usr/local/cuda/lib64:/opt/ros/humble/opt/rviz_ogre_vendor/lib:/opt/ros/humble/lib/x86_64-linux-gnu:/opt/ros/humble/lib:/usr/local/cuda/lib64 /usr/bin/cmake --build /home/jmj/pro_asp_ws/ws_px4_controls/build/uav_controller_pkg -- -j20 -l20
[0.054s] [35m[1mConsolidate compiler generated dependencies of target uav_controller[0m
[0.070s] [ 50%] [32mBuilding CXX object CMakeFiles/uav_controller.dir/src/uav_controller.cpp.o[0m
[11.196s] [01m[K/home/jmj/pro_asp_ws/ws_px4_controls/src/uav_controller_pkg/src/uav_controller.cpp:[m[K In member function ‘[01m[Kvoid UavController::odometry_cb(px4_msgs::msg::VehicleLocalPosition_<std::allocator<void> >::SharedPtr)[m[K’:
[11.196s] [01m[K/home/jmj/pro_asp_ws/ws_px4_controls/src/uav_controller_pkg/src/uav_controller.cpp:138:75:[m[K [01;35m[Kwarning: [m[Kunused parameter ‘[01m[Kmsg[m[K’ [[01;35m[K-Wunused-parameter[m[K]
[11.196s]   138 |     void odometry_cb([01;35m[Kconst px4_msgs::msg::VehicleLocalPosition::SharedPtr msg[m[K)
[11.196s]       |                      [01;35m[K~~~~~~~~~~~~~~~~~~~~~~~~~~~~~~~~~~~~~~~~~~~~~~~~~~~~~^~~[m[K
[11.204s] [100%] [32m[1mLinking CXX executable uav_controller[0m
[11.850s] [100%] Built target uav_controller
[11.858s] Invoked command in '/home/jmj/pro_asp_ws/ws_px4_controls/build/uav_controller_pkg' returned '0': CMAKE_PREFIX_PATH=/home/jmj/pro_asp_ws/ws_px4_controls/install/px4_msgs:/home/jmj/pro_asp_ws/ws_px4_controls/install/aruco_interfaces:/home/jmj/pro_asp_ws/ws_px4_controls/install/utilities_pkg:/home/jmj/pro_asp_ws/ws_px4_controls/install/uav_controller_pkg:/home/jmj/pro_asp_ws/ws_px4_controls/install/px4_ros_com:/home/jmj/pro_asp_ws/ws_px4_controls/install/multi_tracker:/opt/ros/humble LD_LIBRARY_PATH=/home/jmj/pro_asp_ws/ws_px4_controls/install/px4_msgs/lib:/home/jmj/pro_asp_ws/ws_px4_controls/install/aruco_interfaces/lib:/home/jmj/pro_asp_ws/ws_px4_controls/install/px4_ros_com/lib:/usr/local/cuda/lib64:/opt/ros/humble/opt/rviz_ogre_vendor/lib:/opt/ros/humble/lib/x86_64-linux-gnu:/opt/ros/humble/lib:/usr/local/cuda/lib64 /usr/bin/cmake --build /home/jmj/pro_asp_ws/ws_px4_controls/build/uav_controller_pkg -- -j20 -l20
[11.866s] Invoking command in '/home/jmj/pro_asp_ws/ws_px4_controls/build/uav_controller_pkg': CMAKE_PREFIX_PATH=/home/jmj/pro_asp_ws/ws_px4_controls/install/px4_msgs:/home/jmj/pro_asp_ws/ws_px4_controls/install/aruco_interfaces:/home/jmj/pro_asp_ws/ws_px4_controls/install/utilities_pkg:/home/jmj/pro_asp_ws/ws_px4_controls/install/uav_controller_pkg:/home/jmj/pro_asp_ws/ws_px4_controls/install/px4_ros_com:/home/jmj/pro_asp_ws/ws_px4_controls/install/multi_tracker:/opt/ros/humble LD_LIBRARY_PATH=/home/jmj/pro_asp_ws/ws_px4_controls/install/px4_msgs/lib:/home/jmj/pro_asp_ws/ws_px4_controls/install/aruco_interfaces/lib:/home/jmj/pro_asp_ws/ws_px4_controls/install/px4_ros_com/lib:/usr/local/cuda/lib64:/opt/ros/humble/opt/rviz_ogre_vendor/lib:/opt/ros/humble/lib/x86_64-linux-gnu:/opt/ros/humble/lib:/usr/local/cuda/lib64 /usr/bin/cmake --install /home/jmj/pro_asp_ws/ws_px4_controls/build/uav_controller_pkg
[11.871s] -- Install configuration: ""
[11.872s] -- Installing: /home/jmj/pro_asp_ws/ws_px4_controls/install/uav_controller_pkg/lib/uav_controller_pkg/uav_controller
[11.877s] -- Set runtime path of "/home/jmj/pro_asp_ws/ws_px4_controls/install/uav_controller_pkg/lib/uav_controller_pkg/uav_controller" to ""
[11.877s] -- Up-to-date: /home/jmj/pro_asp_ws/ws_px4_controls/install/uav_controller_pkg/share/ament_index/resource_index/package_run_dependencies/uav_controller_pkg
[11.877s] -- Up-to-date: /home/jmj/pro_asp_ws/ws_px4_controls/install/uav_controller_pkg/share/ament_index/resource_index/parent_prefix_path/uav_controller_pkg
[11.877s] -- Up-to-date: /home/jmj/pro_asp_ws/ws_px4_controls/install/uav_controller_pkg/share/uav_controller_pkg/environment/ament_prefix_path.sh
[11.877s] -- Up-to-date: /home/jmj/pro_asp_ws/ws_px4_controls/install/uav_controller_pkg/share/uav_controller_pkg/environment/ament_prefix_path.dsv
[11.877s] -- Up-to-date: /home/jmj/pro_asp_ws/ws_px4_controls/install/uav_controller_pkg/share/uav_controller_pkg/environment/path.sh
[11.877s] -- Up-to-date: /home/jmj/pro_asp_ws/ws_px4_controls/install/uav_controller_pkg/share/uav_controller_pkg/environment/path.dsv
[11.877s] -- Up-to-date: /home/jmj/pro_asp_ws/ws_px4_controls/install/uav_controller_pkg/share/uav_controller_pkg/local_setup.bash
[11.877s] -- Up-to-date: /home/jmj/pro_asp_ws/ws_px4_controls/install/uav_controller_pkg/share/uav_controller_pkg/local_setup.sh
[11.877s] -- Up-to-date: /home/jmj/pro_asp_ws/ws_px4_controls/install/uav_controller_pkg/share/uav_controller_pkg/local_setup.zsh
[11.877s] -- Up-to-date: /home/jmj/pro_asp_ws/ws_px4_controls/install/uav_controller_pkg/share/uav_controller_pkg/local_setup.dsv
[11.877s] -- Installing: /home/jmj/pro_asp_ws/ws_px4_controls/install/uav_controller_pkg/share/uav_controller_pkg/package.dsv
[11.877s] -- Up-to-date: /home/jmj/pro_asp_ws/ws_px4_controls/install/uav_controller_pkg/share/ament_index/resource_index/packages/uav_controller_pkg
[11.877s] -- Up-to-date: /home/jmj/pro_asp_ws/ws_px4_controls/install/uav_controller_pkg/share/uav_controller_pkg/cmake/uav_controller_pkgConfig.cmake
[11.877s] -- Up-to-date: /home/jmj/pro_asp_ws/ws_px4_controls/install/uav_controller_pkg/share/uav_controller_pkg/cmake/uav_controller_pkgConfig-version.cmake
[11.877s] -- Up-to-date: /home/jmj/pro_asp_ws/ws_px4_controls/install/uav_controller_pkg/share/uav_controller_pkg/package.xml
[11.879s] Invoked command in '/home/jmj/pro_asp_ws/ws_px4_controls/build/uav_controller_pkg' returned '0': CMAKE_PREFIX_PATH=/home/jmj/pro_asp_ws/ws_px4_controls/install/px4_msgs:/home/jmj/pro_asp_ws/ws_px4_controls/install/aruco_interfaces:/home/jmj/pro_asp_ws/ws_px4_controls/install/utilities_pkg:/home/jmj/pro_asp_ws/ws_px4_controls/install/uav_controller_pkg:/home/jmj/pro_asp_ws/ws_px4_controls/install/px4_ros_com:/home/jmj/pro_asp_ws/ws_px4_controls/install/multi_tracker:/opt/ros/humble LD_LIBRARY_PATH=/home/jmj/pro_asp_ws/ws_px4_controls/install/px4_msgs/lib:/home/jmj/pro_asp_ws/ws_px4_controls/install/aruco_interfaces/lib:/home/jmj/pro_asp_ws/ws_px4_controls/install/px4_ros_com/lib:/usr/local/cuda/lib64:/opt/ros/humble/opt/rviz_ogre_vendor/lib:/opt/ros/humble/lib/x86_64-linux-gnu:/opt/ros/humble/lib:/usr/local/cuda/lib64 /usr/bin/cmake --install /home/jmj/pro_asp_ws/ws_px4_controls/build/uav_controller_pkg
