[01m[K/home/jmj/pro_asp_ws/ws_px4_controls/src/px4_ros_com/src/examples/offboard/offboard_control.cpp:83:46:[m[K [01;31m[Kerror: [m[K‘[01m[KBool[m[K’ in namespace ‘[01m[Kstd_msgs::msg[m[K’ does not name a type
   83 |   void takeoff_callback(const std_msgs::msg::[01;31m[KBool[m[K::SharedPtr msg)
      |                                              [01;31m[K^~~~[m[K
[01m[K/home/jmj/pro_asp_ws/ws_px4_controls/src/px4_ros_com/src/examples/offboard/offboard_control.cpp:83:62:[m[K [01;31m[Kerror: [m[Kexpected unqualified-id before ‘[01m[Kmsg[m[K’
   83 |   void takeoff_callback(const std_msgs::msg::Bool::SharedPtr [01;31m[Kmsg[m[K)
      |                                                              [01;31m[K^~~[m[K
[01m[K/home/jmj/pro_asp_ws/ws_px4_controls/src/px4_ros_com/src/examples/offboard/offboard_control.cpp:83:61:[m[K [01;31m[Kerror: [m[Kexpected ‘[01m[K)[m[K’ before ‘[01m[Kmsg[m[K’
   83 |   void takeoff_callback[34m[K([m[Kconst std_msgs::msg::Bool::SharedPtr[01;31m[K [m[K[32m[Kmsg[m[K)
      |                        [34m[K~[m[K                                    [01;31m[K^[m[K[32m[K~~~[m[K
      |                                                             [32m[K)[m[K
[01m[K/home/jmj/pro_asp_ws/ws_px4_controls/src/px4_ros_com/src/examples/offboard/offboard_control.cpp:83:52:[m[K [01;31m[Kerror: [m[Kexpected ‘[01m[K;[m[K’ at end of member declaration
   83 |   void takeoff_callback(const std_msgs::msg::Bool::[01;31m[KSharedPtr[m[K msg)
      |                                                    [01;31m[K^~~~~~~~~[m[K
      |                                                             [32m[K;[m[K
[01m[K/home/jmj/pro_asp_ws/ws_px4_controls/src/px4_ros_com/src/examples/offboard/offboard_control.cpp:83:62:[m[K [01;31m[Kerror: [m[K‘[01m[Kmsg[m[K’ does not name a type
   83 |   void takeoff_callback(const std_msgs::msg::Bool::SharedPtr [01;31m[Kmsg[m[K)
      |                                                              [01;31m[K^~~[m[K
[01m[K/home/jmj/pro_asp_ws/ws_px4_controls/src/px4_ros_com/src/examples/offboard/offboard_control.cpp:[m[K In constructor ‘[01m[KOffboardControl::OffboardControl()[m[K’:
[01m[K/home/jmj/pro_asp_ws/ws_px4_controls/src/px4_ros_com/src/examples/offboard/offboard_control.cpp:30:5:[m[K [01;31m[Kerror: [m[K‘[01m[Ktakeoff_sub[m[K’ was not declared in this scope
   30 |     [01;31m[Ktakeoff_sub[m[K = create_subscription<std_msgs::msg::Bool>("/do_takeoff", 10, std::bind(&OffboardControl::takeoff_callback, this, _1));
      |     [01;31m[K^~~~~~~~~~~[m[K
[01m[K/home/jmj/pro_asp_ws/ws_px4_controls/src/px4_ros_com/src/examples/offboard/offboard_control.cpp:30:54:[m[K [01;31m[Kerror: [m[K‘[01m[KBool[m[K’ is not a member of ‘[01m[Kstd_msgs::msg[m[K’
   30 |     takeoff_sub = create_subscription<std_msgs::msg::[01;31m[KBool[m[K>("/do_takeoff", 10, std::bind(&OffboardControl::takeoff_callback, this, _1));
      |                                                      [01;31m[K^~~~[m[K
[01m[K/home/jmj/pro_asp_ws/ws_px4_controls/src/px4_ros_com/src/examples/offboard/offboard_control.cpp:30:59:[m[K [01;31m[Kerror: [m[Kno matching function for call to ‘[01m[KOffboardControl::create_subscription<<expression error> >(const char [12], int, std::_Bind_helper<false, void (OffboardControl::*)(...), OffboardControl*, const std::_Placeholder<1>&>::type)[m[K’
   30 |     takeoff_sub = [01;31m[Kcreate_subscription<std_msgs::msg::Bool>("/do_takeoff", 10, std::bind(&OffboardControl::takeoff_callback, this, _1))[m[K;
      |                   [01;31m[K~~~~~~~~~~~~~~~~~~~~~~~~~~~~~~~~~~~~~~~~^~~~~~~~~~~~~~~~~~~~~~~~~~~~~~~~~~~~~~~~~~~~~~~~~~~~~~~~~~~~~~~~~~~~~~~~~~~~[m[K
In file included from [01m[K/opt/ros/humble/include/rclcpp/rclcpp/executors/single_threaded_executor.hpp:28[m[K,
                 from [01m[K/opt/ros/humble/include/rclcpp/rclcpp/executors.hpp:22[m[K,
                 from [01m[K/opt/ros/humble/include/rclcpp/rclcpp/rclcpp.hpp:155[m[K,
                 from [01m[K/opt/ros/humble/include/tf2_ros/tf2_ros/buffer_interface.h:48[m[K,
                 from [01m[K/opt/ros/humble/include/tf2_geometry_msgs/tf2_geometry_msgs/tf2_geometry_msgs.hpp:60[m[K,
                 from [01m[K/home/jmj/pro_asp_ws/ws_px4_controls/src/px4_ros_com/src/examples/offboard/offboard_control.cpp:10[m[K:
[01m[K/opt/ros/humble/include/rclcpp/rclcpp/node.hpp:219:3:[m[K [01;36m[Knote: [m[Kcandidate: ‘[01m[Ktemplate<class MessageT, class CallbackT, class AllocatorT, class SubscriptionT, class MessageMemoryStrategyT> std::shared_ptr<ROSMessageT> rclcpp::Node::create_subscription(const string&, const rclcpp::QoS&, CallbackT&&, const rclcpp::SubscriptionOptionsWithAllocator<AllocatorT>&, typename MessageMemoryStrategyT::SharedPtr)[m[K’
  219 |   [01;36m[Kcreate_subscription[m[K(
      |   [01;36m[K^~~~~~~~~~~~~~~~~~~[m[K
[01m[K/opt/ros/humble/include/rclcpp/rclcpp/node.hpp:219:3:[m[K [01;36m[Knote: [m[K  template argument deduction/substitution failed:
[01m[K/home/jmj/pro_asp_ws/ws_px4_controls/src/px4_ros_com/src/examples/offboard/offboard_control.cpp:30:59:[m[K [01;31m[Kerror: [m[Ktemplate argument 1 is invalid
   30 |     takeoff_sub = [01;31m[Kcreate_subscription<std_msgs::msg::Bool>("/do_takeoff", 10, std::bind(&OffboardControl::takeoff_callback, this, _1))[m[K;
      |                   [01;31m[K~~~~~~~~~~~~~~~~~~~~~~~~~~~~~~~~~~~~~~~~^~~~~~~~~~~~~~~~~~~~~~~~~~~~~~~~~~~~~~~~~~~~~~~~~~~~~~~~~~~~~~~~~~~~~~~~~~~~[m[K
gmake[2]: *** [CMakeFiles/offboard_control.dir/build.make:76: CMakeFiles/offboard_control.dir/src/examples/offboard/offboard_control.cpp.o] Error 1
gmake[1]: *** [CMakeFiles/Makefile2:258: CMakeFiles/offboard_control.dir/all] Error 2
gmake: *** [Makefile:146: all] Error 2
