[0.015s] Invoking command in '/home/acdl1/competition_ws/ws_px4_controls/build/ugv_controller': CMAKE_PREFIX_PATH=${CMAKE_PREFIX_PATH}:/opt/ros/humble /usr/bin/cmake /home/acdl1/competition_ws/ws_px4_controls/src/ugv_ws/src/ugv_controller -DCMAKE_INSTALL_PREFIX=/home/acdl1/competition_ws/ws_px4_controls/install/ugv_controller
[0.055s] -- The C compiler identification is GNU 11.4.0
[0.096s] -- The CXX compiler identification is GNU 11.4.0
[0.103s] -- Detecting C compiler ABI info
[0.154s] -- Detecting C compiler ABI info - done
[0.160s] -- Check for working C compiler: /usr/bin/cc - skipped
[0.160s] -- Detecting C compile features
[0.160s] -- Detecting C compile features - done
[0.162s] -- Detecting CXX compiler ABI info
[0.221s] -- Detecting CXX compiler ABI info - done
[0.232s] -- Check for working CXX compiler: /usr/bin/c++ - skipped
[0.232s] -- Detecting CXX compile features
[0.233s] -- Detecting CXX compile features - done
[0.235s] -- Found ament_cmake: 1.3.11 (/opt/ros/humble/share/ament_cmake/cmake)
[0.584s] -- Found Python3: /usr/bin/python3 (found version "3.10.12") found components: Interpreter 
[0.660s] -- Found rclcpp: 16.0.12 (/opt/ros/humble/share/rclcpp/cmake)
[0.688s] -- Found rosidl_generator_c: 3.1.6 (/opt/ros/humble/share/rosidl_generator_c/cmake)
[0.691s] -- Found rosidl_adapter: 3.1.6 (/opt/ros/humble/share/rosidl_adapter/cmake)
[0.696s] -- Found rosidl_generator_cpp: 3.1.6 (/opt/ros/humble/share/rosidl_generator_cpp/cmake)
[0.704s] -- Using all available rosidl_typesupport_c: rosidl_typesupport_fastrtps_c;rosidl_typesupport_introspection_c
[0.715s] -- Using all available rosidl_typesupport_cpp: rosidl_typesupport_fastrtps_cpp;rosidl_typesupport_introspection_cpp
[0.762s] -- Found rmw_implementation_cmake: 6.1.2 (/opt/ros/humble/share/rmw_implementation_cmake/cmake)
[0.765s] -- Found rmw_fastrtps_cpp: 6.2.7 (/opt/ros/humble/share/rmw_fastrtps_cpp/cmake)
[0.841s] -- Found OpenSSL: /usr/lib/x86_64-linux-gnu/libcrypto.so (found version "3.0.2")  
[0.877s] -- Found FastRTPS: /opt/ros/humble/include  
[0.913s] -- Using RMW implementation 'rmw_fastrtps_cpp' as default
[0.922s] -- Looking for pthread.h
[0.975s] -- Looking for pthread.h - found
[0.975s] -- Performing Test CMAKE_HAVE_LIBC_PTHREAD
[1.024s] -- Performing Test CMAKE_HAVE_LIBC_PTHREAD - Success
[1.025s] -- Found Threads: TRUE  
[1.063s] -- Found geometry_msgs: 4.8.0 (/opt/ros/humble/share/geometry_msgs/cmake)
[1.075s] -- Found visualization_msgs: 4.8.0 (/opt/ros/humble/share/visualization_msgs/cmake)
[1.118s] -- Found tf2: 0.25.12 (/opt/ros/humble/share/tf2/cmake)
[1.130s] -- Found tf2_ros: 0.25.12 (/opt/ros/humble/share/tf2_ros/cmake)
[1.240s] -- Found tf2_geometry_msgs: 0.25.12 (/opt/ros/humble/share/tf2_geometry_msgs/cmake)
[1.258s] -- Found eigen3_cmake_module: 0.1.1 (/opt/ros/humble/share/eigen3_cmake_module/cmake)
[1.259s] -- Found Eigen3: TRUE (found version "3.4.0") 
[1.259s] -- Ensuring Eigen3 include directory is part of orocos-kdl CMake target
[1.358s] -- Configuring done
[1.384s] -- Generating done
[1.396s] -- Build files have been written to: /home/acdl1/competition_ws/ws_px4_controls/build/ugv_controller
[1.417s] Invoked command in '/home/acdl1/competition_ws/ws_px4_controls/build/ugv_controller' returned '0': CMAKE_PREFIX_PATH=${CMAKE_PREFIX_PATH}:/opt/ros/humble /usr/bin/cmake /home/acdl1/competition_ws/ws_px4_controls/src/ugv_ws/src/ugv_controller -DCMAKE_INSTALL_PREFIX=/home/acdl1/competition_ws/ws_px4_controls/install/ugv_controller
[1.419s] Invoking command in '/home/acdl1/competition_ws/ws_px4_controls/build/ugv_controller': CMAKE_PREFIX_PATH=${CMAKE_PREFIX_PATH}:/opt/ros/humble /usr/bin/cmake --build /home/acdl1/competition_ws/ws_px4_controls/build/ugv_controller -- -j16 -l16
[1.517s] [ 16%] [32mBuilding CXX object CMakeFiles/mission_follower_node.dir/src/mission_follower_node.cpp.o[0m
[1.519s] [ 33%] [32mBuilding CXX object CMakeFiles/path_follower_node.dir/src/path_follower_node.cpp.o[0m
[1.522s] [ 50%] [32mBuilding CXX object CMakeFiles/manual_path_logger_node.dir/src/manual_path_logger_node.cpp.o[0m
[6.354s] [ 66%] [32m[1mLinking CXX executable manual_path_logger_node[0m
[6.649s] [ 66%] Built target manual_path_logger_node
[14.027s] [ 83%] [32m[1mLinking CXX executable mission_follower_node[0m
[14.600s] [ 83%] Built target mission_follower_node
[14.727s] [100%] [32m[1mLinking CXX executable path_follower_node[0m
[15.135s] [100%] Built target path_follower_node
[15.160s] Invoked command in '/home/acdl1/competition_ws/ws_px4_controls/build/ugv_controller' returned '0': CMAKE_PREFIX_PATH=${CMAKE_PREFIX_PATH}:/opt/ros/humble /usr/bin/cmake --build /home/acdl1/competition_ws/ws_px4_controls/build/ugv_controller -- -j16 -l16
[15.162s] Invoking command in '/home/acdl1/competition_ws/ws_px4_controls/build/ugv_controller': CMAKE_PREFIX_PATH=${CMAKE_PREFIX_PATH}:/opt/ros/humble /usr/bin/cmake --install /home/acdl1/competition_ws/ws_px4_controls/build/ugv_controller
[15.167s] -- Install configuration: ""
[15.167s] -- Installing: /home/acdl1/competition_ws/ws_px4_controls/install/ugv_controller/lib/ugv_controller/path_follower_node
[15.170s] -- Set runtime path of "/home/acdl1/competition_ws/ws_px4_controls/install/ugv_controller/lib/ugv_controller/path_follower_node" to ""
[15.170s] -- Installing: /home/acdl1/competition_ws/ws_px4_controls/install/ugv_controller/lib/ugv_controller/manual_path_logger_node
[15.170s] -- Set runtime path of "/home/acdl1/competition_ws/ws_px4_controls/install/ugv_controller/lib/ugv_controller/manual_path_logger_node" to ""
[15.170s] -- Installing: /home/acdl1/competition_ws/ws_px4_controls/install/ugv_controller/lib/ugv_controller/mission_follower_node
[15.172s] -- Set runtime path of "/home/acdl1/competition_ws/ws_px4_controls/install/ugv_controller/lib/ugv_controller/mission_follower_node" to ""
[15.172s] -- Installing: /home/acdl1/competition_ws/ws_px4_controls/install/ugv_controller/share/ugv_controller/launch
[15.172s] -- Installing: /home/acdl1/competition_ws/ws_px4_controls/install/ugv_controller/share/ugv_controller/launch/path_follower.launch.py
[15.172s] -- Installing: /home/acdl1/competition_ws/ws_px4_controls/install/ugv_controller/share/ugv_controller/mission.csv
[15.172s] -- Installing: /home/acdl1/competition_ws/ws_px4_controls/install/ugv_controller/share/ament_index/resource_index/package_run_dependencies/ugv_controller
[15.173s] -- Installing: /home/acdl1/competition_ws/ws_px4_controls/install/ugv_controller/share/ament_index/resource_index/parent_prefix_path/ugv_controller
[15.173s] -- Installing: /home/acdl1/competition_ws/ws_px4_controls/install/ugv_controller/share/ugv_controller/environment/ament_prefix_path.sh
[15.173s] -- Installing: /home/acdl1/competition_ws/ws_px4_controls/install/ugv_controller/share/ugv_controller/environment/ament_prefix_path.dsv
[15.173s] -- Installing: /home/acdl1/competition_ws/ws_px4_controls/install/ugv_controller/share/ugv_controller/environment/path.sh
[15.173s] -- Installing: /home/acdl1/competition_ws/ws_px4_controls/install/ugv_controller/share/ugv_controller/environment/path.dsv
[15.173s] -- Installing: /home/acdl1/competition_ws/ws_px4_controls/install/ugv_controller/share/ugv_controller/local_setup.bash
[15.173s] -- Installing: /home/acdl1/competition_ws/ws_px4_controls/install/ugv_controller/share/ugv_controller/local_setup.sh
[15.173s] -- Installing: /home/acdl1/competition_ws/ws_px4_controls/install/ugv_controller/share/ugv_controller/local_setup.zsh
[15.173s] -- Installing: /home/acdl1/competition_ws/ws_px4_controls/install/ugv_controller/share/ugv_controller/local_setup.dsv
[15.174s] -- Installing: /home/acdl1/competition_ws/ws_px4_controls/install/ugv_controller/share/ugv_controller/package.dsv
[15.174s] -- Installing: /home/acdl1/competition_ws/ws_px4_controls/install/ugv_controller/share/ament_index/resource_index/packages/ugv_controller
[15.174s] -- Installing: /home/acdl1/competition_ws/ws_px4_controls/install/ugv_controller/share/ugv_controller/cmake/ugv_controllerConfig.cmake
[15.174s] -- Installing: /home/acdl1/competition_ws/ws_px4_controls/install/ugv_controller/share/ugv_controller/cmake/ugv_controllerConfig-version.cmake
[15.174s] -- Installing: /home/acdl1/competition_ws/ws_px4_controls/install/ugv_controller/share/ugv_controller/package.xml
[15.333s] Invoked command in '/home/acdl1/competition_ws/ws_px4_controls/build/ugv_controller' returned '0': CMAKE_PREFIX_PATH=${CMAKE_PREFIX_PATH}:/opt/ros/humble /usr/bin/cmake --install /home/acdl1/competition_ws/ws_px4_controls/build/ugv_controller
