[35m[1mConsolidate compiler generated dependencies of target offboard_control[0m
[ 12%] Built target offboard_control_key
[ 37%] Built target vehicle_gps_position_listener
[ 37%] Built target frame_transforms
[ 81%] Built target debug_vect_advertiser
[ 81%] Built target cli_pose_command
[ 81%] Built target sensor_combined_listener
[ 87%] Built target offboard_control_srv
[ 93%] Built target ament_cmake_python_copy_px4_ros_com
[ 93%] [32mBuilding CXX object CMakeFiles/offboard_control.dir/src/examples/offboard/offboard_control.cpp.o[0m
running egg_info
writing px4_ros_com.egg-info/PKG-INFO
writing dependency_links to px4_ros_com.egg-info/dependency_links.txt
writing top-level names to px4_ros_com.egg-info/top_level.txt
reading manifest file 'px4_ros_com.egg-info/SOURCES.txt'
writing manifest file 'px4_ros_com.egg-info/SOURCES.txt'
[ 93%] Built target ament_cmake_python_build_px4_ros_com_egg
[01m[K/home/jmj/pro_asp_ws/ws_px4_controls/src/px4_ros_com/src/examples/offboard/offboard_control.cpp:43:11:[m[K [01;31m[Kerror: [m[K‘[01m[KSubsrciption[m[K’ in namespace ‘[01m[Krclcpp[m[K’ does not name a template type; did you mean ‘[01m[KSubscription[m[K’?
   43 |   rclcpp::[01;31m[KSubsrciption[m[K<std_msgs::msg::Bool>::SharedPtr takeoff_sub_
      |           [01;31m[K^~~~~~~~~~~~[m[K
      |           [32m[KSubscription[m[K
[01m[K/home/jmj/pro_asp_ws/ws_px4_controls/src/px4_ros_com/src/examples/offboard/offboard_control.cpp:[m[K In constructor ‘[01m[KOffboardControl::OffboardControl()[m[K’:
[01m[K/home/jmj/pro_asp_ws/ws_px4_controls/src/px4_ros_com/src/examples/offboard/offboard_control.cpp:31:5:[m[K [01;31m[Kerror: [m[K‘[01m[Ktakeoff_sub_[m[K’ was not declared in this scope
   31 |     [01;31m[Ktakeoff_sub_[m[K = create_subscription<std_msgs::msg::Bool>("/do_takeoff", 10, std::bind(&OffboardControl::takeoff_callback, this, _1));
      |     [01;31m[K^~~~~~~~~~~~[m[K
[01m[K/home/jmj/pro_asp_ws/ws_px4_controls/src/px4_ros_com/src/examples/offboard/offboard_control.cpp:33:5:[m[K [01;31m[Kerror: [m[K‘[01m[Ktwist_sub_[m[K’ was not declared in this scope
   33 |     [01;31m[Ktwist_sub_[m[K = create_subscription<geometry_msgs::msg::Twist>("/command/twist", 10, std::bind(&OffboardControl::twist_callback, this, _1));
      |     [01;31m[K^~~~~~~~~~[m[K
gmake[2]: *** [CMakeFiles/offboard_control.dir/build.make:76: CMakeFiles/offboard_control.dir/src/examples/offboard/offboard_control.cpp.o] Error 1
gmake[1]: *** [CMakeFiles/Makefile2:258: CMakeFiles/offboard_control.dir/all] Error 2
gmake: *** [Makefile:146: all] Error 2
