[0.012s] Invoking command in '/home/jmj/pro_asp_ws/ws_px4_controls/build/px4_ros_com': CMAKE_PREFIX_PATH=/home/jmj/pro_asp_ws/ws_px4_controls/install/px4_msgs:/home/jmj/pro_asp_ws/ws_px4_controls/install/utilities_pkg:/home/jmj/pro_asp_ws/ws_px4_controls/install/uav_controller_pkg:/home/jmj/pro_asp_ws/ws_px4_controls/install/px4_ros_com:/home/jmj/pro_asp_ws/ws_px4_controls/install/multi_tracker:/home/jmj/pro_asp_ws/ws_px4_controls/install/aruco_interfaces:/opt/ros/humble LD_LIBRARY_PATH=/home/jmj/pro_asp_ws/ws_px4_controls/install/px4_msgs/lib:/home/jmj/pro_asp_ws/ws_px4_controls/install/px4_ros_com/lib:/home/jmj/pro_asp_ws/ws_px4_controls/install/aruco_interfaces/lib:/usr/local/cuda/lib64:/opt/ros/humble/opt/rviz_ogre_vendor/lib:/opt/ros/humble/lib/x86_64-linux-gnu:/opt/ros/humble/lib:/usr/local/cuda/lib64 /usr/bin/cmake --build /home/jmj/pro_asp_ws/ws_px4_controls/build/px4_ros_com -- -j20 -l20
[0.053s] [35m[1mConsolidate compiler generated dependencies of target offboard_control[0m
[0.063s] [ 12%] Built target offboard_control_key
[0.063s] [ 37%] Built target vehicle_gps_position_listener
[0.063s] [ 37%] Built target frame_transforms
[0.064s] [ 81%] Built target debug_vect_advertiser
[0.064s] [ 81%] Built target cli_pose_command
[0.064s] [ 81%] Built target sensor_combined_listener
[0.064s] [ 87%] Built target offboard_control_srv
[0.069s] [ 93%] Built target ament_cmake_python_copy_px4_ros_com
[0.069s] [ 93%] [32mBuilding CXX object CMakeFiles/offboard_control.dir/src/examples/offboard/offboard_control.cpp.o[0m
[0.274s] running egg_info
[0.275s] writing px4_ros_com.egg-info/PKG-INFO
[0.275s] writing dependency_links to px4_ros_com.egg-info/dependency_links.txt
[0.275s] writing top-level names to px4_ros_com.egg-info/top_level.txt
[0.278s] reading manifest file 'px4_ros_com.egg-info/SOURCES.txt'
[0.278s] writing manifest file 'px4_ros_com.egg-info/SOURCES.txt'
[0.307s] [ 93%] Built target ament_cmake_python_build_px4_ros_com_egg
[6.929s] [01m[K/home/jmj/pro_asp_ws/ws_px4_controls/src/px4_ros_com/src/examples/offboard/offboard_control.cpp:43:11:[m[K [01;31m[Kerror: [m[K‘[01m[KSubsrciption[m[K’ in namespace ‘[01m[Krclcpp[m[K’ does not name a template type; did you mean ‘[01m[KSubscription[m[K’?
[6.929s]    43 |   rclcpp::[01;31m[KSubsrciption[m[K<std_msgs::msg::Bool>::SharedPtr takeoff_sub_
[6.930s]       |           [01;31m[K^~~~~~~~~~~~[m[K
[6.930s]       |           [32m[KSubscription[m[K
[6.930s] [01m[K/home/jmj/pro_asp_ws/ws_px4_controls/src/px4_ros_com/src/examples/offboard/offboard_control.cpp:[m[K In constructor ‘[01m[KOffboardControl::OffboardControl()[m[K’:
[6.930s] [01m[K/home/jmj/pro_asp_ws/ws_px4_controls/src/px4_ros_com/src/examples/offboard/offboard_control.cpp:31:5:[m[K [01;31m[Kerror: [m[K‘[01m[Ktakeoff_sub_[m[K’ was not declared in this scope
[6.930s]    31 |     [01;31m[Ktakeoff_sub_[m[K = create_subscription<std_msgs::msg::Bool>("/do_takeoff", 10, std::bind(&OffboardControl::takeoff_callback, this, _1));
[6.930s]       |     [01;31m[K^~~~~~~~~~~~[m[K
[6.930s] [01m[K/home/jmj/pro_asp_ws/ws_px4_controls/src/px4_ros_com/src/examples/offboard/offboard_control.cpp:33:5:[m[K [01;31m[Kerror: [m[K‘[01m[Ktwist_sub_[m[K’ was not declared in this scope
[6.930s]    33 |     [01;31m[Ktwist_sub_[m[K = create_subscription<geometry_msgs::msg::Twist>("/command/twist", 10, std::bind(&OffboardControl::twist_callback, this, _1));
[6.930s]       |     [01;31m[K^~~~~~~~~~[m[K
[6.931s] gmake[2]: *** [CMakeFiles/offboard_control.dir/build.make:76: CMakeFiles/offboard_control.dir/src/examples/offboard/offboard_control.cpp.o] Error 1
[6.931s] gmake[1]: *** [CMakeFiles/Makefile2:258: CMakeFiles/offboard_control.dir/all] Error 2
[6.931s] gmake: *** [Makefile:146: all] Error 2
[6.933s] Invoked command in '/home/jmj/pro_asp_ws/ws_px4_controls/build/px4_ros_com' returned '2': CMAKE_PREFIX_PATH=/home/jmj/pro_asp_ws/ws_px4_controls/install/px4_msgs:/home/jmj/pro_asp_ws/ws_px4_controls/install/utilities_pkg:/home/jmj/pro_asp_ws/ws_px4_controls/install/uav_controller_pkg:/home/jmj/pro_asp_ws/ws_px4_controls/install/px4_ros_com:/home/jmj/pro_asp_ws/ws_px4_controls/install/multi_tracker:/home/jmj/pro_asp_ws/ws_px4_controls/install/aruco_interfaces:/opt/ros/humble LD_LIBRARY_PATH=/home/jmj/pro_asp_ws/ws_px4_controls/install/px4_msgs/lib:/home/jmj/pro_asp_ws/ws_px4_controls/install/px4_ros_com/lib:/home/jmj/pro_asp_ws/ws_px4_controls/install/aruco_interfaces/lib:/usr/local/cuda/lib64:/opt/ros/humble/opt/rviz_ogre_vendor/lib:/opt/ros/humble/lib/x86_64-linux-gnu:/opt/ros/humble/lib:/usr/local/cuda/lib64 /usr/bin/cmake --build /home/jmj/pro_asp_ws/ws_px4_controls/build/px4_ros_com -- -j20 -l20
