[0.022s] Invoking command in '/home/acdl1/competition_ws/ws_px4_controls/build/multi_tracker': AMENT_PREFIX_PATH=/home/acdl1/competition_ws/ws_px4_controls/install/cv_bridge:${AMENT_PREFIX_PATH} CMAKE_PREFIX_PATH=/home/acdl1/competition_ws/ws_px4_controls/install/cv_bridge:/home/acdl1/competition_ws/ws_px4_controls/install/px4_msgs:/home/acdl1/competition_ws/ws_px4_controls/install/aruco_interfaces:/opt/ros/humble LD_LIBRARY_PATH=/home/acdl1/competition_ws/ws_px4_controls/install/cv_bridge/lib:${LD_LIBRARY_PATH} PYTHONPATH=/home/acdl1/competition_ws/ws_px4_controls/install/cv_bridge/local/lib/python3.10/dist-packages:${PYTHONPATH} /usr/bin/cmake --build /home/acdl1/competition_ws/ws_px4_controls/build/multi_tracker -- -j16 -l16
[0.184s] [35m[1mConsolidate compiler generated dependencies of target multi_tracker_node[0m
[0.184s] [100%] Built target multi_tracker_node
[0.186s] Invoked command in '/home/acdl1/competition_ws/ws_px4_controls/build/multi_tracker' returned '0': AMENT_PREFIX_PATH=/home/acdl1/competition_ws/ws_px4_controls/install/cv_bridge:${AMENT_PREFIX_PATH} CMAKE_PREFIX_PATH=/home/acdl1/competition_ws/ws_px4_controls/install/cv_bridge:/home/acdl1/competition_ws/ws_px4_controls/install/px4_msgs:/home/acdl1/competition_ws/ws_px4_controls/install/aruco_interfaces:/opt/ros/humble LD_LIBRARY_PATH=/home/acdl1/competition_ws/ws_px4_controls/install/cv_bridge/lib:${LD_LIBRARY_PATH} PYTHONPATH=/home/acdl1/competition_ws/ws_px4_controls/install/cv_bridge/local/lib/python3.10/dist-packages:${PYTHONPATH} /usr/bin/cmake --build /home/acdl1/competition_ws/ws_px4_controls/build/multi_tracker -- -j16 -l16
[0.187s] Invoking command in '/home/acdl1/competition_ws/ws_px4_controls/build/multi_tracker': AMENT_PREFIX_PATH=/home/acdl1/competition_ws/ws_px4_controls/install/cv_bridge:${AMENT_PREFIX_PATH} CMAKE_PREFIX_PATH=/home/acdl1/competition_ws/ws_px4_controls/install/cv_bridge:/home/acdl1/competition_ws/ws_px4_controls/install/px4_msgs:/home/acdl1/competition_ws/ws_px4_controls/install/aruco_interfaces:/opt/ros/humble LD_LIBRARY_PATH=/home/acdl1/competition_ws/ws_px4_controls/install/cv_bridge/lib:${LD_LIBRARY_PATH} PYTHONPATH=/home/acdl1/competition_ws/ws_px4_controls/install/cv_bridge/local/lib/python3.10/dist-packages:${PYTHONPATH} /usr/bin/cmake --install /home/acdl1/competition_ws/ws_px4_controls/build/multi_tracker
[0.192s] -- Install configuration: ""
[0.192s] -- Up-to-date: /home/acdl1/competition_ws/ws_px4_controls/install/multi_tracker/lib/multi_tracker/multi_tracker_node
[0.192s] -- Up-to-date: /home/acdl1/competition_ws/ws_px4_controls/install/multi_tracker/share/multi_tracker//launch
[0.192s] -- Up-to-date: /home/acdl1/competition_ws/ws_px4_controls/install/multi_tracker/share/multi_tracker//launch/x1_aruco_detector.launch.py
[0.192s] -- Up-to-date: /home/acdl1/competition_ws/ws_px4_controls/install/multi_tracker/share/multi_tracker//launch/x500_aruco_detector.launch.py
[0.192s] -- Up-to-date: /home/acdl1/competition_ws/ws_px4_controls/install/multi_tracker/share/ament_index/resource_index/package_run_dependencies/multi_tracker
[0.192s] -- Up-to-date: /home/acdl1/competition_ws/ws_px4_controls/install/multi_tracker/share/ament_index/resource_index/parent_prefix_path/multi_tracker
[0.192s] -- Up-to-date: /home/acdl1/competition_ws/ws_px4_controls/install/multi_tracker/share/multi_tracker/environment/ament_prefix_path.sh
[0.192s] -- Up-to-date: /home/acdl1/competition_ws/ws_px4_controls/install/multi_tracker/share/multi_tracker/environment/ament_prefix_path.dsv
[0.192s] -- Up-to-date: /home/acdl1/competition_ws/ws_px4_controls/install/multi_tracker/share/multi_tracker/environment/path.sh
[0.192s] -- Up-to-date: /home/acdl1/competition_ws/ws_px4_controls/install/multi_tracker/share/multi_tracker/environment/path.dsv
[0.192s] -- Up-to-date: /home/acdl1/competition_ws/ws_px4_controls/install/multi_tracker/share/multi_tracker/local_setup.bash
[0.193s] -- Up-to-date: /home/acdl1/competition_ws/ws_px4_controls/install/multi_tracker/share/multi_tracker/local_setup.sh
[0.193s] -- Up-to-date: /home/acdl1/competition_ws/ws_px4_controls/install/multi_tracker/share/multi_tracker/local_setup.zsh
[0.193s] -- Up-to-date: /home/acdl1/competition_ws/ws_px4_controls/install/multi_tracker/share/multi_tracker/local_setup.dsv
[0.193s] -- Installing: /home/acdl1/competition_ws/ws_px4_controls/install/multi_tracker/share/multi_tracker/package.dsv
[0.193s] -- Up-to-date: /home/acdl1/competition_ws/ws_px4_controls/install/multi_tracker/share/ament_index/resource_index/packages/multi_tracker
[0.193s] -- Up-to-date: /home/acdl1/competition_ws/ws_px4_controls/install/multi_tracker/share/multi_tracker/cmake/ament_cmake_export_dependencies-extras.cmake
[0.193s] -- Up-to-date: /home/acdl1/competition_ws/ws_px4_controls/install/multi_tracker/share/multi_tracker/cmake/multi_trackerConfig.cmake
[0.193s] -- Up-to-date: /home/acdl1/competition_ws/ws_px4_controls/install/multi_tracker/share/multi_tracker/cmake/multi_trackerConfig-version.cmake
[0.193s] -- Up-to-date: /home/acdl1/competition_ws/ws_px4_controls/install/multi_tracker/share/multi_tracker/package.xml
[0.194s] Invoked command in '/home/acdl1/competition_ws/ws_px4_controls/build/multi_tracker' returned '0': AMENT_PREFIX_PATH=/home/acdl1/competition_ws/ws_px4_controls/install/cv_bridge:${AMENT_PREFIX_PATH} CMAKE_PREFIX_PATH=/home/acdl1/competition_ws/ws_px4_controls/install/cv_bridge:/home/acdl1/competition_ws/ws_px4_controls/install/px4_msgs:/home/acdl1/competition_ws/ws_px4_controls/install/aruco_interfaces:/opt/ros/humble LD_LIBRARY_PATH=/home/acdl1/competition_ws/ws_px4_controls/install/cv_bridge/lib:${LD_LIBRARY_PATH} PYTHONPATH=/home/acdl1/competition_ws/ws_px4_controls/install/cv_bridge/local/lib/python3.10/dist-packages:${PYTHONPATH} /usr/bin/cmake --install /home/acdl1/competition_ws/ws_px4_controls/build/multi_tracker
