[0.094s] DEBUG:colcon:Command line arguments: ['/usr/bin/colcon', 'build']
[0.094s] DEBUG:colcon:Parsed command line arguments: Namespace(log_base=None, log_level=None, verb_name='build', build_base='build', install_base='install', merge_install=False, symlink_install=False, test_result_base=None, continue_on_error=False, executor='parallel', parallel_workers=20, event_handlers=None, ignore_user_meta=False, metas=['./colcon.meta'], base_paths=['.'], packages_ignore=None, packages_ignore_regex=None, paths=None, packages_up_to=None, packages_up_to_regex=None, packages_above=None, packages_above_and_dependencies=None, packages_above_depth=None, packages_select_by_dep=None, packages_skip_by_dep=None, packages_skip_up_to=None, packages_select_build_failed=False, packages_skip_build_finished=False, packages_select_test_failures=False, packages_skip_test_passed=False, packages_select=None, packages_skip=None, packages_select_regex=None, packages_skip_regex=None, packages_start=None, packages_end=None, allow_overriding=[], cmake_args=None, cmake_target=None, cmake_target_skip_unavailable=False, cmake_clean_cache=False, cmake_clean_first=False, cmake_force_configure=False, ament_cmake_args=None, catkin_cmake_args=None, catkin_skip_building_tests=False, mixin_files=None, mixin=None, verb_parser=<colcon_mixin.mixin.mixin_argument.MixinArgumentDecorator object at 0x7860bb323490>, verb_extension=<colcon_core.verb.build.BuildVerb object at 0x7860bb434490>, main=<bound method BuildVerb.main of <colcon_core.verb.build.BuildVerb object at 0x7860bb434490>>, mixin_verb=('build',))
[0.224s] Level 1:colcon.colcon_core.package_discovery:discover_packages(colcon_meta) check parameters
[0.224s] Level 1:colcon.colcon_core.package_discovery:discover_packages(recursive) check parameters
[0.224s] Level 1:colcon.colcon_core.package_discovery:discover_packages(ignore) check parameters
[0.224s] Level 1:colcon.colcon_core.package_discovery:discover_packages(path) check parameters
[0.224s] Level 1:colcon.colcon_core.package_discovery:discover_packages(colcon_meta) discover
[0.224s] Level 1:colcon.colcon_core.package_discovery:discover_packages(recursive) discover
[0.224s] INFO:colcon.colcon_core.package_discovery:Crawling recursively for packages in '/home/jmj/pro_asp_ws/ws_aruco'
[0.224s] Level 1:colcon.colcon_core.package_identification:_identify(.) by extensions ['ignore', 'ignore_ament_install']
[0.224s] Level 1:colcon.colcon_core.package_identification:_identify(.) by extension 'ignore'
[0.224s] Level 1:colcon.colcon_core.package_identification:_identify(.) by extension 'ignore_ament_install'
[0.224s] Level 1:colcon.colcon_core.package_identification:_identify(.) by extensions ['colcon_pkg']
[0.224s] Level 1:colcon.colcon_core.package_identification:_identify(.) by extension 'colcon_pkg'
[0.224s] Level 1:colcon.colcon_core.package_identification:_identify(.) by extensions ['colcon_meta']
[0.224s] Level 1:colcon.colcon_core.package_identification:_identify(.) by extension 'colcon_meta'
[0.224s] Level 1:colcon.colcon_core.package_identification:_identify(.) by extensions ['ros']
[0.224s] Level 1:colcon.colcon_core.package_identification:_identify(.) by extension 'ros'
[0.239s] Level 1:colcon.colcon_core.package_identification:_identify(.) by extensions ['cmake', 'python']
[0.239s] Level 1:colcon.colcon_core.package_identification:_identify(.) by extension 'cmake'
[0.239s] Level 1:colcon.colcon_core.package_identification:_identify(.) by extension 'python'
[0.239s] Level 1:colcon.colcon_core.package_identification:_identify(.) by extensions ['python_setup_py']
[0.239s] Level 1:colcon.colcon_core.package_identification:_identify(.) by extension 'python_setup_py'
[0.239s] Level 1:colcon.colcon_core.package_identification:_identify(build) by extensions ['ignore', 'ignore_ament_install']
[0.239s] Level 1:colcon.colcon_core.package_identification:_identify(build) by extension 'ignore'
[0.239s] Level 1:colcon.colcon_core.package_identification:_identify(build) ignored
[0.239s] Level 1:colcon.colcon_core.package_identification:_identify(install) by extensions ['ignore', 'ignore_ament_install']
[0.239s] Level 1:colcon.colcon_core.package_identification:_identify(install) by extension 'ignore'
[0.239s] Level 1:colcon.colcon_core.package_identification:_identify(install) ignored
[0.239s] Level 1:colcon.colcon_core.package_identification:_identify(log) by extensions ['ignore', 'ignore_ament_install']
[0.239s] Level 1:colcon.colcon_core.package_identification:_identify(log) by extension 'ignore'
[0.239s] Level 1:colcon.colcon_core.package_identification:_identify(log) ignored
[0.239s] Level 1:colcon.colcon_core.package_identification:_identify(src) by extensions ['ignore', 'ignore_ament_install']
[0.239s] Level 1:colcon.colcon_core.package_identification:_identify(src) by extension 'ignore'
[0.239s] Level 1:colcon.colcon_core.package_identification:_identify(src) by extension 'ignore_ament_install'
[0.239s] Level 1:colcon.colcon_core.package_identification:_identify(src) by extensions ['colcon_pkg']
[0.239s] Level 1:colcon.colcon_core.package_identification:_identify(src) by extension 'colcon_pkg'
[0.240s] Level 1:colcon.colcon_core.package_identification:_identify(src) by extensions ['colcon_meta']
[0.240s] Level 1:colcon.colcon_core.package_identification:_identify(src) by extension 'colcon_meta'
[0.240s] Level 1:colcon.colcon_core.package_identification:_identify(src) by extensions ['ros']
[0.240s] Level 1:colcon.colcon_core.package_identification:_identify(src) by extension 'ros'
[0.240s] Level 1:colcon.colcon_core.package_identification:_identify(src) by extensions ['cmake', 'python']
[0.240s] Level 1:colcon.colcon_core.package_identification:_identify(src) by extension 'cmake'
[0.240s] Level 1:colcon.colcon_core.package_identification:_identify(src) by extension 'python'
[0.240s] Level 1:colcon.colcon_core.package_identification:_identify(src) by extensions ['python_setup_py']
[0.240s] Level 1:colcon.colcon_core.package_identification:_identify(src) by extension 'python_setup_py'
[0.240s] Level 1:colcon.colcon_core.package_identification:_identify(src/aruco_interfaces) by extensions ['ignore', 'ignore_ament_install']
[0.240s] Level 1:colcon.colcon_core.package_identification:_identify(src/aruco_interfaces) by extension 'ignore'
[0.240s] Level 1:colcon.colcon_core.package_identification:_identify(src/aruco_interfaces) by extension 'ignore_ament_install'
[0.240s] Level 1:colcon.colcon_core.package_identification:_identify(src/aruco_interfaces) by extensions ['colcon_pkg']
[0.240s] Level 1:colcon.colcon_core.package_identification:_identify(src/aruco_interfaces) by extension 'colcon_pkg'
[0.240s] Level 1:colcon.colcon_core.package_identification:_identify(src/aruco_interfaces) by extensions ['colcon_meta']
[0.240s] Level 1:colcon.colcon_core.package_identification:_identify(src/aruco_interfaces) by extension 'colcon_meta'
[0.240s] Level 1:colcon.colcon_core.package_identification:_identify(src/aruco_interfaces) by extensions ['ros']
[0.240s] Level 1:colcon.colcon_core.package_identification:_identify(src/aruco_interfaces) by extension 'ros'
[0.242s] DEBUG:colcon.colcon_core.package_identification:Package 'src/aruco_interfaces' with type 'ros.ament_cmake' and name 'aruco_interfaces'
[0.242s] Level 1:colcon.colcon_core.package_identification:_identify(src/multi_tracker) by extensions ['ignore', 'ignore_ament_install']
[0.242s] Level 1:colcon.colcon_core.package_identification:_identify(src/multi_tracker) by extension 'ignore'
[0.242s] Level 1:colcon.colcon_core.package_identification:_identify(src/multi_tracker) by extension 'ignore_ament_install'
[0.242s] Level 1:colcon.colcon_core.package_identification:_identify(src/multi_tracker) by extensions ['colcon_pkg']
[0.242s] Level 1:colcon.colcon_core.package_identification:_identify(src/multi_tracker) by extension 'colcon_pkg'
[0.242s] Level 1:colcon.colcon_core.package_identification:_identify(src/multi_tracker) by extensions ['colcon_meta']
[0.242s] Level 1:colcon.colcon_core.package_identification:_identify(src/multi_tracker) by extension 'colcon_meta'
[0.242s] Level 1:colcon.colcon_core.package_identification:_identify(src/multi_tracker) by extensions ['ros']
[0.242s] Level 1:colcon.colcon_core.package_identification:_identify(src/multi_tracker) by extension 'ros'
[0.243s] DEBUG:colcon.colcon_core.package_identification:Package 'src/multi_tracker' with type 'ros.ament_cmake' and name 'multi_tracker'
[0.243s] Level 1:colcon.colcon_core.package_identification:_identify(src/vision_opencv) by extensions ['ignore', 'ignore_ament_install']
[0.243s] Level 1:colcon.colcon_core.package_identification:_identify(src/vision_opencv) by extension 'ignore'
[0.243s] Level 1:colcon.colcon_core.package_identification:_identify(src/vision_opencv) by extension 'ignore_ament_install'
[0.243s] Level 1:colcon.colcon_core.package_identification:_identify(src/vision_opencv) by extensions ['colcon_pkg']
[0.243s] Level 1:colcon.colcon_core.package_identification:_identify(src/vision_opencv) by extension 'colcon_pkg'
[0.243s] Level 1:colcon.colcon_core.package_identification:_identify(src/vision_opencv) by extensions ['colcon_meta']
[0.243s] Level 1:colcon.colcon_core.package_identification:_identify(src/vision_opencv) by extension 'colcon_meta'
[0.243s] Level 1:colcon.colcon_core.package_identification:_identify(src/vision_opencv) by extensions ['ros']
[0.243s] Level 1:colcon.colcon_core.package_identification:_identify(src/vision_opencv) by extension 'ros'
[0.243s] Level 1:colcon.colcon_core.package_identification:_identify(src/vision_opencv) by extensions ['cmake', 'python']
[0.243s] Level 1:colcon.colcon_core.package_identification:_identify(src/vision_opencv) by extension 'cmake'
[0.243s] Level 1:colcon.colcon_core.package_identification:_identify(src/vision_opencv) by extension 'python'
[0.243s] Level 1:colcon.colcon_core.package_identification:_identify(src/vision_opencv) by extensions ['python_setup_py']
[0.243s] Level 1:colcon.colcon_core.package_identification:_identify(src/vision_opencv) by extension 'python_setup_py'
[0.243s] Level 1:colcon.colcon_core.package_identification:_identify(src/vision_opencv/cv_bridge) by extensions ['ignore', 'ignore_ament_install']
[0.243s] Level 1:colcon.colcon_core.package_identification:_identify(src/vision_opencv/cv_bridge) by extension 'ignore'
[0.243s] Level 1:colcon.colcon_core.package_identification:_identify(src/vision_opencv/cv_bridge) by extension 'ignore_ament_install'
[0.243s] Level 1:colcon.colcon_core.package_identification:_identify(src/vision_opencv/cv_bridge) by extensions ['colcon_pkg']
[0.243s] Level 1:colcon.colcon_core.package_identification:_identify(src/vision_opencv/cv_bridge) by extension 'colcon_pkg'
[0.243s] Level 1:colcon.colcon_core.package_identification:_identify(src/vision_opencv/cv_bridge) by extensions ['colcon_meta']
[0.243s] Level 1:colcon.colcon_core.package_identification:_identify(src/vision_opencv/cv_bridge) by extension 'colcon_meta'
[0.244s] Level 1:colcon.colcon_core.package_identification:_identify(src/vision_opencv/cv_bridge) by extensions ['ros']
[0.244s] Level 1:colcon.colcon_core.package_identification:_identify(src/vision_opencv/cv_bridge) by extension 'ros'
[0.244s] DEBUG:colcon.colcon_core.package_identification:Package 'src/vision_opencv/cv_bridge' with type 'ros.ament_cmake' and name 'cv_bridge'
[0.244s] Level 1:colcon.colcon_core.package_identification:_identify(src/vision_opencv/image_geometry) by extensions ['ignore', 'ignore_ament_install']
[0.244s] Level 1:colcon.colcon_core.package_identification:_identify(src/vision_opencv/image_geometry) by extension 'ignore'
[0.244s] Level 1:colcon.colcon_core.package_identification:_identify(src/vision_opencv/image_geometry) by extension 'ignore_ament_install'
[0.244s] Level 1:colcon.colcon_core.package_identification:_identify(src/vision_opencv/image_geometry) by extensions ['colcon_pkg']
[0.244s] Level 1:colcon.colcon_core.package_identification:_identify(src/vision_opencv/image_geometry) by extension 'colcon_pkg'
[0.244s] Level 1:colcon.colcon_core.package_identification:_identify(src/vision_opencv/image_geometry) by extensions ['colcon_meta']
[0.244s] Level 1:colcon.colcon_core.package_identification:_identify(src/vision_opencv/image_geometry) by extension 'colcon_meta'
[0.244s] Level 1:colcon.colcon_core.package_identification:_identify(src/vision_opencv/image_geometry) by extensions ['ros']
[0.244s] Level 1:colcon.colcon_core.package_identification:_identify(src/vision_opencv/image_geometry) by extension 'ros'
[0.245s] DEBUG:colcon.colcon_core.package_identification:Package 'src/vision_opencv/image_geometry' with type 'ros.ament_cmake' and name 'image_geometry'
[0.245s] Level 1:colcon.colcon_core.package_identification:_identify(src/vision_opencv/opencv_tests) by extensions ['ignore', 'ignore_ament_install']
[0.245s] Level 1:colcon.colcon_core.package_identification:_identify(src/vision_opencv/opencv_tests) by extension 'ignore'
[0.245s] Level 1:colcon.colcon_core.package_identification:_identify(src/vision_opencv/opencv_tests) by extension 'ignore_ament_install'
[0.245s] Level 1:colcon.colcon_core.package_identification:_identify(src/vision_opencv/opencv_tests) by extensions ['colcon_pkg']
[0.245s] Level 1:colcon.colcon_core.package_identification:_identify(src/vision_opencv/opencv_tests) by extension 'colcon_pkg'
[0.245s] Level 1:colcon.colcon_core.package_identification:_identify(src/vision_opencv/opencv_tests) by extensions ['colcon_meta']
[0.245s] Level 1:colcon.colcon_core.package_identification:_identify(src/vision_opencv/opencv_tests) by extension 'colcon_meta'
[0.245s] Level 1:colcon.colcon_core.package_identification:_identify(src/vision_opencv/opencv_tests) by extensions ['ros']
[0.245s] Level 1:colcon.colcon_core.package_identification:_identify(src/vision_opencv/opencv_tests) by extension 'ros'
[0.245s] DEBUG:colcon.colcon_core.package_identification:Package 'src/vision_opencv/opencv_tests' with type 'ros.ament_python' and name 'opencv_tests'
[0.245s] Level 1:colcon.colcon_core.package_identification:_identify(src/vision_opencv/vision_opencv) by extensions ['ignore', 'ignore_ament_install']
[0.245s] Level 1:colcon.colcon_core.package_identification:_identify(src/vision_opencv/vision_opencv) by extension 'ignore'
[0.246s] Level 1:colcon.colcon_core.package_identification:_identify(src/vision_opencv/vision_opencv) by extension 'ignore_ament_install'
[0.246s] Level 1:colcon.colcon_core.package_identification:_identify(src/vision_opencv/vision_opencv) by extensions ['colcon_pkg']
[0.246s] Level 1:colcon.colcon_core.package_identification:_identify(src/vision_opencv/vision_opencv) by extension 'colcon_pkg'
[0.246s] Level 1:colcon.colcon_core.package_identification:_identify(src/vision_opencv/vision_opencv) by extensions ['colcon_meta']
[0.246s] Level 1:colcon.colcon_core.package_identification:_identify(src/vision_opencv/vision_opencv) by extension 'colcon_meta'
[0.246s] Level 1:colcon.colcon_core.package_identification:_identify(src/vision_opencv/vision_opencv) by extensions ['ros']
[0.246s] Level 1:colcon.colcon_core.package_identification:_identify(src/vision_opencv/vision_opencv) by extension 'ros'
[0.246s] DEBUG:colcon.colcon_core.package_identification:Package 'src/vision_opencv/vision_opencv' with type 'ros.ament_cmake' and name 'vision_opencv'
[0.246s] Level 1:colcon.colcon_core.package_discovery:discover_packages(recursive) using defaults
[0.246s] Level 1:colcon.colcon_core.package_discovery:discover_packages(ignore) discover
[0.246s] Level 1:colcon.colcon_core.package_discovery:discover_packages(ignore) using defaults
[0.246s] Level 1:colcon.colcon_core.package_discovery:discover_packages(path) discover
[0.246s] Level 1:colcon.colcon_core.package_discovery:discover_packages(path) using defaults
[0.262s] Level 1:colcon.colcon_core.package_discovery:discover_packages(prefix_path) check parameters
[0.262s] Level 1:colcon.colcon_core.package_discovery:discover_packages(prefix_path) discover
[0.263s] WARNING:colcon.colcon_ros.prefix_path.ament:The path '/home/jmj/pro_asp_ws/ws_aruco/install/aruco_interfaces' in the environment variable AMENT_PREFIX_PATH doesn't exist
[0.263s] WARNING:colcon.colcon_ros.prefix_path.ament:The path '/home/jmj/pro_asp_ws/ws_aruco/install/vision_opencv' in the environment variable AMENT_PREFIX_PATH doesn't exist
[0.263s] WARNING:colcon.colcon_ros.prefix_path.ament:The path '/home/jmj/pro_asp_ws/ws_aruco/install/opencv_tests' in the environment variable AMENT_PREFIX_PATH doesn't exist
[0.263s] WARNING:colcon.colcon_ros.prefix_path.ament:The path '/home/jmj/pro_asp_ws/ws_aruco/install/multi_tracker' in the environment variable AMENT_PREFIX_PATH doesn't exist
[0.263s] WARNING:colcon.colcon_ros.prefix_path.ament:The path '/home/jmj/pro_asp_ws/ws_aruco/install/image_geometry' in the environment variable AMENT_PREFIX_PATH doesn't exist
[0.263s] WARNING:colcon.colcon_ros.prefix_path.ament:The path '/home/jmj/pro_asp_ws/ws_aruco/install/cv_bridge' in the environment variable AMENT_PREFIX_PATH doesn't exist
[0.263s] WARNING:colcon.colcon_ros.prefix_path.catkin:The path '/home/jmj/pro_asp_ws/ws_aruco/install/aruco_interfaces' in the environment variable CMAKE_PREFIX_PATH doesn't exist
[0.264s] WARNING:colcon.colcon_ros.prefix_path.catkin:The path '/home/jmj/pro_asp_ws/ws_aruco/install/vision_opencv' in the environment variable CMAKE_PREFIX_PATH doesn't exist
[0.264s] WARNING:colcon.colcon_ros.prefix_path.catkin:The path '/home/jmj/pro_asp_ws/ws_aruco/install/multi_tracker' in the environment variable CMAKE_PREFIX_PATH doesn't exist
[0.264s] WARNING:colcon.colcon_ros.prefix_path.catkin:The path '/home/jmj/pro_asp_ws/ws_aruco/install/image_geometry' in the environment variable CMAKE_PREFIX_PATH doesn't exist
[0.264s] WARNING:colcon.colcon_ros.prefix_path.catkin:The path '/home/jmj/pro_asp_ws/ws_aruco/install/cv_bridge' in the environment variable CMAKE_PREFIX_PATH doesn't exist
[0.264s] DEBUG:colcon.colcon_installed_package_information.package_discovery:Found 0 installed packages in /home/jmj/pro_asp_ws/ws_aruco/install
[0.264s] DEBUG:colcon.colcon_installed_package_information.package_discovery:Found 4 installed packages in /home/jmj/pro_asp_ws/ws_px4_controls/install
[0.265s] DEBUG:colcon.colcon_installed_package_information.package_discovery:Found 367 installed packages in /opt/ros/humble
[0.266s] Level 1:colcon.colcon_core.package_discovery:discover_packages(prefix_path) using defaults
[0.291s] WARNING:colcon.colcon_core.package_selection:Some selected packages are already built in one or more underlay workspaces:
	'image_geometry' is in: /opt/ros/humble
	'cv_bridge' is in: /opt/ros/humble
If a package in a merged underlay workspace is overridden and it installs headers, then all packages in the overlay must sort their include directories by workspace order. Failure to do so may result in build failures or undefined behavior at run time.
If the overridden package is used by another package in any underlay, then the overriding package in the overlay must be API and ABI compatible or undefined behavior at run time may occur.

If you understand the risks and want to override a package anyways, add the following to the command line:
	--allow-overriding cv_bridge image_geometry

This may be promoted to an error in a future release of colcon-override-check.
[0.292s] Level 5:colcon.colcon_core.verb:set package 'aruco_interfaces' build argument 'cmake_args' from command line to 'None'
[0.292s] Level 5:colcon.colcon_core.verb:set package 'aruco_interfaces' build argument 'cmake_target' from command line to 'None'
[0.292s] Level 5:colcon.colcon_core.verb:set package 'aruco_interfaces' build argument 'cmake_target_skip_unavailable' from command line to 'False'
[0.292s] Level 5:colcon.colcon_core.verb:set package 'aruco_interfaces' build argument 'cmake_clean_cache' from command line to 'False'
[0.292s] Level 5:colcon.colcon_core.verb:set package 'aruco_interfaces' build argument 'cmake_clean_first' from command line to 'False'
[0.292s] Level 5:colcon.colcon_core.verb:set package 'aruco_interfaces' build argument 'cmake_force_configure' from command line to 'False'
[0.292s] Level 5:colcon.colcon_core.verb:set package 'aruco_interfaces' build argument 'ament_cmake_args' from command line to 'None'
[0.292s] Level 5:colcon.colcon_core.verb:set package 'aruco_interfaces' build argument 'catkin_cmake_args' from command line to 'None'
[0.292s] Level 5:colcon.colcon_core.verb:set package 'aruco_interfaces' build argument 'catkin_skip_building_tests' from command line to 'False'
[0.292s] DEBUG:colcon.colcon_core.verb:Building package 'aruco_interfaces' with the following arguments: {'ament_cmake_args': None, 'build_base': '/home/jmj/pro_asp_ws/ws_aruco/build/aruco_interfaces', 'catkin_cmake_args': None, 'catkin_skip_building_tests': False, 'cmake_args': None, 'cmake_clean_cache': False, 'cmake_clean_first': False, 'cmake_force_configure': False, 'cmake_target': None, 'cmake_target_skip_unavailable': False, 'install_base': '/home/jmj/pro_asp_ws/ws_aruco/install/aruco_interfaces', 'merge_install': False, 'path': '/home/jmj/pro_asp_ws/ws_aruco/src/aruco_interfaces', 'symlink_install': False, 'test_result_base': None}
[0.292s] Level 5:colcon.colcon_core.verb:set package 'cv_bridge' build argument 'cmake_args' from command line to 'None'
[0.292s] Level 5:colcon.colcon_core.verb:set package 'cv_bridge' build argument 'cmake_target' from command line to 'None'
[0.292s] Level 5:colcon.colcon_core.verb:set package 'cv_bridge' build argument 'cmake_target_skip_unavailable' from command line to 'False'
[0.292s] Level 5:colcon.colcon_core.verb:set package 'cv_bridge' build argument 'cmake_clean_cache' from command line to 'False'
[0.292s] Level 5:colcon.colcon_core.verb:set package 'cv_bridge' build argument 'cmake_clean_first' from command line to 'False'
[0.292s] Level 5:colcon.colcon_core.verb:set package 'cv_bridge' build argument 'cmake_force_configure' from command line to 'False'
[0.292s] Level 5:colcon.colcon_core.verb:set package 'cv_bridge' build argument 'ament_cmake_args' from command line to 'None'
[0.292s] Level 5:colcon.colcon_core.verb:set package 'cv_bridge' build argument 'catkin_cmake_args' from command line to 'None'
[0.292s] Level 5:colcon.colcon_core.verb:set package 'cv_bridge' build argument 'catkin_skip_building_tests' from command line to 'False'
[0.292s] DEBUG:colcon.colcon_core.verb:Building package 'cv_bridge' with the following arguments: {'ament_cmake_args': None, 'build_base': '/home/jmj/pro_asp_ws/ws_aruco/build/cv_bridge', 'catkin_cmake_args': None, 'catkin_skip_building_tests': False, 'cmake_args': None, 'cmake_clean_cache': False, 'cmake_clean_first': False, 'cmake_force_configure': False, 'cmake_target': None, 'cmake_target_skip_unavailable': False, 'install_base': '/home/jmj/pro_asp_ws/ws_aruco/install/cv_bridge', 'merge_install': False, 'path': '/home/jmj/pro_asp_ws/ws_aruco/src/vision_opencv/cv_bridge', 'symlink_install': False, 'test_result_base': None}
[0.292s] Level 5:colcon.colcon_core.verb:set package 'image_geometry' build argument 'cmake_args' from command line to 'None'
[0.292s] Level 5:colcon.colcon_core.verb:set package 'image_geometry' build argument 'cmake_target' from command line to 'None'
[0.292s] Level 5:colcon.colcon_core.verb:set package 'image_geometry' build argument 'cmake_target_skip_unavailable' from command line to 'False'
[0.292s] Level 5:colcon.colcon_core.verb:set package 'image_geometry' build argument 'cmake_clean_cache' from command line to 'False'
[0.292s] Level 5:colcon.colcon_core.verb:set package 'image_geometry' build argument 'cmake_clean_first' from command line to 'False'
[0.292s] Level 5:colcon.colcon_core.verb:set package 'image_geometry' build argument 'cmake_force_configure' from command line to 'False'
[0.292s] Level 5:colcon.colcon_core.verb:set package 'image_geometry' build argument 'ament_cmake_args' from command line to 'None'
[0.292s] Level 5:colcon.colcon_core.verb:set package 'image_geometry' build argument 'catkin_cmake_args' from command line to 'None'
[0.292s] Level 5:colcon.colcon_core.verb:set package 'image_geometry' build argument 'catkin_skip_building_tests' from command line to 'False'
[0.292s] DEBUG:colcon.colcon_core.verb:Building package 'image_geometry' with the following arguments: {'ament_cmake_args': None, 'build_base': '/home/jmj/pro_asp_ws/ws_aruco/build/image_geometry', 'catkin_cmake_args': None, 'catkin_skip_building_tests': False, 'cmake_args': None, 'cmake_clean_cache': False, 'cmake_clean_first': False, 'cmake_force_configure': False, 'cmake_target': None, 'cmake_target_skip_unavailable': False, 'install_base': '/home/jmj/pro_asp_ws/ws_aruco/install/image_geometry', 'merge_install': False, 'path': '/home/jmj/pro_asp_ws/ws_aruco/src/vision_opencv/image_geometry', 'symlink_install': False, 'test_result_base': None}
[0.293s] Level 5:colcon.colcon_core.verb:set package 'multi_tracker' build argument 'cmake_args' from command line to 'None'
[0.293s] Level 5:colcon.colcon_core.verb:set package 'multi_tracker' build argument 'cmake_target' from command line to 'None'
[0.293s] Level 5:colcon.colcon_core.verb:set package 'multi_tracker' build argument 'cmake_target_skip_unavailable' from command line to 'False'
[0.293s] Level 5:colcon.colcon_core.verb:set package 'multi_tracker' build argument 'cmake_clean_cache' from command line to 'False'
[0.293s] Level 5:colcon.colcon_core.verb:set package 'multi_tracker' build argument 'cmake_clean_first' from command line to 'False'
[0.293s] Level 5:colcon.colcon_core.verb:set package 'multi_tracker' build argument 'cmake_force_configure' from command line to 'False'
[0.293s] Level 5:colcon.colcon_core.verb:set package 'multi_tracker' build argument 'ament_cmake_args' from command line to 'None'
[0.293s] Level 5:colcon.colcon_core.verb:set package 'multi_tracker' build argument 'catkin_cmake_args' from command line to 'None'
[0.293s] Level 5:colcon.colcon_core.verb:set package 'multi_tracker' build argument 'catkin_skip_building_tests' from command line to 'False'
[0.293s] DEBUG:colcon.colcon_core.verb:Building package 'multi_tracker' with the following arguments: {'ament_cmake_args': None, 'build_base': '/home/jmj/pro_asp_ws/ws_aruco/build/multi_tracker', 'catkin_cmake_args': None, 'catkin_skip_building_tests': False, 'cmake_args': None, 'cmake_clean_cache': False, 'cmake_clean_first': False, 'cmake_force_configure': False, 'cmake_target': None, 'cmake_target_skip_unavailable': False, 'install_base': '/home/jmj/pro_asp_ws/ws_aruco/install/multi_tracker', 'merge_install': False, 'path': '/home/jmj/pro_asp_ws/ws_aruco/src/multi_tracker', 'symlink_install': False, 'test_result_base': None}
[0.293s] Level 5:colcon.colcon_core.verb:set package 'opencv_tests' build argument 'cmake_args' from command line to 'None'
[0.293s] Level 5:colcon.colcon_core.verb:set package 'opencv_tests' build argument 'cmake_target' from command line to 'None'
[0.293s] Level 5:colcon.colcon_core.verb:set package 'opencv_tests' build argument 'cmake_target_skip_unavailable' from command line to 'False'
[0.293s] Level 5:colcon.colcon_core.verb:set package 'opencv_tests' build argument 'cmake_clean_cache' from command line to 'False'
[0.293s] Level 5:colcon.colcon_core.verb:set package 'opencv_tests' build argument 'cmake_clean_first' from command line to 'False'
[0.293s] Level 5:colcon.colcon_core.verb:set package 'opencv_tests' build argument 'cmake_force_configure' from command line to 'False'
[0.293s] Level 5:colcon.colcon_core.verb:set package 'opencv_tests' build argument 'ament_cmake_args' from command line to 'None'
[0.293s] Level 5:colcon.colcon_core.verb:set package 'opencv_tests' build argument 'catkin_cmake_args' from command line to 'None'
[0.293s] Level 5:colcon.colcon_core.verb:set package 'opencv_tests' build argument 'catkin_skip_building_tests' from command line to 'False'
[0.293s] DEBUG:colcon.colcon_core.verb:Building package 'opencv_tests' with the following arguments: {'ament_cmake_args': None, 'build_base': '/home/jmj/pro_asp_ws/ws_aruco/build/opencv_tests', 'catkin_cmake_args': None, 'catkin_skip_building_tests': False, 'cmake_args': None, 'cmake_clean_cache': False, 'cmake_clean_first': False, 'cmake_force_configure': False, 'cmake_target': None, 'cmake_target_skip_unavailable': False, 'install_base': '/home/jmj/pro_asp_ws/ws_aruco/install/opencv_tests', 'merge_install': False, 'path': '/home/jmj/pro_asp_ws/ws_aruco/src/vision_opencv/opencv_tests', 'symlink_install': False, 'test_result_base': None}
[0.293s] Level 5:colcon.colcon_core.verb:set package 'vision_opencv' build argument 'cmake_args' from command line to 'None'
[0.293s] Level 5:colcon.colcon_core.verb:set package 'vision_opencv' build argument 'cmake_target' from command line to 'None'
[0.293s] Level 5:colcon.colcon_core.verb:set package 'vision_opencv' build argument 'cmake_target_skip_unavailable' from command line to 'False'
[0.293s] Level 5:colcon.colcon_core.verb:set package 'vision_opencv' build argument 'cmake_clean_cache' from command line to 'False'
[0.293s] Level 5:colcon.colcon_core.verb:set package 'vision_opencv' build argument 'cmake_clean_first' from command line to 'False'
[0.293s] Level 5:colcon.colcon_core.verb:set package 'vision_opencv' build argument 'cmake_force_configure' from command line to 'False'
[0.293s] Level 5:colcon.colcon_core.verb:set package 'vision_opencv' build argument 'ament_cmake_args' from command line to 'None'
[0.293s] Level 5:colcon.colcon_core.verb:set package 'vision_opencv' build argument 'catkin_cmake_args' from command line to 'None'
[0.293s] Level 5:colcon.colcon_core.verb:set package 'vision_opencv' build argument 'catkin_skip_building_tests' from command line to 'False'
[0.293s] DEBUG:colcon.colcon_core.verb:Building package 'vision_opencv' with the following arguments: {'ament_cmake_args': None, 'build_base': '/home/jmj/pro_asp_ws/ws_aruco/build/vision_opencv', 'catkin_cmake_args': None, 'catkin_skip_building_tests': False, 'cmake_args': None, 'cmake_clean_cache': False, 'cmake_clean_first': False, 'cmake_force_configure': False, 'cmake_target': None, 'cmake_target_skip_unavailable': False, 'install_base': '/home/jmj/pro_asp_ws/ws_aruco/install/vision_opencv', 'merge_install': False, 'path': '/home/jmj/pro_asp_ws/ws_aruco/src/vision_opencv/vision_opencv', 'symlink_install': False, 'test_result_base': None}
[0.293s] INFO:colcon.colcon_core.executor:Executing jobs using 'parallel' executor
[0.294s] DEBUG:colcon.colcon_parallel_executor.executor.parallel:run_until_complete
[0.294s] INFO:colcon.colcon_ros.task.ament_cmake.build:Building ROS package in '/home/jmj/pro_asp_ws/ws_aruco/src/vision_opencv/cv_bridge' with build type 'ament_cmake'
[0.294s] INFO:colcon.colcon_cmake.task.cmake.build:Building CMake package in '/home/jmj/pro_asp_ws/ws_aruco/src/vision_opencv/cv_bridge'
[0.297s] INFO:colcon.colcon_core.plugin_system:Skipping extension 'colcon_core.shell.bat': Not used on non-Windows systems
[0.297s] INFO:colcon.colcon_core.shell:Skip shell extension 'powershell' for command environment: Not usable outside of PowerShell
[0.297s] DEBUG:colcon.colcon_core.shell:Skip shell extension 'dsv' for command environment
[0.299s] INFO:colcon.colcon_ros.task.ament_cmake.build:Building ROS package in '/home/jmj/pro_asp_ws/ws_aruco/src/vision_opencv/image_geometry' with build type 'ament_cmake'
[0.299s] INFO:colcon.colcon_cmake.task.cmake.build:Building CMake package in '/home/jmj/pro_asp_ws/ws_aruco/src/vision_opencv/image_geometry'
[0.300s] INFO:colcon.colcon_core.shell:Skip shell extension 'powershell' for command environment: Not usable outside of PowerShell
[0.300s] DEBUG:colcon.colcon_core.shell:Skip shell extension 'dsv' for command environment
[0.301s] INFO:colcon.colcon_ros.task.ament_cmake.build:Building ROS package in '/home/jmj/pro_asp_ws/ws_aruco/src/aruco_interfaces' with build type 'ament_cmake'
[0.302s] INFO:colcon.colcon_cmake.task.cmake.build:Building CMake package in '/home/jmj/pro_asp_ws/ws_aruco/src/aruco_interfaces'
[0.302s] INFO:colcon.colcon_core.shell:Skip shell extension 'powershell' for command environment: Not usable outside of PowerShell
[0.302s] DEBUG:colcon.colcon_core.shell:Skip shell extension 'dsv' for command environment
[0.306s] DEBUG:colcon.colcon_core.event_handler.log_command:Invoking command in '/home/jmj/pro_asp_ws/ws_aruco/build/cv_bridge': CMAKE_PREFIX_PATH=${CMAKE_PREFIX_PATH}:/home/jmj/pro_asp_ws/ws_aruco/install/opencv_tests:/opt/ros/humble /usr/bin/cmake /home/jmj/pro_asp_ws/ws_aruco/src/vision_opencv/cv_bridge -DCMAKE_INSTALL_PREFIX=/home/jmj/pro_asp_ws/ws_aruco/install/cv_bridge
[0.309s] DEBUG:colcon.colcon_core.event_handler.log_command:Invoking command in '/home/jmj/pro_asp_ws/ws_aruco/build/image_geometry': CMAKE_PREFIX_PATH=${CMAKE_PREFIX_PATH}:/home/jmj/pro_asp_ws/ws_aruco/install/opencv_tests:/opt/ros/humble /usr/bin/cmake /home/jmj/pro_asp_ws/ws_aruco/src/vision_opencv/image_geometry -DCMAKE_INSTALL_PREFIX=/home/jmj/pro_asp_ws/ws_aruco/install/image_geometry
[0.314s] DEBUG:colcon.colcon_core.event_handler.log_command:Invoking command in '/home/jmj/pro_asp_ws/ws_aruco/build/aruco_interfaces': CMAKE_PREFIX_PATH=${CMAKE_PREFIX_PATH}:/home/jmj/pro_asp_ws/ws_aruco/install/opencv_tests:/opt/ros/humble /usr/bin/cmake /home/jmj/pro_asp_ws/ws_aruco/src/aruco_interfaces -DCMAKE_INSTALL_PREFIX=/home/jmj/pro_asp_ws/ws_aruco/install/aruco_interfaces
[1.140s] DEBUG:colcon.colcon_core.event_handler.log_command:Invoked command in '/home/jmj/pro_asp_ws/ws_aruco/build/image_geometry' returned '0': CMAKE_PREFIX_PATH=${CMAKE_PREFIX_PATH}:/home/jmj/pro_asp_ws/ws_aruco/install/opencv_tests:/opt/ros/humble /usr/bin/cmake /home/jmj/pro_asp_ws/ws_aruco/src/vision_opencv/image_geometry -DCMAKE_INSTALL_PREFIX=/home/jmj/pro_asp_ws/ws_aruco/install/image_geometry
[1.142s] DEBUG:colcon.colcon_core.event_handler.log_command:Invoking command in '/home/jmj/pro_asp_ws/ws_aruco/build/image_geometry': CMAKE_PREFIX_PATH=${CMAKE_PREFIX_PATH}:/home/jmj/pro_asp_ws/ws_aruco/install/opencv_tests:/opt/ros/humble /usr/bin/cmake --build /home/jmj/pro_asp_ws/ws_aruco/build/image_geometry -- -j20 -l20
[1.514s] DEBUG:colcon.colcon_core.event_handler.log_command:Invoked command in '/home/jmj/pro_asp_ws/ws_aruco/build/image_geometry' returned '0': CMAKE_PREFIX_PATH=${CMAKE_PREFIX_PATH}:/home/jmj/pro_asp_ws/ws_aruco/install/opencv_tests:/opt/ros/humble /usr/bin/cmake --build /home/jmj/pro_asp_ws/ws_aruco/build/image_geometry -- -j20 -l20
[1.521s] DEBUG:colcon.colcon_core.event_handler.log_command:Invoking command in '/home/jmj/pro_asp_ws/ws_aruco/build/image_geometry': CMAKE_PREFIX_PATH=${CMAKE_PREFIX_PATH}:/home/jmj/pro_asp_ws/ws_aruco/install/opencv_tests:/opt/ros/humble /usr/bin/cmake --install /home/jmj/pro_asp_ws/ws_aruco/build/image_geometry
[1.561s] Level 1:colcon.colcon_core.environment:create_environment_scripts_only(image_geometry)
[1.562s] DEBUG:colcon.colcon_core.event_handler.log_command:Invoked command in '/home/jmj/pro_asp_ws/ws_aruco/build/image_geometry' returned '0': CMAKE_PREFIX_PATH=${CMAKE_PREFIX_PATH}:/home/jmj/pro_asp_ws/ws_aruco/install/opencv_tests:/opt/ros/humble /usr/bin/cmake --install /home/jmj/pro_asp_ws/ws_aruco/build/image_geometry
[1.565s] Level 1:colcon.colcon_core.environment:checking '/home/jmj/pro_asp_ws/ws_aruco/install/image_geometry' for CMake module files
[1.566s] Level 1:colcon.colcon_core.environment:checking '/home/jmj/pro_asp_ws/ws_aruco/install/image_geometry' for CMake config files
[1.566s] Level 1:colcon.colcon_core.shell:create_environment_hook('image_geometry', 'cmake_prefix_path')
[1.566s] INFO:colcon.colcon_core.shell:Creating environment hook '/home/jmj/pro_asp_ws/ws_aruco/install/image_geometry/share/image_geometry/hook/cmake_prefix_path.ps1'
[1.567s] INFO:colcon.colcon_core.shell:Creating environment descriptor '/home/jmj/pro_asp_ws/ws_aruco/install/image_geometry/share/image_geometry/hook/cmake_prefix_path.dsv'
[1.567s] INFO:colcon.colcon_core.shell:Creating environment hook '/home/jmj/pro_asp_ws/ws_aruco/install/image_geometry/share/image_geometry/hook/cmake_prefix_path.sh'
[1.567s] Level 1:colcon.colcon_core.environment:checking '/home/jmj/pro_asp_ws/ws_aruco/install/image_geometry/lib'
[1.567s] Level 1:colcon.colcon_core.shell:create_environment_hook('image_geometry', 'ld_library_path_lib')
[1.568s] INFO:colcon.colcon_core.shell:Creating environment hook '/home/jmj/pro_asp_ws/ws_aruco/install/image_geometry/share/image_geometry/hook/ld_library_path_lib.ps1'
[1.568s] INFO:colcon.colcon_core.shell:Creating environment descriptor '/home/jmj/pro_asp_ws/ws_aruco/install/image_geometry/share/image_geometry/hook/ld_library_path_lib.dsv'
[1.568s] INFO:colcon.colcon_core.shell:Creating environment hook '/home/jmj/pro_asp_ws/ws_aruco/install/image_geometry/share/image_geometry/hook/ld_library_path_lib.sh'
[1.568s] Level 1:colcon.colcon_core.environment:checking '/home/jmj/pro_asp_ws/ws_aruco/install/image_geometry/bin'
[1.568s] Level 1:colcon.colcon_core.environment:checking '/home/jmj/pro_asp_ws/ws_aruco/install/image_geometry/lib/pkgconfig/image_geometry.pc'
[1.568s] Level 1:colcon.colcon_core.environment:checking '/home/jmj/pro_asp_ws/ws_aruco/install/image_geometry/lib/python3.10/site-packages'
[1.569s] Level 1:colcon.colcon_core.environment:checking '/home/jmj/pro_asp_ws/ws_aruco/install/image_geometry/bin'
[1.569s] INFO:colcon.colcon_core.shell:Creating package script '/home/jmj/pro_asp_ws/ws_aruco/install/image_geometry/share/image_geometry/package.ps1'
[1.569s] INFO:colcon.colcon_core.shell:Creating package descriptor '/home/jmj/pro_asp_ws/ws_aruco/install/image_geometry/share/image_geometry/package.dsv'
[1.570s] INFO:colcon.colcon_core.shell:Creating package script '/home/jmj/pro_asp_ws/ws_aruco/install/image_geometry/share/image_geometry/package.sh'
[1.570s] INFO:colcon.colcon_core.shell:Creating package script '/home/jmj/pro_asp_ws/ws_aruco/install/image_geometry/share/image_geometry/package.bash'
[1.570s] INFO:colcon.colcon_core.shell:Creating package script '/home/jmj/pro_asp_ws/ws_aruco/install/image_geometry/share/image_geometry/package.zsh'
[1.571s] Level 1:colcon.colcon_core.environment:create_file_with_runtime_dependencies(/home/jmj/pro_asp_ws/ws_aruco/install/image_geometry/share/colcon-core/packages/image_geometry)
[1.571s] Level 1:colcon.colcon_core.environment:create_environment_scripts_only(image_geometry)
[1.571s] Level 1:colcon.colcon_core.environment:checking '/home/jmj/pro_asp_ws/ws_aruco/install/image_geometry' for CMake module files
[1.571s] Level 1:colcon.colcon_core.environment:checking '/home/jmj/pro_asp_ws/ws_aruco/install/image_geometry' for CMake config files
[1.571s] Level 1:colcon.colcon_core.shell:create_environment_hook('image_geometry', 'cmake_prefix_path')
[1.572s] INFO:colcon.colcon_core.shell:Creating environment hook '/home/jmj/pro_asp_ws/ws_aruco/install/image_geometry/share/image_geometry/hook/cmake_prefix_path.ps1'
[1.572s] INFO:colcon.colcon_core.shell:Creating environment descriptor '/home/jmj/pro_asp_ws/ws_aruco/install/image_geometry/share/image_geometry/hook/cmake_prefix_path.dsv'
[1.572s] INFO:colcon.colcon_core.shell:Creating environment hook '/home/jmj/pro_asp_ws/ws_aruco/install/image_geometry/share/image_geometry/hook/cmake_prefix_path.sh'
[1.572s] Level 1:colcon.colcon_core.environment:checking '/home/jmj/pro_asp_ws/ws_aruco/install/image_geometry/lib'
[1.572s] Level 1:colcon.colcon_core.shell:create_environment_hook('image_geometry', 'ld_library_path_lib')
[1.573s] INFO:colcon.colcon_core.shell:Creating environment hook '/home/jmj/pro_asp_ws/ws_aruco/install/image_geometry/share/image_geometry/hook/ld_library_path_lib.ps1'
[1.573s] INFO:colcon.colcon_core.shell:Creating environment descriptor '/home/jmj/pro_asp_ws/ws_aruco/install/image_geometry/share/image_geometry/hook/ld_library_path_lib.dsv'
[1.573s] INFO:colcon.colcon_core.shell:Creating environment hook '/home/jmj/pro_asp_ws/ws_aruco/install/image_geometry/share/image_geometry/hook/ld_library_path_lib.sh'
[1.573s] Level 1:colcon.colcon_core.environment:checking '/home/jmj/pro_asp_ws/ws_aruco/install/image_geometry/bin'
[1.573s] Level 1:colcon.colcon_core.environment:checking '/home/jmj/pro_asp_ws/ws_aruco/install/image_geometry/lib/pkgconfig/image_geometry.pc'
[1.573s] Level 1:colcon.colcon_core.environment:checking '/home/jmj/pro_asp_ws/ws_aruco/install/image_geometry/lib/python3.10/site-packages'
[1.573s] Level 1:colcon.colcon_core.environment:checking '/home/jmj/pro_asp_ws/ws_aruco/install/image_geometry/bin'
[1.574s] INFO:colcon.colcon_core.shell:Creating package script '/home/jmj/pro_asp_ws/ws_aruco/install/image_geometry/share/image_geometry/package.ps1'
[1.574s] INFO:colcon.colcon_core.shell:Creating package descriptor '/home/jmj/pro_asp_ws/ws_aruco/install/image_geometry/share/image_geometry/package.dsv'
[1.575s] INFO:colcon.colcon_core.shell:Creating package script '/home/jmj/pro_asp_ws/ws_aruco/install/image_geometry/share/image_geometry/package.sh'
[1.575s] INFO:colcon.colcon_core.shell:Creating package script '/home/jmj/pro_asp_ws/ws_aruco/install/image_geometry/share/image_geometry/package.bash'
[1.575s] INFO:colcon.colcon_core.shell:Creating package script '/home/jmj/pro_asp_ws/ws_aruco/install/image_geometry/share/image_geometry/package.zsh'
[1.575s] Level 1:colcon.colcon_core.environment:create_file_with_runtime_dependencies(/home/jmj/pro_asp_ws/ws_aruco/install/image_geometry/share/colcon-core/packages/image_geometry)
[1.716s] DEBUG:colcon.colcon_core.event_handler.log_command:Invoked command in '/home/jmj/pro_asp_ws/ws_aruco/build/aruco_interfaces' returned '0': CMAKE_PREFIX_PATH=${CMAKE_PREFIX_PATH}:/home/jmj/pro_asp_ws/ws_aruco/install/opencv_tests:/opt/ros/humble /usr/bin/cmake /home/jmj/pro_asp_ws/ws_aruco/src/aruco_interfaces -DCMAKE_INSTALL_PREFIX=/home/jmj/pro_asp_ws/ws_aruco/install/aruco_interfaces
[1.716s] DEBUG:colcon.colcon_core.event_handler.log_command:Invoking command in '/home/jmj/pro_asp_ws/ws_aruco/build/aruco_interfaces': CMAKE_PREFIX_PATH=${CMAKE_PREFIX_PATH}:/home/jmj/pro_asp_ws/ws_aruco/install/opencv_tests:/opt/ros/humble /usr/bin/cmake --build /home/jmj/pro_asp_ws/ws_aruco/build/aruco_interfaces -- -j20 -l20
[2.738s] DEBUG:colcon.colcon_core.event_handler.log_command:Invoked command in '/home/jmj/pro_asp_ws/ws_aruco/build/aruco_interfaces' returned '0': CMAKE_PREFIX_PATH=${CMAKE_PREFIX_PATH}:/home/jmj/pro_asp_ws/ws_aruco/install/opencv_tests:/opt/ros/humble /usr/bin/cmake --build /home/jmj/pro_asp_ws/ws_aruco/build/aruco_interfaces -- -j20 -l20
[2.740s] DEBUG:colcon.colcon_core.event_handler.log_command:Invoking command in '/home/jmj/pro_asp_ws/ws_aruco/build/aruco_interfaces': CMAKE_PREFIX_PATH=${CMAKE_PREFIX_PATH}:/home/jmj/pro_asp_ws/ws_aruco/install/opencv_tests:/opt/ros/humble /usr/bin/cmake --install /home/jmj/pro_asp_ws/ws_aruco/build/aruco_interfaces
[2.788s] Level 1:colcon.colcon_core.environment:create_environment_scripts_only(aruco_interfaces)
[2.788s] Level 1:colcon.colcon_core.environment:checking '/home/jmj/pro_asp_ws/ws_aruco/install/aruco_interfaces' for CMake module files
[2.788s] DEBUG:colcon.colcon_core.event_handler.log_command:Invoked command in '/home/jmj/pro_asp_ws/ws_aruco/build/aruco_interfaces' returned '0': CMAKE_PREFIX_PATH=${CMAKE_PREFIX_PATH}:/home/jmj/pro_asp_ws/ws_aruco/install/opencv_tests:/opt/ros/humble /usr/bin/cmake --install /home/jmj/pro_asp_ws/ws_aruco/build/aruco_interfaces
[2.789s] Level 1:colcon.colcon_core.environment:checking '/home/jmj/pro_asp_ws/ws_aruco/install/aruco_interfaces' for CMake config files
[2.789s] Level 1:colcon.colcon_core.shell:create_environment_hook('aruco_interfaces', 'cmake_prefix_path')
[2.789s] INFO:colcon.colcon_core.shell:Creating environment hook '/home/jmj/pro_asp_ws/ws_aruco/install/aruco_interfaces/share/aruco_interfaces/hook/cmake_prefix_path.ps1'
[2.789s] INFO:colcon.colcon_core.shell:Creating environment descriptor '/home/jmj/pro_asp_ws/ws_aruco/install/aruco_interfaces/share/aruco_interfaces/hook/cmake_prefix_path.dsv'
[2.790s] INFO:colcon.colcon_core.shell:Creating environment hook '/home/jmj/pro_asp_ws/ws_aruco/install/aruco_interfaces/share/aruco_interfaces/hook/cmake_prefix_path.sh'
[2.790s] Level 1:colcon.colcon_core.environment:checking '/home/jmj/pro_asp_ws/ws_aruco/install/aruco_interfaces/lib'
[2.790s] Level 1:colcon.colcon_core.shell:create_environment_hook('aruco_interfaces', 'ld_library_path_lib')
[2.790s] INFO:colcon.colcon_core.shell:Creating environment hook '/home/jmj/pro_asp_ws/ws_aruco/install/aruco_interfaces/share/aruco_interfaces/hook/ld_library_path_lib.ps1'
[2.790s] INFO:colcon.colcon_core.shell:Creating environment descriptor '/home/jmj/pro_asp_ws/ws_aruco/install/aruco_interfaces/share/aruco_interfaces/hook/ld_library_path_lib.dsv'
[2.791s] INFO:colcon.colcon_core.shell:Creating environment hook '/home/jmj/pro_asp_ws/ws_aruco/install/aruco_interfaces/share/aruco_interfaces/hook/ld_library_path_lib.sh'
[2.791s] Level 1:colcon.colcon_core.environment:checking '/home/jmj/pro_asp_ws/ws_aruco/install/aruco_interfaces/bin'
[2.791s] Level 1:colcon.colcon_core.environment:checking '/home/jmj/pro_asp_ws/ws_aruco/install/aruco_interfaces/lib/pkgconfig/aruco_interfaces.pc'
[2.791s] Level 1:colcon.colcon_core.environment:checking '/home/jmj/pro_asp_ws/ws_aruco/install/aruco_interfaces/lib/python3.10/site-packages'
[2.791s] Level 1:colcon.colcon_core.environment:checking '/home/jmj/pro_asp_ws/ws_aruco/install/aruco_interfaces/bin'
[2.791s] INFO:colcon.colcon_core.shell:Creating package script '/home/jmj/pro_asp_ws/ws_aruco/install/aruco_interfaces/share/aruco_interfaces/package.ps1'
[2.791s] INFO:colcon.colcon_core.shell:Creating package descriptor '/home/jmj/pro_asp_ws/ws_aruco/install/aruco_interfaces/share/aruco_interfaces/package.dsv'
[2.792s] INFO:colcon.colcon_core.shell:Creating package script '/home/jmj/pro_asp_ws/ws_aruco/install/aruco_interfaces/share/aruco_interfaces/package.sh'
[2.792s] INFO:colcon.colcon_core.shell:Creating package script '/home/jmj/pro_asp_ws/ws_aruco/install/aruco_interfaces/share/aruco_interfaces/package.bash'
[2.792s] INFO:colcon.colcon_core.shell:Creating package script '/home/jmj/pro_asp_ws/ws_aruco/install/aruco_interfaces/share/aruco_interfaces/package.zsh'
[2.792s] Level 1:colcon.colcon_core.environment:create_file_with_runtime_dependencies(/home/jmj/pro_asp_ws/ws_aruco/install/aruco_interfaces/share/colcon-core/packages/aruco_interfaces)
[2.793s] Level 1:colcon.colcon_core.environment:create_environment_scripts_only(aruco_interfaces)
[2.793s] Level 1:colcon.colcon_core.environment:checking '/home/jmj/pro_asp_ws/ws_aruco/install/aruco_interfaces' for CMake module files
[2.793s] Level 1:colcon.colcon_core.environment:checking '/home/jmj/pro_asp_ws/ws_aruco/install/aruco_interfaces' for CMake config files
[2.793s] Level 1:colcon.colcon_core.shell:create_environment_hook('aruco_interfaces', 'cmake_prefix_path')
[2.793s] INFO:colcon.colcon_core.shell:Creating environment hook '/home/jmj/pro_asp_ws/ws_aruco/install/aruco_interfaces/share/aruco_interfaces/hook/cmake_prefix_path.ps1'
[2.794s] INFO:colcon.colcon_core.shell:Creating environment descriptor '/home/jmj/pro_asp_ws/ws_aruco/install/aruco_interfaces/share/aruco_interfaces/hook/cmake_prefix_path.dsv'
[2.794s] INFO:colcon.colcon_core.shell:Creating environment hook '/home/jmj/pro_asp_ws/ws_aruco/install/aruco_interfaces/share/aruco_interfaces/hook/cmake_prefix_path.sh'
[2.794s] Level 1:colcon.colcon_core.environment:checking '/home/jmj/pro_asp_ws/ws_aruco/install/aruco_interfaces/lib'
[2.794s] Level 1:colcon.colcon_core.shell:create_environment_hook('aruco_interfaces', 'ld_library_path_lib')
[2.794s] INFO:colcon.colcon_core.shell:Creating environment hook '/home/jmj/pro_asp_ws/ws_aruco/install/aruco_interfaces/share/aruco_interfaces/hook/ld_library_path_lib.ps1'
[2.794s] INFO:colcon.colcon_core.shell:Creating environment descriptor '/home/jmj/pro_asp_ws/ws_aruco/install/aruco_interfaces/share/aruco_interfaces/hook/ld_library_path_lib.dsv'
[2.794s] INFO:colcon.colcon_core.shell:Creating environment hook '/home/jmj/pro_asp_ws/ws_aruco/install/aruco_interfaces/share/aruco_interfaces/hook/ld_library_path_lib.sh'
[2.795s] Level 1:colcon.colcon_core.environment:checking '/home/jmj/pro_asp_ws/ws_aruco/install/aruco_interfaces/bin'
[2.795s] Level 1:colcon.colcon_core.environment:checking '/home/jmj/pro_asp_ws/ws_aruco/install/aruco_interfaces/lib/pkgconfig/aruco_interfaces.pc'
[2.795s] Level 1:colcon.colcon_core.environment:checking '/home/jmj/pro_asp_ws/ws_aruco/install/aruco_interfaces/lib/python3.10/site-packages'
[2.795s] Level 1:colcon.colcon_core.environment:checking '/home/jmj/pro_asp_ws/ws_aruco/install/aruco_interfaces/bin'
[2.795s] INFO:colcon.colcon_core.shell:Creating package script '/home/jmj/pro_asp_ws/ws_aruco/install/aruco_interfaces/share/aruco_interfaces/package.ps1'
[2.795s] INFO:colcon.colcon_core.shell:Creating package descriptor '/home/jmj/pro_asp_ws/ws_aruco/install/aruco_interfaces/share/aruco_interfaces/package.dsv'
[2.796s] INFO:colcon.colcon_core.shell:Creating package script '/home/jmj/pro_asp_ws/ws_aruco/install/aruco_interfaces/share/aruco_interfaces/package.sh'
[2.796s] INFO:colcon.colcon_core.shell:Creating package script '/home/jmj/pro_asp_ws/ws_aruco/install/aruco_interfaces/share/aruco_interfaces/package.bash'
[2.796s] INFO:colcon.colcon_core.shell:Creating package script '/home/jmj/pro_asp_ws/ws_aruco/install/aruco_interfaces/share/aruco_interfaces/package.zsh'
[2.796s] Level 1:colcon.colcon_core.environment:create_file_with_runtime_dependencies(/home/jmj/pro_asp_ws/ws_aruco/install/aruco_interfaces/share/colcon-core/packages/aruco_interfaces)
[3.005s] DEBUG:colcon.colcon_core.event_handler.log_command:Invoked command in '/home/jmj/pro_asp_ws/ws_aruco/build/cv_bridge' returned '0': CMAKE_PREFIX_PATH=${CMAKE_PREFIX_PATH}:/home/jmj/pro_asp_ws/ws_aruco/install/opencv_tests:/opt/ros/humble /usr/bin/cmake /home/jmj/pro_asp_ws/ws_aruco/src/vision_opencv/cv_bridge -DCMAKE_INSTALL_PREFIX=/home/jmj/pro_asp_ws/ws_aruco/install/cv_bridge
[3.007s] DEBUG:colcon.colcon_core.event_handler.log_command:Invoking command in '/home/jmj/pro_asp_ws/ws_aruco/build/cv_bridge': CMAKE_PREFIX_PATH=${CMAKE_PREFIX_PATH}:/home/jmj/pro_asp_ws/ws_aruco/install/opencv_tests:/opt/ros/humble /usr/bin/cmake --build /home/jmj/pro_asp_ws/ws_aruco/build/cv_bridge -- -j20 -l20
[3.611s] DEBUG:colcon.colcon_core.event_handler.log_command:Invoked command in '/home/jmj/pro_asp_ws/ws_aruco/build/cv_bridge' returned '0': CMAKE_PREFIX_PATH=${CMAKE_PREFIX_PATH}:/home/jmj/pro_asp_ws/ws_aruco/install/opencv_tests:/opt/ros/humble /usr/bin/cmake --build /home/jmj/pro_asp_ws/ws_aruco/build/cv_bridge -- -j20 -l20
[3.611s] DEBUG:colcon.colcon_core.event_handler.log_command:Invoking command in '/home/jmj/pro_asp_ws/ws_aruco/build/cv_bridge': CMAKE_PREFIX_PATH=${CMAKE_PREFIX_PATH}:/home/jmj/pro_asp_ws/ws_aruco/install/opencv_tests:/opt/ros/humble /usr/bin/cmake --install /home/jmj/pro_asp_ws/ws_aruco/build/cv_bridge
[3.663s] Level 1:colcon.colcon_core.environment:create_environment_scripts_only(cv_bridge)
[3.663s] Level 1:colcon.colcon_core.environment:checking '/home/jmj/pro_asp_ws/ws_aruco/install/cv_bridge' for CMake module files
[3.663s] DEBUG:colcon.colcon_core.event_handler.log_command:Invoked command in '/home/jmj/pro_asp_ws/ws_aruco/build/cv_bridge' returned '0': CMAKE_PREFIX_PATH=${CMAKE_PREFIX_PATH}:/home/jmj/pro_asp_ws/ws_aruco/install/opencv_tests:/opt/ros/humble /usr/bin/cmake --install /home/jmj/pro_asp_ws/ws_aruco/build/cv_bridge
[3.664s] Level 1:colcon.colcon_core.environment:checking '/home/jmj/pro_asp_ws/ws_aruco/install/cv_bridge' for CMake config files
[3.664s] Level 1:colcon.colcon_core.shell:create_environment_hook('cv_bridge', 'cmake_prefix_path')
[3.664s] INFO:colcon.colcon_core.shell:Creating environment hook '/home/jmj/pro_asp_ws/ws_aruco/install/cv_bridge/share/cv_bridge/hook/cmake_prefix_path.ps1'
[3.665s] INFO:colcon.colcon_core.shell:Creating environment descriptor '/home/jmj/pro_asp_ws/ws_aruco/install/cv_bridge/share/cv_bridge/hook/cmake_prefix_path.dsv'
[3.665s] INFO:colcon.colcon_core.shell:Creating environment hook '/home/jmj/pro_asp_ws/ws_aruco/install/cv_bridge/share/cv_bridge/hook/cmake_prefix_path.sh'
[3.666s] Level 1:colcon.colcon_core.environment:checking '/home/jmj/pro_asp_ws/ws_aruco/install/cv_bridge/lib'
[3.666s] Level 1:colcon.colcon_core.shell:create_environment_hook('cv_bridge', 'ld_library_path_lib')
[3.666s] INFO:colcon.colcon_core.shell:Creating environment hook '/home/jmj/pro_asp_ws/ws_aruco/install/cv_bridge/share/cv_bridge/hook/ld_library_path_lib.ps1'
[3.666s] INFO:colcon.colcon_core.shell:Creating environment descriptor '/home/jmj/pro_asp_ws/ws_aruco/install/cv_bridge/share/cv_bridge/hook/ld_library_path_lib.dsv'
[3.666s] INFO:colcon.colcon_core.shell:Creating environment hook '/home/jmj/pro_asp_ws/ws_aruco/install/cv_bridge/share/cv_bridge/hook/ld_library_path_lib.sh'
[3.667s] Level 1:colcon.colcon_core.environment:checking '/home/jmj/pro_asp_ws/ws_aruco/install/cv_bridge/bin'
[3.667s] Level 1:colcon.colcon_core.environment:checking '/home/jmj/pro_asp_ws/ws_aruco/install/cv_bridge/lib/pkgconfig/cv_bridge.pc'
[3.667s] Level 1:colcon.colcon_core.environment:checking '/home/jmj/pro_asp_ws/ws_aruco/install/cv_bridge/lib/python3.10/site-packages'
[3.667s] Level 1:colcon.colcon_core.environment:checking '/home/jmj/pro_asp_ws/ws_aruco/install/cv_bridge/bin'
[3.667s] INFO:colcon.colcon_core.shell:Creating package script '/home/jmj/pro_asp_ws/ws_aruco/install/cv_bridge/share/cv_bridge/package.ps1'
[3.667s] INFO:colcon.colcon_core.shell:Creating package descriptor '/home/jmj/pro_asp_ws/ws_aruco/install/cv_bridge/share/cv_bridge/package.dsv'
[3.668s] INFO:colcon.colcon_core.shell:Creating package script '/home/jmj/pro_asp_ws/ws_aruco/install/cv_bridge/share/cv_bridge/package.sh'
[3.668s] INFO:colcon.colcon_core.shell:Creating package script '/home/jmj/pro_asp_ws/ws_aruco/install/cv_bridge/share/cv_bridge/package.bash'
[3.668s] INFO:colcon.colcon_core.shell:Creating package script '/home/jmj/pro_asp_ws/ws_aruco/install/cv_bridge/share/cv_bridge/package.zsh'
[3.668s] Level 1:colcon.colcon_core.environment:create_file_with_runtime_dependencies(/home/jmj/pro_asp_ws/ws_aruco/install/cv_bridge/share/colcon-core/packages/cv_bridge)
[3.668s] Level 1:colcon.colcon_core.environment:create_environment_scripts_only(cv_bridge)
[3.669s] Level 1:colcon.colcon_core.environment:checking '/home/jmj/pro_asp_ws/ws_aruco/install/cv_bridge' for CMake module files
[3.669s] Level 1:colcon.colcon_core.environment:checking '/home/jmj/pro_asp_ws/ws_aruco/install/cv_bridge' for CMake config files
[3.669s] Level 1:colcon.colcon_core.shell:create_environment_hook('cv_bridge', 'cmake_prefix_path')
[3.669s] INFO:colcon.colcon_core.shell:Creating environment hook '/home/jmj/pro_asp_ws/ws_aruco/install/cv_bridge/share/cv_bridge/hook/cmake_prefix_path.ps1'
[3.669s] INFO:colcon.colcon_core.shell:Creating environment descriptor '/home/jmj/pro_asp_ws/ws_aruco/install/cv_bridge/share/cv_bridge/hook/cmake_prefix_path.dsv'
[3.670s] INFO:colcon.colcon_core.shell:Creating environment hook '/home/jmj/pro_asp_ws/ws_aruco/install/cv_bridge/share/cv_bridge/hook/cmake_prefix_path.sh'
[3.670s] Level 1:colcon.colcon_core.environment:checking '/home/jmj/pro_asp_ws/ws_aruco/install/cv_bridge/lib'
[3.670s] Level 1:colcon.colcon_core.shell:create_environment_hook('cv_bridge', 'ld_library_path_lib')
[3.670s] INFO:colcon.colcon_core.shell:Creating environment hook '/home/jmj/pro_asp_ws/ws_aruco/install/cv_bridge/share/cv_bridge/hook/ld_library_path_lib.ps1'
[3.670s] INFO:colcon.colcon_core.shell:Creating environment descriptor '/home/jmj/pro_asp_ws/ws_aruco/install/cv_bridge/share/cv_bridge/hook/ld_library_path_lib.dsv'
[3.670s] INFO:colcon.colcon_core.shell:Creating environment hook '/home/jmj/pro_asp_ws/ws_aruco/install/cv_bridge/share/cv_bridge/hook/ld_library_path_lib.sh'
[3.671s] Level 1:colcon.colcon_core.environment:checking '/home/jmj/pro_asp_ws/ws_aruco/install/cv_bridge/bin'
[3.671s] Level 1:colcon.colcon_core.environment:checking '/home/jmj/pro_asp_ws/ws_aruco/install/cv_bridge/lib/pkgconfig/cv_bridge.pc'
[3.671s] Level 1:colcon.colcon_core.environment:checking '/home/jmj/pro_asp_ws/ws_aruco/install/cv_bridge/lib/python3.10/site-packages'
[3.671s] Level 1:colcon.colcon_core.environment:checking '/home/jmj/pro_asp_ws/ws_aruco/install/cv_bridge/bin'
[3.672s] INFO:colcon.colcon_core.shell:Creating package script '/home/jmj/pro_asp_ws/ws_aruco/install/cv_bridge/share/cv_bridge/package.ps1'
[3.672s] INFO:colcon.colcon_core.shell:Creating package descriptor '/home/jmj/pro_asp_ws/ws_aruco/install/cv_bridge/share/cv_bridge/package.dsv'
[3.673s] INFO:colcon.colcon_core.shell:Creating package script '/home/jmj/pro_asp_ws/ws_aruco/install/cv_bridge/share/cv_bridge/package.sh'
[3.673s] INFO:colcon.colcon_core.shell:Creating package script '/home/jmj/pro_asp_ws/ws_aruco/install/cv_bridge/share/cv_bridge/package.bash'
[3.673s] INFO:colcon.colcon_core.shell:Creating package script '/home/jmj/pro_asp_ws/ws_aruco/install/cv_bridge/share/cv_bridge/package.zsh'
[3.674s] Level 1:colcon.colcon_core.environment:create_file_with_runtime_dependencies(/home/jmj/pro_asp_ws/ws_aruco/install/cv_bridge/share/colcon-core/packages/cv_bridge)
[3.674s] INFO:colcon.colcon_ros.task.ament_cmake.build:Building ROS package in '/home/jmj/pro_asp_ws/ws_aruco/src/multi_tracker' with build type 'ament_cmake'
[3.674s] INFO:colcon.colcon_cmake.task.cmake.build:Building CMake package in '/home/jmj/pro_asp_ws/ws_aruco/src/multi_tracker'
[3.674s] INFO:colcon.colcon_core.shell:Skip shell extension 'powershell' for command environment: Not usable outside of PowerShell
[3.674s] DEBUG:colcon.colcon_core.shell:Skip shell extension 'dsv' for command environment
[3.677s] INFO:colcon.colcon_ros.task.ament_python.build:Building ROS package in '/home/jmj/pro_asp_ws/ws_aruco/src/vision_opencv/opencv_tests' with build type 'ament_python'
[3.677s] Level 1:colcon.colcon_core.shell:create_environment_hook('opencv_tests', 'ament_prefix_path')
[3.677s] INFO:colcon.colcon_core.shell:Creating environment hook '/home/jmj/pro_asp_ws/ws_aruco/install/opencv_tests/share/opencv_tests/hook/ament_prefix_path.ps1'
[3.677s] INFO:colcon.colcon_core.shell:Creating environment descriptor '/home/jmj/pro_asp_ws/ws_aruco/install/opencv_tests/share/opencv_tests/hook/ament_prefix_path.dsv'
[3.678s] INFO:colcon.colcon_core.shell:Creating environment hook '/home/jmj/pro_asp_ws/ws_aruco/install/opencv_tests/share/opencv_tests/hook/ament_prefix_path.sh'
[3.678s] INFO:colcon.colcon_core.shell:Skip shell extension 'powershell' for command environment: Not usable outside of PowerShell
[3.678s] DEBUG:colcon.colcon_core.shell:Skip shell extension 'dsv' for command environment
[3.681s] INFO:colcon.colcon_ros.task.ament_cmake.build:Building ROS package in '/home/jmj/pro_asp_ws/ws_aruco/src/vision_opencv/vision_opencv' with build type 'ament_cmake'
[3.681s] INFO:colcon.colcon_cmake.task.cmake.build:Building CMake package in '/home/jmj/pro_asp_ws/ws_aruco/src/vision_opencv/vision_opencv'
[3.681s] INFO:colcon.colcon_core.shell:Skip shell extension 'powershell' for command environment: Not usable outside of PowerShell
[3.681s] DEBUG:colcon.colcon_core.shell:Skip shell extension 'dsv' for command environment
[3.688s] DEBUG:colcon.colcon_core.event_handler.log_command:Invoking command in '/home/jmj/pro_asp_ws/ws_aruco/build/multi_tracker': CMAKE_PREFIX_PATH=/home/jmj/pro_asp_ws/ws_aruco/install/cv_bridge:/home/jmj/pro_asp_ws/ws_aruco/install/aruco_interfaces:/home/jmj/pro_asp_ws/ws_aruco/install/vision_opencv:/home/jmj/pro_asp_ws/ws_aruco/install/multi_tracker:/home/jmj/pro_asp_ws/ws_aruco/install/image_geometry:/home/jmj/pro_asp_ws/ws_px4_controls/install/utilities_pkg:/home/jmj/pro_asp_ws/ws_px4_controls/install/uav_controller_pkg:/home/jmj/pro_asp_ws/ws_px4_controls/install/px4_ros_com:/home/jmj/pro_asp_ws/ws_px4_controls/install/px4_msgs:/home/jmj/pro_asp_ws/ws_aruco/install/opencv_tests:/opt/ros/humble LD_LIBRARY_PATH=/home/jmj/pro_asp_ws/ws_aruco/install/cv_bridge/lib:/home/jmj/pro_asp_ws/ws_aruco/install/aruco_interfaces/lib:/home/jmj/pro_asp_ws/ws_aruco/install/image_geometry/lib:/home/jmj/pro_asp_ws/ws_px4_controls/install/px4_ros_com/lib:/home/jmj/pro_asp_ws/ws_px4_controls/install/px4_msgs/lib:/opt/ros/humble/opt/rviz_ogre_vendor/lib:/opt/ros/humble/lib/x86_64-linux-gnu:/opt/ros/humble/lib:/usr/local/cuda/lib64 /usr/bin/cmake /home/jmj/pro_asp_ws/ws_aruco/src/multi_tracker -DCMAKE_INSTALL_PREFIX=/home/jmj/pro_asp_ws/ws_aruco/install/multi_tracker
[3.885s] INFO:colcon.colcon_core.task.python.build:Building Python package in '/home/jmj/pro_asp_ws/ws_aruco/src/vision_opencv/opencv_tests'
[3.885s] INFO:colcon.colcon_core.shell:Skip shell extension 'powershell' for command environment: Not usable outside of PowerShell
[3.885s] DEBUG:colcon.colcon_core.shell:Skip shell extension 'dsv' for command environment
[3.892s] DEBUG:colcon.colcon_core.event_handler.log_command:Invoking command in '/home/jmj/pro_asp_ws/ws_aruco/build/vision_opencv': CMAKE_PREFIX_PATH=/home/jmj/pro_asp_ws/ws_aruco/install/image_geometry:/home/jmj/pro_asp_ws/ws_aruco/install/cv_bridge:/home/jmj/pro_asp_ws/ws_aruco/install/aruco_interfaces:/home/jmj/pro_asp_ws/ws_aruco/install/vision_opencv:/home/jmj/pro_asp_ws/ws_aruco/install/multi_tracker:/home/jmj/pro_asp_ws/ws_px4_controls/install/utilities_pkg:/home/jmj/pro_asp_ws/ws_px4_controls/install/uav_controller_pkg:/home/jmj/pro_asp_ws/ws_px4_controls/install/px4_ros_com:/home/jmj/pro_asp_ws/ws_px4_controls/install/px4_msgs:/home/jmj/pro_asp_ws/ws_aruco/install/opencv_tests:/opt/ros/humble LD_LIBRARY_PATH=/home/jmj/pro_asp_ws/ws_aruco/install/image_geometry/lib:/home/jmj/pro_asp_ws/ws_aruco/install/cv_bridge/lib:/home/jmj/pro_asp_ws/ws_aruco/install/aruco_interfaces/lib:/home/jmj/pro_asp_ws/ws_px4_controls/install/px4_ros_com/lib:/home/jmj/pro_asp_ws/ws_px4_controls/install/px4_msgs/lib:/opt/ros/humble/opt/rviz_ogre_vendor/lib:/opt/ros/humble/lib/x86_64-linux-gnu:/opt/ros/humble/lib:/usr/local/cuda/lib64 /usr/bin/cmake /home/jmj/pro_asp_ws/ws_aruco/src/vision_opencv/vision_opencv -DCMAKE_INSTALL_PREFIX=/home/jmj/pro_asp_ws/ws_aruco/install/vision_opencv
[4.235s] DEBUG:colcon.colcon_core.event_handler.log_command:Invoking command in '/home/jmj/pro_asp_ws/ws_aruco/src/vision_opencv/opencv_tests': CMAKE_PREFIX_PATH=/home/jmj/pro_asp_ws/ws_aruco/install/cv_bridge:/home/jmj/pro_asp_ws/ws_aruco/install/aruco_interfaces:/home/jmj/pro_asp_ws/ws_aruco/install/vision_opencv:/home/jmj/pro_asp_ws/ws_aruco/install/multi_tracker:/home/jmj/pro_asp_ws/ws_aruco/install/image_geometry:/home/jmj/pro_asp_ws/ws_px4_controls/install/utilities_pkg:/home/jmj/pro_asp_ws/ws_px4_controls/install/uav_controller_pkg:/home/jmj/pro_asp_ws/ws_px4_controls/install/px4_ros_com:/home/jmj/pro_asp_ws/ws_px4_controls/install/px4_msgs LD_LIBRARY_PATH=/home/jmj/pro_asp_ws/ws_aruco/install/cv_bridge/lib:/home/jmj/pro_asp_ws/ws_aruco/install/aruco_interfaces/lib:/home/jmj/pro_asp_ws/ws_aruco/install/image_geometry/lib:/home/jmj/pro_asp_ws/ws_px4_controls/install/px4_ros_com/lib:/home/jmj/pro_asp_ws/ws_px4_controls/install/px4_msgs/lib:/opt/ros/humble/opt/rviz_ogre_vendor/lib:/opt/ros/humble/lib/x86_64-linux-gnu:/opt/ros/humble/lib:/usr/local/cuda/lib64 PYTHONPATH=/home/jmj/pro_asp_ws/ws_aruco/build/opencv_tests/prefix_override:/usr/lib/python3/dist-packages/colcon_core/task/python/colcon_distutils_commands:/home/jmj/pro_asp_ws/ws_aruco/install/opencv_tests/lib/python3.10/site-packages:${PYTHONPATH} /usr/bin/python3 -W ignore:setup.py install is deprecated -W ignore:easy_install command is deprecated setup.py egg_info --egg-base ../../../build/opencv_tests build --build-base /home/jmj/pro_asp_ws/ws_aruco/build/opencv_tests/build install --record /home/jmj/pro_asp_ws/ws_aruco/build/opencv_tests/install.log --single-version-externally-managed install_data
[4.345s] DEBUG:colcon.colcon_core.event_handler.log_command:Invoked command in '/home/jmj/pro_asp_ws/ws_aruco/build/vision_opencv' returned '0': CMAKE_PREFIX_PATH=/home/jmj/pro_asp_ws/ws_aruco/install/image_geometry:/home/jmj/pro_asp_ws/ws_aruco/install/cv_bridge:/home/jmj/pro_asp_ws/ws_aruco/install/aruco_interfaces:/home/jmj/pro_asp_ws/ws_aruco/install/vision_opencv:/home/jmj/pro_asp_ws/ws_aruco/install/multi_tracker:/home/jmj/pro_asp_ws/ws_px4_controls/install/utilities_pkg:/home/jmj/pro_asp_ws/ws_px4_controls/install/uav_controller_pkg:/home/jmj/pro_asp_ws/ws_px4_controls/install/px4_ros_com:/home/jmj/pro_asp_ws/ws_px4_controls/install/px4_msgs:/home/jmj/pro_asp_ws/ws_aruco/install/opencv_tests:/opt/ros/humble LD_LIBRARY_PATH=/home/jmj/pro_asp_ws/ws_aruco/install/image_geometry/lib:/home/jmj/pro_asp_ws/ws_aruco/install/cv_bridge/lib:/home/jmj/pro_asp_ws/ws_aruco/install/aruco_interfaces/lib:/home/jmj/pro_asp_ws/ws_px4_controls/install/px4_ros_com/lib:/home/jmj/pro_asp_ws/ws_px4_controls/install/px4_msgs/lib:/opt/ros/humble/opt/rviz_ogre_vendor/lib:/opt/ros/humble/lib/x86_64-linux-gnu:/opt/ros/humble/lib:/usr/local/cuda/lib64 /usr/bin/cmake /home/jmj/pro_asp_ws/ws_aruco/src/vision_opencv/vision_opencv -DCMAKE_INSTALL_PREFIX=/home/jmj/pro_asp_ws/ws_aruco/install/vision_opencv
[4.346s] DEBUG:colcon.colcon_core.event_handler.log_command:Invoking command in '/home/jmj/pro_asp_ws/ws_aruco/build/vision_opencv': CMAKE_PREFIX_PATH=/home/jmj/pro_asp_ws/ws_aruco/install/image_geometry:/home/jmj/pro_asp_ws/ws_aruco/install/cv_bridge:/home/jmj/pro_asp_ws/ws_aruco/install/aruco_interfaces:/home/jmj/pro_asp_ws/ws_aruco/install/vision_opencv:/home/jmj/pro_asp_ws/ws_aruco/install/multi_tracker:/home/jmj/pro_asp_ws/ws_px4_controls/install/utilities_pkg:/home/jmj/pro_asp_ws/ws_px4_controls/install/uav_controller_pkg:/home/jmj/pro_asp_ws/ws_px4_controls/install/px4_ros_com:/home/jmj/pro_asp_ws/ws_px4_controls/install/px4_msgs:/home/jmj/pro_asp_ws/ws_aruco/install/opencv_tests:/opt/ros/humble LD_LIBRARY_PATH=/home/jmj/pro_asp_ws/ws_aruco/install/image_geometry/lib:/home/jmj/pro_asp_ws/ws_aruco/install/cv_bridge/lib:/home/jmj/pro_asp_ws/ws_aruco/install/aruco_interfaces/lib:/home/jmj/pro_asp_ws/ws_px4_controls/install/px4_ros_com/lib:/home/jmj/pro_asp_ws/ws_px4_controls/install/px4_msgs/lib:/opt/ros/humble/opt/rviz_ogre_vendor/lib:/opt/ros/humble/lib/x86_64-linux-gnu:/opt/ros/humble/lib:/usr/local/cuda/lib64 /usr/bin/cmake --build /home/jmj/pro_asp_ws/ws_aruco/build/vision_opencv -- -j20 -l20
[4.376s] DEBUG:colcon.colcon_core.event_handler.log_command:Invoked command in '/home/jmj/pro_asp_ws/ws_aruco/build/vision_opencv' returned '0': CMAKE_PREFIX_PATH=/home/jmj/pro_asp_ws/ws_aruco/install/image_geometry:/home/jmj/pro_asp_ws/ws_aruco/install/cv_bridge:/home/jmj/pro_asp_ws/ws_aruco/install/aruco_interfaces:/home/jmj/pro_asp_ws/ws_aruco/install/vision_opencv:/home/jmj/pro_asp_ws/ws_aruco/install/multi_tracker:/home/jmj/pro_asp_ws/ws_px4_controls/install/utilities_pkg:/home/jmj/pro_asp_ws/ws_px4_controls/install/uav_controller_pkg:/home/jmj/pro_asp_ws/ws_px4_controls/install/px4_ros_com:/home/jmj/pro_asp_ws/ws_px4_controls/install/px4_msgs:/home/jmj/pro_asp_ws/ws_aruco/install/opencv_tests:/opt/ros/humble LD_LIBRARY_PATH=/home/jmj/pro_asp_ws/ws_aruco/install/image_geometry/lib:/home/jmj/pro_asp_ws/ws_aruco/install/cv_bridge/lib:/home/jmj/pro_asp_ws/ws_aruco/install/aruco_interfaces/lib:/home/jmj/pro_asp_ws/ws_px4_controls/install/px4_ros_com/lib:/home/jmj/pro_asp_ws/ws_px4_controls/install/px4_msgs/lib:/opt/ros/humble/opt/rviz_ogre_vendor/lib:/opt/ros/humble/lib/x86_64-linux-gnu:/opt/ros/humble/lib:/usr/local/cuda/lib64 /usr/bin/cmake --build /home/jmj/pro_asp_ws/ws_aruco/build/vision_opencv -- -j20 -l20
[4.377s] DEBUG:colcon.colcon_core.event_handler.log_command:Invoking command in '/home/jmj/pro_asp_ws/ws_aruco/build/vision_opencv': CMAKE_PREFIX_PATH=/home/jmj/pro_asp_ws/ws_aruco/install/image_geometry:/home/jmj/pro_asp_ws/ws_aruco/install/cv_bridge:/home/jmj/pro_asp_ws/ws_aruco/install/aruco_interfaces:/home/jmj/pro_asp_ws/ws_aruco/install/vision_opencv:/home/jmj/pro_asp_ws/ws_aruco/install/multi_tracker:/home/jmj/pro_asp_ws/ws_px4_controls/install/utilities_pkg:/home/jmj/pro_asp_ws/ws_px4_controls/install/uav_controller_pkg:/home/jmj/pro_asp_ws/ws_px4_controls/install/px4_ros_com:/home/jmj/pro_asp_ws/ws_px4_controls/install/px4_msgs:/home/jmj/pro_asp_ws/ws_aruco/install/opencv_tests:/opt/ros/humble LD_LIBRARY_PATH=/home/jmj/pro_asp_ws/ws_aruco/install/image_geometry/lib:/home/jmj/pro_asp_ws/ws_aruco/install/cv_bridge/lib:/home/jmj/pro_asp_ws/ws_aruco/install/aruco_interfaces/lib:/home/jmj/pro_asp_ws/ws_px4_controls/install/px4_ros_com/lib:/home/jmj/pro_asp_ws/ws_px4_controls/install/px4_msgs/lib:/opt/ros/humble/opt/rviz_ogre_vendor/lib:/opt/ros/humble/lib/x86_64-linux-gnu:/opt/ros/humble/lib:/usr/local/cuda/lib64 /usr/bin/cmake --install /home/jmj/pro_asp_ws/ws_aruco/build/vision_opencv
[4.386s] Level 1:colcon.colcon_core.environment:create_environment_scripts_only(vision_opencv)
[4.386s] Level 1:colcon.colcon_core.environment:checking '/home/jmj/pro_asp_ws/ws_aruco/install/vision_opencv' for CMake module files
[4.386s] DEBUG:colcon.colcon_core.event_handler.log_command:Invoked command in '/home/jmj/pro_asp_ws/ws_aruco/build/vision_opencv' returned '0': CMAKE_PREFIX_PATH=/home/jmj/pro_asp_ws/ws_aruco/install/image_geometry:/home/jmj/pro_asp_ws/ws_aruco/install/cv_bridge:/home/jmj/pro_asp_ws/ws_aruco/install/aruco_interfaces:/home/jmj/pro_asp_ws/ws_aruco/install/vision_opencv:/home/jmj/pro_asp_ws/ws_aruco/install/multi_tracker:/home/jmj/pro_asp_ws/ws_px4_controls/install/utilities_pkg:/home/jmj/pro_asp_ws/ws_px4_controls/install/uav_controller_pkg:/home/jmj/pro_asp_ws/ws_px4_controls/install/px4_ros_com:/home/jmj/pro_asp_ws/ws_px4_controls/install/px4_msgs:/home/jmj/pro_asp_ws/ws_aruco/install/opencv_tests:/opt/ros/humble LD_LIBRARY_PATH=/home/jmj/pro_asp_ws/ws_aruco/install/image_geometry/lib:/home/jmj/pro_asp_ws/ws_aruco/install/cv_bridge/lib:/home/jmj/pro_asp_ws/ws_aruco/install/aruco_interfaces/lib:/home/jmj/pro_asp_ws/ws_px4_controls/install/px4_ros_com/lib:/home/jmj/pro_asp_ws/ws_px4_controls/install/px4_msgs/lib:/opt/ros/humble/opt/rviz_ogre_vendor/lib:/opt/ros/humble/lib/x86_64-linux-gnu:/opt/ros/humble/lib:/usr/local/cuda/lib64 /usr/bin/cmake --install /home/jmj/pro_asp_ws/ws_aruco/build/vision_opencv
[4.387s] Level 1:colcon.colcon_core.environment:checking '/home/jmj/pro_asp_ws/ws_aruco/install/vision_opencv' for CMake config files
[4.387s] Level 1:colcon.colcon_core.shell:create_environment_hook('vision_opencv', 'cmake_prefix_path')
[4.387s] INFO:colcon.colcon_core.shell:Creating environment hook '/home/jmj/pro_asp_ws/ws_aruco/install/vision_opencv/share/vision_opencv/hook/cmake_prefix_path.ps1'
[4.387s] INFO:colcon.colcon_core.shell:Creating environment descriptor '/home/jmj/pro_asp_ws/ws_aruco/install/vision_opencv/share/vision_opencv/hook/cmake_prefix_path.dsv'
[4.387s] INFO:colcon.colcon_core.shell:Creating environment hook '/home/jmj/pro_asp_ws/ws_aruco/install/vision_opencv/share/vision_opencv/hook/cmake_prefix_path.sh'
[4.388s] Level 1:colcon.colcon_core.environment:checking '/home/jmj/pro_asp_ws/ws_aruco/install/vision_opencv/bin'
[4.388s] Level 1:colcon.colcon_core.environment:checking '/home/jmj/pro_asp_ws/ws_aruco/install/vision_opencv/lib/pkgconfig/vision_opencv.pc'
[4.388s] Level 1:colcon.colcon_core.environment:checking '/home/jmj/pro_asp_ws/ws_aruco/install/vision_opencv/lib/python3.10/site-packages'
[4.388s] Level 1:colcon.colcon_core.environment:checking '/home/jmj/pro_asp_ws/ws_aruco/install/vision_opencv/bin'
[4.388s] INFO:colcon.colcon_core.shell:Creating package script '/home/jmj/pro_asp_ws/ws_aruco/install/vision_opencv/share/vision_opencv/package.ps1'
[4.389s] INFO:colcon.colcon_core.shell:Creating package descriptor '/home/jmj/pro_asp_ws/ws_aruco/install/vision_opencv/share/vision_opencv/package.dsv'
[4.389s] INFO:colcon.colcon_core.shell:Creating package script '/home/jmj/pro_asp_ws/ws_aruco/install/vision_opencv/share/vision_opencv/package.sh'
[4.389s] INFO:colcon.colcon_core.shell:Creating package script '/home/jmj/pro_asp_ws/ws_aruco/install/vision_opencv/share/vision_opencv/package.bash'
[4.389s] INFO:colcon.colcon_core.shell:Creating package script '/home/jmj/pro_asp_ws/ws_aruco/install/vision_opencv/share/vision_opencv/package.zsh'
[4.390s] Level 1:colcon.colcon_core.environment:create_file_with_runtime_dependencies(/home/jmj/pro_asp_ws/ws_aruco/install/vision_opencv/share/colcon-core/packages/vision_opencv)
[4.390s] Level 1:colcon.colcon_core.environment:create_environment_scripts_only(vision_opencv)
[4.390s] Level 1:colcon.colcon_core.environment:checking '/home/jmj/pro_asp_ws/ws_aruco/install/vision_opencv' for CMake module files
[4.391s] Level 1:colcon.colcon_core.environment:checking '/home/jmj/pro_asp_ws/ws_aruco/install/vision_opencv' for CMake config files
[4.391s] Level 1:colcon.colcon_core.shell:create_environment_hook('vision_opencv', 'cmake_prefix_path')
[4.391s] INFO:colcon.colcon_core.shell:Creating environment hook '/home/jmj/pro_asp_ws/ws_aruco/install/vision_opencv/share/vision_opencv/hook/cmake_prefix_path.ps1'
[4.391s] INFO:colcon.colcon_core.shell:Creating environment descriptor '/home/jmj/pro_asp_ws/ws_aruco/install/vision_opencv/share/vision_opencv/hook/cmake_prefix_path.dsv'
[4.391s] INFO:colcon.colcon_core.shell:Creating environment hook '/home/jmj/pro_asp_ws/ws_aruco/install/vision_opencv/share/vision_opencv/hook/cmake_prefix_path.sh'
[4.392s] Level 1:colcon.colcon_core.environment:checking '/home/jmj/pro_asp_ws/ws_aruco/install/vision_opencv/bin'
[4.392s] Level 1:colcon.colcon_core.environment:checking '/home/jmj/pro_asp_ws/ws_aruco/install/vision_opencv/lib/pkgconfig/vision_opencv.pc'
[4.392s] Level 1:colcon.colcon_core.environment:checking '/home/jmj/pro_asp_ws/ws_aruco/install/vision_opencv/lib/python3.10/site-packages'
[4.392s] Level 1:colcon.colcon_core.environment:checking '/home/jmj/pro_asp_ws/ws_aruco/install/vision_opencv/bin'
[4.392s] INFO:colcon.colcon_core.shell:Creating package script '/home/jmj/pro_asp_ws/ws_aruco/install/vision_opencv/share/vision_opencv/package.ps1'
[4.393s] INFO:colcon.colcon_core.shell:Creating package descriptor '/home/jmj/pro_asp_ws/ws_aruco/install/vision_opencv/share/vision_opencv/package.dsv'
[4.393s] INFO:colcon.colcon_core.shell:Creating package script '/home/jmj/pro_asp_ws/ws_aruco/install/vision_opencv/share/vision_opencv/package.sh'
[4.393s] INFO:colcon.colcon_core.shell:Creating package script '/home/jmj/pro_asp_ws/ws_aruco/install/vision_opencv/share/vision_opencv/package.bash'
[4.393s] INFO:colcon.colcon_core.shell:Creating package script '/home/jmj/pro_asp_ws/ws_aruco/install/vision_opencv/share/vision_opencv/package.zsh'
[4.394s] Level 1:colcon.colcon_core.environment:create_file_with_runtime_dependencies(/home/jmj/pro_asp_ws/ws_aruco/install/vision_opencv/share/colcon-core/packages/vision_opencv)
[4.465s] Level 1:colcon.colcon_core.environment:checking '/home/jmj/pro_asp_ws/ws_aruco/install/opencv_tests' for CMake module files
[4.465s] DEBUG:colcon.colcon_core.event_handler.log_command:Invoked command in '/home/jmj/pro_asp_ws/ws_aruco/src/vision_opencv/opencv_tests' returned '0': CMAKE_PREFIX_PATH=/home/jmj/pro_asp_ws/ws_aruco/install/cv_bridge:/home/jmj/pro_asp_ws/ws_aruco/install/aruco_interfaces:/home/jmj/pro_asp_ws/ws_aruco/install/vision_opencv:/home/jmj/pro_asp_ws/ws_aruco/install/multi_tracker:/home/jmj/pro_asp_ws/ws_aruco/install/image_geometry:/home/jmj/pro_asp_ws/ws_px4_controls/install/utilities_pkg:/home/jmj/pro_asp_ws/ws_px4_controls/install/uav_controller_pkg:/home/jmj/pro_asp_ws/ws_px4_controls/install/px4_ros_com:/home/jmj/pro_asp_ws/ws_px4_controls/install/px4_msgs LD_LIBRARY_PATH=/home/jmj/pro_asp_ws/ws_aruco/install/cv_bridge/lib:/home/jmj/pro_asp_ws/ws_aruco/install/aruco_interfaces/lib:/home/jmj/pro_asp_ws/ws_aruco/install/image_geometry/lib:/home/jmj/pro_asp_ws/ws_px4_controls/install/px4_ros_com/lib:/home/jmj/pro_asp_ws/ws_px4_controls/install/px4_msgs/lib:/opt/ros/humble/opt/rviz_ogre_vendor/lib:/opt/ros/humble/lib/x86_64-linux-gnu:/opt/ros/humble/lib:/usr/local/cuda/lib64 PYTHONPATH=/home/jmj/pro_asp_ws/ws_aruco/build/opencv_tests/prefix_override:/usr/lib/python3/dist-packages/colcon_core/task/python/colcon_distutils_commands:/home/jmj/pro_asp_ws/ws_aruco/install/opencv_tests/lib/python3.10/site-packages:${PYTHONPATH} /usr/bin/python3 -W ignore:setup.py install is deprecated -W ignore:easy_install command is deprecated setup.py egg_info --egg-base ../../../build/opencv_tests build --build-base /home/jmj/pro_asp_ws/ws_aruco/build/opencv_tests/build install --record /home/jmj/pro_asp_ws/ws_aruco/build/opencv_tests/install.log --single-version-externally-managed install_data
[4.465s] Level 1:colcon.colcon_core.environment:checking '/home/jmj/pro_asp_ws/ws_aruco/install/opencv_tests' for CMake config files
[4.465s] Level 1:colcon.colcon_core.environment:checking '/home/jmj/pro_asp_ws/ws_aruco/install/opencv_tests/lib'
[4.465s] Level 1:colcon.colcon_core.environment:checking '/home/jmj/pro_asp_ws/ws_aruco/install/opencv_tests/bin'
[4.465s] Level 1:colcon.colcon_core.environment:checking '/home/jmj/pro_asp_ws/ws_aruco/install/opencv_tests/lib/pkgconfig/opencv_tests.pc'
[4.466s] Level 1:colcon.colcon_core.environment:checking '/home/jmj/pro_asp_ws/ws_aruco/install/opencv_tests/lib/python3.10/site-packages'
[4.466s] Level 1:colcon.colcon_core.shell:create_environment_hook('opencv_tests', 'pythonpath')
[4.466s] INFO:colcon.colcon_core.shell:Creating environment hook '/home/jmj/pro_asp_ws/ws_aruco/install/opencv_tests/share/opencv_tests/hook/pythonpath.ps1'
[4.466s] INFO:colcon.colcon_core.shell:Creating environment descriptor '/home/jmj/pro_asp_ws/ws_aruco/install/opencv_tests/share/opencv_tests/hook/pythonpath.dsv'
[4.466s] INFO:colcon.colcon_core.shell:Creating environment hook '/home/jmj/pro_asp_ws/ws_aruco/install/opencv_tests/share/opencv_tests/hook/pythonpath.sh'
[4.467s] Level 1:colcon.colcon_core.environment:checking '/home/jmj/pro_asp_ws/ws_aruco/install/opencv_tests/bin'
[4.467s] Level 1:colcon.colcon_core.environment:create_environment_scripts_only(opencv_tests)
[4.467s] INFO:colcon.colcon_core.shell:Creating package script '/home/jmj/pro_asp_ws/ws_aruco/install/opencv_tests/share/opencv_tests/package.ps1'
[4.467s] INFO:colcon.colcon_core.shell:Creating package descriptor '/home/jmj/pro_asp_ws/ws_aruco/install/opencv_tests/share/opencv_tests/package.dsv'
[4.467s] INFO:colcon.colcon_core.shell:Creating package script '/home/jmj/pro_asp_ws/ws_aruco/install/opencv_tests/share/opencv_tests/package.sh'
[4.467s] INFO:colcon.colcon_core.shell:Creating package script '/home/jmj/pro_asp_ws/ws_aruco/install/opencv_tests/share/opencv_tests/package.bash'
[4.467s] INFO:colcon.colcon_core.shell:Creating package script '/home/jmj/pro_asp_ws/ws_aruco/install/opencv_tests/share/opencv_tests/package.zsh'
[4.468s] Level 1:colcon.colcon_core.environment:create_file_with_runtime_dependencies(/home/jmj/pro_asp_ws/ws_aruco/install/opencv_tests/share/colcon-core/packages/opencv_tests)
[4.661s] DEBUG:colcon.colcon_core.event_handler.log_command:Invoked command in '/home/jmj/pro_asp_ws/ws_aruco/build/multi_tracker' returned '0': CMAKE_PREFIX_PATH=/home/jmj/pro_asp_ws/ws_aruco/install/cv_bridge:/home/jmj/pro_asp_ws/ws_aruco/install/aruco_interfaces:/home/jmj/pro_asp_ws/ws_aruco/install/vision_opencv:/home/jmj/pro_asp_ws/ws_aruco/install/multi_tracker:/home/jmj/pro_asp_ws/ws_aruco/install/image_geometry:/home/jmj/pro_asp_ws/ws_px4_controls/install/utilities_pkg:/home/jmj/pro_asp_ws/ws_px4_controls/install/uav_controller_pkg:/home/jmj/pro_asp_ws/ws_px4_controls/install/px4_ros_com:/home/jmj/pro_asp_ws/ws_px4_controls/install/px4_msgs:/home/jmj/pro_asp_ws/ws_aruco/install/opencv_tests:/opt/ros/humble LD_LIBRARY_PATH=/home/jmj/pro_asp_ws/ws_aruco/install/cv_bridge/lib:/home/jmj/pro_asp_ws/ws_aruco/install/aruco_interfaces/lib:/home/jmj/pro_asp_ws/ws_aruco/install/image_geometry/lib:/home/jmj/pro_asp_ws/ws_px4_controls/install/px4_ros_com/lib:/home/jmj/pro_asp_ws/ws_px4_controls/install/px4_msgs/lib:/opt/ros/humble/opt/rviz_ogre_vendor/lib:/opt/ros/humble/lib/x86_64-linux-gnu:/opt/ros/humble/lib:/usr/local/cuda/lib64 /usr/bin/cmake /home/jmj/pro_asp_ws/ws_aruco/src/multi_tracker -DCMAKE_INSTALL_PREFIX=/home/jmj/pro_asp_ws/ws_aruco/install/multi_tracker
[4.662s] DEBUG:colcon.colcon_core.event_handler.log_command:Invoking command in '/home/jmj/pro_asp_ws/ws_aruco/build/multi_tracker': CMAKE_PREFIX_PATH=/home/jmj/pro_asp_ws/ws_aruco/install/cv_bridge:/home/jmj/pro_asp_ws/ws_aruco/install/aruco_interfaces:/home/jmj/pro_asp_ws/ws_aruco/install/vision_opencv:/home/jmj/pro_asp_ws/ws_aruco/install/multi_tracker:/home/jmj/pro_asp_ws/ws_aruco/install/image_geometry:/home/jmj/pro_asp_ws/ws_px4_controls/install/utilities_pkg:/home/jmj/pro_asp_ws/ws_px4_controls/install/uav_controller_pkg:/home/jmj/pro_asp_ws/ws_px4_controls/install/px4_ros_com:/home/jmj/pro_asp_ws/ws_px4_controls/install/px4_msgs:/home/jmj/pro_asp_ws/ws_aruco/install/opencv_tests:/opt/ros/humble LD_LIBRARY_PATH=/home/jmj/pro_asp_ws/ws_aruco/install/cv_bridge/lib:/home/jmj/pro_asp_ws/ws_aruco/install/aruco_interfaces/lib:/home/jmj/pro_asp_ws/ws_aruco/install/image_geometry/lib:/home/jmj/pro_asp_ws/ws_px4_controls/install/px4_ros_com/lib:/home/jmj/pro_asp_ws/ws_px4_controls/install/px4_msgs/lib:/opt/ros/humble/opt/rviz_ogre_vendor/lib:/opt/ros/humble/lib/x86_64-linux-gnu:/opt/ros/humble/lib:/usr/local/cuda/lib64 /usr/bin/cmake --build /home/jmj/pro_asp_ws/ws_aruco/build/multi_tracker -- -j20 -l20
[15.072s] DEBUG:colcon.colcon_core.event_handler.log_command:Invoked command in '/home/jmj/pro_asp_ws/ws_aruco/build/multi_tracker' returned '0': CMAKE_PREFIX_PATH=/home/jmj/pro_asp_ws/ws_aruco/install/cv_bridge:/home/jmj/pro_asp_ws/ws_aruco/install/aruco_interfaces:/home/jmj/pro_asp_ws/ws_aruco/install/vision_opencv:/home/jmj/pro_asp_ws/ws_aruco/install/multi_tracker:/home/jmj/pro_asp_ws/ws_aruco/install/image_geometry:/home/jmj/pro_asp_ws/ws_px4_controls/install/utilities_pkg:/home/jmj/pro_asp_ws/ws_px4_controls/install/uav_controller_pkg:/home/jmj/pro_asp_ws/ws_px4_controls/install/px4_ros_com:/home/jmj/pro_asp_ws/ws_px4_controls/install/px4_msgs:/home/jmj/pro_asp_ws/ws_aruco/install/opencv_tests:/opt/ros/humble LD_LIBRARY_PATH=/home/jmj/pro_asp_ws/ws_aruco/install/cv_bridge/lib:/home/jmj/pro_asp_ws/ws_aruco/install/aruco_interfaces/lib:/home/jmj/pro_asp_ws/ws_aruco/install/image_geometry/lib:/home/jmj/pro_asp_ws/ws_px4_controls/install/px4_ros_com/lib:/home/jmj/pro_asp_ws/ws_px4_controls/install/px4_msgs/lib:/opt/ros/humble/opt/rviz_ogre_vendor/lib:/opt/ros/humble/lib/x86_64-linux-gnu:/opt/ros/humble/lib:/usr/local/cuda/lib64 /usr/bin/cmake --build /home/jmj/pro_asp_ws/ws_aruco/build/multi_tracker -- -j20 -l20
[15.074s] DEBUG:colcon.colcon_core.event_handler.log_command:Invoking command in '/home/jmj/pro_asp_ws/ws_aruco/build/multi_tracker': CMAKE_PREFIX_PATH=/home/jmj/pro_asp_ws/ws_aruco/install/cv_bridge:/home/jmj/pro_asp_ws/ws_aruco/install/aruco_interfaces:/home/jmj/pro_asp_ws/ws_aruco/install/vision_opencv:/home/jmj/pro_asp_ws/ws_aruco/install/multi_tracker:/home/jmj/pro_asp_ws/ws_aruco/install/image_geometry:/home/jmj/pro_asp_ws/ws_px4_controls/install/utilities_pkg:/home/jmj/pro_asp_ws/ws_px4_controls/install/uav_controller_pkg:/home/jmj/pro_asp_ws/ws_px4_controls/install/px4_ros_com:/home/jmj/pro_asp_ws/ws_px4_controls/install/px4_msgs:/home/jmj/pro_asp_ws/ws_aruco/install/opencv_tests:/opt/ros/humble LD_LIBRARY_PATH=/home/jmj/pro_asp_ws/ws_aruco/install/cv_bridge/lib:/home/jmj/pro_asp_ws/ws_aruco/install/aruco_interfaces/lib:/home/jmj/pro_asp_ws/ws_aruco/install/image_geometry/lib:/home/jmj/pro_asp_ws/ws_px4_controls/install/px4_ros_com/lib:/home/jmj/pro_asp_ws/ws_px4_controls/install/px4_msgs/lib:/opt/ros/humble/opt/rviz_ogre_vendor/lib:/opt/ros/humble/lib/x86_64-linux-gnu:/opt/ros/humble/lib:/usr/local/cuda/lib64 /usr/bin/cmake --install /home/jmj/pro_asp_ws/ws_aruco/build/multi_tracker
[15.090s] Level 1:colcon.colcon_core.environment:create_environment_scripts_only(multi_tracker)
[15.091s] Level 1:colcon.colcon_core.environment:checking '/home/jmj/pro_asp_ws/ws_aruco/install/multi_tracker' for CMake module files
[15.091s] DEBUG:colcon.colcon_core.event_handler.log_command:Invoked command in '/home/jmj/pro_asp_ws/ws_aruco/build/multi_tracker' returned '0': CMAKE_PREFIX_PATH=/home/jmj/pro_asp_ws/ws_aruco/install/cv_bridge:/home/jmj/pro_asp_ws/ws_aruco/install/aruco_interfaces:/home/jmj/pro_asp_ws/ws_aruco/install/vision_opencv:/home/jmj/pro_asp_ws/ws_aruco/install/multi_tracker:/home/jmj/pro_asp_ws/ws_aruco/install/image_geometry:/home/jmj/pro_asp_ws/ws_px4_controls/install/utilities_pkg:/home/jmj/pro_asp_ws/ws_px4_controls/install/uav_controller_pkg:/home/jmj/pro_asp_ws/ws_px4_controls/install/px4_ros_com:/home/jmj/pro_asp_ws/ws_px4_controls/install/px4_msgs:/home/jmj/pro_asp_ws/ws_aruco/install/opencv_tests:/opt/ros/humble LD_LIBRARY_PATH=/home/jmj/pro_asp_ws/ws_aruco/install/cv_bridge/lib:/home/jmj/pro_asp_ws/ws_aruco/install/aruco_interfaces/lib:/home/jmj/pro_asp_ws/ws_aruco/install/image_geometry/lib:/home/jmj/pro_asp_ws/ws_px4_controls/install/px4_ros_com/lib:/home/jmj/pro_asp_ws/ws_px4_controls/install/px4_msgs/lib:/opt/ros/humble/opt/rviz_ogre_vendor/lib:/opt/ros/humble/lib/x86_64-linux-gnu:/opt/ros/humble/lib:/usr/local/cuda/lib64 /usr/bin/cmake --install /home/jmj/pro_asp_ws/ws_aruco/build/multi_tracker
[15.092s] Level 1:colcon.colcon_core.environment:checking '/home/jmj/pro_asp_ws/ws_aruco/install/multi_tracker' for CMake config files
[15.092s] Level 1:colcon.colcon_core.shell:create_environment_hook('multi_tracker', 'cmake_prefix_path')
[15.092s] INFO:colcon.colcon_core.shell:Creating environment hook '/home/jmj/pro_asp_ws/ws_aruco/install/multi_tracker/share/multi_tracker/hook/cmake_prefix_path.ps1'
[15.093s] INFO:colcon.colcon_core.shell:Creating environment descriptor '/home/jmj/pro_asp_ws/ws_aruco/install/multi_tracker/share/multi_tracker/hook/cmake_prefix_path.dsv'
[15.093s] INFO:colcon.colcon_core.shell:Creating environment hook '/home/jmj/pro_asp_ws/ws_aruco/install/multi_tracker/share/multi_tracker/hook/cmake_prefix_path.sh'
[15.093s] Level 1:colcon.colcon_core.environment:checking '/home/jmj/pro_asp_ws/ws_aruco/install/multi_tracker/lib'
[15.093s] Level 1:colcon.colcon_core.environment:checking '/home/jmj/pro_asp_ws/ws_aruco/install/multi_tracker/bin'
[15.093s] Level 1:colcon.colcon_core.environment:checking '/home/jmj/pro_asp_ws/ws_aruco/install/multi_tracker/lib/pkgconfig/multi_tracker.pc'
[15.093s] Level 1:colcon.colcon_core.environment:checking '/home/jmj/pro_asp_ws/ws_aruco/install/multi_tracker/lib/python3.10/site-packages'
[15.093s] Level 1:colcon.colcon_core.environment:checking '/home/jmj/pro_asp_ws/ws_aruco/install/multi_tracker/bin'
[15.094s] INFO:colcon.colcon_core.shell:Creating package script '/home/jmj/pro_asp_ws/ws_aruco/install/multi_tracker/share/multi_tracker/package.ps1'
[15.094s] INFO:colcon.colcon_core.shell:Creating package descriptor '/home/jmj/pro_asp_ws/ws_aruco/install/multi_tracker/share/multi_tracker/package.dsv'
[15.094s] INFO:colcon.colcon_core.shell:Creating package script '/home/jmj/pro_asp_ws/ws_aruco/install/multi_tracker/share/multi_tracker/package.sh'
[15.094s] INFO:colcon.colcon_core.shell:Creating package script '/home/jmj/pro_asp_ws/ws_aruco/install/multi_tracker/share/multi_tracker/package.bash'
[15.095s] INFO:colcon.colcon_core.shell:Creating package script '/home/jmj/pro_asp_ws/ws_aruco/install/multi_tracker/share/multi_tracker/package.zsh'
[15.095s] Level 1:colcon.colcon_core.environment:create_file_with_runtime_dependencies(/home/jmj/pro_asp_ws/ws_aruco/install/multi_tracker/share/colcon-core/packages/multi_tracker)
[15.095s] Level 1:colcon.colcon_core.environment:create_environment_scripts_only(multi_tracker)
[15.095s] Level 1:colcon.colcon_core.environment:checking '/home/jmj/pro_asp_ws/ws_aruco/install/multi_tracker' for CMake module files
[15.095s] Level 1:colcon.colcon_core.environment:checking '/home/jmj/pro_asp_ws/ws_aruco/install/multi_tracker' for CMake config files
[15.095s] Level 1:colcon.colcon_core.shell:create_environment_hook('multi_tracker', 'cmake_prefix_path')
[15.096s] INFO:colcon.colcon_core.shell:Creating environment hook '/home/jmj/pro_asp_ws/ws_aruco/install/multi_tracker/share/multi_tracker/hook/cmake_prefix_path.ps1'
[15.096s] INFO:colcon.colcon_core.shell:Creating environment descriptor '/home/jmj/pro_asp_ws/ws_aruco/install/multi_tracker/share/multi_tracker/hook/cmake_prefix_path.dsv'
[15.096s] INFO:colcon.colcon_core.shell:Creating environment hook '/home/jmj/pro_asp_ws/ws_aruco/install/multi_tracker/share/multi_tracker/hook/cmake_prefix_path.sh'
[15.096s] Level 1:colcon.colcon_core.environment:checking '/home/jmj/pro_asp_ws/ws_aruco/install/multi_tracker/lib'
[15.096s] Level 1:colcon.colcon_core.environment:checking '/home/jmj/pro_asp_ws/ws_aruco/install/multi_tracker/bin'
[15.096s] Level 1:colcon.colcon_core.environment:checking '/home/jmj/pro_asp_ws/ws_aruco/install/multi_tracker/lib/pkgconfig/multi_tracker.pc'
[15.096s] Level 1:colcon.colcon_core.environment:checking '/home/jmj/pro_asp_ws/ws_aruco/install/multi_tracker/lib/python3.10/site-packages'
[15.096s] Level 1:colcon.colcon_core.environment:checking '/home/jmj/pro_asp_ws/ws_aruco/install/multi_tracker/bin'
[15.097s] INFO:colcon.colcon_core.shell:Creating package script '/home/jmj/pro_asp_ws/ws_aruco/install/multi_tracker/share/multi_tracker/package.ps1'
[15.097s] INFO:colcon.colcon_core.shell:Creating package descriptor '/home/jmj/pro_asp_ws/ws_aruco/install/multi_tracker/share/multi_tracker/package.dsv'
[15.097s] INFO:colcon.colcon_core.shell:Creating package script '/home/jmj/pro_asp_ws/ws_aruco/install/multi_tracker/share/multi_tracker/package.sh'
[15.097s] INFO:colcon.colcon_core.shell:Creating package script '/home/jmj/pro_asp_ws/ws_aruco/install/multi_tracker/share/multi_tracker/package.bash'
[15.098s] INFO:colcon.colcon_core.shell:Creating package script '/home/jmj/pro_asp_ws/ws_aruco/install/multi_tracker/share/multi_tracker/package.zsh'
[15.098s] Level 1:colcon.colcon_core.environment:create_file_with_runtime_dependencies(/home/jmj/pro_asp_ws/ws_aruco/install/multi_tracker/share/colcon-core/packages/multi_tracker)
[15.098s] DEBUG:colcon.colcon_parallel_executor.executor.parallel:closing loop
[15.098s] DEBUG:colcon.colcon_parallel_executor.executor.parallel:loop closed
[15.098s] DEBUG:colcon.colcon_parallel_executor.executor.parallel:run_until_complete finished with '0'
[15.098s] DEBUG:colcon.colcon_core.event_reactor:joining thread
[15.103s] INFO:colcon.colcon_core.plugin_system:Skipping extension 'colcon_notification.desktop_notification.terminal_notifier': Not used on non-Darwin systems
[15.103s] INFO:colcon.colcon_core.plugin_system:Skipping extension 'colcon_notification.desktop_notification.win32': Not used on non-Windows systems
[15.103s] INFO:colcon.colcon_notification.desktop_notification:Sending desktop notification using 'notify2'
[15.112s] DEBUG:colcon.colcon_core.event_reactor:joined thread
[15.112s] INFO:colcon.colcon_core.shell:Creating prefix script '/home/jmj/pro_asp_ws/ws_aruco/install/local_setup.ps1'
[15.113s] INFO:colcon.colcon_core.shell:Creating prefix util module '/home/jmj/pro_asp_ws/ws_aruco/install/_local_setup_util_ps1.py'
[15.114s] INFO:colcon.colcon_core.shell:Creating prefix chain script '/home/jmj/pro_asp_ws/ws_aruco/install/setup.ps1'
[15.114s] INFO:colcon.colcon_core.shell:Creating prefix script '/home/jmj/pro_asp_ws/ws_aruco/install/local_setup.sh'
[15.115s] INFO:colcon.colcon_core.shell:Creating prefix util module '/home/jmj/pro_asp_ws/ws_aruco/install/_local_setup_util_sh.py'
[15.115s] INFO:colcon.colcon_core.shell:Creating prefix chain script '/home/jmj/pro_asp_ws/ws_aruco/install/setup.sh'
[15.116s] INFO:colcon.colcon_core.shell:Creating prefix script '/home/jmj/pro_asp_ws/ws_aruco/install/local_setup.bash'
[15.116s] INFO:colcon.colcon_core.shell:Creating prefix chain script '/home/jmj/pro_asp_ws/ws_aruco/install/setup.bash'
[15.117s] INFO:colcon.colcon_core.shell:Creating prefix script '/home/jmj/pro_asp_ws/ws_aruco/install/local_setup.zsh'
[15.117s] INFO:colcon.colcon_core.shell:Creating prefix chain script '/home/jmj/pro_asp_ws/ws_aruco/install/setup.zsh'
