-- The C compiler identification is GNU 11.4.0
-- The CXX compiler identification is GNU 11.4.0
-- Detecting C compiler ABI info
-- Detecting C compiler ABI info - done
-- Check for working C compiler: /usr/lib/ccache/gcc - skipped
-- Detecting C compile features
-- Detecting C compile features - done
-- Detecting CXX compiler ABI info
-- Detecting CXX compiler ABI info - done
-- Check for working CXX compiler: /usr/lib/ccache/g++ - skipped
-- Detecting CXX compile features
-- Detecting CXX compile features - done
-- Found ament_cmake: 1.3.11 (/opt/ros/humble/share/ament_cmake/cmake)
-- Found Python3: /usr/bin/python3 (found version "3.10.12") found components: Interpreter 
-- Found rclcpp: 16.0.12 (/opt/ros/humble/share/rclcpp/cmake)
-- Found rosidl_generator_c: 3.1.6 (/opt/ros/humble/share/rosidl_generator_c/cmake)
-- Found rosidl_adapter: 3.1.6 (/opt/ros/humble/share/rosidl_adapter/cmake)
-- Found rosidl_generator_cpp: 3.1.6 (/opt/ros/humble/share/rosidl_generator_cpp/cmake)
-- Using all available rosidl_typesupport_c: rosidl_typesupport_fastrtps_c;rosidl_typesupport_introspection_c
-- Using all available rosidl_typesupport_cpp: rosidl_typesupport_fastrtps_cpp;rosidl_typesupport_introspection_cpp
-- Found rmw_implementation_cmake: 6.1.2 (/opt/ros/humble/share/rmw_implementation_cmake/cmake)
-- Found rmw_fastrtps_cpp: 6.2.7 (/opt/ros/humble/share/rmw_fastrtps_cpp/cmake)
-- Found OpenSSL: /usr/lib/x86_64-linux-gnu/libcrypto.so (found version "3.0.2")  
-- Found FastRTPS: /opt/ros/humble/include  
-- Using RMW implementation 'rmw_fastrtps_cpp' as default
-- Looking for pthread.h
-- Looking for pthread.h - found
-- Performing Test CMAKE_HAVE_LIBC_PTHREAD
-- Performing Test CMAKE_HAVE_LIBC_PTHREAD - Success
-- Found Threads: TRUE  
-- Found geometry_msgs: 4.8.0 (/opt/ros/humble/share/geometry_msgs/cmake)
-- Found visualization_msgs: 4.8.0 (/opt/ros/humble/share/visualization_msgs/cmake)
-- Found tf2: 0.25.12 (/opt/ros/humble/share/tf2/cmake)
-- Found tf2_ros: 0.25.12 (/opt/ros/humble/share/tf2_ros/cmake)
-- Found tf2_geometry_msgs: 0.25.12 (/opt/ros/humble/share/tf2_geometry_msgs/cmake)
-- Found eigen3_cmake_module: 0.1.1 (/opt/ros/humble/share/eigen3_cmake_module/cmake)
-- Found Eigen3: TRUE (found version "3.4.0") 
-- Ensuring Eigen3 include directory is part of orocos-kdl CMake target
-- Configuring done
-- Generating done
-- Build files have been written to: /home/jmj/pro_asp_ws/ws_px4_controls/build/ugv_controller
[ 33%] [32mBuilding CXX object CMakeFiles/path_follower_node.dir/src/path_follower_node.cpp.o[0m
[ 33%] [32mBuilding CXX object CMakeFiles/mission_follower_node.dir/src/mission_follower_node.cpp.o[0m
[ 50%] [32mBuilding CXX object CMakeFiles/manual_path_logger_node.dir/src/manual_path_logger_node.cpp.o[0m
[ 66%] [32m[1mLinking CXX executable manual_path_logger_node[0m
[100%] [32m[1mLinking CXX executable path_follower_node[0m
[100%] [32m[1mLinking CXX executable mission_follower_node[0m
[100%] Built target manual_path_logger_node
[100%] Built target path_follower_node
[100%] Built target mission_follower_node
-- Install configuration: ""
-- Installing: /home/jmj/pro_asp_ws/ws_px4_controls/install/ugv_controller/lib/ugv_controller/path_follower_node
-- Set runtime path of "/home/jmj/pro_asp_ws/ws_px4_controls/install/ugv_controller/lib/ugv_controller/path_follower_node" to ""
-- Installing: /home/jmj/pro_asp_ws/ws_px4_controls/install/ugv_controller/lib/ugv_controller/manual_path_logger_node
-- Set runtime path of "/home/jmj/pro_asp_ws/ws_px4_controls/install/ugv_controller/lib/ugv_controller/manual_path_logger_node" to ""
-- Installing: /home/jmj/pro_asp_ws/ws_px4_controls/install/ugv_controller/lib/ugv_controller/mission_follower_node
-- Set runtime path of "/home/jmj/pro_asp_ws/ws_px4_controls/install/ugv_controller/lib/ugv_controller/mission_follower_node" to ""
-- Installing: /home/jmj/pro_asp_ws/ws_px4_controls/install/ugv_controller/share/ugv_controller/launch
-- Installing: /home/jmj/pro_asp_ws/ws_px4_controls/install/ugv_controller/share/ugv_controller/launch/path_follower.launch.py
-- Installing: /home/jmj/pro_asp_ws/ws_px4_controls/install/ugv_controller/share/ugv_controller/mission.csv
-- Installing: /home/jmj/pro_asp_ws/ws_px4_controls/install/ugv_controller/share/ament_index/resource_index/package_run_dependencies/ugv_controller
-- Installing: /home/jmj/pro_asp_ws/ws_px4_controls/install/ugv_controller/share/ament_index/resource_index/parent_prefix_path/ugv_controller
-- Installing: /home/jmj/pro_asp_ws/ws_px4_controls/install/ugv_controller/share/ugv_controller/environment/ament_prefix_path.sh
-- Installing: /home/jmj/pro_asp_ws/ws_px4_controls/install/ugv_controller/share/ugv_controller/environment/ament_prefix_path.dsv
-- Installing: /home/jmj/pro_asp_ws/ws_px4_controls/install/ugv_controller/share/ugv_controller/environment/path.sh
-- Installing: /home/jmj/pro_asp_ws/ws_px4_controls/install/ugv_controller/share/ugv_controller/environment/path.dsv
-- Installing: /home/jmj/pro_asp_ws/ws_px4_controls/install/ugv_controller/share/ugv_controller/local_setup.bash
-- Installing: /home/jmj/pro_asp_ws/ws_px4_controls/install/ugv_controller/share/ugv_controller/local_setup.sh
-- Installing: /home/jmj/pro_asp_ws/ws_px4_controls/install/ugv_controller/share/ugv_controller/local_setup.zsh
-- Installing: /home/jmj/pro_asp_ws/ws_px4_controls/install/ugv_controller/share/ugv_controller/local_setup.dsv
-- Installing: /home/jmj/pro_asp_ws/ws_px4_controls/install/ugv_controller/share/ugv_controller/package.dsv
-- Installing: /home/jmj/pro_asp_ws/ws_px4_controls/install/ugv_controller/share/ament_index/resource_index/packages/ugv_controller
-- Installing: /home/jmj/pro_asp_ws/ws_px4_controls/install/ugv_controller/share/ugv_controller/cmake/ugv_controllerConfig.cmake
-- Installing: /home/jmj/pro_asp_ws/ws_px4_controls/install/ugv_controller/share/ugv_controller/cmake/ugv_controllerConfig-version.cmake
-- Installing: /home/jmj/pro_asp_ws/ws_px4_controls/install/ugv_controller/share/ugv_controller/package.xml
