[0.026s] Invoking command in '/home/jmj/pro_asp_ws/ws_px4_controls/build/ugv_controller': CMAKE_PREFIX_PATH=${CMAKE_PREFIX_PATH}:/home/jmj/pro_asp_ws/ws_px4_controls/install/opencv_tests:/opt/ros/humble /usr/bin/cmake /home/jmj/pro_asp_ws/ws_px4_controls/src/ugv_ws/src/ugv_controller -DCMAKE_INSTALL_PREFIX=/home/jmj/pro_asp_ws/ws_px4_controls/install/ugv_controller
[0.089s] -- The C compiler identification is GNU 11.4.0
[0.158s] -- The CXX compiler identification is GNU 11.4.0
[0.169s] -- Detecting C compiler ABI info
[0.236s] -- Detecting C compiler ABI info - done
[0.245s] -- Check for working C compiler: /usr/lib/ccache/gcc - skipped
[0.245s] -- Detecting C compile features
[0.249s] -- Detecting C compile features - done
[0.249s] -- Detecting CXX compiler ABI info
[0.343s] -- Detecting CXX compiler ABI info - done
[0.355s] -- Check for working CXX compiler: /usr/lib/ccache/g++ - skipped
[0.355s] -- Detecting CXX compile features
[0.355s] -- Detecting CXX compile features - done
[0.357s] -- Found ament_cmake: 1.3.11 (/opt/ros/humble/share/ament_cmake/cmake)
[0.551s] -- Found Python3: /usr/bin/python3 (found version "3.10.12") found components: Interpreter 
[0.696s] -- Found rclcpp: 16.0.12 (/opt/ros/humble/share/rclcpp/cmake)
[0.760s] -- Found rosidl_generator_c: 3.1.6 (/opt/ros/humble/share/rosidl_generator_c/cmake)
[0.774s] -- Found rosidl_adapter: 3.1.6 (/opt/ros/humble/share/rosidl_adapter/cmake)
[0.795s] -- Found rosidl_generator_cpp: 3.1.6 (/opt/ros/humble/share/rosidl_generator_cpp/cmake)
[0.827s] -- Using all available rosidl_typesupport_c: rosidl_typesupport_fastrtps_c;rosidl_typesupport_introspection_c
[0.861s] -- Using all available rosidl_typesupport_cpp: rosidl_typesupport_fastrtps_cpp;rosidl_typesupport_introspection_cpp
[0.962s] -- Found rmw_implementation_cmake: 6.1.2 (/opt/ros/humble/share/rmw_implementation_cmake/cmake)
[0.969s] -- Found rmw_fastrtps_cpp: 6.2.7 (/opt/ros/humble/share/rmw_fastrtps_cpp/cmake)
[1.108s] -- Found OpenSSL: /usr/lib/x86_64-linux-gnu/libcrypto.so (found version "3.0.2")  
[1.176s] -- Found FastRTPS: /opt/ros/humble/include  
[1.236s] -- Using RMW implementation 'rmw_fastrtps_cpp' as default
[1.246s] -- Looking for pthread.h
[1.363s] -- Looking for pthread.h - found
[1.367s] -- Performing Test CMAKE_HAVE_LIBC_PTHREAD
[1.452s] -- Performing Test CMAKE_HAVE_LIBC_PTHREAD - Success
[1.453s] -- Found Threads: TRUE  
[1.514s] -- Found geometry_msgs: 4.8.0 (/opt/ros/humble/share/geometry_msgs/cmake)
[1.540s] -- Found visualization_msgs: 4.8.0 (/opt/ros/humble/share/visualization_msgs/cmake)
[1.595s] -- Found tf2: 0.25.12 (/opt/ros/humble/share/tf2/cmake)
[1.617s] -- Found tf2_ros: 0.25.12 (/opt/ros/humble/share/tf2_ros/cmake)
[1.907s] -- Found tf2_geometry_msgs: 0.25.12 (/opt/ros/humble/share/tf2_geometry_msgs/cmake)
[1.943s] -- Found eigen3_cmake_module: 0.1.1 (/opt/ros/humble/share/eigen3_cmake_module/cmake)
[1.946s] -- Found Eigen3: TRUE (found version "3.4.0") 
[1.946s] -- Ensuring Eigen3 include directory is part of orocos-kdl CMake target
[1.966s] -- Configuring done
[1.970s] -- Generating done
[1.971s] -- Build files have been written to: /home/jmj/pro_asp_ws/ws_px4_controls/build/ugv_controller
[1.975s] Invoked command in '/home/jmj/pro_asp_ws/ws_px4_controls/build/ugv_controller' returned '0': CMAKE_PREFIX_PATH=${CMAKE_PREFIX_PATH}:/home/jmj/pro_asp_ws/ws_px4_controls/install/opencv_tests:/opt/ros/humble /usr/bin/cmake /home/jmj/pro_asp_ws/ws_px4_controls/src/ugv_ws/src/ugv_controller -DCMAKE_INSTALL_PREFIX=/home/jmj/pro_asp_ws/ws_px4_controls/install/ugv_controller
[1.975s] Invoking command in '/home/jmj/pro_asp_ws/ws_px4_controls/build/ugv_controller': CMAKE_PREFIX_PATH=${CMAKE_PREFIX_PATH}:/home/jmj/pro_asp_ws/ws_px4_controls/install/opencv_tests:/opt/ros/humble /usr/bin/cmake --build /home/jmj/pro_asp_ws/ws_px4_controls/build/ugv_controller -- -j20 -l20
[2.017s] [ 33%] [32mBuilding CXX object CMakeFiles/path_follower_node.dir/src/path_follower_node.cpp.o[0m
[2.017s] [ 33%] [32mBuilding CXX object CMakeFiles/mission_follower_node.dir/src/mission_follower_node.cpp.o[0m
[2.017s] [ 50%] [32mBuilding CXX object CMakeFiles/manual_path_logger_node.dir/src/manual_path_logger_node.cpp.o[0m
[2.050s] [ 66%] [32m[1mLinking CXX executable manual_path_logger_node[0m
[2.059s] [100%] [32m[1mLinking CXX executable path_follower_node[0m
[2.059s] [100%] [32m[1mLinking CXX executable mission_follower_node[0m
[2.370s] [100%] Built target manual_path_logger_node
[2.786s] [100%] Built target path_follower_node
[3.003s] [100%] Built target mission_follower_node
[3.019s] Invoked command in '/home/jmj/pro_asp_ws/ws_px4_controls/build/ugv_controller' returned '0': CMAKE_PREFIX_PATH=${CMAKE_PREFIX_PATH}:/home/jmj/pro_asp_ws/ws_px4_controls/install/opencv_tests:/opt/ros/humble /usr/bin/cmake --build /home/jmj/pro_asp_ws/ws_px4_controls/build/ugv_controller -- -j20 -l20
[3.021s] Invoking command in '/home/jmj/pro_asp_ws/ws_px4_controls/build/ugv_controller': CMAKE_PREFIX_PATH=${CMAKE_PREFIX_PATH}:/home/jmj/pro_asp_ws/ws_px4_controls/install/opencv_tests:/opt/ros/humble /usr/bin/cmake --install /home/jmj/pro_asp_ws/ws_px4_controls/build/ugv_controller
[3.030s] -- Install configuration: ""
[3.030s] -- Installing: /home/jmj/pro_asp_ws/ws_px4_controls/install/ugv_controller/lib/ugv_controller/path_follower_node
[3.034s] -- Set runtime path of "/home/jmj/pro_asp_ws/ws_px4_controls/install/ugv_controller/lib/ugv_controller/path_follower_node" to ""
[3.034s] -- Installing: /home/jmj/pro_asp_ws/ws_px4_controls/install/ugv_controller/lib/ugv_controller/manual_path_logger_node
[3.035s] -- Set runtime path of "/home/jmj/pro_asp_ws/ws_px4_controls/install/ugv_controller/lib/ugv_controller/manual_path_logger_node" to ""
[3.035s] -- Installing: /home/jmj/pro_asp_ws/ws_px4_controls/install/ugv_controller/lib/ugv_controller/mission_follower_node
[3.039s] -- Set runtime path of "/home/jmj/pro_asp_ws/ws_px4_controls/install/ugv_controller/lib/ugv_controller/mission_follower_node" to ""
[3.039s] -- Installing: /home/jmj/pro_asp_ws/ws_px4_controls/install/ugv_controller/share/ugv_controller/launch
[3.039s] -- Installing: /home/jmj/pro_asp_ws/ws_px4_controls/install/ugv_controller/share/ugv_controller/launch/path_follower.launch.py
[3.039s] -- Installing: /home/jmj/pro_asp_ws/ws_px4_controls/install/ugv_controller/share/ugv_controller/mission.csv
[3.040s] -- Installing: /home/jmj/pro_asp_ws/ws_px4_controls/install/ugv_controller/share/ament_index/resource_index/package_run_dependencies/ugv_controller
[3.040s] -- Installing: /home/jmj/pro_asp_ws/ws_px4_controls/install/ugv_controller/share/ament_index/resource_index/parent_prefix_path/ugv_controller
[3.040s] -- Installing: /home/jmj/pro_asp_ws/ws_px4_controls/install/ugv_controller/share/ugv_controller/environment/ament_prefix_path.sh
[3.040s] -- Installing: /home/jmj/pro_asp_ws/ws_px4_controls/install/ugv_controller/share/ugv_controller/environment/ament_prefix_path.dsv
[3.041s] -- Installing: /home/jmj/pro_asp_ws/ws_px4_controls/install/ugv_controller/share/ugv_controller/environment/path.sh
[3.041s] -- Installing: /home/jmj/pro_asp_ws/ws_px4_controls/install/ugv_controller/share/ugv_controller/environment/path.dsv
[3.041s] -- Installing: /home/jmj/pro_asp_ws/ws_px4_controls/install/ugv_controller/share/ugv_controller/local_setup.bash
[3.042s] -- Installing: /home/jmj/pro_asp_ws/ws_px4_controls/install/ugv_controller/share/ugv_controller/local_setup.sh
[3.042s] -- Installing: /home/jmj/pro_asp_ws/ws_px4_controls/install/ugv_controller/share/ugv_controller/local_setup.zsh
[3.042s] -- Installing: /home/jmj/pro_asp_ws/ws_px4_controls/install/ugv_controller/share/ugv_controller/local_setup.dsv
[3.042s] -- Installing: /home/jmj/pro_asp_ws/ws_px4_controls/install/ugv_controller/share/ugv_controller/package.dsv
[3.042s] -- Installing: /home/jmj/pro_asp_ws/ws_px4_controls/install/ugv_controller/share/ament_index/resource_index/packages/ugv_controller
[3.042s] -- Installing: /home/jmj/pro_asp_ws/ws_px4_controls/install/ugv_controller/share/ugv_controller/cmake/ugv_controllerConfig.cmake
[3.042s] -- Installing: /home/jmj/pro_asp_ws/ws_px4_controls/install/ugv_controller/share/ugv_controller/cmake/ugv_controllerConfig-version.cmake
[3.042s] -- Installing: /home/jmj/pro_asp_ws/ws_px4_controls/install/ugv_controller/share/ugv_controller/package.xml
[3.045s] Invoked command in '/home/jmj/pro_asp_ws/ws_px4_controls/build/ugv_controller' returned '0': CMAKE_PREFIX_PATH=${CMAKE_PREFIX_PATH}:/home/jmj/pro_asp_ws/ws_px4_controls/install/opencv_tests:/opt/ros/humble /usr/bin/cmake --install /home/jmj/pro_asp_ws/ws_px4_controls/build/ugv_controller
