[0.007s] Invoking command in '/home/acdl1/competition_ws/ws_px4_controls/build/aruco_interfaces': CMAKE_PREFIX_PATH=/opt/ros/humble /usr/bin/cmake /home/acdl1/competition_ws/ws_px4_controls/src/ws_aruco/src/aruco_interfaces -DCMAKE_INSTALL_PREFIX=/home/acdl1/competition_ws/ws_px4_controls/install/aruco_interfaces
[0.040s] -- The C compiler identification is GNU 11.4.0
[0.075s] -- The CXX compiler identification is GNU 11.4.0
[0.079s] -- Detecting C compiler ABI info
[0.120s] -- Detecting C compiler ABI info - done
[0.126s] -- Check for working C compiler: /usr/bin/cc - skipped
[0.126s] -- Detecting C compile features
[0.126s] -- Detecting C compile features - done
[0.128s] -- Detecting CXX compiler ABI info
[0.177s] -- Detecting CXX compiler ABI info - done
[0.187s] -- Check for working CXX compiler: /usr/bin/c++ - skipped
[0.188s] -- Detecting CXX compile features
[0.188s] -- Detecting CXX compile features - done
[0.190s] -- Found ament_cmake: 1.3.11 (/opt/ros/humble/share/ament_cmake/cmake)
[0.444s] -- Found Python3: /usr/bin/python3 (found version "3.10.12") found components: Interpreter 
[0.509s] -- Found std_msgs: 4.8.0 (/opt/ros/humble/share/std_msgs/cmake)
[0.535s] -- Found rosidl_generator_c: 3.1.6 (/opt/ros/humble/share/rosidl_generator_c/cmake)
[0.538s] -- Found rosidl_adapter: 3.1.6 (/opt/ros/humble/share/rosidl_adapter/cmake)
[0.543s] -- Found rosidl_generator_cpp: 3.1.6 (/opt/ros/humble/share/rosidl_generator_cpp/cmake)
[0.551s] -- Using all available rosidl_typesupport_c: rosidl_typesupport_fastrtps_c;rosidl_typesupport_introspection_c
[0.561s] -- Using all available rosidl_typesupport_cpp: rosidl_typesupport_fastrtps_cpp;rosidl_typesupport_introspection_cpp
[0.579s] -- Found geometry_msgs: 4.8.0 (/opt/ros/humble/share/geometry_msgs/cmake)
[0.588s] -- Found rosidl_default_generators: 1.2.0 (/opt/ros/humble/share/rosidl_default_generators/cmake)
[0.787s] -- Found ament_cmake_ros: 0.10.0 (/opt/ros/humble/share/ament_cmake_ros/cmake)
[1.067s] -- Using all available rosidl_typesupport_c: rosidl_typesupport_fastrtps_c;rosidl_typesupport_introspection_c
[1.177s] -- Using all available rosidl_typesupport_cpp: rosidl_typesupport_fastrtps_cpp;rosidl_typesupport_introspection_cpp
[1.192s] -- Found PythonInterp: /usr/bin/python3 (found suitable version "3.10.12", minimum required is "3.6") 
[1.193s] -- Found python_cmake_module: 0.10.0 (/opt/ros/humble/share/python_cmake_module/cmake)
[1.210s] -- Found PythonLibs: /usr/lib/x86_64-linux-gnu/libpython3.10.so (found suitable version "3.10.12", minimum required is "3.5") 
[1.210s] -- Using PYTHON_EXECUTABLE: /usr/bin/python3
[1.211s] -- Using PYTHON_INCLUDE_DIRS: /usr/include/python3.10
[1.211s] -- Using PYTHON_LIBRARIES: /usr/lib/x86_64-linux-gnu/libpython3.10.so
[1.225s] -- Found PythonExtra: .so  
[1.266s] -- Found ament_lint_auto: 0.12.12 (/opt/ros/humble/share/ament_lint_auto/cmake)
[1.276s] -- Added test 'lint_cmake' to check CMake code style
[1.276s] -- Added test 'xmllint' to check XML markup files
[1.278s] -- Configuring done
[1.300s] -- Generating done
[1.308s] -- Build files have been written to: /home/acdl1/competition_ws/ws_px4_controls/build/aruco_interfaces
[1.312s] Invoked command in '/home/acdl1/competition_ws/ws_px4_controls/build/aruco_interfaces' returned '0': CMAKE_PREFIX_PATH=/opt/ros/humble /usr/bin/cmake /home/acdl1/competition_ws/ws_px4_controls/src/ws_aruco/src/aruco_interfaces -DCMAKE_INSTALL_PREFIX=/home/acdl1/competition_ws/ws_px4_controls/install/aruco_interfaces
[1.314s] Invoking command in '/home/acdl1/competition_ws/ws_px4_controls/build/aruco_interfaces': CMAKE_PREFIX_PATH=/opt/ros/humble /usr/bin/cmake --build /home/acdl1/competition_ws/ws_px4_controls/build/aruco_interfaces -- -j16 -l16
[1.338s] [  3%] [34m[1mGenerating C code for ROS interfaces[0m
[1.344s] [  6%] [34m[1mGenerating C++ code for ROS interfaces[0m
[1.349s] [  6%] Built target ament_cmake_python_copy_aruco_interfaces
[1.506s] running egg_info
[1.520s] [  9%] [32mBuilding C object CMakeFiles/aruco_interfaces__rosidl_generator_c.dir/rosidl_generator_c/aruco_interfaces/msg/detail/marker_pose_id__functions.c.o[0m
[1.520s] [  9%] Built target aruco_interfaces__cpp
[1.520s] creating aruco_interfaces.egg-info
[1.520s] writing aruco_interfaces.egg-info/PKG-INFO
[1.520s] writing dependency_links to aruco_interfaces.egg-info/dependency_links.txt
[1.521s] writing top-level names to aruco_interfaces.egg-info/top_level.txt
[1.521s] writing manifest file 'aruco_interfaces.egg-info/SOURCES.txt'
[1.526s] [ 19%] [34m[1mGenerating C++ type support dispatch for ROS interfaces[0m
[1.526s] [ 19%] [34m[1mGenerating C++ introspection for ROS interfaces[0m
[1.526s] [ 19%] [34m[1mGenerating C++ type support for eProsima Fast-RTPS[0m
[1.552s] [ 22%] [32m[1mLinking C shared library libaruco_interfaces__rosidl_generator_c.so[0m
[1.560s] reading manifest file 'aruco_interfaces.egg-info/SOURCES.txt'
[1.561s] writing manifest file 'aruco_interfaces.egg-info/SOURCES.txt'
[1.578s] [ 22%] Built target aruco_interfaces__rosidl_generator_c
[1.585s] [ 32%] [34m[1mGenerating C introspection for ROS interfaces[0m
[1.585s] [ 32%] [34m[1mGenerating C type support dispatch for ROS interfaces[0m
[1.585s] [ 32%] [34m[1mGenerating C type support for eProsima Fast-RTPS[0m
[1.586s] [ 32%] Built target ament_cmake_python_build_aruco_interfaces_egg
[1.685s] [ 35%] [32mBuilding CXX object CMakeFiles/aruco_interfaces__rosidl_typesupport_cpp.dir/rosidl_typesupport_cpp/aruco_interfaces/msg/marker_pose_id__type_support.cpp.o[0m
[1.699s] [ 38%] [32mBuilding CXX object CMakeFiles/aruco_interfaces__rosidl_typesupport_introspection_cpp.dir/rosidl_typesupport_introspection_cpp/aruco_interfaces/msg/detail/marker_pose_id__type_support.cpp.o[0m
[1.704s] [ 41%] [32mBuilding CXX object CMakeFiles/aruco_interfaces__rosidl_typesupport_fastrtps_cpp.dir/rosidl_typesupport_fastrtps_cpp/aruco_interfaces/msg/detail/dds_fastrtps/marker_pose_id__type_support.cpp.o[0m
[1.745s] [ 45%] [32mBuilding CXX object CMakeFiles/aruco_interfaces__rosidl_typesupport_c.dir/rosidl_typesupport_c/aruco_interfaces/msg/marker_pose_id__type_support.cpp.o[0m
[1.762s] [ 48%] [32mBuilding C object CMakeFiles/aruco_interfaces__rosidl_typesupport_introspection_c.dir/rosidl_typesupport_introspection_c/aruco_interfaces/msg/detail/marker_pose_id__type_support.c.o[0m
[1.766s] [ 54%] [32m[1mLinking CXX shared library libaruco_interfaces__rosidl_typesupport_c.so[0m
[1.766s] [ 54%] [32mBuilding CXX object CMakeFiles/aruco_interfaces__rosidl_typesupport_fastrtps_c.dir/rosidl_typesupport_fastrtps_c/aruco_interfaces/msg/detail/marker_pose_id__type_support_c.cpp.o[0m
[1.786s] [ 58%] [32m[1mLinking C shared library libaruco_interfaces__rosidl_typesupport_introspection_c.so[0m
[1.794s] [ 58%] Built target aruco_interfaces__rosidl_typesupport_c
[1.807s] [ 58%] Built target aruco_interfaces__rosidl_typesupport_introspection_c
[1.874s] [ 61%] [32m[1mLinking CXX shared library libaruco_interfaces__rosidl_typesupport_cpp.so[0m
[1.902s] [ 61%] Built target aruco_interfaces__rosidl_typesupport_cpp
[1.974s] [ 64%] [32m[1mLinking CXX shared library libaruco_interfaces__rosidl_typesupport_introspection_cpp.so[0m
[1.981s] [ 67%] [32m[1mLinking CXX shared library libaruco_interfaces__rosidl_typesupport_fastrtps_cpp.so[0m
[2.005s] [ 70%] [32m[1mLinking CXX shared library libaruco_interfaces__rosidl_typesupport_fastrtps_c.so[0m
[2.019s] [ 70%] Built target aruco_interfaces__rosidl_typesupport_introspection_cpp
[2.039s] [ 70%] Built target aruco_interfaces__rosidl_typesupport_fastrtps_cpp
[2.057s] [ 70%] Built target aruco_interfaces__rosidl_typesupport_fastrtps_c
[2.069s] [ 70%] Built target aruco_interfaces
[2.081s] [ 74%] [34m[1mGenerating Python code for ROS interfaces[0m
[2.287s] [ 74%] Built target aruco_interfaces__py
[2.298s] [ 77%] [32mBuilding C object CMakeFiles/aruco_interfaces__rosidl_generator_py.dir/rosidl_generator_py/aruco_interfaces/msg/_marker_pose_id_s.c.o[0m
[2.366s] [ 80%] [32m[1mLinking C shared library rosidl_generator_py/aruco_interfaces/libaruco_interfaces__rosidl_generator_py.so[0m
[2.391s] [ 80%] Built target aruco_interfaces__rosidl_generator_py
[2.404s] [ 87%] [32mBuilding C object CMakeFiles/aruco_interfaces__rosidl_typesupport_c__pyext.dir/rosidl_generator_py/aruco_interfaces/_aruco_interfaces_s.ep.rosidl_typesupport_c.c.o[0m
[2.404s] [ 87%] [32mBuilding C object CMakeFiles/aruco_interfaces__rosidl_typesupport_introspection_c__pyext.dir/rosidl_generator_py/aruco_interfaces/_aruco_interfaces_s.ep.rosidl_typesupport_introspection_c.c.o[0m
[2.404s] [ 90%] [32mBuilding C object CMakeFiles/aruco_interfaces__rosidl_typesupport_fastrtps_c__pyext.dir/rosidl_generator_py/aruco_interfaces/_aruco_interfaces_s.ep.rosidl_typesupport_fastrtps_c.c.o[0m
[2.471s] [100%] [32m[1mLinking C shared library rosidl_generator_py/aruco_interfaces/aruco_interfaces_s__rosidl_typesupport_introspection_c.cpython-310-x86_64-linux-gnu.so[0m
[2.471s] [100%] [32m[1mLinking C shared library rosidl_generator_py/aruco_interfaces/aruco_interfaces_s__rosidl_typesupport_fastrtps_c.cpython-310-x86_64-linux-gnu.so[0m
[2.471s] [100%] [32m[1mLinking C shared library rosidl_generator_py/aruco_interfaces/aruco_interfaces_s__rosidl_typesupport_c.cpython-310-x86_64-linux-gnu.so[0m
[2.497s] [100%] Built target aruco_interfaces__rosidl_typesupport_c__pyext
[2.497s] [100%] Built target aruco_interfaces__rosidl_typesupport_introspection_c__pyext
[2.497s] [100%] Built target aruco_interfaces__rosidl_typesupport_fastrtps_c__pyext
[2.504s] Invoked command in '/home/acdl1/competition_ws/ws_px4_controls/build/aruco_interfaces' returned '0': CMAKE_PREFIX_PATH=/opt/ros/humble /usr/bin/cmake --build /home/acdl1/competition_ws/ws_px4_controls/build/aruco_interfaces -- -j16 -l16
[2.510s] Invoking command in '/home/acdl1/competition_ws/ws_px4_controls/build/aruco_interfaces': CMAKE_PREFIX_PATH=/opt/ros/humble /usr/bin/cmake --install /home/acdl1/competition_ws/ws_px4_controls/build/aruco_interfaces
[2.515s] -- Install configuration: ""
[2.515s] -- Installing: /home/acdl1/competition_ws/ws_px4_controls/install/aruco_interfaces/share/ament_index/resource_index/rosidl_interfaces/aruco_interfaces
[2.515s] -- Installing: /home/acdl1/competition_ws/ws_px4_controls/install/aruco_interfaces/include/aruco_interfaces/aruco_interfaces
[2.515s] -- Installing: /home/acdl1/competition_ws/ws_px4_controls/install/aruco_interfaces/include/aruco_interfaces/aruco_interfaces/msg
[2.515s] -- Installing: /home/acdl1/competition_ws/ws_px4_controls/install/aruco_interfaces/include/aruco_interfaces/aruco_interfaces/msg/rosidl_generator_c__visibility_control.h
[2.515s] -- Installing: /home/acdl1/competition_ws/ws_px4_controls/install/aruco_interfaces/include/aruco_interfaces/aruco_interfaces/msg/detail
[2.515s] -- Installing: /home/acdl1/competition_ws/ws_px4_controls/install/aruco_interfaces/include/aruco_interfaces/aruco_interfaces/msg/detail/marker_pose_id__functions.h
[2.515s] -- Installing: /home/acdl1/competition_ws/ws_px4_controls/install/aruco_interfaces/include/aruco_interfaces/aruco_interfaces/msg/detail/marker_pose_id__functions.c
[2.515s] -- Installing: /home/acdl1/competition_ws/ws_px4_controls/install/aruco_interfaces/include/aruco_interfaces/aruco_interfaces/msg/detail/marker_pose_id__struct.h
[2.515s] -- Installing: /home/acdl1/competition_ws/ws_px4_controls/install/aruco_interfaces/include/aruco_interfaces/aruco_interfaces/msg/detail/marker_pose_id__type_support.h
[2.515s] -- Installing: /home/acdl1/competition_ws/ws_px4_controls/install/aruco_interfaces/include/aruco_interfaces/aruco_interfaces/msg/marker_pose_id.h
[2.515s] -- Installing: /home/acdl1/competition_ws/ws_px4_controls/install/aruco_interfaces/share/aruco_interfaces/environment/library_path.sh
[2.515s] -- Installing: /home/acdl1/competition_ws/ws_px4_controls/install/aruco_interfaces/share/aruco_interfaces/environment/library_path.dsv
[2.516s] -- Installing: /home/acdl1/competition_ws/ws_px4_controls/install/aruco_interfaces/lib/libaruco_interfaces__rosidl_generator_c.so
[2.516s] -- Set runtime path of "/home/acdl1/competition_ws/ws_px4_controls/install/aruco_interfaces/lib/libaruco_interfaces__rosidl_generator_c.so" to ""
[2.516s] -- Up-to-date: /home/acdl1/competition_ws/ws_px4_controls/install/aruco_interfaces/include/aruco_interfaces/aruco_interfaces
[2.516s] -- Up-to-date: /home/acdl1/competition_ws/ws_px4_controls/install/aruco_interfaces/include/aruco_interfaces/aruco_interfaces/msg
[2.516s] -- Installing: /home/acdl1/competition_ws/ws_px4_controls/install/aruco_interfaces/include/aruco_interfaces/aruco_interfaces/msg/rosidl_typesupport_fastrtps_c__visibility_control.h
[2.516s] -- Up-to-date: /home/acdl1/competition_ws/ws_px4_controls/install/aruco_interfaces/include/aruco_interfaces/aruco_interfaces/msg/detail
[2.516s] -- Installing: /home/acdl1/competition_ws/ws_px4_controls/install/aruco_interfaces/include/aruco_interfaces/aruco_interfaces/msg/detail/marker_pose_id__rosidl_typesupport_fastrtps_c.h
[2.516s] -- Installing: /home/acdl1/competition_ws/ws_px4_controls/install/aruco_interfaces/lib/libaruco_interfaces__rosidl_typesupport_fastrtps_c.so
[2.516s] -- Set runtime path of "/home/acdl1/competition_ws/ws_px4_controls/install/aruco_interfaces/lib/libaruco_interfaces__rosidl_typesupport_fastrtps_c.so" to ""
[2.516s] -- Up-to-date: /home/acdl1/competition_ws/ws_px4_controls/install/aruco_interfaces/include/aruco_interfaces/aruco_interfaces
[2.516s] -- Up-to-date: /home/acdl1/competition_ws/ws_px4_controls/install/aruco_interfaces/include/aruco_interfaces/aruco_interfaces/msg
[2.516s] -- Installing: /home/acdl1/competition_ws/ws_px4_controls/install/aruco_interfaces/include/aruco_interfaces/aruco_interfaces/msg/rosidl_generator_cpp__visibility_control.hpp
[2.516s] -- Installing: /home/acdl1/competition_ws/ws_px4_controls/install/aruco_interfaces/include/aruco_interfaces/aruco_interfaces/msg/marker_pose_id.hpp
[2.516s] -- Up-to-date: /home/acdl1/competition_ws/ws_px4_controls/install/aruco_interfaces/include/aruco_interfaces/aruco_interfaces/msg/detail
[2.517s] -- Installing: /home/acdl1/competition_ws/ws_px4_controls/install/aruco_interfaces/include/aruco_interfaces/aruco_interfaces/msg/detail/marker_pose_id__builder.hpp
[2.517s] -- Installing: /home/acdl1/competition_ws/ws_px4_controls/install/aruco_interfaces/include/aruco_interfaces/aruco_interfaces/msg/detail/marker_pose_id__type_support.hpp
[2.517s] -- Installing: /home/acdl1/competition_ws/ws_px4_controls/install/aruco_interfaces/include/aruco_interfaces/aruco_interfaces/msg/detail/marker_pose_id__struct.hpp
[2.517s] -- Installing: /home/acdl1/competition_ws/ws_px4_controls/install/aruco_interfaces/include/aruco_interfaces/aruco_interfaces/msg/detail/marker_pose_id__traits.hpp
[2.517s] -- Up-to-date: /home/acdl1/competition_ws/ws_px4_controls/install/aruco_interfaces/include/aruco_interfaces/aruco_interfaces
[2.517s] -- Up-to-date: /home/acdl1/competition_ws/ws_px4_controls/install/aruco_interfaces/include/aruco_interfaces/aruco_interfaces/msg
[2.517s] -- Installing: /home/acdl1/competition_ws/ws_px4_controls/install/aruco_interfaces/include/aruco_interfaces/aruco_interfaces/msg/rosidl_typesupport_fastrtps_cpp__visibility_control.h
[2.517s] -- Up-to-date: /home/acdl1/competition_ws/ws_px4_controls/install/aruco_interfaces/include/aruco_interfaces/aruco_interfaces/msg/detail
[2.517s] -- Installing: /home/acdl1/competition_ws/ws_px4_controls/install/aruco_interfaces/include/aruco_interfaces/aruco_interfaces/msg/detail/dds_fastrtps
[2.517s] -- Installing: /home/acdl1/competition_ws/ws_px4_controls/install/aruco_interfaces/include/aruco_interfaces/aruco_interfaces/msg/detail/marker_pose_id__rosidl_typesupport_fastrtps_cpp.hpp
[2.517s] -- Installing: /home/acdl1/competition_ws/ws_px4_controls/install/aruco_interfaces/lib/libaruco_interfaces__rosidl_typesupport_fastrtps_cpp.so
[2.517s] -- Set runtime path of "/home/acdl1/competition_ws/ws_px4_controls/install/aruco_interfaces/lib/libaruco_interfaces__rosidl_typesupport_fastrtps_cpp.so" to ""
[2.517s] -- Up-to-date: /home/acdl1/competition_ws/ws_px4_controls/install/aruco_interfaces/include/aruco_interfaces/aruco_interfaces
[2.517s] -- Up-to-date: /home/acdl1/competition_ws/ws_px4_controls/install/aruco_interfaces/include/aruco_interfaces/aruco_interfaces/msg
[2.517s] -- Up-to-date: /home/acdl1/competition_ws/ws_px4_controls/install/aruco_interfaces/include/aruco_interfaces/aruco_interfaces/msg/detail
[2.517s] -- Installing: /home/acdl1/competition_ws/ws_px4_controls/install/aruco_interfaces/include/aruco_interfaces/aruco_interfaces/msg/detail/marker_pose_id__type_support.c
[2.517s] -- Installing: /home/acdl1/competition_ws/ws_px4_controls/install/aruco_interfaces/include/aruco_interfaces/aruco_interfaces/msg/detail/marker_pose_id__rosidl_typesupport_introspection_c.h
[2.517s] -- Installing: /home/acdl1/competition_ws/ws_px4_controls/install/aruco_interfaces/include/aruco_interfaces/aruco_interfaces/msg/rosidl_typesupport_introspection_c__visibility_control.h
[2.517s] -- Installing: /home/acdl1/competition_ws/ws_px4_controls/install/aruco_interfaces/lib/libaruco_interfaces__rosidl_typesupport_introspection_c.so
[2.518s] -- Set runtime path of "/home/acdl1/competition_ws/ws_px4_controls/install/aruco_interfaces/lib/libaruco_interfaces__rosidl_typesupport_introspection_c.so" to ""
[2.518s] -- Installing: /home/acdl1/competition_ws/ws_px4_controls/install/aruco_interfaces/lib/libaruco_interfaces__rosidl_typesupport_c.so
[2.518s] -- Set runtime path of "/home/acdl1/competition_ws/ws_px4_controls/install/aruco_interfaces/lib/libaruco_interfaces__rosidl_typesupport_c.so" to ""
[2.518s] -- Up-to-date: /home/acdl1/competition_ws/ws_px4_controls/install/aruco_interfaces/include/aruco_interfaces/aruco_interfaces
[2.518s] -- Up-to-date: /home/acdl1/competition_ws/ws_px4_controls/install/aruco_interfaces/include/aruco_interfaces/aruco_interfaces/msg
[2.518s] -- Up-to-date: /home/acdl1/competition_ws/ws_px4_controls/install/aruco_interfaces/include/aruco_interfaces/aruco_interfaces/msg/detail
[2.518s] -- Installing: /home/acdl1/competition_ws/ws_px4_controls/install/aruco_interfaces/include/aruco_interfaces/aruco_interfaces/msg/detail/marker_pose_id__type_support.cpp
[2.518s] -- Installing: /home/acdl1/competition_ws/ws_px4_controls/install/aruco_interfaces/include/aruco_interfaces/aruco_interfaces/msg/detail/marker_pose_id__rosidl_typesupport_introspection_cpp.hpp
[2.518s] -- Installing: /home/acdl1/competition_ws/ws_px4_controls/install/aruco_interfaces/lib/libaruco_interfaces__rosidl_typesupport_introspection_cpp.so
[2.518s] -- Set runtime path of "/home/acdl1/competition_ws/ws_px4_controls/install/aruco_interfaces/lib/libaruco_interfaces__rosidl_typesupport_introspection_cpp.so" to ""
[2.518s] -- Installing: /home/acdl1/competition_ws/ws_px4_controls/install/aruco_interfaces/lib/libaruco_interfaces__rosidl_typesupport_cpp.so
[2.518s] -- Set runtime path of "/home/acdl1/competition_ws/ws_px4_controls/install/aruco_interfaces/lib/libaruco_interfaces__rosidl_typesupport_cpp.so" to ""
[2.518s] -- Installing: /home/acdl1/competition_ws/ws_px4_controls/install/aruco_interfaces/share/aruco_interfaces/environment/pythonpath.sh
[2.518s] -- Installing: /home/acdl1/competition_ws/ws_px4_controls/install/aruco_interfaces/share/aruco_interfaces/environment/pythonpath.dsv
[2.519s] -- Installing: /home/acdl1/competition_ws/ws_px4_controls/install/aruco_interfaces/local/lib/python3.10/dist-packages/aruco_interfaces-0.0.0-py3.10.egg-info
[2.519s] -- Installing: /home/acdl1/competition_ws/ws_px4_controls/install/aruco_interfaces/local/lib/python3.10/dist-packages/aruco_interfaces-0.0.0-py3.10.egg-info/SOURCES.txt
[2.519s] -- Installing: /home/acdl1/competition_ws/ws_px4_controls/install/aruco_interfaces/local/lib/python3.10/dist-packages/aruco_interfaces-0.0.0-py3.10.egg-info/PKG-INFO
[2.519s] -- Installing: /home/acdl1/competition_ws/ws_px4_controls/install/aruco_interfaces/local/lib/python3.10/dist-packages/aruco_interfaces-0.0.0-py3.10.egg-info/dependency_links.txt
[2.519s] -- Installing: /home/acdl1/competition_ws/ws_px4_controls/install/aruco_interfaces/local/lib/python3.10/dist-packages/aruco_interfaces-0.0.0-py3.10.egg-info/top_level.txt
[2.519s] -- Installing: /home/acdl1/competition_ws/ws_px4_controls/install/aruco_interfaces/local/lib/python3.10/dist-packages/aruco_interfaces
[2.519s] -- Installing: /home/acdl1/competition_ws/ws_px4_controls/install/aruco_interfaces/local/lib/python3.10/dist-packages/aruco_interfaces/msg
[2.519s] -- Installing: /home/acdl1/competition_ws/ws_px4_controls/install/aruco_interfaces/local/lib/python3.10/dist-packages/aruco_interfaces/msg/_marker_pose_id.py
[2.519s] -- Installing: /home/acdl1/competition_ws/ws_px4_controls/install/aruco_interfaces/local/lib/python3.10/dist-packages/aruco_interfaces/msg/_marker_pose_id_s.c
[2.519s] -- Installing: /home/acdl1/competition_ws/ws_px4_controls/install/aruco_interfaces/local/lib/python3.10/dist-packages/aruco_interfaces/msg/__init__.py
[2.519s] -- Installing: /home/acdl1/competition_ws/ws_px4_controls/install/aruco_interfaces/local/lib/python3.10/dist-packages/aruco_interfaces/aruco_interfaces_s__rosidl_typesupport_c.cpython-310-x86_64-linux-gnu.so
[2.519s] -- Installing: /home/acdl1/competition_ws/ws_px4_controls/install/aruco_interfaces/local/lib/python3.10/dist-packages/aruco_interfaces/libaruco_interfaces__rosidl_generator_py.so
[2.519s] -- Installing: /home/acdl1/competition_ws/ws_px4_controls/install/aruco_interfaces/local/lib/python3.10/dist-packages/aruco_interfaces/aruco_interfaces_s__rosidl_typesupport_fastrtps_c.cpython-310-x86_64-linux-gnu.so
[2.519s] -- Installing: /home/acdl1/competition_ws/ws_px4_controls/install/aruco_interfaces/local/lib/python3.10/dist-packages/aruco_interfaces/_aruco_interfaces_s.ep.rosidl_typesupport_c.c
[2.519s] -- Installing: /home/acdl1/competition_ws/ws_px4_controls/install/aruco_interfaces/local/lib/python3.10/dist-packages/aruco_interfaces/aruco_interfaces_s__rosidl_typesupport_introspection_c.cpython-310-x86_64-linux-gnu.so
[2.519s] -- Installing: /home/acdl1/competition_ws/ws_px4_controls/install/aruco_interfaces/local/lib/python3.10/dist-packages/aruco_interfaces/_aruco_interfaces_s.ep.rosidl_typesupport_introspection_c.c
[2.520s] -- Installing: /home/acdl1/competition_ws/ws_px4_controls/install/aruco_interfaces/local/lib/python3.10/dist-packages/aruco_interfaces/_aruco_interfaces_s.ep.rosidl_typesupport_fastrtps_c.c
[2.520s] -- Installing: /home/acdl1/competition_ws/ws_px4_controls/install/aruco_interfaces/local/lib/python3.10/dist-packages/aruco_interfaces/__init__.py
[2.543s] Listing '/home/acdl1/competition_ws/ws_px4_controls/install/aruco_interfaces/local/lib/python3.10/dist-packages/aruco_interfaces'...
[2.543s] Compiling '/home/acdl1/competition_ws/ws_px4_controls/install/aruco_interfaces/local/lib/python3.10/dist-packages/aruco_interfaces/__init__.py'...
[2.543s] Listing '/home/acdl1/competition_ws/ws_px4_controls/install/aruco_interfaces/local/lib/python3.10/dist-packages/aruco_interfaces/msg'...
[2.543s] Compiling '/home/acdl1/competition_ws/ws_px4_controls/install/aruco_interfaces/local/lib/python3.10/dist-packages/aruco_interfaces/msg/__init__.py'...
[2.543s] Compiling '/home/acdl1/competition_ws/ws_px4_controls/install/aruco_interfaces/local/lib/python3.10/dist-packages/aruco_interfaces/msg/_marker_pose_id.py'...
[2.546s] -- Installing: /home/acdl1/competition_ws/ws_px4_controls/install/aruco_interfaces/local/lib/python3.10/dist-packages/aruco_interfaces/aruco_interfaces_s__rosidl_typesupport_fastrtps_c.cpython-310-x86_64-linux-gnu.so
[2.546s] -- Set runtime path of "/home/acdl1/competition_ws/ws_px4_controls/install/aruco_interfaces/local/lib/python3.10/dist-packages/aruco_interfaces/aruco_interfaces_s__rosidl_typesupport_fastrtps_c.cpython-310-x86_64-linux-gnu.so" to ""
[2.546s] -- Installing: /home/acdl1/competition_ws/ws_px4_controls/install/aruco_interfaces/local/lib/python3.10/dist-packages/aruco_interfaces/aruco_interfaces_s__rosidl_typesupport_introspection_c.cpython-310-x86_64-linux-gnu.so
[2.546s] -- Set runtime path of "/home/acdl1/competition_ws/ws_px4_controls/install/aruco_interfaces/local/lib/python3.10/dist-packages/aruco_interfaces/aruco_interfaces_s__rosidl_typesupport_introspection_c.cpython-310-x86_64-linux-gnu.so" to ""
[2.547s] -- Installing: /home/acdl1/competition_ws/ws_px4_controls/install/aruco_interfaces/local/lib/python3.10/dist-packages/aruco_interfaces/aruco_interfaces_s__rosidl_typesupport_c.cpython-310-x86_64-linux-gnu.so
[2.547s] -- Set runtime path of "/home/acdl1/competition_ws/ws_px4_controls/install/aruco_interfaces/local/lib/python3.10/dist-packages/aruco_interfaces/aruco_interfaces_s__rosidl_typesupport_c.cpython-310-x86_64-linux-gnu.so" to ""
[2.547s] -- Installing: /home/acdl1/competition_ws/ws_px4_controls/install/aruco_interfaces/lib/libaruco_interfaces__rosidl_generator_py.so
[2.547s] -- Set runtime path of "/home/acdl1/competition_ws/ws_px4_controls/install/aruco_interfaces/lib/libaruco_interfaces__rosidl_generator_py.so" to ""
[2.547s] -- Installing: /home/acdl1/competition_ws/ws_px4_controls/install/aruco_interfaces/share/aruco_interfaces/msg/MarkerPoseId.idl
[2.547s] -- Installing: /home/acdl1/competition_ws/ws_px4_controls/install/aruco_interfaces/share/aruco_interfaces/msg/MarkerPoseId.msg
[2.547s] -- Installing: /home/acdl1/competition_ws/ws_px4_controls/install/aruco_interfaces/share/ament_index/resource_index/package_run_dependencies/aruco_interfaces
[2.547s] -- Installing: /home/acdl1/competition_ws/ws_px4_controls/install/aruco_interfaces/share/ament_index/resource_index/parent_prefix_path/aruco_interfaces
[2.547s] -- Installing: /home/acdl1/competition_ws/ws_px4_controls/install/aruco_interfaces/share/aruco_interfaces/environment/ament_prefix_path.sh
[2.547s] -- Installing: /home/acdl1/competition_ws/ws_px4_controls/install/aruco_interfaces/share/aruco_interfaces/environment/ament_prefix_path.dsv
[2.547s] -- Installing: /home/acdl1/competition_ws/ws_px4_controls/install/aruco_interfaces/share/aruco_interfaces/environment/path.sh
[2.548s] -- Installing: /home/acdl1/competition_ws/ws_px4_controls/install/aruco_interfaces/share/aruco_interfaces/environment/path.dsv
[2.548s] -- Installing: /home/acdl1/competition_ws/ws_px4_controls/install/aruco_interfaces/share/aruco_interfaces/local_setup.bash
[2.548s] -- Installing: /home/acdl1/competition_ws/ws_px4_controls/install/aruco_interfaces/share/aruco_interfaces/local_setup.sh
[2.548s] -- Installing: /home/acdl1/competition_ws/ws_px4_controls/install/aruco_interfaces/share/aruco_interfaces/local_setup.zsh
[2.548s] -- Installing: /home/acdl1/competition_ws/ws_px4_controls/install/aruco_interfaces/share/aruco_interfaces/local_setup.dsv
[2.548s] -- Installing: /home/acdl1/competition_ws/ws_px4_controls/install/aruco_interfaces/share/aruco_interfaces/package.dsv
[2.548s] -- Installing: /home/acdl1/competition_ws/ws_px4_controls/install/aruco_interfaces/share/ament_index/resource_index/packages/aruco_interfaces
[2.548s] -- Installing: /home/acdl1/competition_ws/ws_px4_controls/install/aruco_interfaces/share/aruco_interfaces/cmake/export_aruco_interfaces__rosidl_generator_cExport.cmake
[2.548s] -- Installing: /home/acdl1/competition_ws/ws_px4_controls/install/aruco_interfaces/share/aruco_interfaces/cmake/export_aruco_interfaces__rosidl_generator_cExport-noconfig.cmake
[2.548s] -- Installing: /home/acdl1/competition_ws/ws_px4_controls/install/aruco_interfaces/share/aruco_interfaces/cmake/export_aruco_interfaces__rosidl_typesupport_fastrtps_cExport.cmake
[2.548s] -- Installing: /home/acdl1/competition_ws/ws_px4_controls/install/aruco_interfaces/share/aruco_interfaces/cmake/export_aruco_interfaces__rosidl_typesupport_fastrtps_cExport-noconfig.cmake
[2.548s] -- Installing: /home/acdl1/competition_ws/ws_px4_controls/install/aruco_interfaces/share/aruco_interfaces/cmake/export_aruco_interfaces__rosidl_generator_cppExport.cmake
[2.549s] -- Installing: /home/acdl1/competition_ws/ws_px4_controls/install/aruco_interfaces/share/aruco_interfaces/cmake/export_aruco_interfaces__rosidl_typesupport_fastrtps_cppExport.cmake
[2.549s] -- Installing: /home/acdl1/competition_ws/ws_px4_controls/install/aruco_interfaces/share/aruco_interfaces/cmake/export_aruco_interfaces__rosidl_typesupport_fastrtps_cppExport-noconfig.cmake
[2.549s] -- Installing: /home/acdl1/competition_ws/ws_px4_controls/install/aruco_interfaces/share/aruco_interfaces/cmake/aruco_interfaces__rosidl_typesupport_introspection_cExport.cmake
[2.549s] -- Installing: /home/acdl1/competition_ws/ws_px4_controls/install/aruco_interfaces/share/aruco_interfaces/cmake/aruco_interfaces__rosidl_typesupport_introspection_cExport-noconfig.cmake
[2.549s] -- Installing: /home/acdl1/competition_ws/ws_px4_controls/install/aruco_interfaces/share/aruco_interfaces/cmake/aruco_interfaces__rosidl_typesupport_cExport.cmake
[2.549s] -- Installing: /home/acdl1/competition_ws/ws_px4_controls/install/aruco_interfaces/share/aruco_interfaces/cmake/aruco_interfaces__rosidl_typesupport_cExport-noconfig.cmake
[2.549s] -- Installing: /home/acdl1/competition_ws/ws_px4_controls/install/aruco_interfaces/share/aruco_interfaces/cmake/aruco_interfaces__rosidl_typesupport_introspection_cppExport.cmake
[2.549s] -- Installing: /home/acdl1/competition_ws/ws_px4_controls/install/aruco_interfaces/share/aruco_interfaces/cmake/aruco_interfaces__rosidl_typesupport_introspection_cppExport-noconfig.cmake
[2.549s] -- Installing: /home/acdl1/competition_ws/ws_px4_controls/install/aruco_interfaces/share/aruco_interfaces/cmake/aruco_interfaces__rosidl_typesupport_cppExport.cmake
[2.549s] -- Installing: /home/acdl1/competition_ws/ws_px4_controls/install/aruco_interfaces/share/aruco_interfaces/cmake/aruco_interfaces__rosidl_typesupport_cppExport-noconfig.cmake
[2.549s] -- Installing: /home/acdl1/competition_ws/ws_px4_controls/install/aruco_interfaces/share/aruco_interfaces/cmake/export_aruco_interfaces__rosidl_generator_pyExport.cmake
[2.549s] -- Installing: /home/acdl1/competition_ws/ws_px4_controls/install/aruco_interfaces/share/aruco_interfaces/cmake/export_aruco_interfaces__rosidl_generator_pyExport-noconfig.cmake
[2.550s] -- Installing: /home/acdl1/competition_ws/ws_px4_controls/install/aruco_interfaces/share/aruco_interfaces/cmake/rosidl_cmake-extras.cmake
[2.550s] -- Installing: /home/acdl1/competition_ws/ws_px4_controls/install/aruco_interfaces/share/aruco_interfaces/cmake/ament_cmake_export_dependencies-extras.cmake
[2.550s] -- Installing: /home/acdl1/competition_ws/ws_px4_controls/install/aruco_interfaces/share/aruco_interfaces/cmake/ament_cmake_export_include_directories-extras.cmake
[2.550s] -- Installing: /home/acdl1/competition_ws/ws_px4_controls/install/aruco_interfaces/share/aruco_interfaces/cmake/ament_cmake_export_libraries-extras.cmake
[2.550s] -- Installing: /home/acdl1/competition_ws/ws_px4_controls/install/aruco_interfaces/share/aruco_interfaces/cmake/ament_cmake_export_targets-extras.cmake
[2.550s] -- Installing: /home/acdl1/competition_ws/ws_px4_controls/install/aruco_interfaces/share/aruco_interfaces/cmake/rosidl_cmake_export_typesupport_targets-extras.cmake
[2.550s] -- Installing: /home/acdl1/competition_ws/ws_px4_controls/install/aruco_interfaces/share/aruco_interfaces/cmake/rosidl_cmake_export_typesupport_libraries-extras.cmake
[2.550s] -- Installing: /home/acdl1/competition_ws/ws_px4_controls/install/aruco_interfaces/share/aruco_interfaces/cmake/aruco_interfacesConfig.cmake
[2.550s] -- Installing: /home/acdl1/competition_ws/ws_px4_controls/install/aruco_interfaces/share/aruco_interfaces/cmake/aruco_interfacesConfig-version.cmake
[2.550s] -- Installing: /home/acdl1/competition_ws/ws_px4_controls/install/aruco_interfaces/share/aruco_interfaces/package.xml
[2.552s] Invoked command in '/home/acdl1/competition_ws/ws_px4_controls/build/aruco_interfaces' returned '0': CMAKE_PREFIX_PATH=/opt/ros/humble /usr/bin/cmake --install /home/acdl1/competition_ws/ws_px4_controls/build/aruco_interfaces
