[0.086s] DEBUG:colcon:Command line arguments: ['/usr/bin/colcon', 'build', '--packages-select', 'gazebo_env_setup']
[0.086s] DEBUG:colcon:Parsed command line arguments: Namespace(log_base=None, log_level=None, verb_name='build', build_base='build', install_base='install', merge_install=False, symlink_install=False, test_result_base=None, continue_on_error=False, executor='parallel', parallel_workers=20, event_handlers=None, ignore_user_meta=False, metas=['./colcon.meta'], base_paths=['.'], packages_ignore=None, packages_ignore_regex=None, paths=None, packages_up_to=None, packages_up_to_regex=None, packages_above=None, packages_above_and_dependencies=None, packages_above_depth=None, packages_select_by_dep=None, packages_skip_by_dep=None, packages_skip_up_to=None, packages_select_build_failed=False, packages_skip_build_finished=False, packages_select_test_failures=False, packages_skip_test_passed=False, packages_select=['gazebo_env_setup'], packages_skip=None, packages_select_regex=None, packages_skip_regex=None, packages_start=None, packages_end=None, allow_overriding=[], cmake_args=None, cmake_target=None, cmake_target_skip_unavailable=False, cmake_clean_cache=False, cmake_clean_first=False, cmake_force_configure=False, ament_cmake_args=None, catkin_cmake_args=None, catkin_skip_building_tests=False, mixin_files=None, mixin=None, verb_parser=<colcon_mixin.mixin.mixin_argument.MixinArgumentDecorator object at 0x739b654ef130>, verb_extension=<colcon_core.verb.build.BuildVerb object at 0x739b6563fcd0>, main=<bound method BuildVerb.main of <colcon_core.verb.build.BuildVerb object at 0x739b6563fcd0>>, mixin_verb=('build',))
[0.207s] Level 1:colcon.colcon_core.package_discovery:discover_packages(colcon_meta) check parameters
[0.207s] Level 1:colcon.colcon_core.package_discovery:discover_packages(recursive) check parameters
[0.207s] Level 1:colcon.colcon_core.package_discovery:discover_packages(ignore) check parameters
[0.207s] Level 1:colcon.colcon_core.package_discovery:discover_packages(path) check parameters
[0.207s] Level 1:colcon.colcon_core.package_discovery:discover_packages(colcon_meta) discover
[0.207s] Level 1:colcon.colcon_core.package_discovery:discover_packages(recursive) discover
[0.207s] INFO:colcon.colcon_core.package_discovery:Crawling recursively for packages in '/home/jmj/pro_asp_ws/ws_px4_controls'
[0.207s] Level 1:colcon.colcon_core.package_identification:_identify(.) by extensions ['ignore', 'ignore_ament_install']
[0.207s] Level 1:colcon.colcon_core.package_identification:_identify(.) by extension 'ignore'
[0.207s] Level 1:colcon.colcon_core.package_identification:_identify(.) by extension 'ignore_ament_install'
[0.207s] Level 1:colcon.colcon_core.package_identification:_identify(.) by extensions ['colcon_pkg']
[0.207s] Level 1:colcon.colcon_core.package_identification:_identify(.) by extension 'colcon_pkg'
[0.207s] Level 1:colcon.colcon_core.package_identification:_identify(.) by extensions ['colcon_meta']
[0.207s] Level 1:colcon.colcon_core.package_identification:_identify(.) by extension 'colcon_meta'
[0.207s] Level 1:colcon.colcon_core.package_identification:_identify(.) by extensions ['ros']
[0.207s] Level 1:colcon.colcon_core.package_identification:_identify(.) by extension 'ros'
[0.219s] Level 1:colcon.colcon_core.package_identification:_identify(.) by extensions ['cmake', 'python']
[0.219s] Level 1:colcon.colcon_core.package_identification:_identify(.) by extension 'cmake'
[0.219s] Level 1:colcon.colcon_core.package_identification:_identify(.) by extension 'python'
[0.219s] Level 1:colcon.colcon_core.package_identification:_identify(.) by extensions ['python_setup_py']
[0.219s] Level 1:colcon.colcon_core.package_identification:_identify(.) by extension 'python_setup_py'
[0.219s] Level 1:colcon.colcon_core.package_identification:_identify(build) by extensions ['ignore', 'ignore_ament_install']
[0.219s] Level 1:colcon.colcon_core.package_identification:_identify(build) by extension 'ignore'
[0.219s] Level 1:colcon.colcon_core.package_identification:_identify(build) ignored
[0.219s] Level 1:colcon.colcon_core.package_identification:_identify(install) by extensions ['ignore', 'ignore_ament_install']
[0.220s] Level 1:colcon.colcon_core.package_identification:_identify(install) by extension 'ignore'
[0.220s] Level 1:colcon.colcon_core.package_identification:_identify(install) ignored
[0.220s] Level 1:colcon.colcon_core.package_identification:_identify(log) by extensions ['ignore', 'ignore_ament_install']
[0.220s] Level 1:colcon.colcon_core.package_identification:_identify(log) by extension 'ignore'
[0.220s] Level 1:colcon.colcon_core.package_identification:_identify(log) ignored
[0.220s] Level 1:colcon.colcon_core.package_identification:_identify(src) by extensions ['ignore', 'ignore_ament_install']
[0.220s] Level 1:colcon.colcon_core.package_identification:_identify(src) by extension 'ignore'
[0.220s] Level 1:colcon.colcon_core.package_identification:_identify(src) by extension 'ignore_ament_install'
[0.220s] Level 1:colcon.colcon_core.package_identification:_identify(src) by extensions ['colcon_pkg']
[0.220s] Level 1:colcon.colcon_core.package_identification:_identify(src) by extension 'colcon_pkg'
[0.220s] Level 1:colcon.colcon_core.package_identification:_identify(src) by extensions ['colcon_meta']
[0.220s] Level 1:colcon.colcon_core.package_identification:_identify(src) by extension 'colcon_meta'
[0.220s] Level 1:colcon.colcon_core.package_identification:_identify(src) by extensions ['ros']
[0.220s] Level 1:colcon.colcon_core.package_identification:_identify(src) by extension 'ros'
[0.220s] Level 1:colcon.colcon_core.package_identification:_identify(src) by extensions ['cmake', 'python']
[0.220s] Level 1:colcon.colcon_core.package_identification:_identify(src) by extension 'cmake'
[0.220s] Level 1:colcon.colcon_core.package_identification:_identify(src) by extension 'python'
[0.220s] Level 1:colcon.colcon_core.package_identification:_identify(src) by extensions ['python_setup_py']
[0.220s] Level 1:colcon.colcon_core.package_identification:_identify(src) by extension 'python_setup_py'
[0.220s] Level 1:colcon.colcon_core.package_identification:_identify(src/px4_msgs) by extensions ['ignore', 'ignore_ament_install']
[0.220s] Level 1:colcon.colcon_core.package_identification:_identify(src/px4_msgs) by extension 'ignore'
[0.220s] Level 1:colcon.colcon_core.package_identification:_identify(src/px4_msgs) by extension 'ignore_ament_install'
[0.220s] Level 1:colcon.colcon_core.package_identification:_identify(src/px4_msgs) by extensions ['colcon_pkg']
[0.220s] Level 1:colcon.colcon_core.package_identification:_identify(src/px4_msgs) by extension 'colcon_pkg'
[0.220s] Level 1:colcon.colcon_core.package_identification:_identify(src/px4_msgs) by extensions ['colcon_meta']
[0.220s] Level 1:colcon.colcon_core.package_identification:_identify(src/px4_msgs) by extension 'colcon_meta'
[0.220s] Level 1:colcon.colcon_core.package_identification:_identify(src/px4_msgs) by extensions ['ros']
[0.220s] Level 1:colcon.colcon_core.package_identification:_identify(src/px4_msgs) by extension 'ros'
[0.222s] DEBUG:colcon.colcon_core.package_identification:Package 'src/px4_msgs' with type 'ros.ament_cmake' and name 'px4_msgs'
[0.222s] Level 1:colcon.colcon_core.package_identification:_identify(src/px4_ros_com) by extensions ['ignore', 'ignore_ament_install']
[0.222s] Level 1:colcon.colcon_core.package_identification:_identify(src/px4_ros_com) by extension 'ignore'
[0.222s] Level 1:colcon.colcon_core.package_identification:_identify(src/px4_ros_com) by extension 'ignore_ament_install'
[0.222s] Level 1:colcon.colcon_core.package_identification:_identify(src/px4_ros_com) by extensions ['colcon_pkg']
[0.222s] Level 1:colcon.colcon_core.package_identification:_identify(src/px4_ros_com) by extension 'colcon_pkg'
[0.222s] Level 1:colcon.colcon_core.package_identification:_identify(src/px4_ros_com) by extensions ['colcon_meta']
[0.222s] Level 1:colcon.colcon_core.package_identification:_identify(src/px4_ros_com) by extension 'colcon_meta'
[0.222s] Level 1:colcon.colcon_core.package_identification:_identify(src/px4_ros_com) by extensions ['ros']
[0.222s] Level 1:colcon.colcon_core.package_identification:_identify(src/px4_ros_com) by extension 'ros'
[0.223s] DEBUG:colcon.colcon_core.package_identification:Package 'src/px4_ros_com' with type 'ros.ament_cmake' and name 'px4_ros_com'
[0.223s] Level 1:colcon.colcon_core.package_identification:_identify(src/uav_controller_pkg) by extensions ['ignore', 'ignore_ament_install']
[0.223s] Level 1:colcon.colcon_core.package_identification:_identify(src/uav_controller_pkg) by extension 'ignore'
[0.223s] Level 1:colcon.colcon_core.package_identification:_identify(src/uav_controller_pkg) by extension 'ignore_ament_install'
[0.223s] Level 1:colcon.colcon_core.package_identification:_identify(src/uav_controller_pkg) by extensions ['colcon_pkg']
[0.223s] Level 1:colcon.colcon_core.package_identification:_identify(src/uav_controller_pkg) by extension 'colcon_pkg'
[0.223s] Level 1:colcon.colcon_core.package_identification:_identify(src/uav_controller_pkg) by extensions ['colcon_meta']
[0.223s] Level 1:colcon.colcon_core.package_identification:_identify(src/uav_controller_pkg) by extension 'colcon_meta'
[0.223s] Level 1:colcon.colcon_core.package_identification:_identify(src/uav_controller_pkg) by extensions ['ros']
[0.223s] Level 1:colcon.colcon_core.package_identification:_identify(src/uav_controller_pkg) by extension 'ros'
[0.224s] DEBUG:colcon.colcon_core.package_identification:Package 'src/uav_controller_pkg' with type 'ros.ament_cmake' and name 'uav_controller_pkg'
[0.224s] Level 1:colcon.colcon_core.package_identification:_identify(src/ugv_ws) by extensions ['ignore', 'ignore_ament_install']
[0.224s] Level 1:colcon.colcon_core.package_identification:_identify(src/ugv_ws) by extension 'ignore'
[0.224s] Level 1:colcon.colcon_core.package_identification:_identify(src/ugv_ws) by extension 'ignore_ament_install'
[0.224s] Level 1:colcon.colcon_core.package_identification:_identify(src/ugv_ws) by extensions ['colcon_pkg']
[0.224s] Level 1:colcon.colcon_core.package_identification:_identify(src/ugv_ws) by extension 'colcon_pkg'
[0.224s] Level 1:colcon.colcon_core.package_identification:_identify(src/ugv_ws) by extensions ['colcon_meta']
[0.224s] Level 1:colcon.colcon_core.package_identification:_identify(src/ugv_ws) by extension 'colcon_meta'
[0.224s] Level 1:colcon.colcon_core.package_identification:_identify(src/ugv_ws) by extensions ['ros']
[0.224s] Level 1:colcon.colcon_core.package_identification:_identify(src/ugv_ws) by extension 'ros'
[0.224s] Level 1:colcon.colcon_core.package_identification:_identify(src/ugv_ws) by extensions ['cmake', 'python']
[0.224s] Level 1:colcon.colcon_core.package_identification:_identify(src/ugv_ws) by extension 'cmake'
[0.224s] Level 1:colcon.colcon_core.package_identification:_identify(src/ugv_ws) by extension 'python'
[0.224s] Level 1:colcon.colcon_core.package_identification:_identify(src/ugv_ws) by extensions ['python_setup_py']
[0.224s] Level 1:colcon.colcon_core.package_identification:_identify(src/ugv_ws) by extension 'python_setup_py'
[0.224s] Level 1:colcon.colcon_core.package_identification:_identify(src/ugv_ws/src) by extensions ['ignore', 'ignore_ament_install']
[0.224s] Level 1:colcon.colcon_core.package_identification:_identify(src/ugv_ws/src) by extension 'ignore'
[0.224s] Level 1:colcon.colcon_core.package_identification:_identify(src/ugv_ws/src) by extension 'ignore_ament_install'
[0.224s] Level 1:colcon.colcon_core.package_identification:_identify(src/ugv_ws/src) by extensions ['colcon_pkg']
[0.224s] Level 1:colcon.colcon_core.package_identification:_identify(src/ugv_ws/src) by extension 'colcon_pkg'
[0.224s] Level 1:colcon.colcon_core.package_identification:_identify(src/ugv_ws/src) by extensions ['colcon_meta']
[0.224s] Level 1:colcon.colcon_core.package_identification:_identify(src/ugv_ws/src) by extension 'colcon_meta'
[0.224s] Level 1:colcon.colcon_core.package_identification:_identify(src/ugv_ws/src) by extensions ['ros']
[0.224s] Level 1:colcon.colcon_core.package_identification:_identify(src/ugv_ws/src) by extension 'ros'
[0.225s] Level 1:colcon.colcon_core.package_identification:_identify(src/ugv_ws/src) by extensions ['cmake', 'python']
[0.225s] Level 1:colcon.colcon_core.package_identification:_identify(src/ugv_ws/src) by extension 'cmake'
[0.225s] Level 1:colcon.colcon_core.package_identification:_identify(src/ugv_ws/src) by extension 'python'
[0.225s] Level 1:colcon.colcon_core.package_identification:_identify(src/ugv_ws/src) by extensions ['python_setup_py']
[0.225s] Level 1:colcon.colcon_core.package_identification:_identify(src/ugv_ws/src) by extension 'python_setup_py'
[0.225s] Level 1:colcon.colcon_core.package_identification:_identify(src/ugv_ws/src/drone_takeoff_pub) by extensions ['ignore', 'ignore_ament_install']
[0.225s] Level 1:colcon.colcon_core.package_identification:_identify(src/ugv_ws/src/drone_takeoff_pub) by extension 'ignore'
[0.225s] Level 1:colcon.colcon_core.package_identification:_identify(src/ugv_ws/src/drone_takeoff_pub) by extension 'ignore_ament_install'
[0.225s] Level 1:colcon.colcon_core.package_identification:_identify(src/ugv_ws/src/drone_takeoff_pub) by extensions ['colcon_pkg']
[0.225s] Level 1:colcon.colcon_core.package_identification:_identify(src/ugv_ws/src/drone_takeoff_pub) by extension 'colcon_pkg'
[0.225s] Level 1:colcon.colcon_core.package_identification:_identify(src/ugv_ws/src/drone_takeoff_pub) by extensions ['colcon_meta']
[0.225s] Level 1:colcon.colcon_core.package_identification:_identify(src/ugv_ws/src/drone_takeoff_pub) by extension 'colcon_meta'
[0.225s] Level 1:colcon.colcon_core.package_identification:_identify(src/ugv_ws/src/drone_takeoff_pub) by extensions ['ros']
[0.225s] Level 1:colcon.colcon_core.package_identification:_identify(src/ugv_ws/src/drone_takeoff_pub) by extension 'ros'
[0.225s] DEBUG:colcon.colcon_core.package_identification:Package 'src/ugv_ws/src/drone_takeoff_pub' with type 'ros.ament_cmake' and name 'drone_takeoff_pub'
[0.225s] Level 1:colcon.colcon_core.package_identification:_identify(src/ugv_ws/src/gazebo_env_setup) by extensions ['ignore', 'ignore_ament_install']
[0.225s] Level 1:colcon.colcon_core.package_identification:_identify(src/ugv_ws/src/gazebo_env_setup) by extension 'ignore'
[0.225s] Level 1:colcon.colcon_core.package_identification:_identify(src/ugv_ws/src/gazebo_env_setup) by extension 'ignore_ament_install'
[0.225s] Level 1:colcon.colcon_core.package_identification:_identify(src/ugv_ws/src/gazebo_env_setup) by extensions ['colcon_pkg']
[0.225s] Level 1:colcon.colcon_core.package_identification:_identify(src/ugv_ws/src/gazebo_env_setup) by extension 'colcon_pkg'
[0.225s] Level 1:colcon.colcon_core.package_identification:_identify(src/ugv_ws/src/gazebo_env_setup) by extensions ['colcon_meta']
[0.225s] Level 1:colcon.colcon_core.package_identification:_identify(src/ugv_ws/src/gazebo_env_setup) by extension 'colcon_meta'
[0.225s] Level 1:colcon.colcon_core.package_identification:_identify(src/ugv_ws/src/gazebo_env_setup) by extensions ['ros']
[0.225s] Level 1:colcon.colcon_core.package_identification:_identify(src/ugv_ws/src/gazebo_env_setup) by extension 'ros'
[0.226s] DEBUG:colcon.colcon_core.package_identification:Package 'src/ugv_ws/src/gazebo_env_setup' with type 'ros.ament_cmake' and name 'gazebo_env_setup'
[0.226s] Level 1:colcon.colcon_core.package_identification:_identify(src/ugv_ws/src/ugv_controller) by extensions ['ignore', 'ignore_ament_install']
[0.226s] Level 1:colcon.colcon_core.package_identification:_identify(src/ugv_ws/src/ugv_controller) by extension 'ignore'
[0.226s] Level 1:colcon.colcon_core.package_identification:_identify(src/ugv_ws/src/ugv_controller) by extension 'ignore_ament_install'
[0.226s] Level 1:colcon.colcon_core.package_identification:_identify(src/ugv_ws/src/ugv_controller) by extensions ['colcon_pkg']
[0.226s] Level 1:colcon.colcon_core.package_identification:_identify(src/ugv_ws/src/ugv_controller) by extension 'colcon_pkg'
[0.226s] Level 1:colcon.colcon_core.package_identification:_identify(src/ugv_ws/src/ugv_controller) by extensions ['colcon_meta']
[0.226s] Level 1:colcon.colcon_core.package_identification:_identify(src/ugv_ws/src/ugv_controller) by extension 'colcon_meta'
[0.226s] Level 1:colcon.colcon_core.package_identification:_identify(src/ugv_ws/src/ugv_controller) by extensions ['ros']
[0.226s] Level 1:colcon.colcon_core.package_identification:_identify(src/ugv_ws/src/ugv_controller) by extension 'ros'
[0.227s] DEBUG:colcon.colcon_core.package_identification:Package 'src/ugv_ws/src/ugv_controller' with type 'ros.ament_cmake' and name 'ugv_controller'
[0.227s] Level 1:colcon.colcon_core.package_identification:_identify(src/utilities_pkg) by extensions ['ignore', 'ignore_ament_install']
[0.227s] Level 1:colcon.colcon_core.package_identification:_identify(src/utilities_pkg) by extension 'ignore'
[0.227s] Level 1:colcon.colcon_core.package_identification:_identify(src/utilities_pkg) by extension 'ignore_ament_install'
[0.227s] Level 1:colcon.colcon_core.package_identification:_identify(src/utilities_pkg) by extensions ['colcon_pkg']
[0.227s] Level 1:colcon.colcon_core.package_identification:_identify(src/utilities_pkg) by extension 'colcon_pkg'
[0.227s] Level 1:colcon.colcon_core.package_identification:_identify(src/utilities_pkg) by extensions ['colcon_meta']
[0.227s] Level 1:colcon.colcon_core.package_identification:_identify(src/utilities_pkg) by extension 'colcon_meta'
[0.227s] Level 1:colcon.colcon_core.package_identification:_identify(src/utilities_pkg) by extensions ['ros']
[0.227s] Level 1:colcon.colcon_core.package_identification:_identify(src/utilities_pkg) by extension 'ros'
[0.227s] DEBUG:colcon.colcon_core.package_identification:Package 'src/utilities_pkg' with type 'ros.ament_cmake' and name 'utilities_pkg'
[0.227s] Level 1:colcon.colcon_core.package_identification:_identify(src/ws_aruco) by extensions ['ignore', 'ignore_ament_install']
[0.227s] Level 1:colcon.colcon_core.package_identification:_identify(src/ws_aruco) by extension 'ignore'
[0.227s] Level 1:colcon.colcon_core.package_identification:_identify(src/ws_aruco) by extension 'ignore_ament_install'
[0.227s] Level 1:colcon.colcon_core.package_identification:_identify(src/ws_aruco) by extensions ['colcon_pkg']
[0.227s] Level 1:colcon.colcon_core.package_identification:_identify(src/ws_aruco) by extension 'colcon_pkg'
[0.227s] Level 1:colcon.colcon_core.package_identification:_identify(src/ws_aruco) by extensions ['colcon_meta']
[0.227s] Level 1:colcon.colcon_core.package_identification:_identify(src/ws_aruco) by extension 'colcon_meta'
[0.228s] Level 1:colcon.colcon_core.package_identification:_identify(src/ws_aruco) by extensions ['ros']
[0.228s] Level 1:colcon.colcon_core.package_identification:_identify(src/ws_aruco) by extension 'ros'
[0.228s] Level 1:colcon.colcon_core.package_identification:_identify(src/ws_aruco) by extensions ['cmake', 'python']
[0.228s] Level 1:colcon.colcon_core.package_identification:_identify(src/ws_aruco) by extension 'cmake'
[0.228s] Level 1:colcon.colcon_core.package_identification:_identify(src/ws_aruco) by extension 'python'
[0.228s] Level 1:colcon.colcon_core.package_identification:_identify(src/ws_aruco) by extensions ['python_setup_py']
[0.228s] Level 1:colcon.colcon_core.package_identification:_identify(src/ws_aruco) by extension 'python_setup_py'
[0.228s] Level 1:colcon.colcon_core.package_identification:_identify(src/ws_aruco/build) by extensions ['ignore', 'ignore_ament_install']
[0.228s] Level 1:colcon.colcon_core.package_identification:_identify(src/ws_aruco/build) by extension 'ignore'
[0.228s] Level 1:colcon.colcon_core.package_identification:_identify(src/ws_aruco/build) ignored
[0.228s] Level 1:colcon.colcon_core.package_identification:_identify(src/ws_aruco/install) by extensions ['ignore', 'ignore_ament_install']
[0.228s] Level 1:colcon.colcon_core.package_identification:_identify(src/ws_aruco/install) by extension 'ignore'
[0.228s] Level 1:colcon.colcon_core.package_identification:_identify(src/ws_aruco/install) ignored
[0.228s] Level 1:colcon.colcon_core.package_identification:_identify(src/ws_aruco/log) by extensions ['ignore', 'ignore_ament_install']
[0.228s] Level 1:colcon.colcon_core.package_identification:_identify(src/ws_aruco/log) by extension 'ignore'
[0.228s] Level 1:colcon.colcon_core.package_identification:_identify(src/ws_aruco/log) ignored
[0.228s] Level 1:colcon.colcon_core.package_identification:_identify(src/ws_aruco/src) by extensions ['ignore', 'ignore_ament_install']
[0.228s] Level 1:colcon.colcon_core.package_identification:_identify(src/ws_aruco/src) by extension 'ignore'
[0.228s] Level 1:colcon.colcon_core.package_identification:_identify(src/ws_aruco/src) by extension 'ignore_ament_install'
[0.228s] Level 1:colcon.colcon_core.package_identification:_identify(src/ws_aruco/src) by extensions ['colcon_pkg']
[0.228s] Level 1:colcon.colcon_core.package_identification:_identify(src/ws_aruco/src) by extension 'colcon_pkg'
[0.228s] Level 1:colcon.colcon_core.package_identification:_identify(src/ws_aruco/src) by extensions ['colcon_meta']
[0.228s] Level 1:colcon.colcon_core.package_identification:_identify(src/ws_aruco/src) by extension 'colcon_meta'
[0.228s] Level 1:colcon.colcon_core.package_identification:_identify(src/ws_aruco/src) by extensions ['ros']
[0.228s] Level 1:colcon.colcon_core.package_identification:_identify(src/ws_aruco/src) by extension 'ros'
[0.228s] Level 1:colcon.colcon_core.package_identification:_identify(src/ws_aruco/src) by extensions ['cmake', 'python']
[0.228s] Level 1:colcon.colcon_core.package_identification:_identify(src/ws_aruco/src) by extension 'cmake'
[0.228s] Level 1:colcon.colcon_core.package_identification:_identify(src/ws_aruco/src) by extension 'python'
[0.228s] Level 1:colcon.colcon_core.package_identification:_identify(src/ws_aruco/src) by extensions ['python_setup_py']
[0.228s] Level 1:colcon.colcon_core.package_identification:_identify(src/ws_aruco/src) by extension 'python_setup_py'
[0.228s] Level 1:colcon.colcon_core.package_identification:_identify(src/ws_aruco/src/aruco_interfaces) by extensions ['ignore', 'ignore_ament_install']
[0.228s] Level 1:colcon.colcon_core.package_identification:_identify(src/ws_aruco/src/aruco_interfaces) by extension 'ignore'
[0.228s] Level 1:colcon.colcon_core.package_identification:_identify(src/ws_aruco/src/aruco_interfaces) by extension 'ignore_ament_install'
[0.228s] Level 1:colcon.colcon_core.package_identification:_identify(src/ws_aruco/src/aruco_interfaces) by extensions ['colcon_pkg']
[0.228s] Level 1:colcon.colcon_core.package_identification:_identify(src/ws_aruco/src/aruco_interfaces) by extension 'colcon_pkg'
[0.228s] Level 1:colcon.colcon_core.package_identification:_identify(src/ws_aruco/src/aruco_interfaces) by extensions ['colcon_meta']
[0.228s] Level 1:colcon.colcon_core.package_identification:_identify(src/ws_aruco/src/aruco_interfaces) by extension 'colcon_meta'
[0.228s] Level 1:colcon.colcon_core.package_identification:_identify(src/ws_aruco/src/aruco_interfaces) by extensions ['ros']
[0.228s] Level 1:colcon.colcon_core.package_identification:_identify(src/ws_aruco/src/aruco_interfaces) by extension 'ros'
[0.229s] DEBUG:colcon.colcon_core.package_identification:Package 'src/ws_aruco/src/aruco_interfaces' with type 'ros.ament_cmake' and name 'aruco_interfaces'
[0.229s] Level 1:colcon.colcon_core.package_identification:_identify(src/ws_aruco/src/multi_tracker) by extensions ['ignore', 'ignore_ament_install']
[0.229s] Level 1:colcon.colcon_core.package_identification:_identify(src/ws_aruco/src/multi_tracker) by extension 'ignore'
[0.229s] Level 1:colcon.colcon_core.package_identification:_identify(src/ws_aruco/src/multi_tracker) by extension 'ignore_ament_install'
[0.229s] Level 1:colcon.colcon_core.package_identification:_identify(src/ws_aruco/src/multi_tracker) by extensions ['colcon_pkg']
[0.229s] Level 1:colcon.colcon_core.package_identification:_identify(src/ws_aruco/src/multi_tracker) by extension 'colcon_pkg'
[0.229s] Level 1:colcon.colcon_core.package_identification:_identify(src/ws_aruco/src/multi_tracker) by extensions ['colcon_meta']
[0.229s] Level 1:colcon.colcon_core.package_identification:_identify(src/ws_aruco/src/multi_tracker) by extension 'colcon_meta'
[0.229s] Level 1:colcon.colcon_core.package_identification:_identify(src/ws_aruco/src/multi_tracker) by extensions ['ros']
[0.229s] Level 1:colcon.colcon_core.package_identification:_identify(src/ws_aruco/src/multi_tracker) by extension 'ros'
[0.230s] DEBUG:colcon.colcon_core.package_identification:Package 'src/ws_aruco/src/multi_tracker' with type 'ros.ament_cmake' and name 'multi_tracker'
[0.230s] Level 1:colcon.colcon_core.package_identification:_identify(src/ws_aruco/src/vision_opencv) by extensions ['ignore', 'ignore_ament_install']
[0.230s] Level 1:colcon.colcon_core.package_identification:_identify(src/ws_aruco/src/vision_opencv) by extension 'ignore'
[0.230s] Level 1:colcon.colcon_core.package_identification:_identify(src/ws_aruco/src/vision_opencv) by extension 'ignore_ament_install'
[0.230s] Level 1:colcon.colcon_core.package_identification:_identify(src/ws_aruco/src/vision_opencv) by extensions ['colcon_pkg']
[0.230s] Level 1:colcon.colcon_core.package_identification:_identify(src/ws_aruco/src/vision_opencv) by extension 'colcon_pkg'
[0.230s] Level 1:colcon.colcon_core.package_identification:_identify(src/ws_aruco/src/vision_opencv) by extensions ['colcon_meta']
[0.230s] Level 1:colcon.colcon_core.package_identification:_identify(src/ws_aruco/src/vision_opencv) by extension 'colcon_meta'
[0.230s] Level 1:colcon.colcon_core.package_identification:_identify(src/ws_aruco/src/vision_opencv) by extensions ['ros']
[0.230s] Level 1:colcon.colcon_core.package_identification:_identify(src/ws_aruco/src/vision_opencv) by extension 'ros'
[0.230s] Level 1:colcon.colcon_core.package_identification:_identify(src/ws_aruco/src/vision_opencv) by extensions ['cmake', 'python']
[0.230s] Level 1:colcon.colcon_core.package_identification:_identify(src/ws_aruco/src/vision_opencv) by extension 'cmake'
[0.230s] Level 1:colcon.colcon_core.package_identification:_identify(src/ws_aruco/src/vision_opencv) by extension 'python'
[0.230s] Level 1:colcon.colcon_core.package_identification:_identify(src/ws_aruco/src/vision_opencv) by extensions ['python_setup_py']
[0.230s] Level 1:colcon.colcon_core.package_identification:_identify(src/ws_aruco/src/vision_opencv) by extension 'python_setup_py'
[0.230s] Level 1:colcon.colcon_core.package_identification:_identify(src/ws_aruco/src/vision_opencv/cv_bridge) by extensions ['ignore', 'ignore_ament_install']
[0.230s] Level 1:colcon.colcon_core.package_identification:_identify(src/ws_aruco/src/vision_opencv/cv_bridge) by extension 'ignore'
[0.230s] Level 1:colcon.colcon_core.package_identification:_identify(src/ws_aruco/src/vision_opencv/cv_bridge) by extension 'ignore_ament_install'
[0.230s] Level 1:colcon.colcon_core.package_identification:_identify(src/ws_aruco/src/vision_opencv/cv_bridge) by extensions ['colcon_pkg']
[0.230s] Level 1:colcon.colcon_core.package_identification:_identify(src/ws_aruco/src/vision_opencv/cv_bridge) by extension 'colcon_pkg'
[0.230s] Level 1:colcon.colcon_core.package_identification:_identify(src/ws_aruco/src/vision_opencv/cv_bridge) by extensions ['colcon_meta']
[0.230s] Level 1:colcon.colcon_core.package_identification:_identify(src/ws_aruco/src/vision_opencv/cv_bridge) by extension 'colcon_meta'
[0.230s] Level 1:colcon.colcon_core.package_identification:_identify(src/ws_aruco/src/vision_opencv/cv_bridge) by extensions ['ros']
[0.230s] Level 1:colcon.colcon_core.package_identification:_identify(src/ws_aruco/src/vision_opencv/cv_bridge) by extension 'ros'
[0.231s] DEBUG:colcon.colcon_core.package_identification:Package 'src/ws_aruco/src/vision_opencv/cv_bridge' with type 'ros.ament_cmake' and name 'cv_bridge'
[0.231s] Level 1:colcon.colcon_core.package_identification:_identify(src/ws_aruco/src/vision_opencv/image_geometry) by extensions ['ignore', 'ignore_ament_install']
[0.231s] Level 1:colcon.colcon_core.package_identification:_identify(src/ws_aruco/src/vision_opencv/image_geometry) by extension 'ignore'
[0.231s] Level 1:colcon.colcon_core.package_identification:_identify(src/ws_aruco/src/vision_opencv/image_geometry) by extension 'ignore_ament_install'
[0.231s] Level 1:colcon.colcon_core.package_identification:_identify(src/ws_aruco/src/vision_opencv/image_geometry) by extensions ['colcon_pkg']
[0.231s] Level 1:colcon.colcon_core.package_identification:_identify(src/ws_aruco/src/vision_opencv/image_geometry) by extension 'colcon_pkg'
[0.231s] Level 1:colcon.colcon_core.package_identification:_identify(src/ws_aruco/src/vision_opencv/image_geometry) by extensions ['colcon_meta']
[0.231s] Level 1:colcon.colcon_core.package_identification:_identify(src/ws_aruco/src/vision_opencv/image_geometry) by extension 'colcon_meta'
[0.231s] Level 1:colcon.colcon_core.package_identification:_identify(src/ws_aruco/src/vision_opencv/image_geometry) by extensions ['ros']
[0.231s] Level 1:colcon.colcon_core.package_identification:_identify(src/ws_aruco/src/vision_opencv/image_geometry) by extension 'ros'
[0.232s] DEBUG:colcon.colcon_core.package_identification:Package 'src/ws_aruco/src/vision_opencv/image_geometry' with type 'ros.ament_cmake' and name 'image_geometry'
[0.232s] Level 1:colcon.colcon_core.package_identification:_identify(src/ws_aruco/src/vision_opencv/opencv_tests) by extensions ['ignore', 'ignore_ament_install']
[0.232s] Level 1:colcon.colcon_core.package_identification:_identify(src/ws_aruco/src/vision_opencv/opencv_tests) by extension 'ignore'
[0.232s] Level 1:colcon.colcon_core.package_identification:_identify(src/ws_aruco/src/vision_opencv/opencv_tests) by extension 'ignore_ament_install'
[0.232s] Level 1:colcon.colcon_core.package_identification:_identify(src/ws_aruco/src/vision_opencv/opencv_tests) by extensions ['colcon_pkg']
[0.232s] Level 1:colcon.colcon_core.package_identification:_identify(src/ws_aruco/src/vision_opencv/opencv_tests) by extension 'colcon_pkg'
[0.232s] Level 1:colcon.colcon_core.package_identification:_identify(src/ws_aruco/src/vision_opencv/opencv_tests) by extensions ['colcon_meta']
[0.232s] Level 1:colcon.colcon_core.package_identification:_identify(src/ws_aruco/src/vision_opencv/opencv_tests) by extension 'colcon_meta'
[0.232s] Level 1:colcon.colcon_core.package_identification:_identify(src/ws_aruco/src/vision_opencv/opencv_tests) by extensions ['ros']
[0.232s] Level 1:colcon.colcon_core.package_identification:_identify(src/ws_aruco/src/vision_opencv/opencv_tests) by extension 'ros'
[0.232s] DEBUG:colcon.colcon_core.package_identification:Package 'src/ws_aruco/src/vision_opencv/opencv_tests' with type 'ros.ament_python' and name 'opencv_tests'
[0.232s] Level 1:colcon.colcon_core.package_identification:_identify(src/ws_aruco/src/vision_opencv/vision_opencv) by extensions ['ignore', 'ignore_ament_install']
[0.232s] Level 1:colcon.colcon_core.package_identification:_identify(src/ws_aruco/src/vision_opencv/vision_opencv) by extension 'ignore'
[0.232s] Level 1:colcon.colcon_core.package_identification:_identify(src/ws_aruco/src/vision_opencv/vision_opencv) by extension 'ignore_ament_install'
[0.232s] Level 1:colcon.colcon_core.package_identification:_identify(src/ws_aruco/src/vision_opencv/vision_opencv) by extensions ['colcon_pkg']
[0.232s] Level 1:colcon.colcon_core.package_identification:_identify(src/ws_aruco/src/vision_opencv/vision_opencv) by extension 'colcon_pkg'
[0.232s] Level 1:colcon.colcon_core.package_identification:_identify(src/ws_aruco/src/vision_opencv/vision_opencv) by extensions ['colcon_meta']
[0.232s] Level 1:colcon.colcon_core.package_identification:_identify(src/ws_aruco/src/vision_opencv/vision_opencv) by extension 'colcon_meta'
[0.232s] Level 1:colcon.colcon_core.package_identification:_identify(src/ws_aruco/src/vision_opencv/vision_opencv) by extensions ['ros']
[0.232s] Level 1:colcon.colcon_core.package_identification:_identify(src/ws_aruco/src/vision_opencv/vision_opencv) by extension 'ros'
[0.233s] DEBUG:colcon.colcon_core.package_identification:Package 'src/ws_aruco/src/vision_opencv/vision_opencv' with type 'ros.ament_cmake' and name 'vision_opencv'
[0.233s] Level 1:colcon.colcon_core.package_discovery:discover_packages(recursive) using defaults
[0.233s] Level 1:colcon.colcon_core.package_discovery:discover_packages(ignore) discover
[0.233s] Level 1:colcon.colcon_core.package_discovery:discover_packages(ignore) using defaults
[0.233s] Level 1:colcon.colcon_core.package_discovery:discover_packages(path) discover
[0.233s] Level 1:colcon.colcon_core.package_discovery:discover_packages(path) using defaults
[0.248s] INFO:colcon.colcon_core.package_selection:Skipping not selected package 'aruco_interfaces' in 'src/ws_aruco/src/aruco_interfaces'
[0.248s] INFO:colcon.colcon_core.package_selection:Skipping not selected package 'cv_bridge' in 'src/ws_aruco/src/vision_opencv/cv_bridge'
[0.248s] INFO:colcon.colcon_core.package_selection:Skipping not selected package 'drone_takeoff_pub' in 'src/ugv_ws/src/drone_takeoff_pub'
[0.248s] INFO:colcon.colcon_core.package_selection:Skipping not selected package 'image_geometry' in 'src/ws_aruco/src/vision_opencv/image_geometry'
[0.248s] INFO:colcon.colcon_core.package_selection:Skipping not selected package 'px4_msgs' in 'src/px4_msgs'
[0.248s] INFO:colcon.colcon_core.package_selection:Skipping not selected package 'ugv_controller' in 'src/ugv_ws/src/ugv_controller'
[0.248s] INFO:colcon.colcon_core.package_selection:Skipping not selected package 'multi_tracker' in 'src/ws_aruco/src/multi_tracker'
[0.248s] INFO:colcon.colcon_core.package_selection:Skipping not selected package 'opencv_tests' in 'src/ws_aruco/src/vision_opencv/opencv_tests'
[0.248s] INFO:colcon.colcon_core.package_selection:Skipping not selected package 'px4_ros_com' in 'src/px4_ros_com'
[0.248s] INFO:colcon.colcon_core.package_selection:Skipping not selected package 'uav_controller_pkg' in 'src/uav_controller_pkg'
[0.248s] INFO:colcon.colcon_core.package_selection:Skipping not selected package 'utilities_pkg' in 'src/utilities_pkg'
[0.248s] INFO:colcon.colcon_core.package_selection:Skipping not selected package 'vision_opencv' in 'src/ws_aruco/src/vision_opencv/vision_opencv'
[0.249s] Level 1:colcon.colcon_core.package_discovery:discover_packages(prefix_path) check parameters
[0.249s] Level 1:colcon.colcon_core.package_discovery:discover_packages(prefix_path) discover
[0.251s] DEBUG:colcon.colcon_installed_package_information.package_discovery:Found 13 installed packages in /home/jmj/pro_asp_ws/ws_px4_controls/install
[0.252s] DEBUG:colcon.colcon_installed_package_information.package_discovery:Found 376 installed packages in /opt/ros/humble
[0.253s] Level 1:colcon.colcon_core.package_discovery:discover_packages(prefix_path) using defaults
[0.277s] Level 5:colcon.colcon_core.verb:set package 'gazebo_env_setup' build argument 'cmake_args' from command line to 'None'
[0.277s] Level 5:colcon.colcon_core.verb:set package 'gazebo_env_setup' build argument 'cmake_target' from command line to 'None'
[0.277s] Level 5:colcon.colcon_core.verb:set package 'gazebo_env_setup' build argument 'cmake_target_skip_unavailable' from command line to 'False'
[0.277s] Level 5:colcon.colcon_core.verb:set package 'gazebo_env_setup' build argument 'cmake_clean_cache' from command line to 'False'
[0.277s] Level 5:colcon.colcon_core.verb:set package 'gazebo_env_setup' build argument 'cmake_clean_first' from command line to 'False'
[0.277s] Level 5:colcon.colcon_core.verb:set package 'gazebo_env_setup' build argument 'cmake_force_configure' from command line to 'False'
[0.277s] Level 5:colcon.colcon_core.verb:set package 'gazebo_env_setup' build argument 'ament_cmake_args' from command line to 'None'
[0.277s] Level 5:colcon.colcon_core.verb:set package 'gazebo_env_setup' build argument 'catkin_cmake_args' from command line to 'None'
[0.277s] Level 5:colcon.colcon_core.verb:set package 'gazebo_env_setup' build argument 'catkin_skip_building_tests' from command line to 'False'
[0.277s] DEBUG:colcon.colcon_core.verb:Building package 'gazebo_env_setup' with the following arguments: {'ament_cmake_args': None, 'build_base': '/home/jmj/pro_asp_ws/ws_px4_controls/build/gazebo_env_setup', 'catkin_cmake_args': None, 'catkin_skip_building_tests': False, 'cmake_args': None, 'cmake_clean_cache': False, 'cmake_clean_first': False, 'cmake_force_configure': False, 'cmake_target': None, 'cmake_target_skip_unavailable': False, 'install_base': '/home/jmj/pro_asp_ws/ws_px4_controls/install/gazebo_env_setup', 'merge_install': False, 'path': '/home/jmj/pro_asp_ws/ws_px4_controls/src/ugv_ws/src/gazebo_env_setup', 'symlink_install': False, 'test_result_base': None}
[0.277s] INFO:colcon.colcon_core.executor:Executing jobs using 'parallel' executor
[0.278s] DEBUG:colcon.colcon_parallel_executor.executor.parallel:run_until_complete
[0.278s] INFO:colcon.colcon_ros.task.ament_cmake.build:Building ROS package in '/home/jmj/pro_asp_ws/ws_px4_controls/src/ugv_ws/src/gazebo_env_setup' with build type 'ament_cmake'
[0.278s] INFO:colcon.colcon_cmake.task.cmake.build:Building CMake package in '/home/jmj/pro_asp_ws/ws_px4_controls/src/ugv_ws/src/gazebo_env_setup'
[0.280s] INFO:colcon.colcon_core.plugin_system:Skipping extension 'colcon_core.shell.bat': Not used on non-Windows systems
[0.280s] INFO:colcon.colcon_core.shell:Skip shell extension 'powershell' for command environment: Not usable outside of PowerShell
[0.280s] DEBUG:colcon.colcon_core.shell:Skip shell extension 'dsv' for command environment
[0.286s] DEBUG:colcon.colcon_core.event_handler.log_command:Invoking command in '/home/jmj/pro_asp_ws/ws_px4_controls/build/gazebo_env_setup': CMAKE_PREFIX_PATH=${CMAKE_PREFIX_PATH}:/home/jmj/pro_asp_ws/ws_px4_controls/install/opencv_tests:/opt/ros/humble /usr/bin/cmake --build /home/jmj/pro_asp_ws/ws_px4_controls/build/gazebo_env_setup -- -j20 -l20
[0.344s] DEBUG:colcon.colcon_core.event_handler.log_command:Invoked command in '/home/jmj/pro_asp_ws/ws_px4_controls/build/gazebo_env_setup' returned '0': CMAKE_PREFIX_PATH=${CMAKE_PREFIX_PATH}:/home/jmj/pro_asp_ws/ws_px4_controls/install/opencv_tests:/opt/ros/humble /usr/bin/cmake --build /home/jmj/pro_asp_ws/ws_px4_controls/build/gazebo_env_setup -- -j20 -l20
[0.359s] DEBUG:colcon.colcon_core.event_handler.log_command:Invoking command in '/home/jmj/pro_asp_ws/ws_px4_controls/build/gazebo_env_setup': CMAKE_PREFIX_PATH=${CMAKE_PREFIX_PATH}:/home/jmj/pro_asp_ws/ws_px4_controls/install/opencv_tests:/opt/ros/humble /usr/bin/cmake --install /home/jmj/pro_asp_ws/ws_px4_controls/build/gazebo_env_setup
[0.368s] Level 1:colcon.colcon_core.environment:create_environment_scripts_only(gazebo_env_setup)
[0.369s] DEBUG:colcon.colcon_core.event_handler.log_command:Invoked command in '/home/jmj/pro_asp_ws/ws_px4_controls/build/gazebo_env_setup' returned '0': CMAKE_PREFIX_PATH=${CMAKE_PREFIX_PATH}:/home/jmj/pro_asp_ws/ws_px4_controls/install/opencv_tests:/opt/ros/humble /usr/bin/cmake --install /home/jmj/pro_asp_ws/ws_px4_controls/build/gazebo_env_setup
[0.372s] Level 1:colcon.colcon_core.environment:checking '/home/jmj/pro_asp_ws/ws_px4_controls/install/gazebo_env_setup' for CMake module files
[0.373s] Level 1:colcon.colcon_core.environment:checking '/home/jmj/pro_asp_ws/ws_px4_controls/install/gazebo_env_setup' for CMake config files
[0.373s] Level 1:colcon.colcon_core.shell:create_environment_hook('gazebo_env_setup', 'cmake_prefix_path')
[0.373s] INFO:colcon.colcon_core.shell:Creating environment hook '/home/jmj/pro_asp_ws/ws_px4_controls/install/gazebo_env_setup/share/gazebo_env_setup/hook/cmake_prefix_path.ps1'
[0.373s] INFO:colcon.colcon_core.shell:Creating environment descriptor '/home/jmj/pro_asp_ws/ws_px4_controls/install/gazebo_env_setup/share/gazebo_env_setup/hook/cmake_prefix_path.dsv'
[0.374s] INFO:colcon.colcon_core.shell:Creating environment hook '/home/jmj/pro_asp_ws/ws_px4_controls/install/gazebo_env_setup/share/gazebo_env_setup/hook/cmake_prefix_path.sh'
[0.374s] Level 1:colcon.colcon_core.environment:checking '/home/jmj/pro_asp_ws/ws_px4_controls/install/gazebo_env_setup/lib'
[0.374s] Level 1:colcon.colcon_core.environment:checking '/home/jmj/pro_asp_ws/ws_px4_controls/install/gazebo_env_setup/bin'
[0.374s] Level 1:colcon.colcon_core.environment:checking '/home/jmj/pro_asp_ws/ws_px4_controls/install/gazebo_env_setup/lib/pkgconfig/gazebo_env_setup.pc'
[0.374s] Level 1:colcon.colcon_core.environment:checking '/home/jmj/pro_asp_ws/ws_px4_controls/install/gazebo_env_setup/lib/python3.10/site-packages'
[0.374s] Level 1:colcon.colcon_core.environment:checking '/home/jmj/pro_asp_ws/ws_px4_controls/install/gazebo_env_setup/bin'
[0.375s] INFO:colcon.colcon_core.shell:Creating package script '/home/jmj/pro_asp_ws/ws_px4_controls/install/gazebo_env_setup/share/gazebo_env_setup/package.ps1'
[0.375s] INFO:colcon.colcon_core.shell:Creating package descriptor '/home/jmj/pro_asp_ws/ws_px4_controls/install/gazebo_env_setup/share/gazebo_env_setup/package.dsv'
[0.375s] INFO:colcon.colcon_core.shell:Creating package script '/home/jmj/pro_asp_ws/ws_px4_controls/install/gazebo_env_setup/share/gazebo_env_setup/package.sh'
[0.376s] INFO:colcon.colcon_core.shell:Creating package script '/home/jmj/pro_asp_ws/ws_px4_controls/install/gazebo_env_setup/share/gazebo_env_setup/package.bash'
[0.376s] INFO:colcon.colcon_core.shell:Creating package script '/home/jmj/pro_asp_ws/ws_px4_controls/install/gazebo_env_setup/share/gazebo_env_setup/package.zsh'
[0.376s] Level 1:colcon.colcon_core.environment:create_file_with_runtime_dependencies(/home/jmj/pro_asp_ws/ws_px4_controls/install/gazebo_env_setup/share/colcon-core/packages/gazebo_env_setup)
[0.377s] Level 1:colcon.colcon_core.environment:create_environment_scripts_only(gazebo_env_setup)
[0.377s] Level 1:colcon.colcon_core.environment:checking '/home/jmj/pro_asp_ws/ws_px4_controls/install/gazebo_env_setup' for CMake module files
[0.377s] Level 1:colcon.colcon_core.environment:checking '/home/jmj/pro_asp_ws/ws_px4_controls/install/gazebo_env_setup' for CMake config files
[0.377s] Level 1:colcon.colcon_core.shell:create_environment_hook('gazebo_env_setup', 'cmake_prefix_path')
[0.377s] INFO:colcon.colcon_core.shell:Creating environment hook '/home/jmj/pro_asp_ws/ws_px4_controls/install/gazebo_env_setup/share/gazebo_env_setup/hook/cmake_prefix_path.ps1'
[0.377s] INFO:colcon.colcon_core.shell:Creating environment descriptor '/home/jmj/pro_asp_ws/ws_px4_controls/install/gazebo_env_setup/share/gazebo_env_setup/hook/cmake_prefix_path.dsv'
[0.377s] INFO:colcon.colcon_core.shell:Creating environment hook '/home/jmj/pro_asp_ws/ws_px4_controls/install/gazebo_env_setup/share/gazebo_env_setup/hook/cmake_prefix_path.sh'
[0.378s] Level 1:colcon.colcon_core.environment:checking '/home/jmj/pro_asp_ws/ws_px4_controls/install/gazebo_env_setup/lib'
[0.378s] Level 1:colcon.colcon_core.environment:checking '/home/jmj/pro_asp_ws/ws_px4_controls/install/gazebo_env_setup/bin'
[0.378s] Level 1:colcon.colcon_core.environment:checking '/home/jmj/pro_asp_ws/ws_px4_controls/install/gazebo_env_setup/lib/pkgconfig/gazebo_env_setup.pc'
[0.378s] Level 1:colcon.colcon_core.environment:checking '/home/jmj/pro_asp_ws/ws_px4_controls/install/gazebo_env_setup/lib/python3.10/site-packages'
[0.378s] Level 1:colcon.colcon_core.environment:checking '/home/jmj/pro_asp_ws/ws_px4_controls/install/gazebo_env_setup/bin'
[0.378s] INFO:colcon.colcon_core.shell:Creating package script '/home/jmj/pro_asp_ws/ws_px4_controls/install/gazebo_env_setup/share/gazebo_env_setup/package.ps1'
[0.379s] INFO:colcon.colcon_core.shell:Creating package descriptor '/home/jmj/pro_asp_ws/ws_px4_controls/install/gazebo_env_setup/share/gazebo_env_setup/package.dsv'
[0.379s] INFO:colcon.colcon_core.shell:Creating package script '/home/jmj/pro_asp_ws/ws_px4_controls/install/gazebo_env_setup/share/gazebo_env_setup/package.sh'
[0.379s] INFO:colcon.colcon_core.shell:Creating package script '/home/jmj/pro_asp_ws/ws_px4_controls/install/gazebo_env_setup/share/gazebo_env_setup/package.bash'
[0.379s] INFO:colcon.colcon_core.shell:Creating package script '/home/jmj/pro_asp_ws/ws_px4_controls/install/gazebo_env_setup/share/gazebo_env_setup/package.zsh'
[0.379s] Level 1:colcon.colcon_core.environment:create_file_with_runtime_dependencies(/home/jmj/pro_asp_ws/ws_px4_controls/install/gazebo_env_setup/share/colcon-core/packages/gazebo_env_setup)
[0.380s] DEBUG:colcon.colcon_parallel_executor.executor.parallel:closing loop
[0.380s] DEBUG:colcon.colcon_parallel_executor.executor.parallel:loop closed
[0.380s] DEBUG:colcon.colcon_parallel_executor.executor.parallel:run_until_complete finished with '0'
[0.380s] DEBUG:colcon.colcon_core.event_reactor:joining thread
[0.386s] INFO:colcon.colcon_core.plugin_system:Skipping extension 'colcon_notification.desktop_notification.terminal_notifier': Not used on non-Darwin systems
[0.386s] INFO:colcon.colcon_core.plugin_system:Skipping extension 'colcon_notification.desktop_notification.win32': Not used on non-Windows systems
[0.386s] INFO:colcon.colcon_notification.desktop_notification:Sending desktop notification using 'notify2'
[0.396s] DEBUG:colcon.colcon_core.event_reactor:joined thread
[0.396s] INFO:colcon.colcon_core.shell:Creating prefix script '/home/jmj/pro_asp_ws/ws_px4_controls/install/local_setup.ps1'
[0.398s] INFO:colcon.colcon_core.shell:Creating prefix util module '/home/jmj/pro_asp_ws/ws_px4_controls/install/_local_setup_util_ps1.py'
[0.399s] INFO:colcon.colcon_core.shell:Creating prefix chain script '/home/jmj/pro_asp_ws/ws_px4_controls/install/setup.ps1'
[0.400s] INFO:colcon.colcon_core.shell:Creating prefix script '/home/jmj/pro_asp_ws/ws_px4_controls/install/local_setup.sh'
[0.401s] INFO:colcon.colcon_core.shell:Creating prefix util module '/home/jmj/pro_asp_ws/ws_px4_controls/install/_local_setup_util_sh.py'
[0.401s] INFO:colcon.colcon_core.shell:Creating prefix chain script '/home/jmj/pro_asp_ws/ws_px4_controls/install/setup.sh'
[0.402s] INFO:colcon.colcon_core.shell:Creating prefix script '/home/jmj/pro_asp_ws/ws_px4_controls/install/local_setup.bash'
[0.403s] INFO:colcon.colcon_core.shell:Creating prefix chain script '/home/jmj/pro_asp_ws/ws_px4_controls/install/setup.bash'
[0.405s] INFO:colcon.colcon_core.shell:Creating prefix script '/home/jmj/pro_asp_ws/ws_px4_controls/install/local_setup.zsh'
[0.406s] INFO:colcon.colcon_core.shell:Creating prefix chain script '/home/jmj/pro_asp_ws/ws_px4_controls/install/setup.zsh'
