[0.016s] Invoking command in '/home/acdl1/mj_ws/ws_px4_controls/build/px4_ros_com': CMAKE_PREFIX_PATH=/home/acdl1/mj_ws/ws_px4_controls/install/px4_msgs:/home/acdl1/mj_ws/ws_px4_controls/install/vision_opencv:/home/acdl1/mj_ws/ws_px4_controls/install/utilities_pkg:/home/acdl1/mj_ws/ws_px4_controls/install/ugv_controller:/home/acdl1/mj_ws/ws_px4_controls/install/uav_controller_pkg:/home/acdl1/mj_ws/ws_px4_controls/install/px4_ros_com:/home/acdl1/mj_ws/ws_px4_controls/install/multi_tracker:/home/acdl1/mj_ws/ws_px4_controls/install/image_geometry:/home/acdl1/mj_ws/ws_px4_controls/install/gazebo_env_setup:/home/acdl1/mj_ws/ws_px4_controls/install/drone_takeoff_pub:/home/acdl1/mj_ws/ws_px4_controls/install/cv_bridge:/home/acdl1/mj_ws/ws_px4_controls/install/aruco_interfaces:/home/acdl1/mj_ws/ws_px4_controls/install/opencv_tests:/opt/ros/humble LD_LIBRARY_PATH=/home/acdl1/mj_ws/ws_px4_controls/install/px4_msgs/lib:/home/acdl1/mj_ws/ws_px4_controls/install/px4_ros_com/lib:/home/acdl1/mj_ws/ws_px4_controls/install/image_geometry/lib:/home/acdl1/mj_ws/ws_px4_controls/install/cv_bridge/lib:/home/acdl1/mj_ws/ws_px4_controls/install/aruco_interfaces/lib:/opt/ros/humble/opt/rviz_ogre_vendor/lib:/opt/ros/humble/lib/x86_64-linux-gnu:/opt/ros/humble/lib /usr/bin/cmake --build /home/acdl1/mj_ws/ws_px4_controls/build/px4_ros_com -- -j16 -l16
[0.065s] [35m[1mConsolidate compiler generated dependencies of target offboard_control[0m
[0.084s] [ 37%] Built target sensor_combined_listener
[0.084s] [ 37%] Built target frame_transforms
[0.084s] [ 37%] Built target vehicle_gps_position_listener
[0.090s] [ 50%] Built target debug_vect_advertiser
[0.092s] [ 62%] Built target offboard_control_key
[0.094s] [ 75%] Built target offboard_control_srv
[0.094s] [ 87%] Built target cli_pose_command
[0.095s] [ 93%] [32mBuilding CXX object CMakeFiles/offboard_control.dir/src/examples/offboard/offboard_control.cpp.o[0m
[0.101s] [ 93%] Built target ament_cmake_python_copy_px4_ros_com
[0.360s] running egg_info
[0.384s] writing px4_ros_com.egg-info/PKG-INFO
[0.384s] writing dependency_links to px4_ros_com.egg-info/dependency_links.txt
[0.384s] writing top-level names to px4_ros_com.egg-info/top_level.txt
[0.448s] reading manifest file 'px4_ros_com.egg-info/SOURCES.txt'
[0.449s] writing manifest file 'px4_ros_com.egg-info/SOURCES.txt'
[0.488s] [ 93%] Built target ament_cmake_python_build_px4_ros_com_egg
[5.864s] gmake[2]: *** [CMakeFiles/offboard_control.dir/build.make:76: CMakeFiles/offboard_control.dir/src/examples/offboard/offboard_control.cpp.o] Interrupt
[5.864s] gmake[1]: *** [CMakeFiles/Makefile2:258: CMakeFiles/offboard_control.dir/all] Interrupt
[5.865s] gmake: *** [Makefile:146: all] Interrupt
[5.889s] Invoked command in '/home/acdl1/mj_ws/ws_px4_controls/build/px4_ros_com' returned '-2': CMAKE_PREFIX_PATH=/home/acdl1/mj_ws/ws_px4_controls/install/px4_msgs:/home/acdl1/mj_ws/ws_px4_controls/install/vision_opencv:/home/acdl1/mj_ws/ws_px4_controls/install/utilities_pkg:/home/acdl1/mj_ws/ws_px4_controls/install/ugv_controller:/home/acdl1/mj_ws/ws_px4_controls/install/uav_controller_pkg:/home/acdl1/mj_ws/ws_px4_controls/install/px4_ros_com:/home/acdl1/mj_ws/ws_px4_controls/install/multi_tracker:/home/acdl1/mj_ws/ws_px4_controls/install/image_geometry:/home/acdl1/mj_ws/ws_px4_controls/install/gazebo_env_setup:/home/acdl1/mj_ws/ws_px4_controls/install/drone_takeoff_pub:/home/acdl1/mj_ws/ws_px4_controls/install/cv_bridge:/home/acdl1/mj_ws/ws_px4_controls/install/aruco_interfaces:/home/acdl1/mj_ws/ws_px4_controls/install/opencv_tests:/opt/ros/humble LD_LIBRARY_PATH=/home/acdl1/mj_ws/ws_px4_controls/install/px4_msgs/lib:/home/acdl1/mj_ws/ws_px4_controls/install/px4_ros_com/lib:/home/acdl1/mj_ws/ws_px4_controls/install/image_geometry/lib:/home/acdl1/mj_ws/ws_px4_controls/install/cv_bridge/lib:/home/acdl1/mj_ws/ws_px4_controls/install/aruco_interfaces/lib:/opt/ros/humble/opt/rviz_ogre_vendor/lib:/opt/ros/humble/lib/x86_64-linux-gnu:/opt/ros/humble/lib /usr/bin/cmake --build /home/acdl1/mj_ws/ws_px4_controls/build/px4_ros_com -- -j16 -l16
