[0.022s] Invoking command in '/home/acdl1/competition_ws/ws_px4_controls/build/image_geometry': CMAKE_PREFIX_PATH=${CMAKE_PREFIX_PATH}:/opt/ros/humble /usr/bin/cmake --build /home/acdl1/competition_ws/ws_px4_controls/build/image_geometry -- -j16 -l16
[0.051s] [35m[1mConsolidate compiler generated dependencies of target gtest[0m
[0.051s] [35m[1mConsolidate compiler generated dependencies of target gtest_main[0m
[0.051s] [35m[1mConsolidate compiler generated dependencies of target image_geometry[0m
[0.068s] [  0%] Built target ament_cmake_python_copy_image_geometry
[0.073s] [ 22%] Built target gtest
[0.073s] [ 55%] Built target image_geometry
[0.078s] [ 77%] Built target gtest_main
[0.091s] [35m[1mConsolidate compiler generated dependencies of target image_geometry-utest[0m
[0.102s] [100%] Built target image_geometry-utest
[0.267s] running egg_info
[0.280s] writing image_geometry.egg-info/PKG-INFO
[0.281s] writing dependency_links to image_geometry.egg-info/dependency_links.txt
[0.281s] writing top-level names to image_geometry.egg-info/top_level.txt
[0.320s] reading manifest file 'image_geometry.egg-info/SOURCES.txt'
[0.320s] writing manifest file 'image_geometry.egg-info/SOURCES.txt'
[0.345s] [100%] Built target ament_cmake_python_build_image_geometry_egg
[0.354s] Invoked command in '/home/acdl1/competition_ws/ws_px4_controls/build/image_geometry' returned '0': CMAKE_PREFIX_PATH=${CMAKE_PREFIX_PATH}:/opt/ros/humble /usr/bin/cmake --build /home/acdl1/competition_ws/ws_px4_controls/build/image_geometry -- -j16 -l16
[0.355s] Invoking command in '/home/acdl1/competition_ws/ws_px4_controls/build/image_geometry': CMAKE_PREFIX_PATH=${CMAKE_PREFIX_PATH}:/opt/ros/humble /usr/bin/cmake --install /home/acdl1/competition_ws/ws_px4_controls/build/image_geometry
[0.361s] -- Install configuration: ""
[0.361s] -- Up-to-date: /home/acdl1/competition_ws/ws_px4_controls/install/image_geometry/share/image_geometry/environment/pythonpath.sh
[0.361s] -- Up-to-date: /home/acdl1/competition_ws/ws_px4_controls/install/image_geometry/share/image_geometry/environment/pythonpath.dsv
[0.361s] -- Up-to-date: /home/acdl1/competition_ws/ws_px4_controls/install/image_geometry/local/lib/python3.10/dist-packages/image_geometry-3.2.1-py3.10.egg-info
[0.361s] -- Installing: /home/acdl1/competition_ws/ws_px4_controls/install/image_geometry/local/lib/python3.10/dist-packages/image_geometry-3.2.1-py3.10.egg-info/SOURCES.txt
[0.361s] -- Installing: /home/acdl1/competition_ws/ws_px4_controls/install/image_geometry/local/lib/python3.10/dist-packages/image_geometry-3.2.1-py3.10.egg-info/PKG-INFO
[0.361s] -- Installing: /home/acdl1/competition_ws/ws_px4_controls/install/image_geometry/local/lib/python3.10/dist-packages/image_geometry-3.2.1-py3.10.egg-info/dependency_links.txt
[0.361s] -- Installing: /home/acdl1/competition_ws/ws_px4_controls/install/image_geometry/local/lib/python3.10/dist-packages/image_geometry-3.2.1-py3.10.egg-info/top_level.txt
[0.361s] -- Up-to-date: /home/acdl1/competition_ws/ws_px4_controls/install/image_geometry/local/lib/python3.10/dist-packages/image_geometry
[0.361s] -- Up-to-date: /home/acdl1/competition_ws/ws_px4_controls/install/image_geometry/local/lib/python3.10/dist-packages/image_geometry/cameramodels.py
[0.361s] -- Up-to-date: /home/acdl1/competition_ws/ws_px4_controls/install/image_geometry/local/lib/python3.10/dist-packages/image_geometry/__init__.py
[0.384s] Listing '/home/acdl1/competition_ws/ws_px4_controls/install/image_geometry/local/lib/python3.10/dist-packages/image_geometry'...
[0.388s] -- Up-to-date: /home/acdl1/competition_ws/ws_px4_controls/install/image_geometry/include/image_geometry
[0.388s] -- Up-to-date: /home/acdl1/competition_ws/ws_px4_controls/install/image_geometry/include/image_geometry/image_geometry
[0.388s] -- Up-to-date: /home/acdl1/competition_ws/ws_px4_controls/install/image_geometry/include/image_geometry/image_geometry/pinhole_camera_model.h
[0.389s] -- Up-to-date: /home/acdl1/competition_ws/ws_px4_controls/install/image_geometry/include/image_geometry/image_geometry/stereo_camera_model.h
[0.389s] -- Up-to-date: /home/acdl1/competition_ws/ws_px4_controls/install/image_geometry/include/image_geometry/image_geometry/visibility_control.hpp
[0.389s] -- Up-to-date: /home/acdl1/competition_ws/ws_px4_controls/install/image_geometry/lib/libimage_geometry.so
[0.389s] -- Up-to-date: /home/acdl1/competition_ws/ws_px4_controls/install/image_geometry/share/ament_index/resource_index/package_run_dependencies/image_geometry
[0.389s] -- Up-to-date: /home/acdl1/competition_ws/ws_px4_controls/install/image_geometry/share/ament_index/resource_index/parent_prefix_path/image_geometry
[0.389s] -- Up-to-date: /home/acdl1/competition_ws/ws_px4_controls/install/image_geometry/share/image_geometry/environment/ament_prefix_path.sh
[0.389s] -- Up-to-date: /home/acdl1/competition_ws/ws_px4_controls/install/image_geometry/share/image_geometry/environment/ament_prefix_path.dsv
[0.389s] -- Up-to-date: /home/acdl1/competition_ws/ws_px4_controls/install/image_geometry/share/image_geometry/environment/path.sh
[0.389s] -- Up-to-date: /home/acdl1/competition_ws/ws_px4_controls/install/image_geometry/share/image_geometry/environment/path.dsv
[0.389s] -- Up-to-date: /home/acdl1/competition_ws/ws_px4_controls/install/image_geometry/share/image_geometry/local_setup.bash
[0.389s] -- Up-to-date: /home/acdl1/competition_ws/ws_px4_controls/install/image_geometry/share/image_geometry/local_setup.sh
[0.389s] -- Up-to-date: /home/acdl1/competition_ws/ws_px4_controls/install/image_geometry/share/image_geometry/local_setup.zsh
[0.390s] -- Up-to-date: /home/acdl1/competition_ws/ws_px4_controls/install/image_geometry/share/image_geometry/local_setup.dsv
[0.390s] -- Installing: /home/acdl1/competition_ws/ws_px4_controls/install/image_geometry/share/image_geometry/package.dsv
[0.390s] -- Up-to-date: /home/acdl1/competition_ws/ws_px4_controls/install/image_geometry/share/ament_index/resource_index/packages/image_geometry
[0.390s] -- Up-to-date: /home/acdl1/competition_ws/ws_px4_controls/install/image_geometry/share/image_geometry/cmake/export_image_geometryExport.cmake
[0.390s] -- Up-to-date: /home/acdl1/competition_ws/ws_px4_controls/install/image_geometry/share/image_geometry/cmake/export_image_geometryExport-noconfig.cmake
[0.390s] -- Up-to-date: /home/acdl1/competition_ws/ws_px4_controls/install/image_geometry/share/image_geometry/cmake/ament_cmake_export_targets-extras.cmake
[0.390s] -- Up-to-date: /home/acdl1/competition_ws/ws_px4_controls/install/image_geometry/share/image_geometry/cmake/ament_cmake_export_dependencies-extras.cmake
[0.390s] -- Up-to-date: /home/acdl1/competition_ws/ws_px4_controls/install/image_geometry/share/image_geometry/cmake/image_geometryConfig.cmake
[0.390s] -- Up-to-date: /home/acdl1/competition_ws/ws_px4_controls/install/image_geometry/share/image_geometry/cmake/image_geometryConfig-version.cmake
[0.390s] -- Up-to-date: /home/acdl1/competition_ws/ws_px4_controls/install/image_geometry/share/image_geometry/package.xml
[0.392s] Invoked command in '/home/acdl1/competition_ws/ws_px4_controls/build/image_geometry' returned '0': CMAKE_PREFIX_PATH=${CMAKE_PREFIX_PATH}:/opt/ros/humble /usr/bin/cmake --install /home/acdl1/competition_ws/ws_px4_controls/build/image_geometry
