[0.016s] Invoking command in '/home/jmj/pro_asp_ws/ws_px4_controls/build/image_geometry': CMAKE_PREFIX_PATH=${CMAKE_PREFIX_PATH}:/home/jmj/pro_asp_ws/ws_px4_controls/install/opencv_tests:/opt/ros/humble /usr/bin/cmake --build /home/jmj/pro_asp_ws/ws_px4_controls/build/image_geometry -- -j20 -l20
[0.055s] [ 33%] Built target image_geometry
[0.055s] [ 55%] Built target gtest_main
[0.055s] [ 77%] Built target gtest
[0.060s] [ 77%] Built target ament_cmake_python_copy_image_geometry
[0.078s] [100%] Built target image_geometry-utest
[0.242s] running egg_info
[0.243s] writing image_geometry.egg-info/PKG-INFO
[0.243s] writing dependency_links to image_geometry.egg-info/dependency_links.txt
[0.243s] writing top-level names to image_geometry.egg-info/top_level.txt
[0.245s] reading manifest file 'image_geometry.egg-info/SOURCES.txt'
[0.246s] writing manifest file 'image_geometry.egg-info/SOURCES.txt'
[0.264s] [100%] Built target ament_cmake_python_build_image_geometry_egg
[0.272s] Invoked command in '/home/jmj/pro_asp_ws/ws_px4_controls/build/image_geometry' returned '0': CMAKE_PREFIX_PATH=${CMAKE_PREFIX_PATH}:/home/jmj/pro_asp_ws/ws_px4_controls/install/opencv_tests:/opt/ros/humble /usr/bin/cmake --build /home/jmj/pro_asp_ws/ws_px4_controls/build/image_geometry -- -j20 -l20
[0.274s] Invoking command in '/home/jmj/pro_asp_ws/ws_px4_controls/build/image_geometry': CMAKE_PREFIX_PATH=${CMAKE_PREFIX_PATH}:/home/jmj/pro_asp_ws/ws_px4_controls/install/opencv_tests:/opt/ros/humble /usr/bin/cmake --install /home/jmj/pro_asp_ws/ws_px4_controls/build/image_geometry
[0.280s] -- Install configuration: ""
[0.280s] -- Up-to-date: /home/jmj/pro_asp_ws/ws_px4_controls/install/image_geometry/share/image_geometry/environment/pythonpath.sh
[0.280s] -- Up-to-date: /home/jmj/pro_asp_ws/ws_px4_controls/install/image_geometry/share/image_geometry/environment/pythonpath.dsv
[0.280s] -- Up-to-date: /home/jmj/pro_asp_ws/ws_px4_controls/install/image_geometry/local/lib/python3.10/dist-packages/image_geometry-3.2.1-py3.10.egg-info
[0.280s] -- Installing: /home/jmj/pro_asp_ws/ws_px4_controls/install/image_geometry/local/lib/python3.10/dist-packages/image_geometry-3.2.1-py3.10.egg-info/dependency_links.txt
[0.280s] -- Installing: /home/jmj/pro_asp_ws/ws_px4_controls/install/image_geometry/local/lib/python3.10/dist-packages/image_geometry-3.2.1-py3.10.egg-info/top_level.txt
[0.280s] -- Installing: /home/jmj/pro_asp_ws/ws_px4_controls/install/image_geometry/local/lib/python3.10/dist-packages/image_geometry-3.2.1-py3.10.egg-info/PKG-INFO
[0.280s] -- Installing: /home/jmj/pro_asp_ws/ws_px4_controls/install/image_geometry/local/lib/python3.10/dist-packages/image_geometry-3.2.1-py3.10.egg-info/SOURCES.txt
[0.280s] -- Up-to-date: /home/jmj/pro_asp_ws/ws_px4_controls/install/image_geometry/local/lib/python3.10/dist-packages/image_geometry
[0.280s] -- Up-to-date: /home/jmj/pro_asp_ws/ws_px4_controls/install/image_geometry/local/lib/python3.10/dist-packages/image_geometry/__init__.py
[0.280s] -- Up-to-date: /home/jmj/pro_asp_ws/ws_px4_controls/install/image_geometry/local/lib/python3.10/dist-packages/image_geometry/cameramodels.py
[0.302s] Listing '/home/jmj/pro_asp_ws/ws_px4_controls/install/image_geometry/local/lib/python3.10/dist-packages/image_geometry'...
[0.304s] -- Up-to-date: /home/jmj/pro_asp_ws/ws_px4_controls/install/image_geometry/include/image_geometry
[0.304s] -- Up-to-date: /home/jmj/pro_asp_ws/ws_px4_controls/install/image_geometry/include/image_geometry/image_geometry
[0.304s] -- Up-to-date: /home/jmj/pro_asp_ws/ws_px4_controls/install/image_geometry/include/image_geometry/image_geometry/visibility_control.hpp
[0.304s] -- Up-to-date: /home/jmj/pro_asp_ws/ws_px4_controls/install/image_geometry/include/image_geometry/image_geometry/stereo_camera_model.h
[0.304s] -- Up-to-date: /home/jmj/pro_asp_ws/ws_px4_controls/install/image_geometry/include/image_geometry/image_geometry/pinhole_camera_model.h
[0.304s] -- Up-to-date: /home/jmj/pro_asp_ws/ws_px4_controls/install/image_geometry/lib/libimage_geometry.so
[0.304s] -- Up-to-date: /home/jmj/pro_asp_ws/ws_px4_controls/install/image_geometry/share/ament_index/resource_index/package_run_dependencies/image_geometry
[0.304s] -- Up-to-date: /home/jmj/pro_asp_ws/ws_px4_controls/install/image_geometry/share/ament_index/resource_index/parent_prefix_path/image_geometry
[0.304s] -- Up-to-date: /home/jmj/pro_asp_ws/ws_px4_controls/install/image_geometry/share/image_geometry/environment/ament_prefix_path.sh
[0.304s] -- Up-to-date: /home/jmj/pro_asp_ws/ws_px4_controls/install/image_geometry/share/image_geometry/environment/ament_prefix_path.dsv
[0.304s] -- Up-to-date: /home/jmj/pro_asp_ws/ws_px4_controls/install/image_geometry/share/image_geometry/environment/path.sh
[0.304s] -- Up-to-date: /home/jmj/pro_asp_ws/ws_px4_controls/install/image_geometry/share/image_geometry/environment/path.dsv
[0.304s] -- Up-to-date: /home/jmj/pro_asp_ws/ws_px4_controls/install/image_geometry/share/image_geometry/local_setup.bash
[0.304s] -- Up-to-date: /home/jmj/pro_asp_ws/ws_px4_controls/install/image_geometry/share/image_geometry/local_setup.sh
[0.304s] -- Up-to-date: /home/jmj/pro_asp_ws/ws_px4_controls/install/image_geometry/share/image_geometry/local_setup.zsh
[0.305s] -- Up-to-date: /home/jmj/pro_asp_ws/ws_px4_controls/install/image_geometry/share/image_geometry/local_setup.dsv
[0.305s] -- Installing: /home/jmj/pro_asp_ws/ws_px4_controls/install/image_geometry/share/image_geometry/package.dsv
[0.305s] -- Up-to-date: /home/jmj/pro_asp_ws/ws_px4_controls/install/image_geometry/share/ament_index/resource_index/packages/image_geometry
[0.305s] -- Up-to-date: /home/jmj/pro_asp_ws/ws_px4_controls/install/image_geometry/share/image_geometry/cmake/export_image_geometryExport.cmake
[0.305s] -- Up-to-date: /home/jmj/pro_asp_ws/ws_px4_controls/install/image_geometry/share/image_geometry/cmake/export_image_geometryExport-noconfig.cmake
[0.305s] -- Up-to-date: /home/jmj/pro_asp_ws/ws_px4_controls/install/image_geometry/share/image_geometry/cmake/ament_cmake_export_targets-extras.cmake
[0.305s] -- Up-to-date: /home/jmj/pro_asp_ws/ws_px4_controls/install/image_geometry/share/image_geometry/cmake/ament_cmake_export_dependencies-extras.cmake
[0.305s] -- Up-to-date: /home/jmj/pro_asp_ws/ws_px4_controls/install/image_geometry/share/image_geometry/cmake/image_geometryConfig.cmake
[0.305s] -- Up-to-date: /home/jmj/pro_asp_ws/ws_px4_controls/install/image_geometry/share/image_geometry/cmake/image_geometryConfig-version.cmake
[0.305s] -- Up-to-date: /home/jmj/pro_asp_ws/ws_px4_controls/install/image_geometry/share/image_geometry/package.xml
[0.312s] Invoked command in '/home/jmj/pro_asp_ws/ws_px4_controls/build/image_geometry' returned '0': CMAKE_PREFIX_PATH=${CMAKE_PREFIX_PATH}:/home/jmj/pro_asp_ws/ws_px4_controls/install/opencv_tests:/opt/ros/humble /usr/bin/cmake --install /home/jmj/pro_asp_ws/ws_px4_controls/build/image_geometry
