[0.012s] Invoking command in '/home/jmj/pro_asp_ws/ws_px4_controls/build/uav_controller_pkg': AMENT_PREFIX_PATH=/home/jmj/pro_asp_ws/ws_px4_controls/install/px4_msgs:/home/jmj/pro_asp_ws/ws_px4_controls/install/aruco_interfaces:${AMENT_PREFIX_PATH} CMAKE_PREFIX_PATH=/home/jmj/pro_asp_ws/ws_px4_controls/install/px4_msgs:/home/jmj/pro_asp_ws/ws_px4_controls/install/aruco_interfaces:/opt/ros/humble LD_LIBRARY_PATH=/home/jmj/pro_asp_ws/ws_px4_controls/install/px4_msgs/lib:/home/jmj/pro_asp_ws/ws_px4_controls/install/aruco_interfaces/lib:${LD_LIBRARY_PATH} PYTHONPATH=/home/jmj/pro_asp_ws/ws_px4_controls/install/px4_msgs/local/lib/python3.10/dist-packages:/home/jmj/pro_asp_ws/ws_px4_controls/install/aruco_interfaces/local/lib/python3.10/dist-packages:${PYTHONPATH} /usr/bin/cmake --build /home/jmj/pro_asp_ws/ws_px4_controls/build/uav_controller_pkg -- -j20 -l20
[0.039s] -- Found ament_cmake: 1.3.11 (/opt/ros/humble/share/ament_cmake/cmake)
[0.125s] -- Found rclcpp: 16.0.12 (/opt/ros/humble/share/rclcpp/cmake)
[0.142s] -- Found rosidl_generator_c: 3.1.6 (/opt/ros/humble/share/rosidl_generator_c/cmake)
[0.143s] -- Found rosidl_adapter: 3.1.6 (/opt/ros/humble/share/rosidl_adapter/cmake)
[0.147s] -- Found rosidl_generator_cpp: 3.1.6 (/opt/ros/humble/share/rosidl_generator_cpp/cmake)
[0.152s] -- Using all available rosidl_typesupport_c: rosidl_typesupport_fastrtps_c;rosidl_typesupport_introspection_c
[0.159s] -- Using all available rosidl_typesupport_cpp: rosidl_typesupport_fastrtps_cpp;rosidl_typesupport_introspection_cpp
[0.177s] -- Found rmw_implementation_cmake: 6.1.2 (/opt/ros/humble/share/rmw_implementation_cmake/cmake)
[0.178s] -- Found rmw_fastrtps_cpp: 6.2.7 (/opt/ros/humble/share/rmw_fastrtps_cpp/cmake)
[0.246s] -- Using RMW implementation 'rmw_fastrtps_cpp' as default
[0.276s] -- Found geometry_msgs: 4.8.0 (/opt/ros/humble/share/geometry_msgs/cmake)
[0.283s] -- Found px4_msgs: 2.0.1 (/home/jmj/pro_asp_ws/ws_px4_controls/install/px4_msgs/share/px4_msgs/cmake)
[0.291s] -- Found tf2_ros: 0.25.12 (/opt/ros/humble/share/tf2_ros/cmake)
[0.339s] -- Found tf2_geometry_msgs: 0.25.12 (/opt/ros/humble/share/tf2_geometry_msgs/cmake)
[0.341s] -- Found eigen3_cmake_module: 0.1.1 (/opt/ros/humble/share/eigen3_cmake_module/cmake)
[0.342s] -- Ensuring Eigen3 include directory is part of orocos-kdl CMake target
[0.343s] -- Found aruco_interfaces: 0.0.0 (/home/jmj/pro_asp_ws/ws_aruco/install/aruco_interfaces/share/aruco_interfaces/cmake)
[0.357s] -- Found ament_lint_auto: 0.12.12 (/opt/ros/humble/share/ament_lint_auto/cmake)
[0.403s] -- Added test 'cppcheck' to perform static code analysis on C / C++ code
[0.403s] -- Configured cppcheck include dirs: 
[0.403s] -- Configured cppcheck exclude dirs and/or files: 
[0.403s] -- Added test 'lint_cmake' to check CMake code style
[0.403s] -- Added test 'uncrustify' to check C / C++ code style
[0.403s] -- Configured uncrustify additional arguments: 
[0.404s] -- Added test 'xmllint' to check XML markup files
[0.404s] -- Configuring done
[0.419s] -- Generating done
[0.423s] -- Build files have been written to: /home/jmj/pro_asp_ws/ws_px4_controls/build/uav_controller_pkg
[0.444s] [35m[1mConsolidate compiler generated dependencies of target offboard_control_node[0m
[0.444s] [35m[1mConsolidate compiler generated dependencies of target uav_controller[0m
[0.452s] [ 16%] [32mBuilding CXX object CMakeFiles/static_broadcaster.dir/src/static_broadcaster.cpp.o[0m
[0.457s] [ 33%] [32mBuilding CXX object CMakeFiles/uav_controller.dir/src/uav_controller.cpp.o[0m
[0.457s] [ 66%] Built target offboard_control_node
[0.646s] [ 83%] [32m[1mLinking CXX executable uav_controller[0m
[1.048s] [ 83%] Built target uav_controller
[2.472s] [01m[K/home/jmj/pro_asp_ws/ws_px4_controls/src/uav_controller_pkg/src/static_broadcaster.cpp:[m[K In constructor ‘[01m[KPoseToTfBroadcaster::PoseToTfBroadcaster()[m[K’:
[2.472s] [01m[K/home/jmj/pro_asp_ws/ws_px4_controls/src/uav_controller_pkg/src/static_broadcaster.cpp:20:45:[m[K [01;31m[Kerror: [m[K‘[01m[Klocal_position_callback[m[K’ is not a member of ‘[01m[KPoseToTfBroadcaster[m[K’
[2.473s]    20 |             std::bind(&PoseToTfBroadcaster::[01;31m[Klocal_position_callback[m[K, this, std::placeholders::_1));
[2.473s]       |                                             [01;31m[K^~~~~~~~~~~~~~~~~~~~~~~[m[K
[2.473s] gmake[2]: *** [CMakeFiles/static_broadcaster.dir/build.make:76: CMakeFiles/static_broadcaster.dir/src/static_broadcaster.cpp.o] Error 1
[2.473s] gmake[1]: *** [CMakeFiles/Makefile2:193: CMakeFiles/static_broadcaster.dir/all] Error 2
[2.473s] gmake: *** [Makefile:146: all] Error 2
[2.475s] Invoked command in '/home/jmj/pro_asp_ws/ws_px4_controls/build/uav_controller_pkg' returned '2': AMENT_PREFIX_PATH=/home/jmj/pro_asp_ws/ws_px4_controls/install/px4_msgs:/home/jmj/pro_asp_ws/ws_px4_controls/install/aruco_interfaces:${AMENT_PREFIX_PATH} CMAKE_PREFIX_PATH=/home/jmj/pro_asp_ws/ws_px4_controls/install/px4_msgs:/home/jmj/pro_asp_ws/ws_px4_controls/install/aruco_interfaces:/opt/ros/humble LD_LIBRARY_PATH=/home/jmj/pro_asp_ws/ws_px4_controls/install/px4_msgs/lib:/home/jmj/pro_asp_ws/ws_px4_controls/install/aruco_interfaces/lib:${LD_LIBRARY_PATH} PYTHONPATH=/home/jmj/pro_asp_ws/ws_px4_controls/install/px4_msgs/local/lib/python3.10/dist-packages:/home/jmj/pro_asp_ws/ws_px4_controls/install/aruco_interfaces/local/lib/python3.10/dist-packages:${PYTHONPATH} /usr/bin/cmake --build /home/jmj/pro_asp_ws/ws_px4_controls/build/uav_controller_pkg -- -j20 -l20
