[0.085s] DEBUG:colcon:Command line arguments: ['/usr/bin/colcon', 'build']
[0.085s] DEBUG:colcon:Parsed command line arguments: Namespace(log_base=None, log_level=None, verb_name='build', build_base='build', install_base='install', merge_install=False, symlink_install=False, test_result_base=None, continue_on_error=False, executor='parallel', parallel_workers=20, event_handlers=None, ignore_user_meta=False, metas=['./colcon.meta'], base_paths=['.'], packages_ignore=None, packages_ignore_regex=None, paths=None, packages_up_to=None, packages_up_to_regex=None, packages_above=None, packages_above_and_dependencies=None, packages_above_depth=None, packages_select_by_dep=None, packages_skip_by_dep=None, packages_skip_up_to=None, packages_select_build_failed=False, packages_skip_build_finished=False, packages_select_test_failures=False, packages_skip_test_passed=False, packages_select=None, packages_skip=None, packages_select_regex=None, packages_skip_regex=None, packages_start=None, packages_end=None, allow_overriding=[], cmake_args=None, cmake_target=None, cmake_target_skip_unavailable=False, cmake_clean_cache=False, cmake_clean_first=False, cmake_force_configure=False, ament_cmake_args=None, catkin_cmake_args=None, catkin_skip_building_tests=False, mixin_files=None, mixin=None, verb_parser=<colcon_mixin.mixin.mixin_argument.MixinArgumentDecorator object at 0x7b782cc20f10>, verb_extension=<colcon_core.verb.build.BuildVerb object at 0x7b782cd2c250>, main=<bound method BuildVerb.main of <colcon_core.verb.build.BuildVerb object at 0x7b782cd2c250>>, mixin_verb=('build',))
[0.204s] Level 1:colcon.colcon_core.package_discovery:discover_packages(colcon_meta) check parameters
[0.204s] Level 1:colcon.colcon_core.package_discovery:discover_packages(recursive) check parameters
[0.204s] Level 1:colcon.colcon_core.package_discovery:discover_packages(ignore) check parameters
[0.204s] Level 1:colcon.colcon_core.package_discovery:discover_packages(path) check parameters
[0.204s] Level 1:colcon.colcon_core.package_discovery:discover_packages(colcon_meta) discover
[0.204s] Level 1:colcon.colcon_core.package_discovery:discover_packages(recursive) discover
[0.204s] INFO:colcon.colcon_core.package_discovery:Crawling recursively for packages in '/home/jmj/pro_asp_ws/ugv_ws'
[0.204s] Level 1:colcon.colcon_core.package_identification:_identify(.) by extensions ['ignore', 'ignore_ament_install']
[0.204s] Level 1:colcon.colcon_core.package_identification:_identify(.) by extension 'ignore'
[0.205s] Level 1:colcon.colcon_core.package_identification:_identify(.) by extension 'ignore_ament_install'
[0.205s] Level 1:colcon.colcon_core.package_identification:_identify(.) by extensions ['colcon_pkg']
[0.205s] Level 1:colcon.colcon_core.package_identification:_identify(.) by extension 'colcon_pkg'
[0.205s] Level 1:colcon.colcon_core.package_identification:_identify(.) by extensions ['colcon_meta']
[0.205s] Level 1:colcon.colcon_core.package_identification:_identify(.) by extension 'colcon_meta'
[0.205s] Level 1:colcon.colcon_core.package_identification:_identify(.) by extensions ['ros']
[0.205s] Level 1:colcon.colcon_core.package_identification:_identify(.) by extension 'ros'
[0.219s] Level 1:colcon.colcon_core.package_identification:_identify(.) by extensions ['cmake', 'python']
[0.220s] Level 1:colcon.colcon_core.package_identification:_identify(.) by extension 'cmake'
[0.220s] Level 1:colcon.colcon_core.package_identification:_identify(.) by extension 'python'
[0.220s] Level 1:colcon.colcon_core.package_identification:_identify(.) by extensions ['python_setup_py']
[0.220s] Level 1:colcon.colcon_core.package_identification:_identify(.) by extension 'python_setup_py'
[0.220s] Level 1:colcon.colcon_core.package_identification:_identify(build) by extensions ['ignore', 'ignore_ament_install']
[0.220s] Level 1:colcon.colcon_core.package_identification:_identify(build) by extension 'ignore'
[0.220s] Level 1:colcon.colcon_core.package_identification:_identify(build) ignored
[0.220s] Level 1:colcon.colcon_core.package_identification:_identify(install) by extensions ['ignore', 'ignore_ament_install']
[0.220s] Level 1:colcon.colcon_core.package_identification:_identify(install) by extension 'ignore'
[0.220s] Level 1:colcon.colcon_core.package_identification:_identify(install) ignored
[0.220s] Level 1:colcon.colcon_core.package_identification:_identify(log) by extensions ['ignore', 'ignore_ament_install']
[0.220s] Level 1:colcon.colcon_core.package_identification:_identify(log) by extension 'ignore'
[0.220s] Level 1:colcon.colcon_core.package_identification:_identify(log) ignored
[0.220s] Level 1:colcon.colcon_core.package_identification:_identify(src) by extensions ['ignore', 'ignore_ament_install']
[0.220s] Level 1:colcon.colcon_core.package_identification:_identify(src) by extension 'ignore'
[0.220s] Level 1:colcon.colcon_core.package_identification:_identify(src) by extension 'ignore_ament_install'
[0.220s] Level 1:colcon.colcon_core.package_identification:_identify(src) by extensions ['colcon_pkg']
[0.220s] Level 1:colcon.colcon_core.package_identification:_identify(src) by extension 'colcon_pkg'
[0.220s] Level 1:colcon.colcon_core.package_identification:_identify(src) by extensions ['colcon_meta']
[0.220s] Level 1:colcon.colcon_core.package_identification:_identify(src) by extension 'colcon_meta'
[0.220s] Level 1:colcon.colcon_core.package_identification:_identify(src) by extensions ['ros']
[0.220s] Level 1:colcon.colcon_core.package_identification:_identify(src) by extension 'ros'
[0.220s] Level 1:colcon.colcon_core.package_identification:_identify(src) by extensions ['cmake', 'python']
[0.220s] Level 1:colcon.colcon_core.package_identification:_identify(src) by extension 'cmake'
[0.220s] Level 1:colcon.colcon_core.package_identification:_identify(src) by extension 'python'
[0.220s] Level 1:colcon.colcon_core.package_identification:_identify(src) by extensions ['python_setup_py']
[0.220s] Level 1:colcon.colcon_core.package_identification:_identify(src) by extension 'python_setup_py'
[0.220s] Level 1:colcon.colcon_core.package_identification:_identify(src/drone_takeoff_pub) by extensions ['ignore', 'ignore_ament_install']
[0.221s] Level 1:colcon.colcon_core.package_identification:_identify(src/drone_takeoff_pub) by extension 'ignore'
[0.221s] Level 1:colcon.colcon_core.package_identification:_identify(src/drone_takeoff_pub) by extension 'ignore_ament_install'
[0.221s] Level 1:colcon.colcon_core.package_identification:_identify(src/drone_takeoff_pub) by extensions ['colcon_pkg']
[0.221s] Level 1:colcon.colcon_core.package_identification:_identify(src/drone_takeoff_pub) by extension 'colcon_pkg'
[0.221s] Level 1:colcon.colcon_core.package_identification:_identify(src/drone_takeoff_pub) by extensions ['colcon_meta']
[0.221s] Level 1:colcon.colcon_core.package_identification:_identify(src/drone_takeoff_pub) by extension 'colcon_meta'
[0.221s] Level 1:colcon.colcon_core.package_identification:_identify(src/drone_takeoff_pub) by extensions ['ros']
[0.221s] Level 1:colcon.colcon_core.package_identification:_identify(src/drone_takeoff_pub) by extension 'ros'
[0.223s] DEBUG:colcon.colcon_core.package_identification:Package 'src/drone_takeoff_pub' with type 'ros.ament_cmake' and name 'drone_takeoff_pub'
[0.223s] Level 1:colcon.colcon_core.package_identification:_identify(src/gazebo_env_setup) by extensions ['ignore', 'ignore_ament_install']
[0.223s] Level 1:colcon.colcon_core.package_identification:_identify(src/gazebo_env_setup) by extension 'ignore'
[0.223s] Level 1:colcon.colcon_core.package_identification:_identify(src/gazebo_env_setup) by extension 'ignore_ament_install'
[0.223s] Level 1:colcon.colcon_core.package_identification:_identify(src/gazebo_env_setup) by extensions ['colcon_pkg']
[0.223s] Level 1:colcon.colcon_core.package_identification:_identify(src/gazebo_env_setup) by extension 'colcon_pkg'
[0.223s] Level 1:colcon.colcon_core.package_identification:_identify(src/gazebo_env_setup) by extensions ['colcon_meta']
[0.223s] Level 1:colcon.colcon_core.package_identification:_identify(src/gazebo_env_setup) by extension 'colcon_meta'
[0.224s] Level 1:colcon.colcon_core.package_identification:_identify(src/gazebo_env_setup) by extensions ['ros']
[0.224s] Level 1:colcon.colcon_core.package_identification:_identify(src/gazebo_env_setup) by extension 'ros'
[0.224s] DEBUG:colcon.colcon_core.package_identification:Package 'src/gazebo_env_setup' with type 'ros.ament_cmake' and name 'gazebo_env_setup'
[0.224s] Level 1:colcon.colcon_core.package_identification:_identify(src/ugv_controller) by extensions ['ignore', 'ignore_ament_install']
[0.224s] Level 1:colcon.colcon_core.package_identification:_identify(src/ugv_controller) by extension 'ignore'
[0.224s] Level 1:colcon.colcon_core.package_identification:_identify(src/ugv_controller) by extension 'ignore_ament_install'
[0.224s] Level 1:colcon.colcon_core.package_identification:_identify(src/ugv_controller) by extensions ['colcon_pkg']
[0.224s] Level 1:colcon.colcon_core.package_identification:_identify(src/ugv_controller) by extension 'colcon_pkg'
[0.225s] Level 1:colcon.colcon_core.package_identification:_identify(src/ugv_controller) by extensions ['colcon_meta']
[0.225s] Level 1:colcon.colcon_core.package_identification:_identify(src/ugv_controller) by extension 'colcon_meta'
[0.225s] Level 1:colcon.colcon_core.package_identification:_identify(src/ugv_controller) by extensions ['ros']
[0.225s] Level 1:colcon.colcon_core.package_identification:_identify(src/ugv_controller) by extension 'ros'
[0.225s] DEBUG:colcon.colcon_core.package_identification:Package 'src/ugv_controller' with type 'ros.ament_cmake' and name 'ugv_controller'
[0.225s] Level 1:colcon.colcon_core.package_discovery:discover_packages(recursive) using defaults
[0.225s] Level 1:colcon.colcon_core.package_discovery:discover_packages(ignore) discover
[0.225s] Level 1:colcon.colcon_core.package_discovery:discover_packages(ignore) using defaults
[0.225s] Level 1:colcon.colcon_core.package_discovery:discover_packages(path) discover
[0.225s] Level 1:colcon.colcon_core.package_discovery:discover_packages(path) using defaults
[0.244s] Level 1:colcon.colcon_core.package_discovery:discover_packages(prefix_path) check parameters
[0.244s] Level 1:colcon.colcon_core.package_discovery:discover_packages(prefix_path) discover
[0.247s] DEBUG:colcon.colcon_installed_package_information.package_discovery:Found 367 installed packages in /opt/ros/humble
[0.248s] Level 1:colcon.colcon_core.package_discovery:discover_packages(prefix_path) using defaults
[0.277s] Level 5:colcon.colcon_core.verb:set package 'drone_takeoff_pub' build argument 'cmake_args' from command line to 'None'
[0.278s] Level 5:colcon.colcon_core.verb:set package 'drone_takeoff_pub' build argument 'cmake_target' from command line to 'None'
[0.278s] Level 5:colcon.colcon_core.verb:set package 'drone_takeoff_pub' build argument 'cmake_target_skip_unavailable' from command line to 'False'
[0.278s] Level 5:colcon.colcon_core.verb:set package 'drone_takeoff_pub' build argument 'cmake_clean_cache' from command line to 'False'
[0.278s] Level 5:colcon.colcon_core.verb:set package 'drone_takeoff_pub' build argument 'cmake_clean_first' from command line to 'False'
[0.278s] Level 5:colcon.colcon_core.verb:set package 'drone_takeoff_pub' build argument 'cmake_force_configure' from command line to 'False'
[0.278s] Level 5:colcon.colcon_core.verb:set package 'drone_takeoff_pub' build argument 'ament_cmake_args' from command line to 'None'
[0.278s] Level 5:colcon.colcon_core.verb:set package 'drone_takeoff_pub' build argument 'catkin_cmake_args' from command line to 'None'
[0.278s] Level 5:colcon.colcon_core.verb:set package 'drone_takeoff_pub' build argument 'catkin_skip_building_tests' from command line to 'False'
[0.278s] DEBUG:colcon.colcon_core.verb:Building package 'drone_takeoff_pub' with the following arguments: {'ament_cmake_args': None, 'build_base': '/home/jmj/pro_asp_ws/ugv_ws/build/drone_takeoff_pub', 'catkin_cmake_args': None, 'catkin_skip_building_tests': False, 'cmake_args': None, 'cmake_clean_cache': False, 'cmake_clean_first': False, 'cmake_force_configure': False, 'cmake_target': None, 'cmake_target_skip_unavailable': False, 'install_base': '/home/jmj/pro_asp_ws/ugv_ws/install/drone_takeoff_pub', 'merge_install': False, 'path': '/home/jmj/pro_asp_ws/ugv_ws/src/drone_takeoff_pub', 'symlink_install': False, 'test_result_base': None}
[0.278s] Level 5:colcon.colcon_core.verb:set package 'gazebo_env_setup' build argument 'cmake_args' from command line to 'None'
[0.278s] Level 5:colcon.colcon_core.verb:set package 'gazebo_env_setup' build argument 'cmake_target' from command line to 'None'
[0.278s] Level 5:colcon.colcon_core.verb:set package 'gazebo_env_setup' build argument 'cmake_target_skip_unavailable' from command line to 'False'
[0.278s] Level 5:colcon.colcon_core.verb:set package 'gazebo_env_setup' build argument 'cmake_clean_cache' from command line to 'False'
[0.278s] Level 5:colcon.colcon_core.verb:set package 'gazebo_env_setup' build argument 'cmake_clean_first' from command line to 'False'
[0.278s] Level 5:colcon.colcon_core.verb:set package 'gazebo_env_setup' build argument 'cmake_force_configure' from command line to 'False'
[0.278s] Level 5:colcon.colcon_core.verb:set package 'gazebo_env_setup' build argument 'ament_cmake_args' from command line to 'None'
[0.278s] Level 5:colcon.colcon_core.verb:set package 'gazebo_env_setup' build argument 'catkin_cmake_args' from command line to 'None'
[0.278s] Level 5:colcon.colcon_core.verb:set package 'gazebo_env_setup' build argument 'catkin_skip_building_tests' from command line to 'False'
[0.278s] DEBUG:colcon.colcon_core.verb:Building package 'gazebo_env_setup' with the following arguments: {'ament_cmake_args': None, 'build_base': '/home/jmj/pro_asp_ws/ugv_ws/build/gazebo_env_setup', 'catkin_cmake_args': None, 'catkin_skip_building_tests': False, 'cmake_args': None, 'cmake_clean_cache': False, 'cmake_clean_first': False, 'cmake_force_configure': False, 'cmake_target': None, 'cmake_target_skip_unavailable': False, 'install_base': '/home/jmj/pro_asp_ws/ugv_ws/install/gazebo_env_setup', 'merge_install': False, 'path': '/home/jmj/pro_asp_ws/ugv_ws/src/gazebo_env_setup', 'symlink_install': False, 'test_result_base': None}
[0.278s] Level 5:colcon.colcon_core.verb:set package 'ugv_controller' build argument 'cmake_args' from command line to 'None'
[0.278s] Level 5:colcon.colcon_core.verb:set package 'ugv_controller' build argument 'cmake_target' from command line to 'None'
[0.279s] Level 5:colcon.colcon_core.verb:set package 'ugv_controller' build argument 'cmake_target_skip_unavailable' from command line to 'False'
[0.279s] Level 5:colcon.colcon_core.verb:set package 'ugv_controller' build argument 'cmake_clean_cache' from command line to 'False'
[0.279s] Level 5:colcon.colcon_core.verb:set package 'ugv_controller' build argument 'cmake_clean_first' from command line to 'False'
[0.279s] Level 5:colcon.colcon_core.verb:set package 'ugv_controller' build argument 'cmake_force_configure' from command line to 'False'
[0.279s] Level 5:colcon.colcon_core.verb:set package 'ugv_controller' build argument 'ament_cmake_args' from command line to 'None'
[0.279s] Level 5:colcon.colcon_core.verb:set package 'ugv_controller' build argument 'catkin_cmake_args' from command line to 'None'
[0.279s] Level 5:colcon.colcon_core.verb:set package 'ugv_controller' build argument 'catkin_skip_building_tests' from command line to 'False'
[0.279s] DEBUG:colcon.colcon_core.verb:Building package 'ugv_controller' with the following arguments: {'ament_cmake_args': None, 'build_base': '/home/jmj/pro_asp_ws/ugv_ws/build/ugv_controller', 'catkin_cmake_args': None, 'catkin_skip_building_tests': False, 'cmake_args': None, 'cmake_clean_cache': False, 'cmake_clean_first': False, 'cmake_force_configure': False, 'cmake_target': None, 'cmake_target_skip_unavailable': False, 'install_base': '/home/jmj/pro_asp_ws/ugv_ws/install/ugv_controller', 'merge_install': False, 'path': '/home/jmj/pro_asp_ws/ugv_ws/src/ugv_controller', 'symlink_install': False, 'test_result_base': None}
[0.279s] INFO:colcon.colcon_core.executor:Executing jobs using 'parallel' executor
[0.280s] DEBUG:colcon.colcon_parallel_executor.executor.parallel:run_until_complete
[0.280s] INFO:colcon.colcon_ros.task.ament_cmake.build:Building ROS package in '/home/jmj/pro_asp_ws/ugv_ws/src/drone_takeoff_pub' with build type 'ament_cmake'
[0.280s] INFO:colcon.colcon_cmake.task.cmake.build:Building CMake package in '/home/jmj/pro_asp_ws/ugv_ws/src/drone_takeoff_pub'
[0.282s] INFO:colcon.colcon_core.plugin_system:Skipping extension 'colcon_core.shell.bat': Not used on non-Windows systems
[0.283s] INFO:colcon.colcon_core.shell:Skip shell extension 'powershell' for command environment: Not usable outside of PowerShell
[0.283s] DEBUG:colcon.colcon_core.shell:Skip shell extension 'dsv' for command environment
[0.285s] INFO:colcon.colcon_ros.task.ament_cmake.build:Building ROS package in '/home/jmj/pro_asp_ws/ugv_ws/src/gazebo_env_setup' with build type 'ament_cmake'
[0.285s] INFO:colcon.colcon_cmake.task.cmake.build:Building CMake package in '/home/jmj/pro_asp_ws/ugv_ws/src/gazebo_env_setup'
[0.286s] INFO:colcon.colcon_core.shell:Skip shell extension 'powershell' for command environment: Not usable outside of PowerShell
[0.286s] DEBUG:colcon.colcon_core.shell:Skip shell extension 'dsv' for command environment
[0.289s] INFO:colcon.colcon_ros.task.ament_cmake.build:Building ROS package in '/home/jmj/pro_asp_ws/ugv_ws/src/ugv_controller' with build type 'ament_cmake'
[0.289s] INFO:colcon.colcon_cmake.task.cmake.build:Building CMake package in '/home/jmj/pro_asp_ws/ugv_ws/src/ugv_controller'
[0.289s] INFO:colcon.colcon_core.shell:Skip shell extension 'powershell' for command environment: Not usable outside of PowerShell
[0.290s] DEBUG:colcon.colcon_core.shell:Skip shell extension 'dsv' for command environment
[0.296s] DEBUG:colcon.colcon_core.event_handler.log_command:Invoking command in '/home/jmj/pro_asp_ws/ugv_ws/build/drone_takeoff_pub': CMAKE_PREFIX_PATH=/opt/ros/humble /usr/bin/cmake --build /home/jmj/pro_asp_ws/ugv_ws/build/drone_takeoff_pub -- -j20 -l20
[0.299s] DEBUG:colcon.colcon_core.event_handler.log_command:Invoking command in '/home/jmj/pro_asp_ws/ugv_ws/build/gazebo_env_setup': CMAKE_PREFIX_PATH=/opt/ros/humble /usr/bin/cmake --build /home/jmj/pro_asp_ws/ugv_ws/build/gazebo_env_setup -- -j20 -l20
[0.302s] DEBUG:colcon.colcon_core.event_handler.log_command:Invoking command in '/home/jmj/pro_asp_ws/ugv_ws/build/ugv_controller': CMAKE_PREFIX_PATH=/opt/ros/humble /usr/bin/cmake --build /home/jmj/pro_asp_ws/ugv_ws/build/ugv_controller -- -j20 -l20
[0.346s] DEBUG:colcon.colcon_core.event_handler.log_command:Invoked command in '/home/jmj/pro_asp_ws/ugv_ws/build/drone_takeoff_pub' returned '0': CMAKE_PREFIX_PATH=/opt/ros/humble /usr/bin/cmake --build /home/jmj/pro_asp_ws/ugv_ws/build/drone_takeoff_pub -- -j20 -l20
[0.352s] DEBUG:colcon.colcon_core.event_handler.log_command:Invoking command in '/home/jmj/pro_asp_ws/ugv_ws/build/drone_takeoff_pub': CMAKE_PREFIX_PATH=/opt/ros/humble /usr/bin/cmake --install /home/jmj/pro_asp_ws/ugv_ws/build/drone_takeoff_pub
[0.353s] DEBUG:colcon.colcon_core.event_handler.log_command:Invoked command in '/home/jmj/pro_asp_ws/ugv_ws/build/ugv_controller' returned '0': CMAKE_PREFIX_PATH=/opt/ros/humble /usr/bin/cmake --build /home/jmj/pro_asp_ws/ugv_ws/build/ugv_controller -- -j20 -l20
[0.355s] DEBUG:colcon.colcon_core.event_handler.log_command:Invoking command in '/home/jmj/pro_asp_ws/ugv_ws/build/ugv_controller': CMAKE_PREFIX_PATH=/opt/ros/humble /usr/bin/cmake --install /home/jmj/pro_asp_ws/ugv_ws/build/ugv_controller
[0.355s] DEBUG:colcon.colcon_core.event_handler.log_command:Invoked command in '/home/jmj/pro_asp_ws/ugv_ws/build/gazebo_env_setup' returned '0': CMAKE_PREFIX_PATH=/opt/ros/humble /usr/bin/cmake --build /home/jmj/pro_asp_ws/ugv_ws/build/gazebo_env_setup -- -j20 -l20
[0.357s] DEBUG:colcon.colcon_core.event_handler.log_command:Invoking command in '/home/jmj/pro_asp_ws/ugv_ws/build/gazebo_env_setup': CMAKE_PREFIX_PATH=/opt/ros/humble /usr/bin/cmake --install /home/jmj/pro_asp_ws/ugv_ws/build/gazebo_env_setup
[0.362s] Level 1:colcon.colcon_core.environment:create_environment_scripts_only(drone_takeoff_pub)
[0.362s] DEBUG:colcon.colcon_core.event_handler.log_command:Invoked command in '/home/jmj/pro_asp_ws/ugv_ws/build/drone_takeoff_pub' returned '0': CMAKE_PREFIX_PATH=/opt/ros/humble /usr/bin/cmake --install /home/jmj/pro_asp_ws/ugv_ws/build/drone_takeoff_pub
[0.369s] Level 1:colcon.colcon_core.environment:checking '/home/jmj/pro_asp_ws/ugv_ws/install/drone_takeoff_pub' for CMake module files
[0.369s] Level 1:colcon.colcon_core.environment:checking '/home/jmj/pro_asp_ws/ugv_ws/install/drone_takeoff_pub' for CMake config files
[0.369s] Level 1:colcon.colcon_core.shell:create_environment_hook('drone_takeoff_pub', 'cmake_prefix_path')
[0.370s] INFO:colcon.colcon_core.shell:Creating environment hook '/home/jmj/pro_asp_ws/ugv_ws/install/drone_takeoff_pub/share/drone_takeoff_pub/hook/cmake_prefix_path.ps1'
[0.370s] INFO:colcon.colcon_core.shell:Creating environment descriptor '/home/jmj/pro_asp_ws/ugv_ws/install/drone_takeoff_pub/share/drone_takeoff_pub/hook/cmake_prefix_path.dsv'
[0.371s] INFO:colcon.colcon_core.shell:Creating environment hook '/home/jmj/pro_asp_ws/ugv_ws/install/drone_takeoff_pub/share/drone_takeoff_pub/hook/cmake_prefix_path.sh'
[0.372s] Level 1:colcon.colcon_core.environment:checking '/home/jmj/pro_asp_ws/ugv_ws/install/drone_takeoff_pub/lib'
[0.372s] Level 1:colcon.colcon_core.environment:checking '/home/jmj/pro_asp_ws/ugv_ws/install/drone_takeoff_pub/bin'
[0.372s] Level 1:colcon.colcon_core.environment:checking '/home/jmj/pro_asp_ws/ugv_ws/install/drone_takeoff_pub/lib/pkgconfig/drone_takeoff_pub.pc'
[0.373s] Level 1:colcon.colcon_core.environment:checking '/home/jmj/pro_asp_ws/ugv_ws/install/drone_takeoff_pub/lib/python3.10/site-packages'
[0.373s] Level 1:colcon.colcon_core.environment:checking '/home/jmj/pro_asp_ws/ugv_ws/install/drone_takeoff_pub/bin'
[0.373s] INFO:colcon.colcon_core.shell:Creating package script '/home/jmj/pro_asp_ws/ugv_ws/install/drone_takeoff_pub/share/drone_takeoff_pub/package.ps1'
[0.374s] INFO:colcon.colcon_core.shell:Creating package descriptor '/home/jmj/pro_asp_ws/ugv_ws/install/drone_takeoff_pub/share/drone_takeoff_pub/package.dsv'
[0.375s] INFO:colcon.colcon_core.shell:Creating package script '/home/jmj/pro_asp_ws/ugv_ws/install/drone_takeoff_pub/share/drone_takeoff_pub/package.sh'
[0.375s] INFO:colcon.colcon_core.shell:Creating package script '/home/jmj/pro_asp_ws/ugv_ws/install/drone_takeoff_pub/share/drone_takeoff_pub/package.bash'
[0.376s] INFO:colcon.colcon_core.shell:Creating package script '/home/jmj/pro_asp_ws/ugv_ws/install/drone_takeoff_pub/share/drone_takeoff_pub/package.zsh'
[0.376s] Level 1:colcon.colcon_core.environment:create_file_with_runtime_dependencies(/home/jmj/pro_asp_ws/ugv_ws/install/drone_takeoff_pub/share/colcon-core/packages/drone_takeoff_pub)
[0.377s] Level 1:colcon.colcon_core.environment:create_environment_scripts_only(drone_takeoff_pub)
[0.377s] Level 1:colcon.colcon_core.environment:checking '/home/jmj/pro_asp_ws/ugv_ws/install/drone_takeoff_pub' for CMake module files
[0.377s] Level 1:colcon.colcon_core.environment:checking '/home/jmj/pro_asp_ws/ugv_ws/install/drone_takeoff_pub' for CMake config files
[0.377s] Level 1:colcon.colcon_core.shell:create_environment_hook('drone_takeoff_pub', 'cmake_prefix_path')
[0.378s] INFO:colcon.colcon_core.shell:Creating environment hook '/home/jmj/pro_asp_ws/ugv_ws/install/drone_takeoff_pub/share/drone_takeoff_pub/hook/cmake_prefix_path.ps1'
[0.378s] INFO:colcon.colcon_core.shell:Creating environment descriptor '/home/jmj/pro_asp_ws/ugv_ws/install/drone_takeoff_pub/share/drone_takeoff_pub/hook/cmake_prefix_path.dsv'
[0.378s] INFO:colcon.colcon_core.shell:Creating environment hook '/home/jmj/pro_asp_ws/ugv_ws/install/drone_takeoff_pub/share/drone_takeoff_pub/hook/cmake_prefix_path.sh'
[0.378s] Level 1:colcon.colcon_core.environment:checking '/home/jmj/pro_asp_ws/ugv_ws/install/drone_takeoff_pub/lib'
[0.378s] Level 1:colcon.colcon_core.environment:checking '/home/jmj/pro_asp_ws/ugv_ws/install/drone_takeoff_pub/bin'
[0.378s] Level 1:colcon.colcon_core.environment:checking '/home/jmj/pro_asp_ws/ugv_ws/install/drone_takeoff_pub/lib/pkgconfig/drone_takeoff_pub.pc'
[0.379s] Level 1:colcon.colcon_core.environment:checking '/home/jmj/pro_asp_ws/ugv_ws/install/drone_takeoff_pub/lib/python3.10/site-packages'
[0.379s] Level 1:colcon.colcon_core.environment:checking '/home/jmj/pro_asp_ws/ugv_ws/install/drone_takeoff_pub/bin'
[0.379s] INFO:colcon.colcon_core.shell:Creating package script '/home/jmj/pro_asp_ws/ugv_ws/install/drone_takeoff_pub/share/drone_takeoff_pub/package.ps1'
[0.379s] INFO:colcon.colcon_core.shell:Creating package descriptor '/home/jmj/pro_asp_ws/ugv_ws/install/drone_takeoff_pub/share/drone_takeoff_pub/package.dsv'
[0.380s] INFO:colcon.colcon_core.shell:Creating package script '/home/jmj/pro_asp_ws/ugv_ws/install/drone_takeoff_pub/share/drone_takeoff_pub/package.sh'
[0.380s] INFO:colcon.colcon_core.shell:Creating package script '/home/jmj/pro_asp_ws/ugv_ws/install/drone_takeoff_pub/share/drone_takeoff_pub/package.bash'
[0.380s] INFO:colcon.colcon_core.shell:Creating package script '/home/jmj/pro_asp_ws/ugv_ws/install/drone_takeoff_pub/share/drone_takeoff_pub/package.zsh'
[0.380s] Level 1:colcon.colcon_core.environment:create_file_with_runtime_dependencies(/home/jmj/pro_asp_ws/ugv_ws/install/drone_takeoff_pub/share/colcon-core/packages/drone_takeoff_pub)
[0.381s] Level 1:colcon.colcon_core.environment:create_environment_scripts_only(gazebo_env_setup)
[0.381s] Level 1:colcon.colcon_core.environment:checking '/home/jmj/pro_asp_ws/ugv_ws/install/gazebo_env_setup' for CMake module files
[0.381s] DEBUG:colcon.colcon_core.event_handler.log_command:Invoked command in '/home/jmj/pro_asp_ws/ugv_ws/build/gazebo_env_setup' returned '0': CMAKE_PREFIX_PATH=/opt/ros/humble /usr/bin/cmake --install /home/jmj/pro_asp_ws/ugv_ws/build/gazebo_env_setup
[0.382s] Level 1:colcon.colcon_core.environment:checking '/home/jmj/pro_asp_ws/ugv_ws/install/gazebo_env_setup' for CMake config files
[0.382s] Level 1:colcon.colcon_core.shell:create_environment_hook('gazebo_env_setup', 'cmake_prefix_path')
[0.382s] INFO:colcon.colcon_core.shell:Creating environment hook '/home/jmj/pro_asp_ws/ugv_ws/install/gazebo_env_setup/share/gazebo_env_setup/hook/cmake_prefix_path.ps1'
[0.382s] INFO:colcon.colcon_core.shell:Creating environment descriptor '/home/jmj/pro_asp_ws/ugv_ws/install/gazebo_env_setup/share/gazebo_env_setup/hook/cmake_prefix_path.dsv'
[0.382s] INFO:colcon.colcon_core.shell:Creating environment hook '/home/jmj/pro_asp_ws/ugv_ws/install/gazebo_env_setup/share/gazebo_env_setup/hook/cmake_prefix_path.sh'
[0.383s] Level 1:colcon.colcon_core.environment:checking '/home/jmj/pro_asp_ws/ugv_ws/install/gazebo_env_setup/lib'
[0.383s] Level 1:colcon.colcon_core.environment:checking '/home/jmj/pro_asp_ws/ugv_ws/install/gazebo_env_setup/bin'
[0.383s] Level 1:colcon.colcon_core.environment:checking '/home/jmj/pro_asp_ws/ugv_ws/install/gazebo_env_setup/lib/pkgconfig/gazebo_env_setup.pc'
[0.383s] Level 1:colcon.colcon_core.environment:checking '/home/jmj/pro_asp_ws/ugv_ws/install/gazebo_env_setup/lib/python3.10/site-packages'
[0.383s] Level 1:colcon.colcon_core.environment:checking '/home/jmj/pro_asp_ws/ugv_ws/install/gazebo_env_setup/bin'
[0.383s] INFO:colcon.colcon_core.shell:Creating package script '/home/jmj/pro_asp_ws/ugv_ws/install/gazebo_env_setup/share/gazebo_env_setup/package.ps1'
[0.383s] INFO:colcon.colcon_core.shell:Creating package descriptor '/home/jmj/pro_asp_ws/ugv_ws/install/gazebo_env_setup/share/gazebo_env_setup/package.dsv'
[0.384s] INFO:colcon.colcon_core.shell:Creating package script '/home/jmj/pro_asp_ws/ugv_ws/install/gazebo_env_setup/share/gazebo_env_setup/package.sh'
[0.384s] INFO:colcon.colcon_core.shell:Creating package script '/home/jmj/pro_asp_ws/ugv_ws/install/gazebo_env_setup/share/gazebo_env_setup/package.bash'
[0.384s] INFO:colcon.colcon_core.shell:Creating package script '/home/jmj/pro_asp_ws/ugv_ws/install/gazebo_env_setup/share/gazebo_env_setup/package.zsh'
[0.384s] Level 1:colcon.colcon_core.environment:create_file_with_runtime_dependencies(/home/jmj/pro_asp_ws/ugv_ws/install/gazebo_env_setup/share/colcon-core/packages/gazebo_env_setup)
[0.384s] Level 1:colcon.colcon_core.environment:create_environment_scripts_only(gazebo_env_setup)
[0.385s] Level 1:colcon.colcon_core.environment:checking '/home/jmj/pro_asp_ws/ugv_ws/install/gazebo_env_setup' for CMake module files
[0.385s] Level 1:colcon.colcon_core.environment:checking '/home/jmj/pro_asp_ws/ugv_ws/install/gazebo_env_setup' for CMake config files
[0.385s] Level 1:colcon.colcon_core.shell:create_environment_hook('gazebo_env_setup', 'cmake_prefix_path')
[0.385s] INFO:colcon.colcon_core.shell:Creating environment hook '/home/jmj/pro_asp_ws/ugv_ws/install/gazebo_env_setup/share/gazebo_env_setup/hook/cmake_prefix_path.ps1'
[0.385s] INFO:colcon.colcon_core.shell:Creating environment descriptor '/home/jmj/pro_asp_ws/ugv_ws/install/gazebo_env_setup/share/gazebo_env_setup/hook/cmake_prefix_path.dsv'
[0.386s] INFO:colcon.colcon_core.shell:Creating environment hook '/home/jmj/pro_asp_ws/ugv_ws/install/gazebo_env_setup/share/gazebo_env_setup/hook/cmake_prefix_path.sh'
[0.386s] Level 1:colcon.colcon_core.environment:checking '/home/jmj/pro_asp_ws/ugv_ws/install/gazebo_env_setup/lib'
[0.386s] Level 1:colcon.colcon_core.environment:checking '/home/jmj/pro_asp_ws/ugv_ws/install/gazebo_env_setup/bin'
[0.386s] Level 1:colcon.colcon_core.environment:checking '/home/jmj/pro_asp_ws/ugv_ws/install/gazebo_env_setup/lib/pkgconfig/gazebo_env_setup.pc'
[0.386s] Level 1:colcon.colcon_core.environment:checking '/home/jmj/pro_asp_ws/ugv_ws/install/gazebo_env_setup/lib/python3.10/site-packages'
[0.386s] Level 1:colcon.colcon_core.environment:checking '/home/jmj/pro_asp_ws/ugv_ws/install/gazebo_env_setup/bin'
[0.386s] INFO:colcon.colcon_core.shell:Creating package script '/home/jmj/pro_asp_ws/ugv_ws/install/gazebo_env_setup/share/gazebo_env_setup/package.ps1'
[0.387s] INFO:colcon.colcon_core.shell:Creating package descriptor '/home/jmj/pro_asp_ws/ugv_ws/install/gazebo_env_setup/share/gazebo_env_setup/package.dsv'
[0.387s] INFO:colcon.colcon_core.shell:Creating package script '/home/jmj/pro_asp_ws/ugv_ws/install/gazebo_env_setup/share/gazebo_env_setup/package.sh'
[0.387s] INFO:colcon.colcon_core.shell:Creating package script '/home/jmj/pro_asp_ws/ugv_ws/install/gazebo_env_setup/share/gazebo_env_setup/package.bash'
[0.388s] INFO:colcon.colcon_core.shell:Creating package script '/home/jmj/pro_asp_ws/ugv_ws/install/gazebo_env_setup/share/gazebo_env_setup/package.zsh'
[0.388s] Level 1:colcon.colcon_core.environment:create_file_with_runtime_dependencies(/home/jmj/pro_asp_ws/ugv_ws/install/gazebo_env_setup/share/colcon-core/packages/gazebo_env_setup)
[0.388s] Level 1:colcon.colcon_core.environment:create_environment_scripts_only(ugv_controller)
[0.388s] Level 1:colcon.colcon_core.environment:checking '/home/jmj/pro_asp_ws/ugv_ws/install/ugv_controller' for CMake module files
[0.389s] Level 1:colcon.colcon_core.environment:checking '/home/jmj/pro_asp_ws/ugv_ws/install/ugv_controller' for CMake config files
[0.389s] DEBUG:colcon.colcon_core.event_handler.log_command:Invoked command in '/home/jmj/pro_asp_ws/ugv_ws/build/ugv_controller' returned '0': CMAKE_PREFIX_PATH=/opt/ros/humble /usr/bin/cmake --install /home/jmj/pro_asp_ws/ugv_ws/build/ugv_controller
[0.389s] Level 1:colcon.colcon_core.shell:create_environment_hook('ugv_controller', 'cmake_prefix_path')
[0.389s] INFO:colcon.colcon_core.shell:Creating environment hook '/home/jmj/pro_asp_ws/ugv_ws/install/ugv_controller/share/ugv_controller/hook/cmake_prefix_path.ps1'
[0.390s] INFO:colcon.colcon_core.shell:Creating environment descriptor '/home/jmj/pro_asp_ws/ugv_ws/install/ugv_controller/share/ugv_controller/hook/cmake_prefix_path.dsv'
[0.390s] INFO:colcon.colcon_core.shell:Creating environment hook '/home/jmj/pro_asp_ws/ugv_ws/install/ugv_controller/share/ugv_controller/hook/cmake_prefix_path.sh'
[0.391s] Level 1:colcon.colcon_core.environment:checking '/home/jmj/pro_asp_ws/ugv_ws/install/ugv_controller/lib'
[0.391s] Level 1:colcon.colcon_core.environment:checking '/home/jmj/pro_asp_ws/ugv_ws/install/ugv_controller/bin'
[0.391s] Level 1:colcon.colcon_core.environment:checking '/home/jmj/pro_asp_ws/ugv_ws/install/ugv_controller/lib/pkgconfig/ugv_controller.pc'
[0.391s] Level 1:colcon.colcon_core.environment:checking '/home/jmj/pro_asp_ws/ugv_ws/install/ugv_controller/lib/python3.10/site-packages'
[0.391s] Level 1:colcon.colcon_core.environment:checking '/home/jmj/pro_asp_ws/ugv_ws/install/ugv_controller/bin'
[0.391s] INFO:colcon.colcon_core.shell:Creating package script '/home/jmj/pro_asp_ws/ugv_ws/install/ugv_controller/share/ugv_controller/package.ps1'
[0.392s] INFO:colcon.colcon_core.shell:Creating package descriptor '/home/jmj/pro_asp_ws/ugv_ws/install/ugv_controller/share/ugv_controller/package.dsv'
[0.392s] INFO:colcon.colcon_core.shell:Creating package script '/home/jmj/pro_asp_ws/ugv_ws/install/ugv_controller/share/ugv_controller/package.sh'
[0.392s] INFO:colcon.colcon_core.shell:Creating package script '/home/jmj/pro_asp_ws/ugv_ws/install/ugv_controller/share/ugv_controller/package.bash'
[0.392s] INFO:colcon.colcon_core.shell:Creating package script '/home/jmj/pro_asp_ws/ugv_ws/install/ugv_controller/share/ugv_controller/package.zsh'
[0.393s] Level 1:colcon.colcon_core.environment:create_file_with_runtime_dependencies(/home/jmj/pro_asp_ws/ugv_ws/install/ugv_controller/share/colcon-core/packages/ugv_controller)
[0.393s] Level 1:colcon.colcon_core.environment:create_environment_scripts_only(ugv_controller)
[0.393s] Level 1:colcon.colcon_core.environment:checking '/home/jmj/pro_asp_ws/ugv_ws/install/ugv_controller' for CMake module files
[0.393s] Level 1:colcon.colcon_core.environment:checking '/home/jmj/pro_asp_ws/ugv_ws/install/ugv_controller' for CMake config files
[0.393s] Level 1:colcon.colcon_core.shell:create_environment_hook('ugv_controller', 'cmake_prefix_path')
[0.393s] INFO:colcon.colcon_core.shell:Creating environment hook '/home/jmj/pro_asp_ws/ugv_ws/install/ugv_controller/share/ugv_controller/hook/cmake_prefix_path.ps1'
[0.394s] INFO:colcon.colcon_core.shell:Creating environment descriptor '/home/jmj/pro_asp_ws/ugv_ws/install/ugv_controller/share/ugv_controller/hook/cmake_prefix_path.dsv'
[0.394s] INFO:colcon.colcon_core.shell:Creating environment hook '/home/jmj/pro_asp_ws/ugv_ws/install/ugv_controller/share/ugv_controller/hook/cmake_prefix_path.sh'
[0.394s] Level 1:colcon.colcon_core.environment:checking '/home/jmj/pro_asp_ws/ugv_ws/install/ugv_controller/lib'
[0.394s] Level 1:colcon.colcon_core.environment:checking '/home/jmj/pro_asp_ws/ugv_ws/install/ugv_controller/bin'
[0.394s] Level 1:colcon.colcon_core.environment:checking '/home/jmj/pro_asp_ws/ugv_ws/install/ugv_controller/lib/pkgconfig/ugv_controller.pc'
[0.394s] Level 1:colcon.colcon_core.environment:checking '/home/jmj/pro_asp_ws/ugv_ws/install/ugv_controller/lib/python3.10/site-packages'
[0.394s] Level 1:colcon.colcon_core.environment:checking '/home/jmj/pro_asp_ws/ugv_ws/install/ugv_controller/bin'
[0.395s] INFO:colcon.colcon_core.shell:Creating package script '/home/jmj/pro_asp_ws/ugv_ws/install/ugv_controller/share/ugv_controller/package.ps1'
[0.395s] INFO:colcon.colcon_core.shell:Creating package descriptor '/home/jmj/pro_asp_ws/ugv_ws/install/ugv_controller/share/ugv_controller/package.dsv'
[0.395s] INFO:colcon.colcon_core.shell:Creating package script '/home/jmj/pro_asp_ws/ugv_ws/install/ugv_controller/share/ugv_controller/package.sh'
[0.395s] INFO:colcon.colcon_core.shell:Creating package script '/home/jmj/pro_asp_ws/ugv_ws/install/ugv_controller/share/ugv_controller/package.bash'
[0.395s] INFO:colcon.colcon_core.shell:Creating package script '/home/jmj/pro_asp_ws/ugv_ws/install/ugv_controller/share/ugv_controller/package.zsh'
[0.396s] Level 1:colcon.colcon_core.environment:create_file_with_runtime_dependencies(/home/jmj/pro_asp_ws/ugv_ws/install/ugv_controller/share/colcon-core/packages/ugv_controller)
[0.396s] DEBUG:colcon.colcon_parallel_executor.executor.parallel:closing loop
[0.396s] DEBUG:colcon.colcon_parallel_executor.executor.parallel:loop closed
[0.396s] DEBUG:colcon.colcon_parallel_executor.executor.parallel:run_until_complete finished with '0'
[0.396s] DEBUG:colcon.colcon_core.event_reactor:joining thread
[0.401s] INFO:colcon.colcon_core.plugin_system:Skipping extension 'colcon_notification.desktop_notification.terminal_notifier': Not used on non-Darwin systems
[0.401s] INFO:colcon.colcon_core.plugin_system:Skipping extension 'colcon_notification.desktop_notification.win32': Not used on non-Windows systems
[0.401s] INFO:colcon.colcon_notification.desktop_notification:Sending desktop notification using 'notify2'
[0.409s] DEBUG:colcon.colcon_core.event_reactor:joined thread
[0.409s] INFO:colcon.colcon_core.shell:Creating prefix script '/home/jmj/pro_asp_ws/ugv_ws/install/local_setup.ps1'
[0.410s] INFO:colcon.colcon_core.shell:Creating prefix util module '/home/jmj/pro_asp_ws/ugv_ws/install/_local_setup_util_ps1.py'
[0.411s] INFO:colcon.colcon_core.shell:Creating prefix chain script '/home/jmj/pro_asp_ws/ugv_ws/install/setup.ps1'
[0.411s] INFO:colcon.colcon_core.shell:Creating prefix script '/home/jmj/pro_asp_ws/ugv_ws/install/local_setup.sh'
[0.412s] INFO:colcon.colcon_core.shell:Creating prefix util module '/home/jmj/pro_asp_ws/ugv_ws/install/_local_setup_util_sh.py'
[0.412s] INFO:colcon.colcon_core.shell:Creating prefix chain script '/home/jmj/pro_asp_ws/ugv_ws/install/setup.sh'
[0.413s] INFO:colcon.colcon_core.shell:Creating prefix script '/home/jmj/pro_asp_ws/ugv_ws/install/local_setup.bash'
[0.413s] INFO:colcon.colcon_core.shell:Creating prefix chain script '/home/jmj/pro_asp_ws/ugv_ws/install/setup.bash'
[0.414s] INFO:colcon.colcon_core.shell:Creating prefix script '/home/jmj/pro_asp_ws/ugv_ws/install/local_setup.zsh'
[0.414s] INFO:colcon.colcon_core.shell:Creating prefix chain script '/home/jmj/pro_asp_ws/ugv_ws/install/setup.zsh'
