[0.012s] Invoking command in '/home/jmj/pro_asp_ws/ws_px4_controls/build/uav_controller_pkg': CMAKE_PREFIX_PATH=/home/jmj/pro_asp_ws/ws_px4_controls/install/px4_msgs:/home/jmj/pro_asp_ws/ws_px4_controls/install/aruco_interfaces:/home/jmj/pro_asp_ws/ws_px4_controls/install/utilities_pkg:/home/jmj/pro_asp_ws/ws_px4_controls/install/uav_controller_pkg:/home/jmj/pro_asp_ws/ws_px4_controls/install/px4_ros_com:/home/jmj/pro_asp_ws/ws_px4_controls/install/multi_tracker:/opt/ros/humble LD_LIBRARY_PATH=/home/jmj/pro_asp_ws/ws_px4_controls/install/px4_msgs/lib:/home/jmj/pro_asp_ws/ws_px4_controls/install/aruco_interfaces/lib:/home/jmj/pro_asp_ws/ws_px4_controls/install/px4_ros_com/lib:/opt/ros/humble/opt/rviz_ogre_vendor/lib:/opt/ros/humble/lib/x86_64-linux-gnu:/opt/ros/humble/lib:/usr/local/cuda/lib64 /usr/bin/cmake --build /home/jmj/pro_asp_ws/ws_px4_controls/build/uav_controller_pkg -- -j20 -l20
[0.048s] [35m[1mConsolidate compiler generated dependencies of target uav_controller[0m
[0.065s] [ 50%] [32mBuilding CXX object CMakeFiles/uav_controller.dir/src/uav_controller.cpp.o[0m
[8.583s] [100%] [32m[1mLinking CXX executable uav_controller[0m
[9.070s] [100%] Built target uav_controller
[9.079s] Invoked command in '/home/jmj/pro_asp_ws/ws_px4_controls/build/uav_controller_pkg' returned '0': CMAKE_PREFIX_PATH=/home/jmj/pro_asp_ws/ws_px4_controls/install/px4_msgs:/home/jmj/pro_asp_ws/ws_px4_controls/install/aruco_interfaces:/home/jmj/pro_asp_ws/ws_px4_controls/install/utilities_pkg:/home/jmj/pro_asp_ws/ws_px4_controls/install/uav_controller_pkg:/home/jmj/pro_asp_ws/ws_px4_controls/install/px4_ros_com:/home/jmj/pro_asp_ws/ws_px4_controls/install/multi_tracker:/opt/ros/humble LD_LIBRARY_PATH=/home/jmj/pro_asp_ws/ws_px4_controls/install/px4_msgs/lib:/home/jmj/pro_asp_ws/ws_px4_controls/install/aruco_interfaces/lib:/home/jmj/pro_asp_ws/ws_px4_controls/install/px4_ros_com/lib:/opt/ros/humble/opt/rviz_ogre_vendor/lib:/opt/ros/humble/lib/x86_64-linux-gnu:/opt/ros/humble/lib:/usr/local/cuda/lib64 /usr/bin/cmake --build /home/jmj/pro_asp_ws/ws_px4_controls/build/uav_controller_pkg -- -j20 -l20
[9.088s] Invoking command in '/home/jmj/pro_asp_ws/ws_px4_controls/build/uav_controller_pkg': CMAKE_PREFIX_PATH=/home/jmj/pro_asp_ws/ws_px4_controls/install/px4_msgs:/home/jmj/pro_asp_ws/ws_px4_controls/install/aruco_interfaces:/home/jmj/pro_asp_ws/ws_px4_controls/install/utilities_pkg:/home/jmj/pro_asp_ws/ws_px4_controls/install/uav_controller_pkg:/home/jmj/pro_asp_ws/ws_px4_controls/install/px4_ros_com:/home/jmj/pro_asp_ws/ws_px4_controls/install/multi_tracker:/opt/ros/humble LD_LIBRARY_PATH=/home/jmj/pro_asp_ws/ws_px4_controls/install/px4_msgs/lib:/home/jmj/pro_asp_ws/ws_px4_controls/install/aruco_interfaces/lib:/home/jmj/pro_asp_ws/ws_px4_controls/install/px4_ros_com/lib:/opt/ros/humble/opt/rviz_ogre_vendor/lib:/opt/ros/humble/lib/x86_64-linux-gnu:/opt/ros/humble/lib:/usr/local/cuda/lib64 /usr/bin/cmake --install /home/jmj/pro_asp_ws/ws_px4_controls/build/uav_controller_pkg
[9.095s] -- Install configuration: ""
[9.095s] -- Installing: /home/jmj/pro_asp_ws/ws_px4_controls/install/uav_controller_pkg/lib/uav_controller_pkg/uav_controller
[9.099s] -- Set runtime path of "/home/jmj/pro_asp_ws/ws_px4_controls/install/uav_controller_pkg/lib/uav_controller_pkg/uav_controller" to ""
[9.099s] -- Up-to-date: /home/jmj/pro_asp_ws/ws_px4_controls/install/uav_controller_pkg/share/ament_index/resource_index/package_run_dependencies/uav_controller_pkg
[9.100s] -- Up-to-date: /home/jmj/pro_asp_ws/ws_px4_controls/install/uav_controller_pkg/share/ament_index/resource_index/parent_prefix_path/uav_controller_pkg
[9.100s] -- Up-to-date: /home/jmj/pro_asp_ws/ws_px4_controls/install/uav_controller_pkg/share/uav_controller_pkg/environment/ament_prefix_path.sh
[9.100s] -- Up-to-date: /home/jmj/pro_asp_ws/ws_px4_controls/install/uav_controller_pkg/share/uav_controller_pkg/environment/ament_prefix_path.dsv
[9.100s] -- Up-to-date: /home/jmj/pro_asp_ws/ws_px4_controls/install/uav_controller_pkg/share/uav_controller_pkg/environment/path.sh
[9.100s] -- Up-to-date: /home/jmj/pro_asp_ws/ws_px4_controls/install/uav_controller_pkg/share/uav_controller_pkg/environment/path.dsv
[9.100s] -- Up-to-date: /home/jmj/pro_asp_ws/ws_px4_controls/install/uav_controller_pkg/share/uav_controller_pkg/local_setup.bash
[9.100s] -- Up-to-date: /home/jmj/pro_asp_ws/ws_px4_controls/install/uav_controller_pkg/share/uav_controller_pkg/local_setup.sh
[9.100s] -- Up-to-date: /home/jmj/pro_asp_ws/ws_px4_controls/install/uav_controller_pkg/share/uav_controller_pkg/local_setup.zsh
[9.100s] -- Up-to-date: /home/jmj/pro_asp_ws/ws_px4_controls/install/uav_controller_pkg/share/uav_controller_pkg/local_setup.dsv
[9.100s] -- Installing: /home/jmj/pro_asp_ws/ws_px4_controls/install/uav_controller_pkg/share/uav_controller_pkg/package.dsv
[9.100s] -- Up-to-date: /home/jmj/pro_asp_ws/ws_px4_controls/install/uav_controller_pkg/share/ament_index/resource_index/packages/uav_controller_pkg
[9.100s] -- Up-to-date: /home/jmj/pro_asp_ws/ws_px4_controls/install/uav_controller_pkg/share/uav_controller_pkg/cmake/uav_controller_pkgConfig.cmake
[9.100s] -- Up-to-date: /home/jmj/pro_asp_ws/ws_px4_controls/install/uav_controller_pkg/share/uav_controller_pkg/cmake/uav_controller_pkgConfig-version.cmake
[9.100s] -- Up-to-date: /home/jmj/pro_asp_ws/ws_px4_controls/install/uav_controller_pkg/share/uav_controller_pkg/package.xml
[9.101s] Invoked command in '/home/jmj/pro_asp_ws/ws_px4_controls/build/uav_controller_pkg' returned '0': CMAKE_PREFIX_PATH=/home/jmj/pro_asp_ws/ws_px4_controls/install/px4_msgs:/home/jmj/pro_asp_ws/ws_px4_controls/install/aruco_interfaces:/home/jmj/pro_asp_ws/ws_px4_controls/install/utilities_pkg:/home/jmj/pro_asp_ws/ws_px4_controls/install/uav_controller_pkg:/home/jmj/pro_asp_ws/ws_px4_controls/install/px4_ros_com:/home/jmj/pro_asp_ws/ws_px4_controls/install/multi_tracker:/opt/ros/humble LD_LIBRARY_PATH=/home/jmj/pro_asp_ws/ws_px4_controls/install/px4_msgs/lib:/home/jmj/pro_asp_ws/ws_px4_controls/install/aruco_interfaces/lib:/home/jmj/pro_asp_ws/ws_px4_controls/install/px4_ros_com/lib:/opt/ros/humble/opt/rviz_ogre_vendor/lib:/opt/ros/humble/lib/x86_64-linux-gnu:/opt/ros/humble/lib:/usr/local/cuda/lib64 /usr/bin/cmake --install /home/jmj/pro_asp_ws/ws_px4_controls/build/uav_controller_pkg
