[0.010s] Invoking command in '/home/jmj/pro_asp_ws/ws_px4_controls/build/px4_ros_com': CMAKE_PREFIX_PATH=/home/jmj/pro_asp_ws/ws_px4_controls/install/px4_msgs:/home/jmj/pro_asp_ws/ws_px4_controls/install/utilities_pkg:/home/jmj/pro_asp_ws/ws_px4_controls/install/uav_controller_pkg:/home/jmj/pro_asp_ws/ws_px4_controls/install/px4_ros_com:/home/jmj/pro_asp_ws/ws_px4_controls/install/multi_tracker:/home/jmj/pro_asp_ws/ws_px4_controls/install/aruco_interfaces:/opt/ros/humble LD_LIBRARY_PATH=/home/jmj/pro_asp_ws/ws_px4_controls/install/px4_msgs/lib:/home/jmj/pro_asp_ws/ws_px4_controls/install/px4_ros_com/lib:/home/jmj/pro_asp_ws/ws_px4_controls/install/aruco_interfaces/lib:/usr/local/cuda/lib64:/opt/ros/humble/opt/rviz_ogre_vendor/lib:/opt/ros/humble/lib/x86_64-linux-gnu:/opt/ros/humble/lib:/usr/local/cuda/lib64 /usr/bin/cmake --build /home/jmj/pro_asp_ws/ws_px4_controls/build/px4_ros_com -- -j20 -l20
[0.074s] [35m[1mConsolidate compiler generated dependencies of target offboard_control[0m
[0.093s] [ 37%] Built target cli_pose_command
[0.093s] [ 37%] Built target frame_transforms
[0.093s] [ 37%] Built target sensor_combined_listener
[0.093s] [ 50%] Built target vehicle_gps_position_listener
[0.094s] [ 62%] Built target offboard_control_srv
[0.098s] [ 75%] Built target offboard_control_key
[0.098s] [ 87%] Built target debug_vect_advertiser
[0.098s] [ 87%] Built target ament_cmake_python_copy_px4_ros_com
[0.103s] [ 93%] [32mBuilding CXX object CMakeFiles/offboard_control.dir/src/examples/offboard/offboard_control.cpp.o[0m
[0.282s] running egg_info
[0.283s] writing px4_ros_com.egg-info/PKG-INFO
[0.283s] writing dependency_links to px4_ros_com.egg-info/dependency_links.txt
[0.283s] writing top-level names to px4_ros_com.egg-info/top_level.txt
[0.285s] reading manifest file 'px4_ros_com.egg-info/SOURCES.txt'
[0.285s] writing manifest file 'px4_ros_com.egg-info/SOURCES.txt'
[0.304s] [ 93%] Built target ament_cmake_python_build_px4_ros_com_egg
[6.224s] [01m[K/home/jmj/pro_asp_ws/ws_px4_controls/src/px4_ros_com/src/examples/offboard/offboard_control.cpp:[m[K In member function ‘[01m[Kvoid OffboardControl::pose_callback(geometry_msgs::msg::PoseStamped_<std::allocator<void> >::SharedPtr)[m[K’:
[6.224s] [01m[K/home/jmj/pro_asp_ws/ws_px4_controls/src/px4_ros_com/src/examples/offboard/offboard_control.cpp:104:10:[m[K [01;31m[Kerror: [m[K‘[01m[Kodom_origin_set_[m[K’ was not declared in this scope
[6.225s]   104 |     if (![01;31m[Kodom_origin_set_[m[K) {
[6.225s]       |          [01;31m[K^~~~~~~~~~~~~~~~[m[K
[6.225s] [01m[K/home/jmj/pro_asp_ws/ws_px4_controls/src/px4_ros_com/src/examples/offboard/offboard_control.cpp:105:31:[m[K [01;31m[Kerror: [m[K‘[01m[KT_map_to_odom_[m[K’ was not declared in this scope
[6.225s]   105 |       tf2::fromMsg(msg->pose, [01;31m[KT_map_to_odom_[m[K);  // 초기 위치 및 orientation 저장
[6.225s]       |                               [01;31m[K^~~~~~~~~~~~~~[m[K
[6.225s] [01m[K/home/jmj/pro_asp_ws/ws_px4_controls/src/px4_ros_com/src/examples/offboard/offboard_control.cpp:116:40:[m[K [01;31m[Kerror: [m[K‘[01m[KT_map_to_odom_[m[K’ was not declared in this scope
[6.225s]   116 |     tf2::Transform T_odom_to_current = [01;31m[KT_map_to_odom_[m[K * T_map_to_current;
[6.225s]       |                                        [01;31m[K^~~~~~~~~~~~~~[m[K
[6.225s] [01m[K/home/jmj/pro_asp_ws/ws_px4_controls/src/px4_ros_com/src/examples/offboard/offboard_control.cpp:117:55:[m[K [01;31m[Kerror: [m[Kconversion from ‘[01m[Kgeometry_msgs::msg::Transform[m[K’ {aka ‘[01m[Kgeometry_msgs::msg::Transform_<std::allocator<void> >[m[K’} to non-scalar type ‘[01m[Kgeometry_msgs::msg::Pose[m[K’ {aka ‘[01m[Kgeometry_msgs::msg::Pose_<std::allocator<void> >[m[K’} requested
[6.225s]   117 |     geometry_msgs::msg::Pose pose_in_odom = [01;31m[Ktf2::toMsg(T_odom_to_current)[m[K;
[6.225s]       |                                             [01;31m[K~~~~~~~~~~^~~~~~~~~~~~~~~~~~~[m[K
[6.226s] gmake[2]: *** [CMakeFiles/offboard_control.dir/build.make:76: CMakeFiles/offboard_control.dir/src/examples/offboard/offboard_control.cpp.o] Error 1
[6.226s] gmake[1]: *** [CMakeFiles/Makefile2:258: CMakeFiles/offboard_control.dir/all] Error 2
[6.226s] gmake: *** [Makefile:146: all] Error 2
[6.228s] Invoked command in '/home/jmj/pro_asp_ws/ws_px4_controls/build/px4_ros_com' returned '2': CMAKE_PREFIX_PATH=/home/jmj/pro_asp_ws/ws_px4_controls/install/px4_msgs:/home/jmj/pro_asp_ws/ws_px4_controls/install/utilities_pkg:/home/jmj/pro_asp_ws/ws_px4_controls/install/uav_controller_pkg:/home/jmj/pro_asp_ws/ws_px4_controls/install/px4_ros_com:/home/jmj/pro_asp_ws/ws_px4_controls/install/multi_tracker:/home/jmj/pro_asp_ws/ws_px4_controls/install/aruco_interfaces:/opt/ros/humble LD_LIBRARY_PATH=/home/jmj/pro_asp_ws/ws_px4_controls/install/px4_msgs/lib:/home/jmj/pro_asp_ws/ws_px4_controls/install/px4_ros_com/lib:/home/jmj/pro_asp_ws/ws_px4_controls/install/aruco_interfaces/lib:/usr/local/cuda/lib64:/opt/ros/humble/opt/rviz_ogre_vendor/lib:/opt/ros/humble/lib/x86_64-linux-gnu:/opt/ros/humble/lib:/usr/local/cuda/lib64 /usr/bin/cmake --build /home/jmj/pro_asp_ws/ws_px4_controls/build/px4_ros_com -- -j20 -l20
