[0.015s] Invoking command in '/home/jmj/pro_asp_ws/ws_px4_controls/build/drone_takeoff_pub': CMAKE_PREFIX_PATH=${CMAKE_PREFIX_PATH}:/home/jmj/pro_asp_ws/ws_px4_controls/install/opencv_tests:/opt/ros/humble /usr/bin/cmake --build /home/jmj/pro_asp_ws/ws_px4_controls/build/drone_takeoff_pub -- -j20 -l20
[0.063s] [100%] Built target drone_takeoff_pub
[0.075s] Invoked command in '/home/jmj/pro_asp_ws/ws_px4_controls/build/drone_takeoff_pub' returned '0': CMAKE_PREFIX_PATH=${CMAKE_PREFIX_PATH}:/home/jmj/pro_asp_ws/ws_px4_controls/install/opencv_tests:/opt/ros/humble /usr/bin/cmake --build /home/jmj/pro_asp_ws/ws_px4_controls/build/drone_takeoff_pub -- -j20 -l20
[0.082s] Invoking command in '/home/jmj/pro_asp_ws/ws_px4_controls/build/drone_takeoff_pub': CMAKE_PREFIX_PATH=${CMAKE_PREFIX_PATH}:/home/jmj/pro_asp_ws/ws_px4_controls/install/opencv_tests:/opt/ros/humble /usr/bin/cmake --install /home/jmj/pro_asp_ws/ws_px4_controls/build/drone_takeoff_pub
[0.089s] -- Install configuration: ""
[0.090s] -- Up-to-date: /home/jmj/pro_asp_ws/ws_px4_controls/install/drone_takeoff_pub/lib/drone_takeoff_pub/drone_takeoff_pub
[0.090s] -- Up-to-date: /home/jmj/pro_asp_ws/ws_px4_controls/install/drone_takeoff_pub/share/ament_index/resource_index/package_run_dependencies/drone_takeoff_pub
[0.090s] -- Up-to-date: /home/jmj/pro_asp_ws/ws_px4_controls/install/drone_takeoff_pub/share/ament_index/resource_index/parent_prefix_path/drone_takeoff_pub
[0.090s] -- Up-to-date: /home/jmj/pro_asp_ws/ws_px4_controls/install/drone_takeoff_pub/share/drone_takeoff_pub/environment/ament_prefix_path.sh
[0.090s] -- Up-to-date: /home/jmj/pro_asp_ws/ws_px4_controls/install/drone_takeoff_pub/share/drone_takeoff_pub/environment/ament_prefix_path.dsv
[0.090s] -- Up-to-date: /home/jmj/pro_asp_ws/ws_px4_controls/install/drone_takeoff_pub/share/drone_takeoff_pub/environment/path.sh
[0.090s] -- Up-to-date: /home/jmj/pro_asp_ws/ws_px4_controls/install/drone_takeoff_pub/share/drone_takeoff_pub/environment/path.dsv
[0.091s] -- Up-to-date: /home/jmj/pro_asp_ws/ws_px4_controls/install/drone_takeoff_pub/share/drone_takeoff_pub/local_setup.bash
[0.091s] -- Up-to-date: /home/jmj/pro_asp_ws/ws_px4_controls/install/drone_takeoff_pub/share/drone_takeoff_pub/local_setup.sh
[0.091s] -- Up-to-date: /home/jmj/pro_asp_ws/ws_px4_controls/install/drone_takeoff_pub/share/drone_takeoff_pub/local_setup.zsh
[0.091s] -- Up-to-date: /home/jmj/pro_asp_ws/ws_px4_controls/install/drone_takeoff_pub/share/drone_takeoff_pub/local_setup.dsv
[0.092s] -- Installing: /home/jmj/pro_asp_ws/ws_px4_controls/install/drone_takeoff_pub/share/drone_takeoff_pub/package.dsv
[0.092s] -- Up-to-date: /home/jmj/pro_asp_ws/ws_px4_controls/install/drone_takeoff_pub/share/ament_index/resource_index/packages/drone_takeoff_pub
[0.092s] -- Up-to-date: /home/jmj/pro_asp_ws/ws_px4_controls/install/drone_takeoff_pub/share/drone_takeoff_pub/cmake/drone_takeoff_pubConfig.cmake
[0.093s] -- Up-to-date: /home/jmj/pro_asp_ws/ws_px4_controls/install/drone_takeoff_pub/share/drone_takeoff_pub/cmake/drone_takeoff_pubConfig-version.cmake
[0.093s] -- Up-to-date: /home/jmj/pro_asp_ws/ws_px4_controls/install/drone_takeoff_pub/share/drone_takeoff_pub/package.xml
[0.093s] Invoked command in '/home/jmj/pro_asp_ws/ws_px4_controls/build/drone_takeoff_pub' returned '0': CMAKE_PREFIX_PATH=${CMAKE_PREFIX_PATH}:/home/jmj/pro_asp_ws/ws_px4_controls/install/opencv_tests:/opt/ros/humble /usr/bin/cmake --install /home/jmj/pro_asp_ws/ws_px4_controls/build/drone_takeoff_pub
