[0.014s] Invoking command in '/home/acdl1/mj_ws/ws_px4_controls/build/px4_ros_com': CMAKE_PREFIX_PATH=/home/acdl1/mj_ws/ws_px4_controls/install/px4_msgs:/home/acdl1/mj_ws/ws_px4_controls/install/vision_opencv:/home/acdl1/mj_ws/ws_px4_controls/install/utilities_pkg:/home/acdl1/mj_ws/ws_px4_controls/install/ugv_controller:/home/acdl1/mj_ws/ws_px4_controls/install/uav_controller_pkg:/home/acdl1/mj_ws/ws_px4_controls/install/px4_ros_com:/home/acdl1/mj_ws/ws_px4_controls/install/multi_tracker:/home/acdl1/mj_ws/ws_px4_controls/install/image_geometry:/home/acdl1/mj_ws/ws_px4_controls/install/gazebo_env_setup:/home/acdl1/mj_ws/ws_px4_controls/install/drone_takeoff_pub:/home/acdl1/mj_ws/ws_px4_controls/install/cv_bridge:/home/acdl1/mj_ws/ws_px4_controls/install/aruco_interfaces:/home/acdl1/mj_ws/ws_px4_controls/install/opencv_tests:/opt/ros/humble LD_LIBRARY_PATH=/home/acdl1/mj_ws/ws_px4_controls/install/px4_msgs/lib:/home/acdl1/mj_ws/ws_px4_controls/install/px4_ros_com/lib:/home/acdl1/mj_ws/ws_px4_controls/install/image_geometry/lib:/home/acdl1/mj_ws/ws_px4_controls/install/cv_bridge/lib:/home/acdl1/mj_ws/ws_px4_controls/install/aruco_interfaces/lib:/opt/ros/humble/opt/rviz_ogre_vendor/lib:/opt/ros/humble/lib/x86_64-linux-gnu:/opt/ros/humble/lib /usr/bin/cmake --build /home/acdl1/mj_ws/ws_px4_controls/build/px4_ros_com -- -j16 -l16
[0.064s] [35m[1mConsolidate compiler generated dependencies of target offboard_control[0m
[0.075s] [ 25%] Built target frame_transforms
[0.076s] [ 25%] Built target sensor_combined_listener
[0.082s] [ 37%] Built target offboard_control_srv
[0.084s] [ 62%] Built target offboard_control_key
[0.085s] [ 62%] Built target debug_vect_advertiser
[0.085s] [ 75%] Built target vehicle_gps_position_listener
[0.087s] [ 75%] Built target ament_cmake_python_copy_px4_ros_com
[0.087s] [ 87%] Built target cli_pose_command
[0.089s] [ 93%] [32mBuilding CXX object CMakeFiles/offboard_control.dir/src/examples/offboard/offboard_control.cpp.o[0m
[0.337s] running egg_info
[0.355s] writing px4_ros_com.egg-info/PKG-INFO
[0.356s] writing dependency_links to px4_ros_com.egg-info/dependency_links.txt
[0.356s] writing top-level names to px4_ros_com.egg-info/top_level.txt
[0.418s] reading manifest file 'px4_ros_com.egg-info/SOURCES.txt'
[0.419s] writing manifest file 'px4_ros_com.egg-info/SOURCES.txt'
[0.463s] [ 93%] Built target ament_cmake_python_build_px4_ros_com_egg
[22.445s] [100%] [32m[1mLinking CXX executable offboard_control[0m
[23.984s] [100%] Built target offboard_control
[23.996s] Invoked command in '/home/acdl1/mj_ws/ws_px4_controls/build/px4_ros_com' returned '0': CMAKE_PREFIX_PATH=/home/acdl1/mj_ws/ws_px4_controls/install/px4_msgs:/home/acdl1/mj_ws/ws_px4_controls/install/vision_opencv:/home/acdl1/mj_ws/ws_px4_controls/install/utilities_pkg:/home/acdl1/mj_ws/ws_px4_controls/install/ugv_controller:/home/acdl1/mj_ws/ws_px4_controls/install/uav_controller_pkg:/home/acdl1/mj_ws/ws_px4_controls/install/px4_ros_com:/home/acdl1/mj_ws/ws_px4_controls/install/multi_tracker:/home/acdl1/mj_ws/ws_px4_controls/install/image_geometry:/home/acdl1/mj_ws/ws_px4_controls/install/gazebo_env_setup:/home/acdl1/mj_ws/ws_px4_controls/install/drone_takeoff_pub:/home/acdl1/mj_ws/ws_px4_controls/install/cv_bridge:/home/acdl1/mj_ws/ws_px4_controls/install/aruco_interfaces:/home/acdl1/mj_ws/ws_px4_controls/install/opencv_tests:/opt/ros/humble LD_LIBRARY_PATH=/home/acdl1/mj_ws/ws_px4_controls/install/px4_msgs/lib:/home/acdl1/mj_ws/ws_px4_controls/install/px4_ros_com/lib:/home/acdl1/mj_ws/ws_px4_controls/install/image_geometry/lib:/home/acdl1/mj_ws/ws_px4_controls/install/cv_bridge/lib:/home/acdl1/mj_ws/ws_px4_controls/install/aruco_interfaces/lib:/opt/ros/humble/opt/rviz_ogre_vendor/lib:/opt/ros/humble/lib/x86_64-linux-gnu:/opt/ros/humble/lib /usr/bin/cmake --build /home/acdl1/mj_ws/ws_px4_controls/build/px4_ros_com -- -j16 -l16
[24.008s] Invoking command in '/home/acdl1/mj_ws/ws_px4_controls/build/px4_ros_com': CMAKE_PREFIX_PATH=/home/acdl1/mj_ws/ws_px4_controls/install/px4_msgs:/home/acdl1/mj_ws/ws_px4_controls/install/vision_opencv:/home/acdl1/mj_ws/ws_px4_controls/install/utilities_pkg:/home/acdl1/mj_ws/ws_px4_controls/install/ugv_controller:/home/acdl1/mj_ws/ws_px4_controls/install/uav_controller_pkg:/home/acdl1/mj_ws/ws_px4_controls/install/px4_ros_com:/home/acdl1/mj_ws/ws_px4_controls/install/multi_tracker:/home/acdl1/mj_ws/ws_px4_controls/install/image_geometry:/home/acdl1/mj_ws/ws_px4_controls/install/gazebo_env_setup:/home/acdl1/mj_ws/ws_px4_controls/install/drone_takeoff_pub:/home/acdl1/mj_ws/ws_px4_controls/install/cv_bridge:/home/acdl1/mj_ws/ws_px4_controls/install/aruco_interfaces:/home/acdl1/mj_ws/ws_px4_controls/install/opencv_tests:/opt/ros/humble LD_LIBRARY_PATH=/home/acdl1/mj_ws/ws_px4_controls/install/px4_msgs/lib:/home/acdl1/mj_ws/ws_px4_controls/install/px4_ros_com/lib:/home/acdl1/mj_ws/ws_px4_controls/install/image_geometry/lib:/home/acdl1/mj_ws/ws_px4_controls/install/cv_bridge/lib:/home/acdl1/mj_ws/ws_px4_controls/install/aruco_interfaces/lib:/opt/ros/humble/opt/rviz_ogre_vendor/lib:/opt/ros/humble/lib/x86_64-linux-gnu:/opt/ros/humble/lib /usr/bin/cmake --install /home/acdl1/mj_ws/ws_px4_controls/build/px4_ros_com
[24.016s] -- Install configuration: ""
[24.016s] -- Up-to-date: /home/acdl1/mj_ws/ws_px4_controls/install/px4_ros_com/lib/px4_ros_com/sensor_combined_listener
[24.017s] -- Up-to-date: /home/acdl1/mj_ws/ws_px4_controls/install/px4_ros_com/lib/px4_ros_com/vehicle_gps_position_listener
[24.017s] -- Up-to-date: /home/acdl1/mj_ws/ws_px4_controls/install/px4_ros_com/lib/px4_ros_com/debug_vect_advertiser
[24.018s] -- Installing: /home/acdl1/mj_ws/ws_px4_controls/install/px4_ros_com/lib/px4_ros_com/offboard_control
[24.031s] -- Set runtime path of "/home/acdl1/mj_ws/ws_px4_controls/install/px4_ros_com/lib/px4_ros_com/offboard_control" to ""
[24.031s] -- Up-to-date: /home/acdl1/mj_ws/ws_px4_controls/install/px4_ros_com/lib/px4_ros_com/offboard_control_srv
[24.031s] -- Up-to-date: /home/acdl1/mj_ws/ws_px4_controls/install/px4_ros_com/lib/px4_ros_com/offboard_control_key
[24.032s] -- Up-to-date: /home/acdl1/mj_ws/ws_px4_controls/install/px4_ros_com/lib/px4_ros_com/cli_pose_command
[24.032s] -- Up-to-date: /home/acdl1/mj_ws/ws_px4_controls/install/px4_ros_com/share/px4_ros_com/environment/library_path.sh
[24.032s] -- Up-to-date: /home/acdl1/mj_ws/ws_px4_controls/install/px4_ros_com/share/px4_ros_com/environment/library_path.dsv
[24.032s] -- Up-to-date: /home/acdl1/mj_ws/ws_px4_controls/install/px4_ros_com/include/px4_ros_com
[24.032s] -- Up-to-date: /home/acdl1/mj_ws/ws_px4_controls/install/px4_ros_com/include/px4_ros_com/frame_transforms.h
[24.032s] -- Up-to-date: /home/acdl1/mj_ws/ws_px4_controls/install/px4_ros_com/lib/libframe_transforms.so
[24.032s] -- Up-to-date: /home/acdl1/mj_ws/ws_px4_controls/install/px4_ros_com/share/px4_ros_com//launch
[24.032s] -- Up-to-date: /home/acdl1/mj_ws/ws_px4_controls/install/px4_ros_com/share/px4_ros_com//launch/sensor_combined_listener.launch.py
[24.032s] -- Up-to-date: /home/acdl1/mj_ws/ws_px4_controls/install/px4_ros_com/share/px4_ros_com//launch/offboard_control_launch.yaml
[24.032s] -- Up-to-date: /home/acdl1/mj_ws/ws_px4_controls/install/px4_ros_com/share/px4_ros_com//test
[24.033s] -- Up-to-date: /home/acdl1/mj_ws/ws_px4_controls/install/px4_ros_com/share/px4_ros_com//test/test_output.py
[24.033s] -- Up-to-date: /home/acdl1/mj_ws/ws_px4_controls/install/px4_ros_com/share/px4_ros_com//test/test_input.py
[24.033s] -- Up-to-date: /home/acdl1/mj_ws/ws_px4_controls/install/px4_ros_com/share/px4_ros_com//test/pipeline_io_test.py
[24.033s] -- Up-to-date: /home/acdl1/mj_ws/ws_px4_controls/install/px4_ros_com/share/px4_ros_com//test/__init__.py
[24.033s] -- Up-to-date: /home/acdl1/mj_ws/ws_px4_controls/install/px4_ros_com/share/px4_ros_com/environment/pythonpath.sh
[24.033s] -- Up-to-date: /home/acdl1/mj_ws/ws_px4_controls/install/px4_ros_com/share/px4_ros_com/environment/pythonpath.dsv
[24.033s] -- Up-to-date: /home/acdl1/mj_ws/ws_px4_controls/install/px4_ros_com/local/lib/python3.10/dist-packages/px4_ros_com-0.1.0-py3.10.egg-info
[24.033s] -- Installing: /home/acdl1/mj_ws/ws_px4_controls/install/px4_ros_com/local/lib/python3.10/dist-packages/px4_ros_com-0.1.0-py3.10.egg-info/SOURCES.txt
[24.033s] -- Installing: /home/acdl1/mj_ws/ws_px4_controls/install/px4_ros_com/local/lib/python3.10/dist-packages/px4_ros_com-0.1.0-py3.10.egg-info/PKG-INFO
[24.034s] -- Installing: /home/acdl1/mj_ws/ws_px4_controls/install/px4_ros_com/local/lib/python3.10/dist-packages/px4_ros_com-0.1.0-py3.10.egg-info/dependency_links.txt
[24.034s] -- Installing: /home/acdl1/mj_ws/ws_px4_controls/install/px4_ros_com/local/lib/python3.10/dist-packages/px4_ros_com-0.1.0-py3.10.egg-info/top_level.txt
[24.034s] -- Up-to-date: /home/acdl1/mj_ws/ws_px4_controls/install/px4_ros_com/local/lib/python3.10/dist-packages/px4_ros_com
[24.034s] -- Up-to-date: /home/acdl1/mj_ws/ws_px4_controls/install/px4_ros_com/local/lib/python3.10/dist-packages/px4_ros_com/module_to_import.py
[24.034s] -- Up-to-date: /home/acdl1/mj_ws/ws_px4_controls/install/px4_ros_com/local/lib/python3.10/dist-packages/px4_ros_com/__init__.py
[24.069s] Listing '/home/acdl1/mj_ws/ws_px4_controls/install/px4_ros_com/local/lib/python3.10/dist-packages/px4_ros_com'...
[24.073s] -- Up-to-date: /home/acdl1/mj_ws/ws_px4_controls/install/px4_ros_com/lib/px4_ros_com/offboard_control.py
[24.073s] -- Up-to-date: /home/acdl1/mj_ws/ws_px4_controls/install/px4_ros_com/share/ament_index/resource_index/package_run_dependencies/px4_ros_com
[24.073s] -- Up-to-date: /home/acdl1/mj_ws/ws_px4_controls/install/px4_ros_com/share/ament_index/resource_index/parent_prefix_path/px4_ros_com
[24.073s] -- Up-to-date: /home/acdl1/mj_ws/ws_px4_controls/install/px4_ros_com/share/px4_ros_com/environment/ament_prefix_path.sh
[24.073s] -- Up-to-date: /home/acdl1/mj_ws/ws_px4_controls/install/px4_ros_com/share/px4_ros_com/environment/ament_prefix_path.dsv
[24.073s] -- Up-to-date: /home/acdl1/mj_ws/ws_px4_controls/install/px4_ros_com/share/px4_ros_com/environment/path.sh
[24.073s] -- Up-to-date: /home/acdl1/mj_ws/ws_px4_controls/install/px4_ros_com/share/px4_ros_com/environment/path.dsv
[24.073s] -- Up-to-date: /home/acdl1/mj_ws/ws_px4_controls/install/px4_ros_com/share/px4_ros_com/local_setup.bash
[24.073s] -- Up-to-date: /home/acdl1/mj_ws/ws_px4_controls/install/px4_ros_com/share/px4_ros_com/local_setup.sh
[24.073s] -- Up-to-date: /home/acdl1/mj_ws/ws_px4_controls/install/px4_ros_com/share/px4_ros_com/local_setup.zsh
[24.073s] -- Up-to-date: /home/acdl1/mj_ws/ws_px4_controls/install/px4_ros_com/share/px4_ros_com/local_setup.dsv
[24.073s] -- Installing: /home/acdl1/mj_ws/ws_px4_controls/install/px4_ros_com/share/px4_ros_com/package.dsv
[24.074s] -- Up-to-date: /home/acdl1/mj_ws/ws_px4_controls/install/px4_ros_com/share/ament_index/resource_index/packages/px4_ros_com
[24.074s] -- Up-to-date: /home/acdl1/mj_ws/ws_px4_controls/install/px4_ros_com/share/px4_ros_com/cmake/export_frame_transformsExport.cmake
[24.074s] -- Up-to-date: /home/acdl1/mj_ws/ws_px4_controls/install/px4_ros_com/share/px4_ros_com/cmake/export_frame_transformsExport-noconfig.cmake
[24.074s] -- Up-to-date: /home/acdl1/mj_ws/ws_px4_controls/install/px4_ros_com/share/px4_ros_com/cmake/ament_cmake_export_dependencies-extras.cmake
[24.074s] -- Up-to-date: /home/acdl1/mj_ws/ws_px4_controls/install/px4_ros_com/share/px4_ros_com/cmake/ament_cmake_export_targets-extras.cmake
[24.074s] -- Up-to-date: /home/acdl1/mj_ws/ws_px4_controls/install/px4_ros_com/share/px4_ros_com/cmake/ament_cmake_export_include_directories-extras.cmake
[24.074s] -- Up-to-date: /home/acdl1/mj_ws/ws_px4_controls/install/px4_ros_com/share/px4_ros_com/cmake/ament_cmake_export_libraries-extras.cmake
[24.074s] -- Up-to-date: /home/acdl1/mj_ws/ws_px4_controls/install/px4_ros_com/share/px4_ros_com/cmake/px4_ros_comConfig.cmake
[24.074s] -- Up-to-date: /home/acdl1/mj_ws/ws_px4_controls/install/px4_ros_com/share/px4_ros_com/cmake/px4_ros_comConfig-version.cmake
[24.074s] -- Up-to-date: /home/acdl1/mj_ws/ws_px4_controls/install/px4_ros_com/share/px4_ros_com/package.xml
[24.075s] Invoked command in '/home/acdl1/mj_ws/ws_px4_controls/build/px4_ros_com' returned '0': CMAKE_PREFIX_PATH=/home/acdl1/mj_ws/ws_px4_controls/install/px4_msgs:/home/acdl1/mj_ws/ws_px4_controls/install/vision_opencv:/home/acdl1/mj_ws/ws_px4_controls/install/utilities_pkg:/home/acdl1/mj_ws/ws_px4_controls/install/ugv_controller:/home/acdl1/mj_ws/ws_px4_controls/install/uav_controller_pkg:/home/acdl1/mj_ws/ws_px4_controls/install/px4_ros_com:/home/acdl1/mj_ws/ws_px4_controls/install/multi_tracker:/home/acdl1/mj_ws/ws_px4_controls/install/image_geometry:/home/acdl1/mj_ws/ws_px4_controls/install/gazebo_env_setup:/home/acdl1/mj_ws/ws_px4_controls/install/drone_takeoff_pub:/home/acdl1/mj_ws/ws_px4_controls/install/cv_bridge:/home/acdl1/mj_ws/ws_px4_controls/install/aruco_interfaces:/home/acdl1/mj_ws/ws_px4_controls/install/opencv_tests:/opt/ros/humble LD_LIBRARY_PATH=/home/acdl1/mj_ws/ws_px4_controls/install/px4_msgs/lib:/home/acdl1/mj_ws/ws_px4_controls/install/px4_ros_com/lib:/home/acdl1/mj_ws/ws_px4_controls/install/image_geometry/lib:/home/acdl1/mj_ws/ws_px4_controls/install/cv_bridge/lib:/home/acdl1/mj_ws/ws_px4_controls/install/aruco_interfaces/lib:/opt/ros/humble/opt/rviz_ogre_vendor/lib:/opt/ros/humble/lib/x86_64-linux-gnu:/opt/ros/humble/lib /usr/bin/cmake --install /home/acdl1/mj_ws/ws_px4_controls/build/px4_ros_com
