[0.016s] Invoking command in '/home/acdl1/mj_ws/ws_px4_controls/build/aruco_interfaces': CMAKE_PREFIX_PATH=/opt/ros/humble /usr/bin/cmake /home/acdl1/mj_ws/ws_px4_controls/src/ws_aruco/src/aruco_interfaces -DCMAKE_INSTALL_PREFIX=/home/acdl1/mj_ws/ws_px4_controls/install/aruco_interfaces
[0.068s] -- The C compiler identification is GNU 11.4.0
[0.138s] -- The CXX compiler identification is GNU 11.4.0
[0.146s] -- Detecting C compiler ABI info
[0.219s] -- Detecting C compiler ABI info - done
[0.226s] -- Check for working C compiler: /usr/bin/cc - skipped
[0.226s] -- Detecting C compile features
[0.227s] -- Detecting C compile features - done
[0.229s] -- Detecting CXX compiler ABI info
[0.318s] -- Detecting CXX compiler ABI info - done
[0.325s] -- Check for working CXX compiler: /usr/bin/c++ - skipped
[0.326s] -- Detecting CXX compile features
[0.326s] -- Detecting CXX compile features - done
[0.328s] -- Found ament_cmake: 1.3.11 (/opt/ros/humble/share/ament_cmake/cmake)
[0.875s] -- Found Python3: /usr/bin/python3 (found version "3.10.12") found components: Interpreter 
[0.978s] -- Found std_msgs: 4.8.0 (/opt/ros/humble/share/std_msgs/cmake)
[1.006s] -- Found rosidl_generator_c: 3.1.6 (/opt/ros/humble/share/rosidl_generator_c/cmake)
[1.009s] -- Found rosidl_adapter: 3.1.6 (/opt/ros/humble/share/rosidl_adapter/cmake)
[1.015s] -- Found rosidl_generator_cpp: 3.1.6 (/opt/ros/humble/share/rosidl_generator_cpp/cmake)
[1.025s] -- Using all available rosidl_typesupport_c: rosidl_typesupport_fastrtps_c;rosidl_typesupport_introspection_c
[1.039s] -- Using all available rosidl_typesupport_cpp: rosidl_typesupport_fastrtps_cpp;rosidl_typesupport_introspection_cpp
[1.060s] -- Found geometry_msgs: 4.8.0 (/opt/ros/humble/share/geometry_msgs/cmake)
[1.071s] -- Found rosidl_default_generators: 1.2.0 (/opt/ros/humble/share/rosidl_default_generators/cmake)
[1.420s] -- Found ament_cmake_ros: 0.10.0 (/opt/ros/humble/share/ament_cmake_ros/cmake)
[2.069s] -- Using all available rosidl_typesupport_c: rosidl_typesupport_fastrtps_c;rosidl_typesupport_introspection_c
[2.302s] -- Using all available rosidl_typesupport_cpp: rosidl_typesupport_fastrtps_cpp;rosidl_typesupport_introspection_cpp
[2.335s] -- Found PythonInterp: /usr/bin/python3 (found suitable version "3.10.12", minimum required is "3.6") 
[2.337s] -- Found python_cmake_module: 0.10.0 (/opt/ros/humble/share/python_cmake_module/cmake)
[2.381s] -- Found PythonLibs: /usr/lib/x86_64-linux-gnu/libpython3.10.so (found suitable version "3.10.12", minimum required is "3.5") 
[2.381s] -- Using PYTHON_EXECUTABLE: /usr/bin/python3
[2.381s] -- Using PYTHON_INCLUDE_DIRS: /usr/include/python3.10
[2.381s] -- Using PYTHON_LIBRARIES: /usr/lib/x86_64-linux-gnu/libpython3.10.so
[2.425s] -- Found PythonExtra: .so  
[2.521s] -- Found ament_lint_auto: 0.12.12 (/opt/ros/humble/share/ament_lint_auto/cmake)
[2.546s] -- Added test 'lint_cmake' to check CMake code style
[2.546s] -- Added test 'xmllint' to check XML markup files
[2.553s] -- Configuring done
[2.610s] -- Generating done
[2.626s] -- Build files have been written to: /home/acdl1/mj_ws/ws_px4_controls/build/aruco_interfaces
[2.664s] Invoked command in '/home/acdl1/mj_ws/ws_px4_controls/build/aruco_interfaces' returned '0': CMAKE_PREFIX_PATH=/opt/ros/humble /usr/bin/cmake /home/acdl1/mj_ws/ws_px4_controls/src/ws_aruco/src/aruco_interfaces -DCMAKE_INSTALL_PREFIX=/home/acdl1/mj_ws/ws_px4_controls/install/aruco_interfaces
[2.666s] Invoking command in '/home/acdl1/mj_ws/ws_px4_controls/build/aruco_interfaces': CMAKE_PREFIX_PATH=/opt/ros/humble /usr/bin/cmake --build /home/acdl1/mj_ws/ws_px4_controls/build/aruco_interfaces -- -j16 -l16
[2.722s] [  3%] [34m[1mGenerating C code for ROS interfaces[0m
[2.738s] [  6%] [34m[1mGenerating C++ code for ROS interfaces[0m
[2.749s] [  6%] Built target ament_cmake_python_copy_aruco_interfaces
[3.055s] running egg_info
[3.080s] creating aruco_interfaces.egg-info
[3.081s] writing aruco_interfaces.egg-info/PKG-INFO
[3.081s] writing dependency_links to aruco_interfaces.egg-info/dependency_links.txt
[3.082s] writing top-level names to aruco_interfaces.egg-info/top_level.txt
[3.082s] writing manifest file 'aruco_interfaces.egg-info/SOURCES.txt'
[3.131s] [  9%] [32mBuilding C object CMakeFiles/aruco_interfaces__rosidl_generator_c.dir/rosidl_generator_c/aruco_interfaces/msg/detail/marker_pose_id__functions.c.o[0m
[3.154s] reading manifest file 'aruco_interfaces.egg-info/SOURCES.txt'
[3.156s] writing manifest file 'aruco_interfaces.egg-info/SOURCES.txt'
[3.169s] [  9%] Built target aruco_interfaces__cpp
[3.192s] [ 12%] [34m[1mGenerating C++ introspection for ROS interfaces[0m
[3.193s] [ 19%] [34m[1mGenerating C++ type support dispatch for ROS interfaces[0m
[3.193s] [ 19%] [34m[1mGenerating C++ type support for eProsima Fast-RTPS[0m
[3.214s] [ 22%] [32m[1mLinking C shared library libaruco_interfaces__rosidl_generator_c.so[0m
[3.289s] [ 22%] Built target ament_cmake_python_build_aruco_interfaces_egg
[3.301s] [ 22%] Built target aruco_interfaces__rosidl_generator_c
[3.325s] [ 29%] [34m[1mGenerating C introspection for ROS interfaces[0m
[3.325s] [ 29%] [34m[1mGenerating C type support for eProsima Fast-RTPS[0m
[3.331s] [ 32%] [34m[1mGenerating C type support dispatch for ROS interfaces[0m
[3.624s] [ 35%] [32mBuilding CXX object CMakeFiles/aruco_interfaces__rosidl_typesupport_fastrtps_cpp.dir/rosidl_typesupport_fastrtps_cpp/aruco_interfaces/msg/detail/dds_fastrtps/marker_pose_id__type_support.cpp.o[0m
[3.640s] [ 38%] [32mBuilding CXX object CMakeFiles/aruco_interfaces__rosidl_typesupport_introspection_cpp.dir/rosidl_typesupport_introspection_cpp/aruco_interfaces/msg/detail/marker_pose_id__type_support.cpp.o[0m
[3.666s] [ 41%] [32mBuilding CXX object CMakeFiles/aruco_interfaces__rosidl_typesupport_cpp.dir/rosidl_typesupport_cpp/aruco_interfaces/msg/marker_pose_id__type_support.cpp.o[0m
[3.724s] [ 45%] [32mBuilding CXX object CMakeFiles/aruco_interfaces__rosidl_typesupport_fastrtps_c.dir/rosidl_typesupport_fastrtps_c/aruco_interfaces/msg/detail/marker_pose_id__type_support_c.cpp.o[0m
[3.764s] [ 48%] [32mBuilding CXX object CMakeFiles/aruco_interfaces__rosidl_typesupport_c.dir/rosidl_typesupport_c/aruco_interfaces/msg/marker_pose_id__type_support.cpp.o[0m
[3.813s] [ 51%] [32mBuilding C object CMakeFiles/aruco_interfaces__rosidl_typesupport_introspection_c.dir/rosidl_typesupport_introspection_c/aruco_interfaces/msg/detail/marker_pose_id__type_support.c.o[0m
[3.833s] [ 54%] [32m[1mLinking CXX shared library libaruco_interfaces__rosidl_typesupport_c.so[0m
[3.897s] [ 58%] [32m[1mLinking C shared library libaruco_interfaces__rosidl_typesupport_introspection_c.so[0m
[3.911s] [ 58%] Built target aruco_interfaces__rosidl_typesupport_c
[3.968s] [ 58%] Built target aruco_interfaces__rosidl_typesupport_introspection_c
[4.065s] [ 61%] [32m[1mLinking CXX shared library libaruco_interfaces__rosidl_typesupport_cpp.so[0m
[4.144s] [ 61%] Built target aruco_interfaces__rosidl_typesupport_cpp
[4.200s] [ 64%] [32m[1mLinking CXX shared library libaruco_interfaces__rosidl_typesupport_fastrtps_c.so[0m
[4.212s] [ 67%] [32m[1mLinking CXX shared library libaruco_interfaces__rosidl_typesupport_fastrtps_cpp.so[0m
[4.341s] [ 70%] [32m[1mLinking CXX shared library libaruco_interfaces__rosidl_typesupport_introspection_cpp.so[0m
[4.416s] [ 70%] Built target aruco_interfaces__rosidl_typesupport_fastrtps_c
[4.431s] [ 70%] Built target aruco_interfaces__rosidl_typesupport_fastrtps_cpp
[4.489s] [ 70%] Built target aruco_interfaces__rosidl_typesupport_introspection_cpp
[4.529s] [ 70%] Built target aruco_interfaces
[4.559s] [ 74%] [34m[1mGenerating Python code for ROS interfaces[0m
[5.067s] [ 74%] Built target aruco_interfaces__py
[5.097s] [ 77%] [32mBuilding C object CMakeFiles/aruco_interfaces__rosidl_generator_py.dir/rosidl_generator_py/aruco_interfaces/msg/_marker_pose_id_s.c.o[0m
[5.226s] [ 80%] [32m[1mLinking C shared library rosidl_generator_py/aruco_interfaces/libaruco_interfaces__rosidl_generator_py.so[0m
[5.290s] [ 80%] Built target aruco_interfaces__rosidl_generator_py
[5.313s] [ 90%] [32mBuilding C object CMakeFiles/aruco_interfaces__rosidl_typesupport_fastrtps_c__pyext.dir/rosidl_generator_py/aruco_interfaces/_aruco_interfaces_s.ep.rosidl_typesupport_fastrtps_c.c.o[0m
[5.314s] [ 90%] [32mBuilding C object CMakeFiles/aruco_interfaces__rosidl_typesupport_introspection_c__pyext.dir/rosidl_generator_py/aruco_interfaces/_aruco_interfaces_s.ep.rosidl_typesupport_introspection_c.c.o[0m
[5.314s] [ 90%] [32mBuilding C object CMakeFiles/aruco_interfaces__rosidl_typesupport_c__pyext.dir/rosidl_generator_py/aruco_interfaces/_aruco_interfaces_s.ep.rosidl_typesupport_c.c.o[0m
[5.480s] [ 93%] [32m[1mLinking C shared library rosidl_generator_py/aruco_interfaces/aruco_interfaces_s__rosidl_typesupport_introspection_c.cpython-310-x86_64-linux-gnu.so[0m
[5.519s] [ 96%] [32m[1mLinking C shared library rosidl_generator_py/aruco_interfaces/aruco_interfaces_s__rosidl_typesupport_c.cpython-310-x86_64-linux-gnu.so[0m
[5.524s] [100%] [32m[1mLinking C shared library rosidl_generator_py/aruco_interfaces/aruco_interfaces_s__rosidl_typesupport_fastrtps_c.cpython-310-x86_64-linux-gnu.so[0m
[5.568s] [100%] Built target aruco_interfaces__rosidl_typesupport_introspection_c__pyext
[5.595s] [100%] Built target aruco_interfaces__rosidl_typesupport_c__pyext
[5.614s] [100%] Built target aruco_interfaces__rosidl_typesupport_fastrtps_c__pyext
[5.634s] Invoked command in '/home/acdl1/mj_ws/ws_px4_controls/build/aruco_interfaces' returned '0': CMAKE_PREFIX_PATH=/opt/ros/humble /usr/bin/cmake --build /home/acdl1/mj_ws/ws_px4_controls/build/aruco_interfaces -- -j16 -l16
[5.666s] Invoking command in '/home/acdl1/mj_ws/ws_px4_controls/build/aruco_interfaces': CMAKE_PREFIX_PATH=/opt/ros/humble /usr/bin/cmake --install /home/acdl1/mj_ws/ws_px4_controls/build/aruco_interfaces
[5.686s] -- Install configuration: ""
[5.687s] -- Installing: /home/acdl1/mj_ws/ws_px4_controls/install/aruco_interfaces/share/ament_index/resource_index/rosidl_interfaces/aruco_interfaces
[5.687s] -- Installing: /home/acdl1/mj_ws/ws_px4_controls/install/aruco_interfaces/include/aruco_interfaces/aruco_interfaces
[5.688s] -- Installing: /home/acdl1/mj_ws/ws_px4_controls/install/aruco_interfaces/include/aruco_interfaces/aruco_interfaces/msg
[5.688s] -- Installing: /home/acdl1/mj_ws/ws_px4_controls/install/aruco_interfaces/include/aruco_interfaces/aruco_interfaces/msg/rosidl_generator_c__visibility_control.h
[5.688s] -- Installing: /home/acdl1/mj_ws/ws_px4_controls/install/aruco_interfaces/include/aruco_interfaces/aruco_interfaces/msg/detail
[5.688s] -- Installing: /home/acdl1/mj_ws/ws_px4_controls/install/aruco_interfaces/include/aruco_interfaces/aruco_interfaces/msg/detail/marker_pose_id__functions.h
[5.688s] -- Installing: /home/acdl1/mj_ws/ws_px4_controls/install/aruco_interfaces/include/aruco_interfaces/aruco_interfaces/msg/detail/marker_pose_id__functions.c
[5.688s] -- Installing: /home/acdl1/mj_ws/ws_px4_controls/install/aruco_interfaces/include/aruco_interfaces/aruco_interfaces/msg/detail/marker_pose_id__struct.h
[5.688s] -- Installing: /home/acdl1/mj_ws/ws_px4_controls/install/aruco_interfaces/include/aruco_interfaces/aruco_interfaces/msg/detail/marker_pose_id__type_support.h
[5.689s] -- Installing: /home/acdl1/mj_ws/ws_px4_controls/install/aruco_interfaces/include/aruco_interfaces/aruco_interfaces/msg/marker_pose_id.h
[5.689s] -- Installing: /home/acdl1/mj_ws/ws_px4_controls/install/aruco_interfaces/share/aruco_interfaces/environment/library_path.sh
[5.689s] -- Installing: /home/acdl1/mj_ws/ws_px4_controls/install/aruco_interfaces/share/aruco_interfaces/environment/library_path.dsv
[5.689s] -- Installing: /home/acdl1/mj_ws/ws_px4_controls/install/aruco_interfaces/lib/libaruco_interfaces__rosidl_generator_c.so
[5.690s] -- Set runtime path of "/home/acdl1/mj_ws/ws_px4_controls/install/aruco_interfaces/lib/libaruco_interfaces__rosidl_generator_c.so" to ""
[5.690s] -- Up-to-date: /home/acdl1/mj_ws/ws_px4_controls/install/aruco_interfaces/include/aruco_interfaces/aruco_interfaces
[5.690s] -- Up-to-date: /home/acdl1/mj_ws/ws_px4_controls/install/aruco_interfaces/include/aruco_interfaces/aruco_interfaces/msg
[5.690s] -- Installing: /home/acdl1/mj_ws/ws_px4_controls/install/aruco_interfaces/include/aruco_interfaces/aruco_interfaces/msg/rosidl_typesupport_fastrtps_c__visibility_control.h
[5.690s] -- Up-to-date: /home/acdl1/mj_ws/ws_px4_controls/install/aruco_interfaces/include/aruco_interfaces/aruco_interfaces/msg/detail
[5.690s] -- Installing: /home/acdl1/mj_ws/ws_px4_controls/install/aruco_interfaces/include/aruco_interfaces/aruco_interfaces/msg/detail/marker_pose_id__rosidl_typesupport_fastrtps_c.h
[5.692s] -- Installing: /home/acdl1/mj_ws/ws_px4_controls/install/aruco_interfaces/lib/libaruco_interfaces__rosidl_typesupport_fastrtps_c.so
[5.692s] -- Set runtime path of "/home/acdl1/mj_ws/ws_px4_controls/install/aruco_interfaces/lib/libaruco_interfaces__rosidl_typesupport_fastrtps_c.so" to ""
[5.692s] -- Up-to-date: /home/acdl1/mj_ws/ws_px4_controls/install/aruco_interfaces/include/aruco_interfaces/aruco_interfaces
[5.692s] -- Up-to-date: /home/acdl1/mj_ws/ws_px4_controls/install/aruco_interfaces/include/aruco_interfaces/aruco_interfaces/msg
[5.692s] -- Installing: /home/acdl1/mj_ws/ws_px4_controls/install/aruco_interfaces/include/aruco_interfaces/aruco_interfaces/msg/rosidl_generator_cpp__visibility_control.hpp
[5.692s] -- Installing: /home/acdl1/mj_ws/ws_px4_controls/install/aruco_interfaces/include/aruco_interfaces/aruco_interfaces/msg/marker_pose_id.hpp
[5.692s] -- Up-to-date: /home/acdl1/mj_ws/ws_px4_controls/install/aruco_interfaces/include/aruco_interfaces/aruco_interfaces/msg/detail
[5.692s] -- Installing: /home/acdl1/mj_ws/ws_px4_controls/install/aruco_interfaces/include/aruco_interfaces/aruco_interfaces/msg/detail/marker_pose_id__builder.hpp
[5.692s] -- Installing: /home/acdl1/mj_ws/ws_px4_controls/install/aruco_interfaces/include/aruco_interfaces/aruco_interfaces/msg/detail/marker_pose_id__type_support.hpp
[5.692s] -- Installing: /home/acdl1/mj_ws/ws_px4_controls/install/aruco_interfaces/include/aruco_interfaces/aruco_interfaces/msg/detail/marker_pose_id__struct.hpp
[5.692s] -- Installing: /home/acdl1/mj_ws/ws_px4_controls/install/aruco_interfaces/include/aruco_interfaces/aruco_interfaces/msg/detail/marker_pose_id__traits.hpp
[5.693s] -- Up-to-date: /home/acdl1/mj_ws/ws_px4_controls/install/aruco_interfaces/include/aruco_interfaces/aruco_interfaces
[5.693s] -- Up-to-date: /home/acdl1/mj_ws/ws_px4_controls/install/aruco_interfaces/include/aruco_interfaces/aruco_interfaces/msg
[5.693s] -- Installing: /home/acdl1/mj_ws/ws_px4_controls/install/aruco_interfaces/include/aruco_interfaces/aruco_interfaces/msg/rosidl_typesupport_fastrtps_cpp__visibility_control.h
[5.693s] -- Up-to-date: /home/acdl1/mj_ws/ws_px4_controls/install/aruco_interfaces/include/aruco_interfaces/aruco_interfaces/msg/detail
[5.693s] -- Installing: /home/acdl1/mj_ws/ws_px4_controls/install/aruco_interfaces/include/aruco_interfaces/aruco_interfaces/msg/detail/dds_fastrtps
[5.693s] -- Installing: /home/acdl1/mj_ws/ws_px4_controls/install/aruco_interfaces/include/aruco_interfaces/aruco_interfaces/msg/detail/marker_pose_id__rosidl_typesupport_fastrtps_cpp.hpp
[5.693s] -- Installing: /home/acdl1/mj_ws/ws_px4_controls/install/aruco_interfaces/lib/libaruco_interfaces__rosidl_typesupport_fastrtps_cpp.so
[5.696s] -- Set runtime path of "/home/acdl1/mj_ws/ws_px4_controls/install/aruco_interfaces/lib/libaruco_interfaces__rosidl_typesupport_fastrtps_cpp.so" to ""
[5.696s] -- Up-to-date: /home/acdl1/mj_ws/ws_px4_controls/install/aruco_interfaces/include/aruco_interfaces/aruco_interfaces
[5.696s] -- Up-to-date: /home/acdl1/mj_ws/ws_px4_controls/install/aruco_interfaces/include/aruco_interfaces/aruco_interfaces/msg
[5.697s] -- Up-to-date: /home/acdl1/mj_ws/ws_px4_controls/install/aruco_interfaces/include/aruco_interfaces/aruco_interfaces/msg/detail
[5.697s] -- Installing: /home/acdl1/mj_ws/ws_px4_controls/install/aruco_interfaces/include/aruco_interfaces/aruco_interfaces/msg/detail/marker_pose_id__type_support.c
[5.697s] -- Installing: /home/acdl1/mj_ws/ws_px4_controls/install/aruco_interfaces/include/aruco_interfaces/aruco_interfaces/msg/detail/marker_pose_id__rosidl_typesupport_introspection_c.h
[5.697s] -- Installing: /home/acdl1/mj_ws/ws_px4_controls/install/aruco_interfaces/include/aruco_interfaces/aruco_interfaces/msg/rosidl_typesupport_introspection_c__visibility_control.h
[5.697s] -- Installing: /home/acdl1/mj_ws/ws_px4_controls/install/aruco_interfaces/lib/libaruco_interfaces__rosidl_typesupport_introspection_c.so
[5.697s] -- Set runtime path of "/home/acdl1/mj_ws/ws_px4_controls/install/aruco_interfaces/lib/libaruco_interfaces__rosidl_typesupport_introspection_c.so" to ""
[5.697s] -- Installing: /home/acdl1/mj_ws/ws_px4_controls/install/aruco_interfaces/lib/libaruco_interfaces__rosidl_typesupport_c.so
[5.697s] -- Set runtime path of "/home/acdl1/mj_ws/ws_px4_controls/install/aruco_interfaces/lib/libaruco_interfaces__rosidl_typesupport_c.so" to ""
[5.697s] -- Up-to-date: /home/acdl1/mj_ws/ws_px4_controls/install/aruco_interfaces/include/aruco_interfaces/aruco_interfaces
[5.697s] -- Up-to-date: /home/acdl1/mj_ws/ws_px4_controls/install/aruco_interfaces/include/aruco_interfaces/aruco_interfaces/msg
[5.697s] -- Up-to-date: /home/acdl1/mj_ws/ws_px4_controls/install/aruco_interfaces/include/aruco_interfaces/aruco_interfaces/msg/detail
[5.697s] -- Installing: /home/acdl1/mj_ws/ws_px4_controls/install/aruco_interfaces/include/aruco_interfaces/aruco_interfaces/msg/detail/marker_pose_id__type_support.cpp
[5.698s] -- Installing: /home/acdl1/mj_ws/ws_px4_controls/install/aruco_interfaces/include/aruco_interfaces/aruco_interfaces/msg/detail/marker_pose_id__rosidl_typesupport_introspection_cpp.hpp
[5.698s] -- Installing: /home/acdl1/mj_ws/ws_px4_controls/install/aruco_interfaces/lib/libaruco_interfaces__rosidl_typesupport_introspection_cpp.so
[5.698s] -- Set runtime path of "/home/acdl1/mj_ws/ws_px4_controls/install/aruco_interfaces/lib/libaruco_interfaces__rosidl_typesupport_introspection_cpp.so" to ""
[5.698s] -- Installing: /home/acdl1/mj_ws/ws_px4_controls/install/aruco_interfaces/lib/libaruco_interfaces__rosidl_typesupport_cpp.so
[5.698s] -- Set runtime path of "/home/acdl1/mj_ws/ws_px4_controls/install/aruco_interfaces/lib/libaruco_interfaces__rosidl_typesupport_cpp.so" to ""
[5.698s] -- Installing: /home/acdl1/mj_ws/ws_px4_controls/install/aruco_interfaces/share/aruco_interfaces/environment/pythonpath.sh
[5.698s] -- Installing: /home/acdl1/mj_ws/ws_px4_controls/install/aruco_interfaces/share/aruco_interfaces/environment/pythonpath.dsv
[5.698s] -- Installing: /home/acdl1/mj_ws/ws_px4_controls/install/aruco_interfaces/local/lib/python3.10/dist-packages/aruco_interfaces-0.0.0-py3.10.egg-info
[5.698s] -- Installing: /home/acdl1/mj_ws/ws_px4_controls/install/aruco_interfaces/local/lib/python3.10/dist-packages/aruco_interfaces-0.0.0-py3.10.egg-info/SOURCES.txt
[5.699s] -- Installing: /home/acdl1/mj_ws/ws_px4_controls/install/aruco_interfaces/local/lib/python3.10/dist-packages/aruco_interfaces-0.0.0-py3.10.egg-info/PKG-INFO
[5.699s] -- Installing: /home/acdl1/mj_ws/ws_px4_controls/install/aruco_interfaces/local/lib/python3.10/dist-packages/aruco_interfaces-0.0.0-py3.10.egg-info/dependency_links.txt
[5.699s] -- Installing: /home/acdl1/mj_ws/ws_px4_controls/install/aruco_interfaces/local/lib/python3.10/dist-packages/aruco_interfaces-0.0.0-py3.10.egg-info/top_level.txt
[5.699s] -- Installing: /home/acdl1/mj_ws/ws_px4_controls/install/aruco_interfaces/local/lib/python3.10/dist-packages/aruco_interfaces
[5.699s] -- Installing: /home/acdl1/mj_ws/ws_px4_controls/install/aruco_interfaces/local/lib/python3.10/dist-packages/aruco_interfaces/msg
[5.699s] -- Installing: /home/acdl1/mj_ws/ws_px4_controls/install/aruco_interfaces/local/lib/python3.10/dist-packages/aruco_interfaces/msg/_marker_pose_id.py
[5.699s] -- Installing: /home/acdl1/mj_ws/ws_px4_controls/install/aruco_interfaces/local/lib/python3.10/dist-packages/aruco_interfaces/msg/_marker_pose_id_s.c
[5.699s] -- Installing: /home/acdl1/mj_ws/ws_px4_controls/install/aruco_interfaces/local/lib/python3.10/dist-packages/aruco_interfaces/msg/__init__.py
[5.699s] -- Installing: /home/acdl1/mj_ws/ws_px4_controls/install/aruco_interfaces/local/lib/python3.10/dist-packages/aruco_interfaces/aruco_interfaces_s__rosidl_typesupport_c.cpython-310-x86_64-linux-gnu.so
[5.699s] -- Installing: /home/acdl1/mj_ws/ws_px4_controls/install/aruco_interfaces/local/lib/python3.10/dist-packages/aruco_interfaces/libaruco_interfaces__rosidl_generator_py.so
[5.700s] -- Installing: /home/acdl1/mj_ws/ws_px4_controls/install/aruco_interfaces/local/lib/python3.10/dist-packages/aruco_interfaces/aruco_interfaces_s__rosidl_typesupport_fastrtps_c.cpython-310-x86_64-linux-gnu.so
[5.700s] -- Installing: /home/acdl1/mj_ws/ws_px4_controls/install/aruco_interfaces/local/lib/python3.10/dist-packages/aruco_interfaces/_aruco_interfaces_s.ep.rosidl_typesupport_c.c
[5.700s] -- Installing: /home/acdl1/mj_ws/ws_px4_controls/install/aruco_interfaces/local/lib/python3.10/dist-packages/aruco_interfaces/aruco_interfaces_s__rosidl_typesupport_introspection_c.cpython-310-x86_64-linux-gnu.so
[5.701s] -- Installing: /home/acdl1/mj_ws/ws_px4_controls/install/aruco_interfaces/local/lib/python3.10/dist-packages/aruco_interfaces/_aruco_interfaces_s.ep.rosidl_typesupport_introspection_c.c
[5.701s] -- Installing: /home/acdl1/mj_ws/ws_px4_controls/install/aruco_interfaces/local/lib/python3.10/dist-packages/aruco_interfaces/_aruco_interfaces_s.ep.rosidl_typesupport_fastrtps_c.c
[5.701s] -- Installing: /home/acdl1/mj_ws/ws_px4_controls/install/aruco_interfaces/local/lib/python3.10/dist-packages/aruco_interfaces/__init__.py
[5.748s] Listing '/home/acdl1/mj_ws/ws_px4_controls/install/aruco_interfaces/local/lib/python3.10/dist-packages/aruco_interfaces'...
[5.748s] Compiling '/home/acdl1/mj_ws/ws_px4_controls/install/aruco_interfaces/local/lib/python3.10/dist-packages/aruco_interfaces/__init__.py'...
[5.748s] Listing '/home/acdl1/mj_ws/ws_px4_controls/install/aruco_interfaces/local/lib/python3.10/dist-packages/aruco_interfaces/msg'...
[5.749s] Compiling '/home/acdl1/mj_ws/ws_px4_controls/install/aruco_interfaces/local/lib/python3.10/dist-packages/aruco_interfaces/msg/__init__.py'...
[5.749s] Compiling '/home/acdl1/mj_ws/ws_px4_controls/install/aruco_interfaces/local/lib/python3.10/dist-packages/aruco_interfaces/msg/_marker_pose_id.py'...
[5.768s] -- Installing: /home/acdl1/mj_ws/ws_px4_controls/install/aruco_interfaces/local/lib/python3.10/dist-packages/aruco_interfaces/aruco_interfaces_s__rosidl_typesupport_fastrtps_c.cpython-310-x86_64-linux-gnu.so
[5.769s] -- Set runtime path of "/home/acdl1/mj_ws/ws_px4_controls/install/aruco_interfaces/local/lib/python3.10/dist-packages/aruco_interfaces/aruco_interfaces_s__rosidl_typesupport_fastrtps_c.cpython-310-x86_64-linux-gnu.so" to ""
[5.769s] -- Installing: /home/acdl1/mj_ws/ws_px4_controls/install/aruco_interfaces/local/lib/python3.10/dist-packages/aruco_interfaces/aruco_interfaces_s__rosidl_typesupport_introspection_c.cpython-310-x86_64-linux-gnu.so
[5.770s] -- Set runtime path of "/home/acdl1/mj_ws/ws_px4_controls/install/aruco_interfaces/local/lib/python3.10/dist-packages/aruco_interfaces/aruco_interfaces_s__rosidl_typesupport_introspection_c.cpython-310-x86_64-linux-gnu.so" to ""
[5.770s] -- Installing: /home/acdl1/mj_ws/ws_px4_controls/install/aruco_interfaces/local/lib/python3.10/dist-packages/aruco_interfaces/aruco_interfaces_s__rosidl_typesupport_c.cpython-310-x86_64-linux-gnu.so
[5.770s] -- Set runtime path of "/home/acdl1/mj_ws/ws_px4_controls/install/aruco_interfaces/local/lib/python3.10/dist-packages/aruco_interfaces/aruco_interfaces_s__rosidl_typesupport_c.cpython-310-x86_64-linux-gnu.so" to ""
[5.770s] -- Installing: /home/acdl1/mj_ws/ws_px4_controls/install/aruco_interfaces/lib/libaruco_interfaces__rosidl_generator_py.so
[5.771s] -- Set runtime path of "/home/acdl1/mj_ws/ws_px4_controls/install/aruco_interfaces/lib/libaruco_interfaces__rosidl_generator_py.so" to ""
[5.771s] -- Installing: /home/acdl1/mj_ws/ws_px4_controls/install/aruco_interfaces/share/aruco_interfaces/msg/MarkerPoseId.idl
[5.771s] -- Installing: /home/acdl1/mj_ws/ws_px4_controls/install/aruco_interfaces/share/aruco_interfaces/msg/MarkerPoseId.msg
[5.771s] -- Installing: /home/acdl1/mj_ws/ws_px4_controls/install/aruco_interfaces/share/ament_index/resource_index/package_run_dependencies/aruco_interfaces
[5.771s] -- Installing: /home/acdl1/mj_ws/ws_px4_controls/install/aruco_interfaces/share/ament_index/resource_index/parent_prefix_path/aruco_interfaces
[5.772s] -- Installing: /home/acdl1/mj_ws/ws_px4_controls/install/aruco_interfaces/share/aruco_interfaces/environment/ament_prefix_path.sh
[5.772s] -- Installing: /home/acdl1/mj_ws/ws_px4_controls/install/aruco_interfaces/share/aruco_interfaces/environment/ament_prefix_path.dsv
[5.772s] -- Installing: /home/acdl1/mj_ws/ws_px4_controls/install/aruco_interfaces/share/aruco_interfaces/environment/path.sh
[5.773s] -- Installing: /home/acdl1/mj_ws/ws_px4_controls/install/aruco_interfaces/share/aruco_interfaces/environment/path.dsv
[5.774s] -- Installing: /home/acdl1/mj_ws/ws_px4_controls/install/aruco_interfaces/share/aruco_interfaces/local_setup.bash
[5.774s] -- Installing: /home/acdl1/mj_ws/ws_px4_controls/install/aruco_interfaces/share/aruco_interfaces/local_setup.sh
[5.776s] -- Installing: /home/acdl1/mj_ws/ws_px4_controls/install/aruco_interfaces/share/aruco_interfaces/local_setup.zsh
[5.776s] -- Installing: /home/acdl1/mj_ws/ws_px4_controls/install/aruco_interfaces/share/aruco_interfaces/local_setup.dsv
[5.776s] -- Installing: /home/acdl1/mj_ws/ws_px4_controls/install/aruco_interfaces/share/aruco_interfaces/package.dsv
[5.777s] -- Installing: /home/acdl1/mj_ws/ws_px4_controls/install/aruco_interfaces/share/ament_index/resource_index/packages/aruco_interfaces
[5.781s] -- Installing: /home/acdl1/mj_ws/ws_px4_controls/install/aruco_interfaces/share/aruco_interfaces/cmake/export_aruco_interfaces__rosidl_generator_cExport.cmake
[5.781s] -- Installing: /home/acdl1/mj_ws/ws_px4_controls/install/aruco_interfaces/share/aruco_interfaces/cmake/export_aruco_interfaces__rosidl_generator_cExport-noconfig.cmake
[5.782s] -- Installing: /home/acdl1/mj_ws/ws_px4_controls/install/aruco_interfaces/share/aruco_interfaces/cmake/export_aruco_interfaces__rosidl_typesupport_fastrtps_cExport.cmake
[5.783s] -- Installing: /home/acdl1/mj_ws/ws_px4_controls/install/aruco_interfaces/share/aruco_interfaces/cmake/export_aruco_interfaces__rosidl_typesupport_fastrtps_cExport-noconfig.cmake
[5.783s] -- Installing: /home/acdl1/mj_ws/ws_px4_controls/install/aruco_interfaces/share/aruco_interfaces/cmake/export_aruco_interfaces__rosidl_generator_cppExport.cmake
[5.783s] -- Installing: /home/acdl1/mj_ws/ws_px4_controls/install/aruco_interfaces/share/aruco_interfaces/cmake/export_aruco_interfaces__rosidl_typesupport_fastrtps_cppExport.cmake
[5.783s] -- Installing: /home/acdl1/mj_ws/ws_px4_controls/install/aruco_interfaces/share/aruco_interfaces/cmake/export_aruco_interfaces__rosidl_typesupport_fastrtps_cppExport-noconfig.cmake
[5.783s] -- Installing: /home/acdl1/mj_ws/ws_px4_controls/install/aruco_interfaces/share/aruco_interfaces/cmake/aruco_interfaces__rosidl_typesupport_introspection_cExport.cmake
[5.783s] -- Installing: /home/acdl1/mj_ws/ws_px4_controls/install/aruco_interfaces/share/aruco_interfaces/cmake/aruco_interfaces__rosidl_typesupport_introspection_cExport-noconfig.cmake
[5.783s] -- Installing: /home/acdl1/mj_ws/ws_px4_controls/install/aruco_interfaces/share/aruco_interfaces/cmake/aruco_interfaces__rosidl_typesupport_cExport.cmake
[5.783s] -- Installing: /home/acdl1/mj_ws/ws_px4_controls/install/aruco_interfaces/share/aruco_interfaces/cmake/aruco_interfaces__rosidl_typesupport_cExport-noconfig.cmake
[5.783s] -- Installing: /home/acdl1/mj_ws/ws_px4_controls/install/aruco_interfaces/share/aruco_interfaces/cmake/aruco_interfaces__rosidl_typesupport_introspection_cppExport.cmake
[5.784s] -- Installing: /home/acdl1/mj_ws/ws_px4_controls/install/aruco_interfaces/share/aruco_interfaces/cmake/aruco_interfaces__rosidl_typesupport_introspection_cppExport-noconfig.cmake
[5.785s] -- Installing: /home/acdl1/mj_ws/ws_px4_controls/install/aruco_interfaces/share/aruco_interfaces/cmake/aruco_interfaces__rosidl_typesupport_cppExport.cmake
[5.786s] -- Installing: /home/acdl1/mj_ws/ws_px4_controls/install/aruco_interfaces/share/aruco_interfaces/cmake/aruco_interfaces__rosidl_typesupport_cppExport-noconfig.cmake
[5.791s] -- Installing: /home/acdl1/mj_ws/ws_px4_controls/install/aruco_interfaces/share/aruco_interfaces/cmake/export_aruco_interfaces__rosidl_generator_pyExport.cmake
[5.791s] -- Installing: /home/acdl1/mj_ws/ws_px4_controls/install/aruco_interfaces/share/aruco_interfaces/cmake/export_aruco_interfaces__rosidl_generator_pyExport-noconfig.cmake
[5.791s] -- Installing: /home/acdl1/mj_ws/ws_px4_controls/install/aruco_interfaces/share/aruco_interfaces/cmake/rosidl_cmake-extras.cmake
[5.791s] -- Installing: /home/acdl1/mj_ws/ws_px4_controls/install/aruco_interfaces/share/aruco_interfaces/cmake/ament_cmake_export_dependencies-extras.cmake
[5.791s] -- Installing: /home/acdl1/mj_ws/ws_px4_controls/install/aruco_interfaces/share/aruco_interfaces/cmake/ament_cmake_export_include_directories-extras.cmake
[5.791s] -- Installing: /home/acdl1/mj_ws/ws_px4_controls/install/aruco_interfaces/share/aruco_interfaces/cmake/ament_cmake_export_libraries-extras.cmake
[5.791s] -- Installing: /home/acdl1/mj_ws/ws_px4_controls/install/aruco_interfaces/share/aruco_interfaces/cmake/ament_cmake_export_targets-extras.cmake
[5.791s] -- Installing: /home/acdl1/mj_ws/ws_px4_controls/install/aruco_interfaces/share/aruco_interfaces/cmake/rosidl_cmake_export_typesupport_targets-extras.cmake
[5.791s] -- Installing: /home/acdl1/mj_ws/ws_px4_controls/install/aruco_interfaces/share/aruco_interfaces/cmake/rosidl_cmake_export_typesupport_libraries-extras.cmake
[5.791s] -- Installing: /home/acdl1/mj_ws/ws_px4_controls/install/aruco_interfaces/share/aruco_interfaces/cmake/aruco_interfacesConfig.cmake
[5.791s] -- Installing: /home/acdl1/mj_ws/ws_px4_controls/install/aruco_interfaces/share/aruco_interfaces/cmake/aruco_interfacesConfig-version.cmake
[5.792s] -- Installing: /home/acdl1/mj_ws/ws_px4_controls/install/aruco_interfaces/share/aruco_interfaces/package.xml
[5.796s] Invoked command in '/home/acdl1/mj_ws/ws_px4_controls/build/aruco_interfaces' returned '0': CMAKE_PREFIX_PATH=/opt/ros/humble /usr/bin/cmake --install /home/acdl1/mj_ws/ws_px4_controls/build/aruco_interfaces
