[0.091s] DEBUG:colcon:Command line arguments: ['/usr/bin/colcon', 'build', '--packages-select', 'px4_ros_com']
[0.091s] DEBUG:colcon:Parsed command line arguments: Namespace(log_base=None, log_level=None, verb_name='build', build_base='build', install_base='install', merge_install=False, symlink_install=False, test_result_base=None, continue_on_error=False, executor='parallel', parallel_workers=20, event_handlers=None, ignore_user_meta=False, metas=['./colcon.meta'], base_paths=['.'], packages_ignore=None, packages_ignore_regex=None, paths=None, packages_up_to=None, packages_up_to_regex=None, packages_above=None, packages_above_and_dependencies=None, packages_above_depth=None, packages_select_by_dep=None, packages_skip_by_dep=None, packages_skip_up_to=None, packages_select_build_failed=False, packages_skip_build_finished=False, packages_select_test_failures=False, packages_skip_test_passed=False, packages_select=['px4_ros_com'], packages_skip=None, packages_select_regex=None, packages_skip_regex=None, packages_start=None, packages_end=None, allow_overriding=[], cmake_args=None, cmake_target=None, cmake_target_skip_unavailable=False, cmake_clean_cache=False, cmake_clean_first=False, cmake_force_configure=False, ament_cmake_args=None, catkin_cmake_args=None, catkin_skip_building_tests=False, mixin_files=None, mixin=None, verb_parser=<colcon_mixin.mixin.mixin_argument.MixinArgumentDecorator object at 0x7d0518c325f0>, verb_extension=<colcon_core.verb.build.BuildVerb object at 0x7d0518d400a0>, main=<bound method BuildVerb.main of <colcon_core.verb.build.BuildVerb object at 0x7d0518d400a0>>, mixin_verb=('build',))
[0.218s] Level 1:colcon.colcon_core.package_discovery:discover_packages(colcon_meta) check parameters
[0.218s] Level 1:colcon.colcon_core.package_discovery:discover_packages(recursive) check parameters
[0.218s] Level 1:colcon.colcon_core.package_discovery:discover_packages(ignore) check parameters
[0.218s] Level 1:colcon.colcon_core.package_discovery:discover_packages(path) check parameters
[0.218s] Level 1:colcon.colcon_core.package_discovery:discover_packages(colcon_meta) discover
[0.218s] Level 1:colcon.colcon_core.package_discovery:discover_packages(recursive) discover
[0.218s] INFO:colcon.colcon_core.package_discovery:Crawling recursively for packages in '/home/jmj/pro_asp_ws/ws_px4_controls'
[0.218s] Level 1:colcon.colcon_core.package_identification:_identify(.) by extensions ['ignore', 'ignore_ament_install']
[0.218s] Level 1:colcon.colcon_core.package_identification:_identify(.) by extension 'ignore'
[0.218s] Level 1:colcon.colcon_core.package_identification:_identify(.) by extension 'ignore_ament_install'
[0.218s] Level 1:colcon.colcon_core.package_identification:_identify(.) by extensions ['colcon_pkg']
[0.218s] Level 1:colcon.colcon_core.package_identification:_identify(.) by extension 'colcon_pkg'
[0.218s] Level 1:colcon.colcon_core.package_identification:_identify(.) by extensions ['colcon_meta']
[0.218s] Level 1:colcon.colcon_core.package_identification:_identify(.) by extension 'colcon_meta'
[0.218s] Level 1:colcon.colcon_core.package_identification:_identify(.) by extensions ['ros']
[0.218s] Level 1:colcon.colcon_core.package_identification:_identify(.) by extension 'ros'
[0.233s] Level 1:colcon.colcon_core.package_identification:_identify(.) by extensions ['cmake', 'python']
[0.233s] Level 1:colcon.colcon_core.package_identification:_identify(.) by extension 'cmake'
[0.233s] Level 1:colcon.colcon_core.package_identification:_identify(.) by extension 'python'
[0.233s] Level 1:colcon.colcon_core.package_identification:_identify(.) by extensions ['python_setup_py']
[0.233s] Level 1:colcon.colcon_core.package_identification:_identify(.) by extension 'python_setup_py'
[0.234s] Level 1:colcon.colcon_core.package_identification:_identify(build) by extensions ['ignore', 'ignore_ament_install']
[0.234s] Level 1:colcon.colcon_core.package_identification:_identify(build) by extension 'ignore'
[0.234s] Level 1:colcon.colcon_core.package_identification:_identify(build) ignored
[0.234s] Level 1:colcon.colcon_core.package_identification:_identify(install) by extensions ['ignore', 'ignore_ament_install']
[0.234s] Level 1:colcon.colcon_core.package_identification:_identify(install) by extension 'ignore'
[0.234s] Level 1:colcon.colcon_core.package_identification:_identify(install) ignored
[0.234s] Level 1:colcon.colcon_core.package_identification:_identify(log) by extensions ['ignore', 'ignore_ament_install']
[0.234s] Level 1:colcon.colcon_core.package_identification:_identify(log) by extension 'ignore'
[0.234s] Level 1:colcon.colcon_core.package_identification:_identify(log) ignored
[0.234s] Level 1:colcon.colcon_core.package_identification:_identify(src) by extensions ['ignore', 'ignore_ament_install']
[0.234s] Level 1:colcon.colcon_core.package_identification:_identify(src) by extension 'ignore'
[0.234s] Level 1:colcon.colcon_core.package_identification:_identify(src) by extension 'ignore_ament_install'
[0.234s] Level 1:colcon.colcon_core.package_identification:_identify(src) by extensions ['colcon_pkg']
[0.234s] Level 1:colcon.colcon_core.package_identification:_identify(src) by extension 'colcon_pkg'
[0.234s] Level 1:colcon.colcon_core.package_identification:_identify(src) by extensions ['colcon_meta']
[0.234s] Level 1:colcon.colcon_core.package_identification:_identify(src) by extension 'colcon_meta'
[0.234s] Level 1:colcon.colcon_core.package_identification:_identify(src) by extensions ['ros']
[0.234s] Level 1:colcon.colcon_core.package_identification:_identify(src) by extension 'ros'
[0.234s] Level 1:colcon.colcon_core.package_identification:_identify(src) by extensions ['cmake', 'python']
[0.234s] Level 1:colcon.colcon_core.package_identification:_identify(src) by extension 'cmake'
[0.234s] Level 1:colcon.colcon_core.package_identification:_identify(src) by extension 'python'
[0.234s] Level 1:colcon.colcon_core.package_identification:_identify(src) by extensions ['python_setup_py']
[0.234s] Level 1:colcon.colcon_core.package_identification:_identify(src) by extension 'python_setup_py'
[0.234s] Level 1:colcon.colcon_core.package_identification:_identify(src/px4_msgs) by extensions ['ignore', 'ignore_ament_install']
[0.234s] Level 1:colcon.colcon_core.package_identification:_identify(src/px4_msgs) by extension 'ignore'
[0.234s] Level 1:colcon.colcon_core.package_identification:_identify(src/px4_msgs) by extension 'ignore_ament_install'
[0.234s] Level 1:colcon.colcon_core.package_identification:_identify(src/px4_msgs) by extensions ['colcon_pkg']
[0.234s] Level 1:colcon.colcon_core.package_identification:_identify(src/px4_msgs) by extension 'colcon_pkg'
[0.234s] Level 1:colcon.colcon_core.package_identification:_identify(src/px4_msgs) by extensions ['colcon_meta']
[0.234s] Level 1:colcon.colcon_core.package_identification:_identify(src/px4_msgs) by extension 'colcon_meta'
[0.234s] Level 1:colcon.colcon_core.package_identification:_identify(src/px4_msgs) by extensions ['ros']
[0.234s] Level 1:colcon.colcon_core.package_identification:_identify(src/px4_msgs) by extension 'ros'
[0.236s] DEBUG:colcon.colcon_core.package_identification:Package 'src/px4_msgs' with type 'ros.ament_cmake' and name 'px4_msgs'
[0.236s] Level 1:colcon.colcon_core.package_identification:_identify(src/px4_ros_com) by extensions ['ignore', 'ignore_ament_install']
[0.237s] Level 1:colcon.colcon_core.package_identification:_identify(src/px4_ros_com) by extension 'ignore'
[0.237s] Level 1:colcon.colcon_core.package_identification:_identify(src/px4_ros_com) by extension 'ignore_ament_install'
[0.237s] Level 1:colcon.colcon_core.package_identification:_identify(src/px4_ros_com) by extensions ['colcon_pkg']
[0.237s] Level 1:colcon.colcon_core.package_identification:_identify(src/px4_ros_com) by extension 'colcon_pkg'
[0.237s] Level 1:colcon.colcon_core.package_identification:_identify(src/px4_ros_com) by extensions ['colcon_meta']
[0.237s] Level 1:colcon.colcon_core.package_identification:_identify(src/px4_ros_com) by extension 'colcon_meta'
[0.237s] Level 1:colcon.colcon_core.package_identification:_identify(src/px4_ros_com) by extensions ['ros']
[0.237s] Level 1:colcon.colcon_core.package_identification:_identify(src/px4_ros_com) by extension 'ros'
[0.237s] DEBUG:colcon.colcon_core.package_identification:Package 'src/px4_ros_com' with type 'ros.ament_cmake' and name 'px4_ros_com'
[0.238s] Level 1:colcon.colcon_core.package_identification:_identify(src/uav_controller_pkg) by extensions ['ignore', 'ignore_ament_install']
[0.238s] Level 1:colcon.colcon_core.package_identification:_identify(src/uav_controller_pkg) by extension 'ignore'
[0.238s] Level 1:colcon.colcon_core.package_identification:_identify(src/uav_controller_pkg) by extension 'ignore_ament_install'
[0.238s] Level 1:colcon.colcon_core.package_identification:_identify(src/uav_controller_pkg) by extensions ['colcon_pkg']
[0.238s] Level 1:colcon.colcon_core.package_identification:_identify(src/uav_controller_pkg) by extension 'colcon_pkg'
[0.238s] Level 1:colcon.colcon_core.package_identification:_identify(src/uav_controller_pkg) by extensions ['colcon_meta']
[0.238s] Level 1:colcon.colcon_core.package_identification:_identify(src/uav_controller_pkg) by extension 'colcon_meta'
[0.238s] Level 1:colcon.colcon_core.package_identification:_identify(src/uav_controller_pkg) by extensions ['ros']
[0.238s] Level 1:colcon.colcon_core.package_identification:_identify(src/uav_controller_pkg) by extension 'ros'
[0.238s] DEBUG:colcon.colcon_core.package_identification:Package 'src/uav_controller_pkg' with type 'ros.ament_cmake' and name 'uav_controller_pkg'
[0.238s] Level 1:colcon.colcon_core.package_identification:_identify(src/utilities_pkg) by extensions ['ignore', 'ignore_ament_install']
[0.238s] Level 1:colcon.colcon_core.package_identification:_identify(src/utilities_pkg) by extension 'ignore'
[0.238s] Level 1:colcon.colcon_core.package_identification:_identify(src/utilities_pkg) by extension 'ignore_ament_install'
[0.238s] Level 1:colcon.colcon_core.package_identification:_identify(src/utilities_pkg) by extensions ['colcon_pkg']
[0.238s] Level 1:colcon.colcon_core.package_identification:_identify(src/utilities_pkg) by extension 'colcon_pkg'
[0.238s] Level 1:colcon.colcon_core.package_identification:_identify(src/utilities_pkg) by extensions ['colcon_meta']
[0.238s] Level 1:colcon.colcon_core.package_identification:_identify(src/utilities_pkg) by extension 'colcon_meta'
[0.238s] Level 1:colcon.colcon_core.package_identification:_identify(src/utilities_pkg) by extensions ['ros']
[0.238s] Level 1:colcon.colcon_core.package_identification:_identify(src/utilities_pkg) by extension 'ros'
[0.239s] DEBUG:colcon.colcon_core.package_identification:Package 'src/utilities_pkg' with type 'ros.ament_cmake' and name 'utilities_pkg'
[0.239s] Level 1:colcon.colcon_core.package_identification:_identify(src/ws_aruco) by extensions ['ignore', 'ignore_ament_install']
[0.239s] Level 1:colcon.colcon_core.package_identification:_identify(src/ws_aruco) by extension 'ignore'
[0.239s] Level 1:colcon.colcon_core.package_identification:_identify(src/ws_aruco) by extension 'ignore_ament_install'
[0.239s] Level 1:colcon.colcon_core.package_identification:_identify(src/ws_aruco) by extensions ['colcon_pkg']
[0.239s] Level 1:colcon.colcon_core.package_identification:_identify(src/ws_aruco) by extension 'colcon_pkg'
[0.239s] Level 1:colcon.colcon_core.package_identification:_identify(src/ws_aruco) by extensions ['colcon_meta']
[0.239s] Level 1:colcon.colcon_core.package_identification:_identify(src/ws_aruco) by extension 'colcon_meta'
[0.239s] Level 1:colcon.colcon_core.package_identification:_identify(src/ws_aruco) by extensions ['ros']
[0.239s] Level 1:colcon.colcon_core.package_identification:_identify(src/ws_aruco) by extension 'ros'
[0.239s] Level 1:colcon.colcon_core.package_identification:_identify(src/ws_aruco) by extensions ['cmake', 'python']
[0.239s] Level 1:colcon.colcon_core.package_identification:_identify(src/ws_aruco) by extension 'cmake'
[0.239s] Level 1:colcon.colcon_core.package_identification:_identify(src/ws_aruco) by extension 'python'
[0.239s] Level 1:colcon.colcon_core.package_identification:_identify(src/ws_aruco) by extensions ['python_setup_py']
[0.239s] Level 1:colcon.colcon_core.package_identification:_identify(src/ws_aruco) by extension 'python_setup_py'
[0.239s] Level 1:colcon.colcon_core.package_identification:_identify(src/ws_aruco/build) by extensions ['ignore', 'ignore_ament_install']
[0.239s] Level 1:colcon.colcon_core.package_identification:_identify(src/ws_aruco/build) by extension 'ignore'
[0.239s] Level 1:colcon.colcon_core.package_identification:_identify(src/ws_aruco/build) ignored
[0.239s] Level 1:colcon.colcon_core.package_identification:_identify(src/ws_aruco/install) by extensions ['ignore', 'ignore_ament_install']
[0.239s] Level 1:colcon.colcon_core.package_identification:_identify(src/ws_aruco/install) by extension 'ignore'
[0.239s] Level 1:colcon.colcon_core.package_identification:_identify(src/ws_aruco/install) ignored
[0.240s] Level 1:colcon.colcon_core.package_identification:_identify(src/ws_aruco/log) by extensions ['ignore', 'ignore_ament_install']
[0.240s] Level 1:colcon.colcon_core.package_identification:_identify(src/ws_aruco/log) by extension 'ignore'
[0.240s] Level 1:colcon.colcon_core.package_identification:_identify(src/ws_aruco/log) ignored
[0.240s] Level 1:colcon.colcon_core.package_identification:_identify(src/ws_aruco/src) by extensions ['ignore', 'ignore_ament_install']
[0.240s] Level 1:colcon.colcon_core.package_identification:_identify(src/ws_aruco/src) by extension 'ignore'
[0.240s] Level 1:colcon.colcon_core.package_identification:_identify(src/ws_aruco/src) by extension 'ignore_ament_install'
[0.240s] Level 1:colcon.colcon_core.package_identification:_identify(src/ws_aruco/src) by extensions ['colcon_pkg']
[0.240s] Level 1:colcon.colcon_core.package_identification:_identify(src/ws_aruco/src) by extension 'colcon_pkg'
[0.240s] Level 1:colcon.colcon_core.package_identification:_identify(src/ws_aruco/src) by extensions ['colcon_meta']
[0.240s] Level 1:colcon.colcon_core.package_identification:_identify(src/ws_aruco/src) by extension 'colcon_meta'
[0.240s] Level 1:colcon.colcon_core.package_identification:_identify(src/ws_aruco/src) by extensions ['ros']
[0.240s] Level 1:colcon.colcon_core.package_identification:_identify(src/ws_aruco/src) by extension 'ros'
[0.240s] Level 1:colcon.colcon_core.package_identification:_identify(src/ws_aruco/src) by extensions ['cmake', 'python']
[0.240s] Level 1:colcon.colcon_core.package_identification:_identify(src/ws_aruco/src) by extension 'cmake'
[0.240s] Level 1:colcon.colcon_core.package_identification:_identify(src/ws_aruco/src) by extension 'python'
[0.240s] Level 1:colcon.colcon_core.package_identification:_identify(src/ws_aruco/src) by extensions ['python_setup_py']
[0.240s] Level 1:colcon.colcon_core.package_identification:_identify(src/ws_aruco/src) by extension 'python_setup_py'
[0.240s] Level 1:colcon.colcon_core.package_identification:_identify(src/ws_aruco/src/aruco_interfaces) by extensions ['ignore', 'ignore_ament_install']
[0.240s] Level 1:colcon.colcon_core.package_identification:_identify(src/ws_aruco/src/aruco_interfaces) by extension 'ignore'
[0.240s] Level 1:colcon.colcon_core.package_identification:_identify(src/ws_aruco/src/aruco_interfaces) by extension 'ignore_ament_install'
[0.240s] Level 1:colcon.colcon_core.package_identification:_identify(src/ws_aruco/src/aruco_interfaces) by extensions ['colcon_pkg']
[0.240s] Level 1:colcon.colcon_core.package_identification:_identify(src/ws_aruco/src/aruco_interfaces) by extension 'colcon_pkg'
[0.240s] Level 1:colcon.colcon_core.package_identification:_identify(src/ws_aruco/src/aruco_interfaces) by extensions ['colcon_meta']
[0.240s] Level 1:colcon.colcon_core.package_identification:_identify(src/ws_aruco/src/aruco_interfaces) by extension 'colcon_meta'
[0.240s] Level 1:colcon.colcon_core.package_identification:_identify(src/ws_aruco/src/aruco_interfaces) by extensions ['ros']
[0.240s] Level 1:colcon.colcon_core.package_identification:_identify(src/ws_aruco/src/aruco_interfaces) by extension 'ros'
[0.240s] DEBUG:colcon.colcon_core.package_identification:Package 'src/ws_aruco/src/aruco_interfaces' with type 'ros.ament_cmake' and name 'aruco_interfaces'
[0.241s] Level 1:colcon.colcon_core.package_identification:_identify(src/ws_aruco/src/multi_tracker) by extensions ['ignore', 'ignore_ament_install']
[0.241s] Level 1:colcon.colcon_core.package_identification:_identify(src/ws_aruco/src/multi_tracker) by extension 'ignore'
[0.241s] Level 1:colcon.colcon_core.package_identification:_identify(src/ws_aruco/src/multi_tracker) by extension 'ignore_ament_install'
[0.241s] Level 1:colcon.colcon_core.package_identification:_identify(src/ws_aruco/src/multi_tracker) by extensions ['colcon_pkg']
[0.241s] Level 1:colcon.colcon_core.package_identification:_identify(src/ws_aruco/src/multi_tracker) by extension 'colcon_pkg'
[0.241s] Level 1:colcon.colcon_core.package_identification:_identify(src/ws_aruco/src/multi_tracker) by extensions ['colcon_meta']
[0.241s] Level 1:colcon.colcon_core.package_identification:_identify(src/ws_aruco/src/multi_tracker) by extension 'colcon_meta'
[0.241s] Level 1:colcon.colcon_core.package_identification:_identify(src/ws_aruco/src/multi_tracker) by extensions ['ros']
[0.241s] Level 1:colcon.colcon_core.package_identification:_identify(src/ws_aruco/src/multi_tracker) by extension 'ros'
[0.242s] DEBUG:colcon.colcon_core.package_identification:Package 'src/ws_aruco/src/multi_tracker' with type 'ros.ament_cmake' and name 'multi_tracker'
[0.242s] Level 1:colcon.colcon_core.package_identification:_identify(src/ws_aruco/src/vision_opencv) by extensions ['ignore', 'ignore_ament_install']
[0.242s] Level 1:colcon.colcon_core.package_identification:_identify(src/ws_aruco/src/vision_opencv) by extension 'ignore'
[0.242s] Level 1:colcon.colcon_core.package_identification:_identify(src/ws_aruco/src/vision_opencv) by extension 'ignore_ament_install'
[0.242s] Level 1:colcon.colcon_core.package_identification:_identify(src/ws_aruco/src/vision_opencv) by extensions ['colcon_pkg']
[0.242s] Level 1:colcon.colcon_core.package_identification:_identify(src/ws_aruco/src/vision_opencv) by extension 'colcon_pkg'
[0.242s] Level 1:colcon.colcon_core.package_identification:_identify(src/ws_aruco/src/vision_opencv) by extensions ['colcon_meta']
[0.242s] Level 1:colcon.colcon_core.package_identification:_identify(src/ws_aruco/src/vision_opencv) by extension 'colcon_meta'
[0.242s] Level 1:colcon.colcon_core.package_identification:_identify(src/ws_aruco/src/vision_opencv) by extensions ['ros']
[0.242s] Level 1:colcon.colcon_core.package_identification:_identify(src/ws_aruco/src/vision_opencv) by extension 'ros'
[0.242s] Level 1:colcon.colcon_core.package_identification:_identify(src/ws_aruco/src/vision_opencv) by extensions ['cmake', 'python']
[0.242s] Level 1:colcon.colcon_core.package_identification:_identify(src/ws_aruco/src/vision_opencv) by extension 'cmake'
[0.242s] Level 1:colcon.colcon_core.package_identification:_identify(src/ws_aruco/src/vision_opencv) by extension 'python'
[0.242s] Level 1:colcon.colcon_core.package_identification:_identify(src/ws_aruco/src/vision_opencv) by extensions ['python_setup_py']
[0.242s] Level 1:colcon.colcon_core.package_identification:_identify(src/ws_aruco/src/vision_opencv) by extension 'python_setup_py'
[0.242s] Level 1:colcon.colcon_core.package_identification:_identify(src/ws_aruco/src/vision_opencv/cv_bridge) by extensions ['ignore', 'ignore_ament_install']
[0.242s] Level 1:colcon.colcon_core.package_identification:_identify(src/ws_aruco/src/vision_opencv/cv_bridge) by extension 'ignore'
[0.242s] Level 1:colcon.colcon_core.package_identification:_identify(src/ws_aruco/src/vision_opencv/cv_bridge) by extension 'ignore_ament_install'
[0.242s] Level 1:colcon.colcon_core.package_identification:_identify(src/ws_aruco/src/vision_opencv/cv_bridge) by extensions ['colcon_pkg']
[0.242s] Level 1:colcon.colcon_core.package_identification:_identify(src/ws_aruco/src/vision_opencv/cv_bridge) by extension 'colcon_pkg'
[0.242s] Level 1:colcon.colcon_core.package_identification:_identify(src/ws_aruco/src/vision_opencv/cv_bridge) by extensions ['colcon_meta']
[0.242s] Level 1:colcon.colcon_core.package_identification:_identify(src/ws_aruco/src/vision_opencv/cv_bridge) by extension 'colcon_meta'
[0.242s] Level 1:colcon.colcon_core.package_identification:_identify(src/ws_aruco/src/vision_opencv/cv_bridge) by extensions ['ros']
[0.242s] Level 1:colcon.colcon_core.package_identification:_identify(src/ws_aruco/src/vision_opencv/cv_bridge) by extension 'ros'
[0.243s] DEBUG:colcon.colcon_core.package_identification:Package 'src/ws_aruco/src/vision_opencv/cv_bridge' with type 'ros.ament_cmake' and name 'cv_bridge'
[0.243s] Level 1:colcon.colcon_core.package_identification:_identify(src/ws_aruco/src/vision_opencv/image_geometry) by extensions ['ignore', 'ignore_ament_install']
[0.243s] Level 1:colcon.colcon_core.package_identification:_identify(src/ws_aruco/src/vision_opencv/image_geometry) by extension 'ignore'
[0.243s] Level 1:colcon.colcon_core.package_identification:_identify(src/ws_aruco/src/vision_opencv/image_geometry) by extension 'ignore_ament_install'
[0.243s] Level 1:colcon.colcon_core.package_identification:_identify(src/ws_aruco/src/vision_opencv/image_geometry) by extensions ['colcon_pkg']
[0.243s] Level 1:colcon.colcon_core.package_identification:_identify(src/ws_aruco/src/vision_opencv/image_geometry) by extension 'colcon_pkg'
[0.243s] Level 1:colcon.colcon_core.package_identification:_identify(src/ws_aruco/src/vision_opencv/image_geometry) by extensions ['colcon_meta']
[0.243s] Level 1:colcon.colcon_core.package_identification:_identify(src/ws_aruco/src/vision_opencv/image_geometry) by extension 'colcon_meta'
[0.243s] Level 1:colcon.colcon_core.package_identification:_identify(src/ws_aruco/src/vision_opencv/image_geometry) by extensions ['ros']
[0.243s] Level 1:colcon.colcon_core.package_identification:_identify(src/ws_aruco/src/vision_opencv/image_geometry) by extension 'ros'
[0.243s] DEBUG:colcon.colcon_core.package_identification:Package 'src/ws_aruco/src/vision_opencv/image_geometry' with type 'ros.ament_cmake' and name 'image_geometry'
[0.243s] Level 1:colcon.colcon_core.package_identification:_identify(src/ws_aruco/src/vision_opencv/opencv_tests) by extensions ['ignore', 'ignore_ament_install']
[0.243s] Level 1:colcon.colcon_core.package_identification:_identify(src/ws_aruco/src/vision_opencv/opencv_tests) by extension 'ignore'
[0.243s] Level 1:colcon.colcon_core.package_identification:_identify(src/ws_aruco/src/vision_opencv/opencv_tests) by extension 'ignore_ament_install'
[0.243s] Level 1:colcon.colcon_core.package_identification:_identify(src/ws_aruco/src/vision_opencv/opencv_tests) by extensions ['colcon_pkg']
[0.244s] Level 1:colcon.colcon_core.package_identification:_identify(src/ws_aruco/src/vision_opencv/opencv_tests) by extension 'colcon_pkg'
[0.244s] Level 1:colcon.colcon_core.package_identification:_identify(src/ws_aruco/src/vision_opencv/opencv_tests) by extensions ['colcon_meta']
[0.244s] Level 1:colcon.colcon_core.package_identification:_identify(src/ws_aruco/src/vision_opencv/opencv_tests) by extension 'colcon_meta'
[0.244s] Level 1:colcon.colcon_core.package_identification:_identify(src/ws_aruco/src/vision_opencv/opencv_tests) by extensions ['ros']
[0.244s] Level 1:colcon.colcon_core.package_identification:_identify(src/ws_aruco/src/vision_opencv/opencv_tests) by extension 'ros'
[0.244s] DEBUG:colcon.colcon_core.package_identification:Package 'src/ws_aruco/src/vision_opencv/opencv_tests' with type 'ros.ament_python' and name 'opencv_tests'
[0.244s] Level 1:colcon.colcon_core.package_identification:_identify(src/ws_aruco/src/vision_opencv/vision_opencv) by extensions ['ignore', 'ignore_ament_install']
[0.244s] Level 1:colcon.colcon_core.package_identification:_identify(src/ws_aruco/src/vision_opencv/vision_opencv) by extension 'ignore'
[0.244s] Level 1:colcon.colcon_core.package_identification:_identify(src/ws_aruco/src/vision_opencv/vision_opencv) by extension 'ignore_ament_install'
[0.244s] Level 1:colcon.colcon_core.package_identification:_identify(src/ws_aruco/src/vision_opencv/vision_opencv) by extensions ['colcon_pkg']
[0.244s] Level 1:colcon.colcon_core.package_identification:_identify(src/ws_aruco/src/vision_opencv/vision_opencv) by extension 'colcon_pkg'
[0.244s] Level 1:colcon.colcon_core.package_identification:_identify(src/ws_aruco/src/vision_opencv/vision_opencv) by extensions ['colcon_meta']
[0.244s] Level 1:colcon.colcon_core.package_identification:_identify(src/ws_aruco/src/vision_opencv/vision_opencv) by extension 'colcon_meta'
[0.244s] Level 1:colcon.colcon_core.package_identification:_identify(src/ws_aruco/src/vision_opencv/vision_opencv) by extensions ['ros']
[0.244s] Level 1:colcon.colcon_core.package_identification:_identify(src/ws_aruco/src/vision_opencv/vision_opencv) by extension 'ros'
[0.245s] DEBUG:colcon.colcon_core.package_identification:Package 'src/ws_aruco/src/vision_opencv/vision_opencv' with type 'ros.ament_cmake' and name 'vision_opencv'
[0.245s] Level 1:colcon.colcon_core.package_discovery:discover_packages(recursive) using defaults
[0.245s] Level 1:colcon.colcon_core.package_discovery:discover_packages(ignore) discover
[0.245s] Level 1:colcon.colcon_core.package_discovery:discover_packages(ignore) using defaults
[0.245s] Level 1:colcon.colcon_core.package_discovery:discover_packages(path) discover
[0.245s] Level 1:colcon.colcon_core.package_discovery:discover_packages(path) using defaults
[0.259s] INFO:colcon.colcon_core.package_selection:Skipping not selected package 'aruco_interfaces' in 'src/ws_aruco/src/aruco_interfaces'
[0.259s] INFO:colcon.colcon_core.package_selection:Skipping not selected package 'cv_bridge' in 'src/ws_aruco/src/vision_opencv/cv_bridge'
[0.259s] INFO:colcon.colcon_core.package_selection:Skipping not selected package 'image_geometry' in 'src/ws_aruco/src/vision_opencv/image_geometry'
[0.259s] INFO:colcon.colcon_core.package_selection:Skipping not selected package 'px4_msgs' in 'src/px4_msgs'
[0.259s] INFO:colcon.colcon_core.package_selection:Skipping not selected package 'multi_tracker' in 'src/ws_aruco/src/multi_tracker'
[0.259s] INFO:colcon.colcon_core.package_selection:Skipping not selected package 'opencv_tests' in 'src/ws_aruco/src/vision_opencv/opencv_tests'
[0.259s] INFO:colcon.colcon_core.package_selection:Skipping not selected package 'uav_controller_pkg' in 'src/uav_controller_pkg'
[0.259s] INFO:colcon.colcon_core.package_selection:Skipping not selected package 'utilities_pkg' in 'src/utilities_pkg'
[0.259s] INFO:colcon.colcon_core.package_selection:Skipping not selected package 'vision_opencv' in 'src/ws_aruco/src/vision_opencv/vision_opencv'
[0.260s] Level 1:colcon.colcon_core.package_discovery:discover_packages(prefix_path) check parameters
[0.260s] Level 1:colcon.colcon_core.package_discovery:discover_packages(prefix_path) discover
[0.261s] DEBUG:colcon.colcon_installed_package_information.package_discovery:Found 6 installed packages in /home/jmj/pro_asp_ws/ws_px4_controls/install
[0.263s] DEBUG:colcon.colcon_installed_package_information.package_discovery:Found 367 installed packages in /opt/ros/humble
[0.264s] Level 1:colcon.colcon_core.package_discovery:discover_packages(prefix_path) using defaults
[0.291s] Level 5:colcon.colcon_core.verb:set package 'px4_ros_com' build argument 'cmake_args' from command line to 'None'
[0.291s] Level 5:colcon.colcon_core.verb:set package 'px4_ros_com' build argument 'cmake_target' from command line to 'None'
[0.291s] Level 5:colcon.colcon_core.verb:set package 'px4_ros_com' build argument 'cmake_target_skip_unavailable' from command line to 'False'
[0.291s] Level 5:colcon.colcon_core.verb:set package 'px4_ros_com' build argument 'cmake_clean_cache' from command line to 'False'
[0.291s] Level 5:colcon.colcon_core.verb:set package 'px4_ros_com' build argument 'cmake_clean_first' from command line to 'False'
[0.291s] Level 5:colcon.colcon_core.verb:set package 'px4_ros_com' build argument 'cmake_force_configure' from command line to 'False'
[0.291s] Level 5:colcon.colcon_core.verb:set package 'px4_ros_com' build argument 'ament_cmake_args' from command line to 'None'
[0.291s] Level 5:colcon.colcon_core.verb:set package 'px4_ros_com' build argument 'catkin_cmake_args' from command line to 'None'
[0.291s] Level 5:colcon.colcon_core.verb:set package 'px4_ros_com' build argument 'catkin_skip_building_tests' from command line to 'False'
[0.291s] DEBUG:colcon.colcon_core.verb:Building package 'px4_ros_com' with the following arguments: {'ament_cmake_args': None, 'build_base': '/home/jmj/pro_asp_ws/ws_px4_controls/build/px4_ros_com', 'catkin_cmake_args': None, 'catkin_skip_building_tests': False, 'cmake_args': None, 'cmake_clean_cache': False, 'cmake_clean_first': False, 'cmake_force_configure': False, 'cmake_target': None, 'cmake_target_skip_unavailable': False, 'install_base': '/home/jmj/pro_asp_ws/ws_px4_controls/install/px4_ros_com', 'merge_install': False, 'path': '/home/jmj/pro_asp_ws/ws_px4_controls/src/px4_ros_com', 'symlink_install': False, 'test_result_base': None}
[0.291s] INFO:colcon.colcon_core.executor:Executing jobs using 'parallel' executor
[0.292s] DEBUG:colcon.colcon_parallel_executor.executor.parallel:run_until_complete
[0.293s] INFO:colcon.colcon_ros.task.ament_cmake.build:Building ROS package in '/home/jmj/pro_asp_ws/ws_px4_controls/src/px4_ros_com' with build type 'ament_cmake'
[0.293s] INFO:colcon.colcon_cmake.task.cmake.build:Building CMake package in '/home/jmj/pro_asp_ws/ws_px4_controls/src/px4_ros_com'
[0.295s] INFO:colcon.colcon_core.plugin_system:Skipping extension 'colcon_core.shell.bat': Not used on non-Windows systems
[0.296s] INFO:colcon.colcon_core.shell:Skip shell extension 'powershell' for command environment: Not usable outside of PowerShell
[0.296s] DEBUG:colcon.colcon_core.shell:Skip shell extension 'dsv' for command environment
[0.305s] DEBUG:colcon.colcon_core.event_handler.log_command:Invoking command in '/home/jmj/pro_asp_ws/ws_px4_controls/build/px4_ros_com': CMAKE_PREFIX_PATH=/home/jmj/pro_asp_ws/ws_px4_controls/install/px4_msgs:/home/jmj/pro_asp_ws/ws_px4_controls/install/utilities_pkg:/home/jmj/pro_asp_ws/ws_px4_controls/install/uav_controller_pkg:/home/jmj/pro_asp_ws/ws_px4_controls/install/px4_ros_com:/home/jmj/pro_asp_ws/ws_px4_controls/install/multi_tracker:/home/jmj/pro_asp_ws/ws_px4_controls/install/aruco_interfaces:/opt/ros/humble LD_LIBRARY_PATH=/home/jmj/pro_asp_ws/ws_px4_controls/install/px4_msgs/lib:/home/jmj/pro_asp_ws/ws_px4_controls/install/px4_ros_com/lib:/home/jmj/pro_asp_ws/ws_px4_controls/install/aruco_interfaces/lib:/usr/local/cuda/lib64:/opt/ros/humble/opt/rviz_ogre_vendor/lib:/opt/ros/humble/lib/x86_64-linux-gnu:/opt/ros/humble/lib:/usr/local/cuda/lib64 /usr/bin/cmake --build /home/jmj/pro_asp_ws/ws_px4_controls/build/px4_ros_com -- -j20 -l20
[5.930s] DEBUG:colcon.colcon_core.event_handler.log_command:Invoked command in '/home/jmj/pro_asp_ws/ws_px4_controls/build/px4_ros_com' returned '2': CMAKE_PREFIX_PATH=/home/jmj/pro_asp_ws/ws_px4_controls/install/px4_msgs:/home/jmj/pro_asp_ws/ws_px4_controls/install/utilities_pkg:/home/jmj/pro_asp_ws/ws_px4_controls/install/uav_controller_pkg:/home/jmj/pro_asp_ws/ws_px4_controls/install/px4_ros_com:/home/jmj/pro_asp_ws/ws_px4_controls/install/multi_tracker:/home/jmj/pro_asp_ws/ws_px4_controls/install/aruco_interfaces:/opt/ros/humble LD_LIBRARY_PATH=/home/jmj/pro_asp_ws/ws_px4_controls/install/px4_msgs/lib:/home/jmj/pro_asp_ws/ws_px4_controls/install/px4_ros_com/lib:/home/jmj/pro_asp_ws/ws_px4_controls/install/aruco_interfaces/lib:/usr/local/cuda/lib64:/opt/ros/humble/opt/rviz_ogre_vendor/lib:/opt/ros/humble/lib/x86_64-linux-gnu:/opt/ros/humble/lib:/usr/local/cuda/lib64 /usr/bin/cmake --build /home/jmj/pro_asp_ws/ws_px4_controls/build/px4_ros_com -- -j20 -l20
[5.930s] Level 1:colcon.colcon_core.environment:create_environment_scripts_only(px4_ros_com)
[5.933s] Level 1:colcon.colcon_core.environment:checking '/home/jmj/pro_asp_ws/ws_px4_controls/install/px4_ros_com' for CMake module files
[5.933s] Level 1:colcon.colcon_core.environment:checking '/home/jmj/pro_asp_ws/ws_px4_controls/install/px4_ros_com' for CMake config files
[5.933s] Level 1:colcon.colcon_core.shell:create_environment_hook('px4_ros_com', 'cmake_prefix_path')
[5.933s] INFO:colcon.colcon_core.shell:Creating environment hook '/home/jmj/pro_asp_ws/ws_px4_controls/install/px4_ros_com/share/px4_ros_com/hook/cmake_prefix_path.ps1'
[5.934s] INFO:colcon.colcon_core.shell:Creating environment descriptor '/home/jmj/pro_asp_ws/ws_px4_controls/install/px4_ros_com/share/px4_ros_com/hook/cmake_prefix_path.dsv'
[5.934s] INFO:colcon.colcon_core.shell:Creating environment hook '/home/jmj/pro_asp_ws/ws_px4_controls/install/px4_ros_com/share/px4_ros_com/hook/cmake_prefix_path.sh'
[5.934s] Level 1:colcon.colcon_core.environment:checking '/home/jmj/pro_asp_ws/ws_px4_controls/install/px4_ros_com/lib'
[5.934s] Level 1:colcon.colcon_core.shell:create_environment_hook('px4_ros_com', 'ld_library_path_lib')
[5.935s] INFO:colcon.colcon_core.shell:Creating environment hook '/home/jmj/pro_asp_ws/ws_px4_controls/install/px4_ros_com/share/px4_ros_com/hook/ld_library_path_lib.ps1'
[5.935s] INFO:colcon.colcon_core.shell:Creating environment descriptor '/home/jmj/pro_asp_ws/ws_px4_controls/install/px4_ros_com/share/px4_ros_com/hook/ld_library_path_lib.dsv'
[5.935s] INFO:colcon.colcon_core.shell:Creating environment hook '/home/jmj/pro_asp_ws/ws_px4_controls/install/px4_ros_com/share/px4_ros_com/hook/ld_library_path_lib.sh'
[5.935s] Level 1:colcon.colcon_core.environment:checking '/home/jmj/pro_asp_ws/ws_px4_controls/install/px4_ros_com/bin'
[5.935s] Level 1:colcon.colcon_core.environment:checking '/home/jmj/pro_asp_ws/ws_px4_controls/install/px4_ros_com/lib/pkgconfig/px4_ros_com.pc'
[5.935s] Level 1:colcon.colcon_core.environment:checking '/home/jmj/pro_asp_ws/ws_px4_controls/install/px4_ros_com/lib/python3.10/site-packages'
[5.935s] Level 1:colcon.colcon_core.environment:checking '/home/jmj/pro_asp_ws/ws_px4_controls/install/px4_ros_com/bin'
[5.936s] INFO:colcon.colcon_core.shell:Creating package script '/home/jmj/pro_asp_ws/ws_px4_controls/install/px4_ros_com/share/px4_ros_com/package.ps1'
[5.936s] INFO:colcon.colcon_core.shell:Creating package descriptor '/home/jmj/pro_asp_ws/ws_px4_controls/install/px4_ros_com/share/px4_ros_com/package.dsv'
[5.936s] INFO:colcon.colcon_core.shell:Creating package script '/home/jmj/pro_asp_ws/ws_px4_controls/install/px4_ros_com/share/px4_ros_com/package.sh'
[5.937s] INFO:colcon.colcon_core.shell:Creating package script '/home/jmj/pro_asp_ws/ws_px4_controls/install/px4_ros_com/share/px4_ros_com/package.bash'
[5.937s] INFO:colcon.colcon_core.shell:Creating package script '/home/jmj/pro_asp_ws/ws_px4_controls/install/px4_ros_com/share/px4_ros_com/package.zsh'
[5.937s] Level 1:colcon.colcon_core.environment:create_file_with_runtime_dependencies(/home/jmj/pro_asp_ws/ws_px4_controls/install/px4_ros_com/share/colcon-core/packages/px4_ros_com)
[5.948s] DEBUG:colcon.colcon_parallel_executor.executor.parallel:closing loop
[5.948s] DEBUG:colcon.colcon_parallel_executor.executor.parallel:loop closed
[5.948s] DEBUG:colcon.colcon_parallel_executor.executor.parallel:run_until_complete finished with '2'
[5.948s] DEBUG:colcon.colcon_core.event_reactor:joining thread
[5.954s] INFO:colcon.colcon_core.plugin_system:Skipping extension 'colcon_notification.desktop_notification.terminal_notifier': Not used on non-Darwin systems
[5.954s] INFO:colcon.colcon_core.plugin_system:Skipping extension 'colcon_notification.desktop_notification.win32': Not used on non-Windows systems
[5.954s] INFO:colcon.colcon_notification.desktop_notification:Sending desktop notification using 'notify2'
[5.966s] DEBUG:colcon.colcon_core.event_reactor:joined thread
[5.967s] INFO:colcon.colcon_core.shell:Creating prefix script '/home/jmj/pro_asp_ws/ws_px4_controls/install/local_setup.ps1'
[5.967s] INFO:colcon.colcon_core.shell:Creating prefix util module '/home/jmj/pro_asp_ws/ws_px4_controls/install/_local_setup_util_ps1.py'
[5.968s] INFO:colcon.colcon_core.shell:Creating prefix chain script '/home/jmj/pro_asp_ws/ws_px4_controls/install/setup.ps1'
[5.969s] INFO:colcon.colcon_core.shell:Creating prefix script '/home/jmj/pro_asp_ws/ws_px4_controls/install/local_setup.sh'
[5.969s] INFO:colcon.colcon_core.shell:Creating prefix util module '/home/jmj/pro_asp_ws/ws_px4_controls/install/_local_setup_util_sh.py'
[5.970s] INFO:colcon.colcon_core.shell:Creating prefix chain script '/home/jmj/pro_asp_ws/ws_px4_controls/install/setup.sh'
[5.970s] INFO:colcon.colcon_core.shell:Creating prefix script '/home/jmj/pro_asp_ws/ws_px4_controls/install/local_setup.bash'
[5.970s] INFO:colcon.colcon_core.shell:Creating prefix chain script '/home/jmj/pro_asp_ws/ws_px4_controls/install/setup.bash'
[5.971s] INFO:colcon.colcon_core.shell:Creating prefix script '/home/jmj/pro_asp_ws/ws_px4_controls/install/local_setup.zsh'
[5.971s] INFO:colcon.colcon_core.shell:Creating prefix chain script '/home/jmj/pro_asp_ws/ws_px4_controls/install/setup.zsh'
