[0.013s] Invoking command in '/home/jmj/pro_asp_ws/ws_px4_controls/build/uav_controller_pkg': CMAKE_PREFIX_PATH=/home/jmj/pro_asp_ws/ws_px4_controls/install/px4_msgs:/home/jmj/pro_asp_ws/ws_px4_controls/install/aruco_interfaces:/home/jmj/pro_asp_ws/ws_px4_controls/install/utilities_pkg:/home/jmj/pro_asp_ws/ws_px4_controls/install/uav_controller_pkg:/home/jmj/pro_asp_ws/ws_px4_controls/install/px4_ros_com:/home/jmj/pro_asp_ws/ws_px4_controls/install/multi_tracker:/opt/ros/humble LD_LIBRARY_PATH=/home/jmj/pro_asp_ws/ws_px4_controls/install/px4_msgs/lib:/home/jmj/pro_asp_ws/ws_px4_controls/install/aruco_interfaces/lib:/home/jmj/pro_asp_ws/ws_px4_controls/install/px4_ros_com/lib:/usr/local/cuda/lib64:/opt/ros/humble/opt/rviz_ogre_vendor/lib:/opt/ros/humble/lib/x86_64-linux-gnu:/opt/ros/humble/lib:/usr/local/cuda/lib64 /usr/bin/cmake --build /home/jmj/pro_asp_ws/ws_px4_controls/build/uav_controller_pkg -- -j20 -l20
[0.057s] [ 50%] [32mBuilding CXX object CMakeFiles/uav_controller.dir/src/uav_controller.cpp.o[0m
[4.750s] [01m[K/home/jmj/pro_asp_ws/ws_px4_controls/src/uav_controller_pkg/src/uav_controller.cpp:97:26:[m[K [01;31m[Kerror: [m[K‘[01m[Kpx4_msgs[m[K’ was not declared in this scope
[4.751s]    97 |     rclcpp::Subscription<[01;31m[Kpx4_msgs[m[K::msg::VehicleLocalPosition>::SharedPtr local_pose_sub_;
[4.751s]       |                          [01;31m[K^~~~~~~~[m[K
[4.751s] [01m[K/home/jmj/pro_asp_ws/ws_px4_controls/src/uav_controller_pkg/src/uav_controller.cpp:97:61:[m[K [01;31m[Kerror: [m[Ktemplate argument 1 is invalid
[4.751s]    97 |     rclcpp::Subscription<px4_msgs::msg::VehicleLocalPosition[01;31m[K>[m[K::SharedPtr local_pose_sub_;
[4.751s]       |                                                             [01;31m[K^[m[K
[4.751s] [01m[K/home/jmj/pro_asp_ws/ws_px4_controls/src/uav_controller_pkg/src/uav_controller.cpp:97:61:[m[K [01;31m[Kerror: [m[Ktemplate argument 3 is invalid
[4.751s] [01m[K/home/jmj/pro_asp_ws/ws_px4_controls/src/uav_controller_pkg/src/uav_controller.cpp:97:61:[m[K [01;31m[Kerror: [m[Ktemplate argument 4 is invalid
[4.751s] [01m[K/home/jmj/pro_asp_ws/ws_px4_controls/src/uav_controller_pkg/src/uav_controller.cpp:97:61:[m[K [01;31m[Kerror: [m[Ktemplate argument 5 is invalid
[4.751s] [01m[K/home/jmj/pro_asp_ws/ws_px4_controls/src/uav_controller_pkg/src/uav_controller.cpp:97:64:[m[K [01;31m[Kerror: [m[Kexpected ‘[01m[K;[m[K’ at end of member declaration
[4.751s]    97 |     rclcpp::Subscription<px4_msgs::msg::VehicleLocalPosition>::[01;31m[KSharedPtr[m[K local_pose_sub_;
[4.751s]       |                                                                [01;31m[K^~~~~~~~~[m[K
[4.751s]       |                                                                         [32m[K;[m[K
[4.751s] [01m[K/home/jmj/pro_asp_ws/ws_px4_controls/src/uav_controller_pkg/src/uav_controller.cpp:97:74:[m[K [01;31m[Kerror: [m[K‘[01m[Klocal_pose_sub_[m[K’ does not name a type
[4.751s]    97 |     rclcpp::Subscription<px4_msgs::msg::VehicleLocalPosition>::SharedPtr [01;31m[Klocal_pose_sub_[m[K;
[4.751s]       |                                                                          [01;31m[K^~~~~~~~~~~~~~~[m[K
[4.751s] [01m[K/home/jmj/pro_asp_ws/ws_px4_controls/src/uav_controller_pkg/src/uav_controller.cpp:[m[K In constructor ‘[01m[KUavController::UavController()[m[K’:
[4.751s] [01m[K/home/jmj/pro_asp_ws/ws_px4_controls/src/uav_controller_pkg/src/uav_controller.cpp:70:9:[m[K [01;31m[Kerror: [m[K‘[01m[Klocal_pose_sub_[m[K’ was not declared in this scope
[4.751s]    70 |         [01;31m[Klocal_pose_sub_[m[K = create_subscription<px4_msgs::msg::VehicleLocalPosition>(
[4.751s]       |         [01;31m[K^~~~~~~~~~~~~~~[m[K
[4.751s] [01m[K/home/jmj/pro_asp_ws/ws_px4_controls/src/uav_controller_pkg/src/uav_controller.cpp:70:47:[m[K [01;31m[Kerror: [m[K‘[01m[Kpx4_msgs[m[K’ was not declared in this scope
[4.751s]    70 |         local_pose_sub_ = create_subscription<[01;31m[Kpx4_msgs[m[K::msg::VehicleLocalPosition>(
[4.752s]       |                                               [01;31m[K^~~~~~~~[m[K
[4.752s] [01m[K/home/jmj/pro_asp_ws/ws_px4_controls/src/uav_controller_pkg/src/uav_controller.cpp:70:27:[m[K [01;31m[Kerror: [m[Kparse error in template argument list
[4.752s]    70 |         local_pose_sub_ = [01;31m[Kcreate_subscription<px4_msgs::msg::VehicleLocalPosition>[m[K(
[4.752s]       |                           [01;31m[K^~~~~~~~~~~~~~~~~~~~~~~~~~~~~~~~~~~~~~~~~~~~~~~~~~~~~~~~[m[K
[4.752s] [01m[K/home/jmj/pro_asp_ws/ws_px4_controls/src/uav_controller_pkg/src/uav_controller.cpp:72:39:[m[K [01;31m[Kerror: [m[K‘[01m[Kodometry_cb[m[K’ is not a member of ‘[01m[KUavController[m[K’
[4.752s]    72 |             std::bind(&UavController::[01;31m[Kodometry_cb[m[K, this, std::placeholders::_1));
[4.752s]       |                                       [01;31m[K^~~~~~~~~~~[m[K
[4.752s] [01m[K/home/jmj/pro_asp_ws/ws_px4_controls/src/uav_controller_pkg/src/uav_controller.cpp:[m[K In member function ‘[01m[Kvoid UavController::set_local_static()[m[K’:
[4.752s] [01m[K/home/jmj/pro_asp_ws/ws_px4_controls/src/uav_controller_pkg/src/uav_controller.cpp:152:26:[m[K [01;31m[Kerror: [m[K‘[01m[Kclock_[m[K’ was not declared in this scope; did you mean ‘[01m[Kclock_t[m[K’?
[4.752s]   152 |         t.header.stamp = [01;31m[Kclock_[m[K->now();
[4.752s]       |                          [01;31m[K^~~~~~[m[K
[4.752s]       |                          [32m[Kclock_t[m[K
[4.752s] [01m[K/home/jmj/pro_asp_ws/ws_px4_controls/src/uav_controller_pkg/src/uav_controller.cpp:161:9:[m[K [01;31m[Kerror: [m[K‘[01m[Kstatic_broadcaster_[m[K’ was not declared in this scope
[4.752s]   161 |         [01;31m[Kstatic_broadcaster_[m[K->sendTransform(t);
[4.752s]       |         [01;31m[K^~~~~~~~~~~~~~~~~~~[m[K
[4.752s] [01m[K/home/jmj/pro_asp_ws/ws_px4_controls/src/uav_controller_pkg/src/uav_controller.cpp:[m[K In member function ‘[01m[Kvoid UavController::main_loop()[m[K’:
[4.752s] [01m[K/home/jmj/pro_asp_ws/ws_px4_controls/src/uav_controller_pkg/src/uav_controller.cpp:255:13:[m[K [01;31m[Kerror: [m[K‘[01m[Ksend_setpoint_as_enu[m[K’ was not declared in this scope; did you mean ‘[01m[Ksend_setpoint_enu_to_ned[m[K’?
[4.752s]   255 |             [01;31m[Ksend_setpoint_as_enu[m[K(wp);
[4.752s]       |             [01;31m[K^~~~~~~~~~~~~~~~~~~~[m[K
[4.752s]       |             [32m[Ksend_setpoint_enu_to_ned[m[K
[4.752s] [01m[K/home/jmj/pro_asp_ws/ws_px4_controls/src/uav_controller_pkg/src/uav_controller.cpp:301:17:[m[K [01;31m[Kerror: [m[K‘[01m[Ksend_setpoint_as_enu[m[K’ was not declared in this scope; did you mean ‘[01m[Ksend_setpoint_enu_to_ned[m[K’?
[4.752s]   301 |                 [01;31m[Ksend_setpoint_as_enu[m[K(wp.x, wp.y, wp.z, FIXED_HEADING_QUATERNION_);
[4.752s]       |                 [01;31m[K^~~~~~~~~~~~~~~~~~~~[m[K
[4.752s]       |                 [32m[Ksend_setpoint_enu_to_ned[m[K
[4.752s] [01m[K/home/jmj/pro_asp_ws/ws_px4_controls/src/uav_controller_pkg/src/uav_controller.cpp:306:17:[m[K [01;31m[Kerror: [m[K‘[01m[Ksend_setpoint_as_enu[m[K’ was not declared in this scope; did you mean ‘[01m[Ksend_setpoint_enu_to_ned[m[K’?
[4.752s]   306 |                 [01;31m[Ksend_setpoint_as_enu[m[K(wp.x, wp.y, wp.z);
[4.752s]       |                 [01;31m[K^~~~~~~~~~~~~~~~~~~~[m[K
[4.752s]       |                 [32m[Ksend_setpoint_enu_to_ned[m[K
[4.752s] [01m[K/home/jmj/pro_asp_ws/ws_px4_controls/src/uav_controller_pkg/src/uav_controller.cpp:329:17:[m[K [01;31m[Kerror: [m[K‘[01m[Ksend_setpoint_as_enu[m[K’ was not declared in this scope; did you mean ‘[01m[Ksend_setpoint_enu_to_ned[m[K’?
[4.752s]   329 |                 [01;31m[Ksend_setpoint_as_enu[m[K(wp.x, wp.y, wp.z, FIXED_HEADING_QUATERNION_);
[4.752s]       |                 [01;31m[K^~~~~~~~~~~~~~~~~~~~[m[K
[4.752s]       |                 [32m[Ksend_setpoint_enu_to_ned[m[K
[4.752s] [01m[K/home/jmj/pro_asp_ws/ws_px4_controls/src/uav_controller_pkg/src/uav_controller.cpp:333:17:[m[K [01;31m[Kerror: [m[K‘[01m[Ksend_setpoint_as_enu[m[K’ was not declared in this scope; did you mean ‘[01m[Ksend_setpoint_enu_to_ned[m[K’?
[4.752s]   333 |                 [01;31m[Ksend_setpoint_as_enu[m[K(wp.x, wp.y, wp.z);
[4.752s]       |                 [01;31m[K^~~~~~~~~~~~~~~~~~~~[m[K
[4.752s]       |                 [32m[Ksend_setpoint_enu_to_ned[m[K
[4.752s] [01m[K/home/jmj/pro_asp_ws/ws_px4_controls/src/uav_controller_pkg/src/uav_controller.cpp:352:21:[m[K [01;31m[Kerror: [m[K‘[01m[Ksend_setpoint_as_enu[m[K’ was not declared in this scope; did you mean ‘[01m[Ksend_setpoint_enu_to_ned[m[K’?
[4.752s]   352 |                     [01;31m[Ksend_setpoint_as_enu[m[K(wp.x, wp.y, wp.z, FIXED_HEADING_QUATERNION_);
[4.752s]       |                     [01;31m[K^~~~~~~~~~~~~~~~~~~~[m[K
[4.752s]       |                     [32m[Ksend_setpoint_enu_to_ned[m[K
[4.752s] [01m[K/home/jmj/pro_asp_ws/ws_px4_controls/src/uav_controller_pkg/src/uav_controller.cpp:356:21:[m[K [01;31m[Kerror: [m[K‘[01m[Ksend_setpoint_as_enu[m[K’ was not declared in this scope; did you mean ‘[01m[Ksend_setpoint_enu_to_ned[m[K’?
[4.752s]   356 |                     [01;31m[Ksend_setpoint_as_enu[m[K(wp.x, wp.y, wp.z);
[4.753s]       |                     [01;31m[K^~~~~~~~~~~~~~~~~~~~[m[K
[4.753s]       |                     [32m[Ksend_setpoint_enu_to_ned[m[K
[4.753s] [01m[K/home/jmj/pro_asp_ws/ws_px4_controls/src/uav_controller_pkg/src/uav_controller.cpp:370:13:[m[K [01;31m[Kerror: [m[K‘[01m[Ksend_setpoint_as_enu[m[K’ was not declared in this scope; did you mean ‘[01m[Ksend_setpoint_enu_to_ned[m[K’?
[4.753s]   370 |             [01;31m[Ksend_setpoint_as_enu[m[K(landing_spot_enu_.x, landing_spot_enu_.y, 1.0); // Land mode
[4.753s]       |             [01;31m[K^~~~~~~~~~~~~~~~~~~~[m[K
[4.753s]       |             [32m[Ksend_setpoint_enu_to_ned[m[K
[4.753s] [01m[K/home/jmj/pro_asp_ws/ws_px4_controls/src/uav_controller_pkg/src/uav_controller.cpp:386:17:[m[K [01;31m[Kerror: [m[K‘[01m[Ksend_setpoint_as_enu[m[K’ was not declared in this scope; did you mean ‘[01m[Ksend_setpoint_enu_to_ned[m[K’?
[4.753s]   386 |                 [01;31m[Ksend_setpoint_as_enu[m[K(last_wp.x, last_wp.y, last_wp.z + 5.0);
[4.753s]       |                 [01;31m[K^~~~~~~~~~~~~~~~~~~~[m[K
[4.753s]       |                 [32m[Ksend_setpoint_enu_to_ned[m[K
[4.753s] [01m[K/home/jmj/pro_asp_ws/ws_px4_controls/src/uav_controller_pkg/src/uav_controller.cpp:[m[K In member function ‘[01m[Kvoid UavController::send_setpoint_enu_to_ned(const Pose&)[m[K’:
[4.753s] [01m[K/home/jmj/pro_asp_ws/ws_px4_controls/src/uav_controller_pkg/src/uav_controller.cpp:456:50:[m[K [01;31m[Kerror: [m[Krequest for member ‘[01m[Know[m[K’ in ‘[01m[K* clock[m[K’, which is of non-class type ‘[01m[Kclock_t() noexcept[m[K’ {aka ‘[01m[Klong int() noexcept[m[K’}
[4.753s]   456 |         input_pose_stamped.header.stamp = clock->[01;31m[Know[m[K();
[4.753s]       |                                                  [01;31m[K^~~[m[K
[4.753s] In file included from [01m[K/opt/ros/humble/include/rclcpp/rclcpp/client.hpp:40[m[K,
[4.753s]                  from [01m[K/opt/ros/humble/include/rclcpp/rclcpp/callback_group.hpp:24[m[K,
[4.753s]                  from [01m[K/opt/ros/humble/include/rclcpp/rclcpp/any_executable.hpp:20[m[K,
[4.753s]                  from [01m[K/opt/ros/humble/include/rclcpp/rclcpp/memory_strategy.hpp:25[m[K,
[4.753s]                  from [01m[K/opt/ros/humble/include/rclcpp/rclcpp/memory_strategies.hpp:18[m[K,
[4.753s]                  from [01m[K/opt/ros/humble/include/rclcpp/rclcpp/executor_options.hpp:20[m[K,
[4.753s]                  from [01m[K/opt/ros/humble/include/rclcpp/rclcpp/executor.hpp:37[m[K,
[4.753s]                  from [01m[K/opt/ros/humble/include/rclcpp/rclcpp/executors/multi_threaded_executor.hpp:25[m[K,
[4.753s]                  from [01m[K/opt/ros/humble/include/rclcpp/rclcpp/executors.hpp:21[m[K,
[4.753s]                  from [01m[K/opt/ros/humble/include/rclcpp/rclcpp/rclcpp.hpp:155[m[K,
[4.753s]                  from [01m[K/home/jmj/pro_asp_ws/ws_px4_controls/src/uav_controller_pkg/src/uav_controller.cpp:11[m[K:
[4.753s] [01m[K/home/jmj/pro_asp_ws/ws_px4_controls/src/uav_controller_pkg/src/uav_controller.cpp:465:9:[m[K [01;31m[Kerror: [m[Kexpected ‘[01m[Kcatch[m[K’ before ‘[01m[K{[m[K’ token
[4.753s]   465 |         [01;31m[KRCLCPP_INFO[m[K(this->get_logger(), "local_setpoint: x=%.2f, y=%.2f, z=%.2f",
[4.753s]       |         [01;31m[K^~~~~~~~~~~[m[K
[4.753s] [01m[K/home/jmj/pro_asp_ws/ws_px4_controls/src/uav_controller_pkg/src/uav_controller.cpp:465:9:[m[K [01;31m[Kerror: [m[Kexpected ‘[01m[K([m[K’ before ‘[01m[K{[m[K’ token
[4.753s] [01m[K/home/jmj/pro_asp_ws/ws_px4_controls/src/uav_controller_pkg/src/uav_controller.cpp:465:9:[m[K [01;31m[Kerror: [m[Kexpected type-specifier before ‘[01m[K{[m[K’ token
[4.753s] [01m[K/home/jmj/pro_asp_ws/ws_px4_controls/src/uav_controller_pkg/src/uav_controller.cpp:465:9:[m[K [01;31m[Kerror: [m[Kexpected ‘[01m[K)[m[K’ before ‘[01m[K{[m[K’ token
[4.753s] [01m[K/home/jmj/pro_asp_ws/ws_px4_controls/src/uav_controller_pkg/src/uav_controller.cpp:465:9:[m[K [01;36m[Knote: [m[Kto match this ‘[01m[K([m[K’
[4.753s] In file included from [01m[K/opt/ros/humble/include/rclcpp/rclcpp/logging.hpp:24[m[K,
[4.753s]                  from [01m[K/opt/ros/humble/include/rclcpp/rclcpp/client.hpp:40[m[K,
[4.754s]                  from [01m[K/opt/ros/humble/include/rclcpp/rclcpp/callback_group.hpp:24[m[K,
[4.754s]                  from [01m[K/opt/ros/humble/include/rclcpp/rclcpp/any_executable.hpp:20[m[K,
[4.754s]                  from [01m[K/opt/ros/humble/include/rclcpp/rclcpp/memory_strategy.hpp:25[m[K,
[4.754s]                  from [01m[K/opt/ros/humble/include/rclcpp/rclcpp/memory_strategies.hpp:18[m[K,
[4.754s]                  from [01m[K/opt/ros/humble/include/rclcpp/rclcpp/executor_options.hpp:20[m[K,
[4.754s]                  from [01m[K/opt/ros/humble/include/rclcpp/rclcpp/executor.hpp:37[m[K,
[4.754s]                  from [01m[K/opt/ros/humble/include/rclcpp/rclcpp/executors/multi_threaded_executor.hpp:25[m[K,
[4.754s]                  from [01m[K/opt/ros/humble/include/rclcpp/rclcpp/executors.hpp:21[m[K,
[4.754s]                  from [01m[K/opt/ros/humble/include/rclcpp/rclcpp/rclcpp.hpp:155[m[K,
[4.754s]                  from [01m[K/home/jmj/pro_asp_ws/ws_px4_controls/src/uav_controller_pkg/src/uav_controller.cpp:11[m[K:
[4.754s] [01m[K/home/jmj/pro_asp_ws/ws_px4_controls/src/uav_controller_pkg/src/uav_controller.cpp:466:21:[m[K [01;31m[Kerror: [m[K‘[01m[Ktransformed_pose_stamped[m[K’ was not declared in this scope
[4.754s]   466 |                     [01;31m[Ktransformed_pose_stamped[m[K.pose.position.x,
[4.754s]       |                     [01;31m[K^~~~~~~~~~~~~~~~~~~~~~~~[m[K
[4.754s] [01m[K/home/jmj/pro_asp_ws/ws_px4_controls/src/uav_controller_pkg/src/uav_controller.cpp:470:26:[m[K [01;31m[Kerror: [m[K‘[01m[KgetYaw[m[K’ is not a member of ‘[01m[Ktf2[m[K’
[4.754s]   470 |                     tf2::[01;31m[KgetYaw[m[K(transformed_pose_stamped.pose.orientation));
[4.754s]       |                          [01;31m[K^~~~~~[m[K
[4.754s] [01m[K/home/jmj/pro_asp_ws/ws_px4_controls/src/uav_controller_pkg/src/uav_controller.cpp:470:33:[m[K [01;31m[Kerror: [m[K‘[01m[Ktransformed_pose_stamped[m[K’ was not declared in this scope
[4.754s]   470 |                     tf2::getYaw([01;31m[Ktransformed_pose_stamped[m[K.pose.orientation));
[4.754s]       |                                 [01;31m[K^~~~~~~~~~~~~~~~~~~~~~~~[m[K
[4.754s] gmake[2]: *** [CMakeFiles/uav_controller.dir/build.make:76: CMakeFiles/uav_controller.dir/src/uav_controller.cpp.o] Error 1
[4.754s] gmake[1]: *** [CMakeFiles/Makefile2:137: CMakeFiles/uav_controller.dir/all] Error 2
[4.754s] gmake: *** [Makefile:146: all] Error 2
[4.755s] Invoked command in '/home/jmj/pro_asp_ws/ws_px4_controls/build/uav_controller_pkg' returned '2': CMAKE_PREFIX_PATH=/home/jmj/pro_asp_ws/ws_px4_controls/install/px4_msgs:/home/jmj/pro_asp_ws/ws_px4_controls/install/aruco_interfaces:/home/jmj/pro_asp_ws/ws_px4_controls/install/utilities_pkg:/home/jmj/pro_asp_ws/ws_px4_controls/install/uav_controller_pkg:/home/jmj/pro_asp_ws/ws_px4_controls/install/px4_ros_com:/home/jmj/pro_asp_ws/ws_px4_controls/install/multi_tracker:/opt/ros/humble LD_LIBRARY_PATH=/home/jmj/pro_asp_ws/ws_px4_controls/install/px4_msgs/lib:/home/jmj/pro_asp_ws/ws_px4_controls/install/aruco_interfaces/lib:/home/jmj/pro_asp_ws/ws_px4_controls/install/px4_ros_com/lib:/usr/local/cuda/lib64:/opt/ros/humble/opt/rviz_ogre_vendor/lib:/opt/ros/humble/lib/x86_64-linux-gnu:/opt/ros/humble/lib:/usr/local/cuda/lib64 /usr/bin/cmake --build /home/jmj/pro_asp_ws/ws_px4_controls/build/uav_controller_pkg -- -j20 -l20
