[0.011s] Invoking command in '/home/jmj/pro_asp_ws/ws_px4_controls/build/px4_ros_com': CMAKE_PREFIX_PATH=/home/jmj/pro_asp_ws/ws_px4_controls/install/px4_msgs:/home/jmj/pro_asp_ws/ws_px4_controls/install/utilities_pkg:/home/jmj/pro_asp_ws/ws_px4_controls/install/uav_controller_pkg:/home/jmj/pro_asp_ws/ws_px4_controls/install/px4_ros_com:/home/jmj/pro_asp_ws/ws_px4_controls/install/multi_tracker:/home/jmj/pro_asp_ws/ws_px4_controls/install/aruco_interfaces:/opt/ros/humble LD_LIBRARY_PATH=/home/jmj/pro_asp_ws/ws_px4_controls/install/px4_msgs/lib:/home/jmj/pro_asp_ws/ws_px4_controls/install/px4_ros_com/lib:/home/jmj/pro_asp_ws/ws_px4_controls/install/aruco_interfaces/lib:/usr/local/cuda/lib64:/opt/ros/humble/opt/rviz_ogre_vendor/lib:/opt/ros/humble/lib/x86_64-linux-gnu:/opt/ros/humble/lib:/usr/local/cuda/lib64 /usr/bin/cmake --build /home/jmj/pro_asp_ws/ws_px4_controls/build/px4_ros_com -- -j20 -l20
[0.047s] [35m[1mConsolidate compiler generated dependencies of target offboard_control[0m
[0.057s] [ 12%] Built target frame_transforms
[0.057s] [ 25%] Built target vehicle_gps_position_listener
[0.058s] [ 37%] Built target offboard_control_key
[0.058s] [ 50%] Built target debug_vect_advertiser
[0.059s] [ 62%] Built target offboard_control_srv
[0.062s] [ 87%] Built target sensor_combined_listener
[0.062s] [ 75%] Built target ament_cmake_python_copy_px4_ros_com
[0.062s] [ 87%] Built target cli_pose_command
[0.066s] [ 93%] [32mBuilding CXX object CMakeFiles/offboard_control.dir/src/examples/offboard/offboard_control.cpp.o[0m
[0.257s] running egg_info
[0.259s] writing px4_ros_com.egg-info/PKG-INFO
[0.259s] writing dependency_links to px4_ros_com.egg-info/dependency_links.txt
[0.259s] writing top-level names to px4_ros_com.egg-info/top_level.txt
[0.263s] reading manifest file 'px4_ros_com.egg-info/SOURCES.txt'
[0.264s] writing manifest file 'px4_ros_com.egg-info/SOURCES.txt'
[0.298s] [ 93%] Built target ament_cmake_python_build_px4_ros_com_egg
[5.696s] In file included from [01m[K/usr/include/c++/11/pstl/glue_algorithm_defs.h:13[m[K,
[5.696s]                  from [01m[K/usr/include/c++/11/algorithm:74[m[K,
[5.696s]                  from [01m[K/home/jmj/pro_asp_ws/ws_px4_controls/install/px4_msgs/include/px4_msgs/px4_msgs/msg/detail/offboard_control_mode__struct.hpp:8[m[K,
[5.696s]                  from [01m[K/home/jmj/pro_asp_ws/ws_px4_controls/install/px4_msgs/include/px4_msgs/px4_msgs/msg/offboard_control_mode.hpp:7[m[K,
[5.696s]                  from [01m[K/home/jmj/pro_asp_ws/ws_px4_controls/src/px4_ros_com/src/examples/offboard/offboard_control.cpp:4[m[K:
[5.696s] /usr/include/c++/11/functional: In instantiation of ‘[01m[Kstruct std::_Bind_check_arity<void (OffboardControl::*)(std::shared_ptr<std_msgs::msg::Bool_<std::allocator<void> > >)>[m[K’:
[5.696s] [01m[K/usr/include/c++/11/functional:768:12:[m[K   required from ‘[01m[Kstruct std::_Bind_helper<false, void (OffboardControl::*)(std::shared_ptr<std_msgs::msg::Bool_<std::allocator<void> > >)>[m[K’
[5.696s] [01m[K/usr/include/c++/11/functional:789:5:[m[K   required by substitution of ‘[01m[Ktemplate<class _Func, class ... _BoundArgs> typename std::_Bind_helper<std::__is_socketlike<_Func>::value, _Func, _BoundArgs ...>::type std::bind(_Func&&, _BoundArgs&& ...) [with _Func = void (OffboardControl::*)(std::shared_ptr<std_msgs::msg::Bool_<std::allocator<void> > >); _BoundArgs = {}][m[K’
[5.696s] [01m[K/home/jmj/pro_asp_ws/ws_px4_controls/src/px4_ros_com/src/examples/offboard/offboard_control.cpp:39:89:[m[K   required from here
[5.696s] [01m[K/usr/include/c++/11/functional:756:21:[m[K [01;31m[Kerror: [m[Kstatic assertion failed: Wrong number of arguments for pointer-to-member
[5.696s]   755 |       static_assert(_Varargs::[01;31m[Kvalue[m[K
[5.696s]       |                               [01;31m[K~~~~~[m[K
[5.696s]   756 | [01;31m[K                    ? sizeof...(_BoundArgs) >= _Arity::value + 1[m[K
[5.696s]       |                     [01;31m[K^~~~~~~~~~~~~~~~~~~~~~~~~~~~~~~~~~~~~~~~~~~~[m[K
[5.696s]   757 | [01;31m[K                    : sizeof...(_BoundArgs) == _Arity::value + 1[m[K,
[5.696s]       |                     [01;31m[K~~~~~~~~~~~~~~~~~~~~~~~~~~~~~~~~~~~~~~~~~~~~[m[K
[5.696s] [01m[K/usr/include/c++/11/functional:756:21:[m[K [01;36m[Knote: [m[K‘[01m[K(false ? (0 >= (((long unsigned int)std::integral_constant<long unsigned int, 1>::value) + 1)) : (0 == (((long unsigned int)std::integral_constant<long unsigned int, 1>::value) + 1)))[m[K’ evaluates to false
[5.696s] /usr/include/c++/11/functional: In substitution of ‘[01m[Ktemplate<class _Functor, class ... _Bound_args> template<class _Fn, class _CallArgs, class ... _BArgs> using _Res_type_impl = typename std::result_of<_Fn&(decltype (std::_Mu<typename std::remove_cv<_BArgs>::type, std::is_bind_expression<typename std::remove_cv<_BArgs>::type>::value, (std::is_placeholder<typename std::remove_cv<_BArgs>::type>::value > 0)>()(declval<_BArgs&>(), declval<_CallArgs&>()))&& ...)>::type [with _Fn = void (OffboardControl::*)(std::shared_ptr<std_msgs::msg::Bool_<std::allocator<void> > >); _CallArgs = _CallArgs; _BArgs = {}; _Functor = void (OffboardControl::*)(std::shared_ptr<std_msgs::msg::Bool_<std::allocator<void> > >); _Bound_args = {}][m[K’:
[5.696s] [01m[K/usr/include/c++/11/functional:468:8:[m[K   required from ‘[01m[Kclass std::_Bind<void (OffboardControl::*())(std::shared_ptr<std_msgs::msg::Bool_<std::allocator<void> > >)>[m[K’
[5.696s] [01m[K/home/jmj/pro_asp_ws/ws_px4_controls/src/px4_ros_com/src/examples/offboard/offboard_control.cpp:39:89:[m[K   required from here
[5.696s] [01m[K/usr/include/c++/11/functional:464:15:[m[K [01;31m[Kerror: [m[Kno type named ‘[01m[Ktype[m[K’ in ‘[01m[Kstruct std::result_of<void (OffboardControl::*&())(std::shared_ptr<std_msgs::msg::Bool_<std::allocator<void> > >)>[m[K’
[5.696s]   464 |         using [01;31m[K_Res_type_impl[m[K
[5.696s]       |               [01;31m[K^~~~~~~~~~~~~~[m[K
[5.696s] /usr/include/c++/11/functional: In substitution of ‘[01m[Ktemplate<class _Functor, class ... _Bound_args> template<class _Fn, class _CallArgs, class ... _BArgs> using _Res_type_impl = typename std::result_of<_Fn&(decltype (std::_Mu<typename std::remove_cv<_BArgs>::type, std::is_bind_expression<typename std::remove_cv<_BArgs>::type>::value, (std::is_placeholder<typename std::remove_cv<_BArgs>::type>::value > 0)>()(declval<_BArgs&>(), declval<_CallArgs&>()))&& ...)>::type [with _Fn = void (OffboardControl::*)(std::shared_ptr<std_msgs::msg::Bool_<std::allocator<void> > >); _CallArgs = std::tuple<_Tps ...>; _BArgs = {}; _Functor = void (OffboardControl::*)(std::shared_ptr<std_msgs::msg::Bool_<std::allocator<void> > >); _Bound_args = {}][m[K’:
[5.696s] [01m[K/usr/include/c++/11/functional:468:8:[m[K   required by substitution of ‘[01m[Ktemplate<class _Functor, class ... _Bound_args> template<class _CallArgs> using _Res_type = std::_Bind<_Functor(_Bound_args ...)>::_Res_type_impl<_Functor, _CallArgs, _Bound_args ...> [with _CallArgs = std::tuple<_Tps ...>; _Functor = void (OffboardControl::*)(std::shared_ptr<std_msgs::msg::Bool_<std::allocator<void> > >); _Bound_args = {}][m[K’
[5.697s] [01m[K/usr/include/c++/11/functional:501:2:[m[K   required from ‘[01m[Kclass std::_Bind<void (OffboardControl::*())(std::shared_ptr<std_msgs::msg::Bool_<std::allocator<void> > >)>[m[K’
[5.697s] [01m[K/home/jmj/pro_asp_ws/ws_px4_controls/src/px4_ros_com/src/examples/offboard/offboard_control.cpp:39:89:[m[K   required from here
[5.697s] [01m[K/usr/include/c++/11/functional:464:15:[m[K [01;31m[Kerror: [m[Kno type named ‘[01m[Ktype[m[K’ in ‘[01m[Kstruct std::result_of<void (OffboardControl::*&())(std::shared_ptr<std_msgs::msg::Bool_<std::allocator<void> > >)>[m[K’
[5.697s] [01m[K/home/jmj/pro_asp_ws/ws_px4_controls/src/px4_ros_com/src/examples/offboard/offboard_control.cpp:[m[K In constructor ‘[01m[KOffboardControl::OffboardControl()[m[K’:
[5.697s] [01m[K/home/jmj/pro_asp_ws/ws_px4_controls/src/px4_ros_com/src/examples/offboard/offboard_control.cpp:39:60:[m[K [01;31m[Kerror: [m[Kno matching function for call to ‘[01m[KOffboardControl::create_subscription<std_msgs::msg::Bool>(const char [12], int, std::_Bind_helper<false, void (OffboardControl::*)(std::shared_ptr<std_msgs::msg::Bool_<std::allocator<void> > >)>::type, OffboardControl*, const std::_Placeholder<1>&)[m[K’
[5.697s]    39 |     takeoff_sub_ = [01;31m[Kcreate_subscription<std_msgs::msg::Bool>("/do_takeoff", 10, std::bind(&OffboardControl::takeoff_callback), this, _1)[m[K;
[5.697s]       |                    [01;31m[K~~~~~~~~~~~~~~~~~~~~~~~~~~~~~~~~~~~~~~~~^~~~~~~~~~~~~~~~~~~~~~~~~~~~~~~~~~~~~~~~~~~~~~~~~~~~~~~~~~~~~~~~~~~~~~~~~~~~[m[K
[5.697s] In file included from [01m[K/opt/ros/humble/include/rclcpp/rclcpp/node.hpp:1321[m[K,
[5.697s]                  from [01m[K/opt/ros/humble/include/rclcpp/rclcpp/executors/single_threaded_executor.hpp:28[m[K,
[5.697s]                  from [01m[K/opt/ros/humble/include/rclcpp/rclcpp/executors.hpp:22[m[K,
[5.697s]                  from [01m[K/opt/ros/humble/include/rclcpp/rclcpp/rclcpp.hpp:155[m[K,
[5.697s]                  from [01m[K/opt/ros/humble/include/tf2_ros/tf2_ros/buffer_interface.h:48[m[K,
[5.697s]                  from [01m[K/opt/ros/humble/include/tf2_geometry_msgs/tf2_geometry_msgs/tf2_geometry_msgs.hpp:60[m[K,
[5.697s]                  from [01m[K/home/jmj/pro_asp_ws/ws_px4_controls/src/px4_ros_com/src/examples/offboard/offboard_control.cpp:10[m[K:
[5.697s] [01m[K/opt/ros/humble/include/rclcpp/rclcpp/node_impl.hpp:92:1:[m[K [01;36m[Knote: [m[Kcandidate: ‘[01m[Ktemplate<class MessageT, class CallbackT, class AllocatorT, class SubscriptionT, class MessageMemoryStrategyT> std::shared_ptr<ROSMessageT> rclcpp::Node::create_subscription(const string&, const rclcpp::QoS&, CallbackT&&, const rclcpp::SubscriptionOptionsWithAllocator<AllocatorT>&, typename MessageMemoryStrategyT::SharedPtr)[m[K’
[5.697s]    92 | [01;36m[KNode[m[K::create_subscription(
[5.697s]       | [01;36m[K^~~~[m[K
[5.697s] [01m[K/opt/ros/humble/include/rclcpp/rclcpp/node_impl.hpp:92:1:[m[K [01;36m[Knote: [m[K  template argument deduction/substitution failed:
[5.697s] [01m[K/home/jmj/pro_asp_ws/ws_px4_controls/src/px4_ros_com/src/examples/offboard/offboard_control.cpp:39:60:[m[K [01;36m[Knote: [m[K  mismatched types ‘[01m[Kconst rclcpp::SubscriptionOptionsWithAllocator<AllocatorT>[m[K’ and ‘[01m[KOffboardControl*[m[K’
[5.697s]    39 |     takeoff_sub_ = [01;36m[Kcreate_subscription<std_msgs::msg::Bool>("/do_takeoff", 10, std::bind(&OffboardControl::takeoff_callback), this, _1)[m[K;
[5.697s]       |                    [01;36m[K~~~~~~~~~~~~~~~~~~~~~~~~~~~~~~~~~~~~~~~~^~~~~~~~~~~~~~~~~~~~~~~~~~~~~~~~~~~~~~~~~~~~~~~~~~~~~~~~~~~~~~~~~~~~~~~~~~~~[m[K
[5.697s] gmake[2]: *** [CMakeFiles/offboard_control.dir/build.make:76: CMakeFiles/offboard_control.dir/src/examples/offboard/offboard_control.cpp.o] Error 1
[5.697s] gmake[1]: *** [CMakeFiles/Makefile2:258: CMakeFiles/offboard_control.dir/all] Error 2
[5.697s] gmake: *** [Makefile:146: all] Error 2
[5.700s] Invoked command in '/home/jmj/pro_asp_ws/ws_px4_controls/build/px4_ros_com' returned '2': CMAKE_PREFIX_PATH=/home/jmj/pro_asp_ws/ws_px4_controls/install/px4_msgs:/home/jmj/pro_asp_ws/ws_px4_controls/install/utilities_pkg:/home/jmj/pro_asp_ws/ws_px4_controls/install/uav_controller_pkg:/home/jmj/pro_asp_ws/ws_px4_controls/install/px4_ros_com:/home/jmj/pro_asp_ws/ws_px4_controls/install/multi_tracker:/home/jmj/pro_asp_ws/ws_px4_controls/install/aruco_interfaces:/opt/ros/humble LD_LIBRARY_PATH=/home/jmj/pro_asp_ws/ws_px4_controls/install/px4_msgs/lib:/home/jmj/pro_asp_ws/ws_px4_controls/install/px4_ros_com/lib:/home/jmj/pro_asp_ws/ws_px4_controls/install/aruco_interfaces/lib:/usr/local/cuda/lib64:/opt/ros/humble/opt/rviz_ogre_vendor/lib:/opt/ros/humble/lib/x86_64-linux-gnu:/opt/ros/humble/lib:/usr/local/cuda/lib64 /usr/bin/cmake --build /home/jmj/pro_asp_ws/ws_px4_controls/build/px4_ros_com -- -j20 -l20
