[0.173s] Invoking command in '/home/acdl1/competition_ws/ws_px4_controls/build/vision_opencv': AMENT_PREFIX_PATH=/home/acdl1/competition_ws/ws_px4_controls/install/image_geometry:/home/acdl1/competition_ws/ws_px4_controls/install/cv_bridge:${AMENT_PREFIX_PATH} CMAKE_PREFIX_PATH=/home/acdl1/competition_ws/ws_px4_controls/install/image_geometry:/home/acdl1/competition_ws/ws_px4_controls/install/cv_bridge:/home/acdl1/competition_ws/ws_px4_controls/install/px4_msgs:/home/acdl1/competition_ws/ws_px4_controls/install/aruco_interfaces:/opt/ros/humble LD_LIBRARY_PATH=/home/acdl1/competition_ws/ws_px4_controls/install/image_geometry/lib:/home/acdl1/competition_ws/ws_px4_controls/install/cv_bridge/lib:${LD_LIBRARY_PATH} PYTHONPATH=/home/acdl1/competition_ws/ws_px4_controls/install/image_geometry/local/lib/python3.10/dist-packages:/home/acdl1/competition_ws/ws_px4_controls/install/cv_bridge/local/lib/python3.10/dist-packages:${PYTHONPATH} /usr/bin/cmake /home/acdl1/competition_ws/ws_px4_controls/src/ws_aruco/src/vision_opencv/vision_opencv -DCMAKE_INSTALL_PREFIX=/home/acdl1/competition_ws/ws_px4_controls/install/vision_opencv
[0.209s] -- The C compiler identification is GNU 11.4.0
[0.247s] -- The CXX compiler identification is GNU 11.4.0
[0.252s] -- Detecting C compiler ABI info
[0.299s] -- Detecting C compiler ABI info - done
[0.304s] -- Check for working C compiler: /usr/bin/cc - skipped
[0.305s] -- Detecting C compile features
[0.305s] -- Detecting C compile features - done
[0.307s] -- Detecting CXX compiler ABI info
[0.362s] -- Detecting CXX compiler ABI info - done
[0.368s] -- Check for working CXX compiler: /usr/bin/c++ - skipped
[0.368s] -- Detecting CXX compile features
[0.368s] -- Detecting CXX compile features - done
[0.370s] -- Found ament_cmake: 1.3.11 (/opt/ros/humble/share/ament_cmake/cmake)
[0.657s] -- Found Python3: /usr/bin/python3 (found version "3.10.12") found components: Interpreter 
[0.773s] -- Configuring done
[0.775s] -- Generating done
[0.776s] -- Build files have been written to: /home/acdl1/competition_ws/ws_px4_controls/build/vision_opencv
[0.779s] Invoked command in '/home/acdl1/competition_ws/ws_px4_controls/build/vision_opencv' returned '0': AMENT_PREFIX_PATH=/home/acdl1/competition_ws/ws_px4_controls/install/image_geometry:/home/acdl1/competition_ws/ws_px4_controls/install/cv_bridge:${AMENT_PREFIX_PATH} CMAKE_PREFIX_PATH=/home/acdl1/competition_ws/ws_px4_controls/install/image_geometry:/home/acdl1/competition_ws/ws_px4_controls/install/cv_bridge:/home/acdl1/competition_ws/ws_px4_controls/install/px4_msgs:/home/acdl1/competition_ws/ws_px4_controls/install/aruco_interfaces:/opt/ros/humble LD_LIBRARY_PATH=/home/acdl1/competition_ws/ws_px4_controls/install/image_geometry/lib:/home/acdl1/competition_ws/ws_px4_controls/install/cv_bridge/lib:${LD_LIBRARY_PATH} PYTHONPATH=/home/acdl1/competition_ws/ws_px4_controls/install/image_geometry/local/lib/python3.10/dist-packages:/home/acdl1/competition_ws/ws_px4_controls/install/cv_bridge/local/lib/python3.10/dist-packages:${PYTHONPATH} /usr/bin/cmake /home/acdl1/competition_ws/ws_px4_controls/src/ws_aruco/src/vision_opencv/vision_opencv -DCMAKE_INSTALL_PREFIX=/home/acdl1/competition_ws/ws_px4_controls/install/vision_opencv
[0.781s] Invoking command in '/home/acdl1/competition_ws/ws_px4_controls/build/vision_opencv': AMENT_PREFIX_PATH=/home/acdl1/competition_ws/ws_px4_controls/install/image_geometry:/home/acdl1/competition_ws/ws_px4_controls/install/cv_bridge:${AMENT_PREFIX_PATH} CMAKE_PREFIX_PATH=/home/acdl1/competition_ws/ws_px4_controls/install/image_geometry:/home/acdl1/competition_ws/ws_px4_controls/install/cv_bridge:/home/acdl1/competition_ws/ws_px4_controls/install/px4_msgs:/home/acdl1/competition_ws/ws_px4_controls/install/aruco_interfaces:/opt/ros/humble LD_LIBRARY_PATH=/home/acdl1/competition_ws/ws_px4_controls/install/image_geometry/lib:/home/acdl1/competition_ws/ws_px4_controls/install/cv_bridge/lib:${LD_LIBRARY_PATH} PYTHONPATH=/home/acdl1/competition_ws/ws_px4_controls/install/image_geometry/local/lib/python3.10/dist-packages:/home/acdl1/competition_ws/ws_px4_controls/install/cv_bridge/local/lib/python3.10/dist-packages:${PYTHONPATH} /usr/bin/cmake --build /home/acdl1/competition_ws/ws_px4_controls/build/vision_opencv -- -j16 -l16
[0.806s] Invoked command in '/home/acdl1/competition_ws/ws_px4_controls/build/vision_opencv' returned '0': AMENT_PREFIX_PATH=/home/acdl1/competition_ws/ws_px4_controls/install/image_geometry:/home/acdl1/competition_ws/ws_px4_controls/install/cv_bridge:${AMENT_PREFIX_PATH} CMAKE_PREFIX_PATH=/home/acdl1/competition_ws/ws_px4_controls/install/image_geometry:/home/acdl1/competition_ws/ws_px4_controls/install/cv_bridge:/home/acdl1/competition_ws/ws_px4_controls/install/px4_msgs:/home/acdl1/competition_ws/ws_px4_controls/install/aruco_interfaces:/opt/ros/humble LD_LIBRARY_PATH=/home/acdl1/competition_ws/ws_px4_controls/install/image_geometry/lib:/home/acdl1/competition_ws/ws_px4_controls/install/cv_bridge/lib:${LD_LIBRARY_PATH} PYTHONPATH=/home/acdl1/competition_ws/ws_px4_controls/install/image_geometry/local/lib/python3.10/dist-packages:/home/acdl1/competition_ws/ws_px4_controls/install/cv_bridge/local/lib/python3.10/dist-packages:${PYTHONPATH} /usr/bin/cmake --build /home/acdl1/competition_ws/ws_px4_controls/build/vision_opencv -- -j16 -l16
[0.808s] Invoking command in '/home/acdl1/competition_ws/ws_px4_controls/build/vision_opencv': AMENT_PREFIX_PATH=/home/acdl1/competition_ws/ws_px4_controls/install/image_geometry:/home/acdl1/competition_ws/ws_px4_controls/install/cv_bridge:${AMENT_PREFIX_PATH} CMAKE_PREFIX_PATH=/home/acdl1/competition_ws/ws_px4_controls/install/image_geometry:/home/acdl1/competition_ws/ws_px4_controls/install/cv_bridge:/home/acdl1/competition_ws/ws_px4_controls/install/px4_msgs:/home/acdl1/competition_ws/ws_px4_controls/install/aruco_interfaces:/opt/ros/humble LD_LIBRARY_PATH=/home/acdl1/competition_ws/ws_px4_controls/install/image_geometry/lib:/home/acdl1/competition_ws/ws_px4_controls/install/cv_bridge/lib:${LD_LIBRARY_PATH} PYTHONPATH=/home/acdl1/competition_ws/ws_px4_controls/install/image_geometry/local/lib/python3.10/dist-packages:/home/acdl1/competition_ws/ws_px4_controls/install/cv_bridge/local/lib/python3.10/dist-packages:${PYTHONPATH} /usr/bin/cmake --install /home/acdl1/competition_ws/ws_px4_controls/build/vision_opencv
[0.813s] -- Install configuration: ""
[0.814s] -- Installing: /home/acdl1/competition_ws/ws_px4_controls/install/vision_opencv/share/ament_index/resource_index/package_run_dependencies/vision_opencv
[0.814s] -- Installing: /home/acdl1/competition_ws/ws_px4_controls/install/vision_opencv/share/ament_index/resource_index/parent_prefix_path/vision_opencv
[0.814s] -- Installing: /home/acdl1/competition_ws/ws_px4_controls/install/vision_opencv/share/vision_opencv/environment/ament_prefix_path.sh
[0.815s] -- Installing: /home/acdl1/competition_ws/ws_px4_controls/install/vision_opencv/share/vision_opencv/environment/ament_prefix_path.dsv
[0.815s] -- Installing: /home/acdl1/competition_ws/ws_px4_controls/install/vision_opencv/share/vision_opencv/environment/path.sh
[0.815s] -- Installing: /home/acdl1/competition_ws/ws_px4_controls/install/vision_opencv/share/vision_opencv/environment/path.dsv
[0.815s] -- Installing: /home/acdl1/competition_ws/ws_px4_controls/install/vision_opencv/share/vision_opencv/local_setup.bash
[0.816s] -- Installing: /home/acdl1/competition_ws/ws_px4_controls/install/vision_opencv/share/vision_opencv/local_setup.sh
[0.816s] -- Installing: /home/acdl1/competition_ws/ws_px4_controls/install/vision_opencv/share/vision_opencv/local_setup.zsh
[0.816s] -- Installing: /home/acdl1/competition_ws/ws_px4_controls/install/vision_opencv/share/vision_opencv/local_setup.dsv
[0.816s] -- Installing: /home/acdl1/competition_ws/ws_px4_controls/install/vision_opencv/share/vision_opencv/package.dsv
[0.816s] -- Installing: /home/acdl1/competition_ws/ws_px4_controls/install/vision_opencv/share/ament_index/resource_index/packages/vision_opencv
[0.816s] -- Installing: /home/acdl1/competition_ws/ws_px4_controls/install/vision_opencv/share/vision_opencv/cmake/vision_opencvConfig.cmake
[0.816s] -- Installing: /home/acdl1/competition_ws/ws_px4_controls/install/vision_opencv/share/vision_opencv/cmake/vision_opencvConfig-version.cmake
[0.816s] -- Installing: /home/acdl1/competition_ws/ws_px4_controls/install/vision_opencv/share/vision_opencv/package.xml
[0.821s] Invoked command in '/home/acdl1/competition_ws/ws_px4_controls/build/vision_opencv' returned '0': AMENT_PREFIX_PATH=/home/acdl1/competition_ws/ws_px4_controls/install/image_geometry:/home/acdl1/competition_ws/ws_px4_controls/install/cv_bridge:${AMENT_PREFIX_PATH} CMAKE_PREFIX_PATH=/home/acdl1/competition_ws/ws_px4_controls/install/image_geometry:/home/acdl1/competition_ws/ws_px4_controls/install/cv_bridge:/home/acdl1/competition_ws/ws_px4_controls/install/px4_msgs:/home/acdl1/competition_ws/ws_px4_controls/install/aruco_interfaces:/opt/ros/humble LD_LIBRARY_PATH=/home/acdl1/competition_ws/ws_px4_controls/install/image_geometry/lib:/home/acdl1/competition_ws/ws_px4_controls/install/cv_bridge/lib:${LD_LIBRARY_PATH} PYTHONPATH=/home/acdl1/competition_ws/ws_px4_controls/install/image_geometry/local/lib/python3.10/dist-packages:/home/acdl1/competition_ws/ws_px4_controls/install/cv_bridge/local/lib/python3.10/dist-packages:${PYTHONPATH} /usr/bin/cmake --install /home/acdl1/competition_ws/ws_px4_controls/build/vision_opencv
