[0.024s] Invoking command in '/home/jmj/pro_asp_ws/ws_px4_controls/build/multi_tracker': CMAKE_PREFIX_PATH=/home/jmj/pro_asp_ws/ws_px4_controls/install/px4_msgs:/home/jmj/pro_asp_ws/ws_px4_controls/install/cv_bridge:/home/jmj/pro_asp_ws/ws_px4_controls/install/aruco_interfaces:/home/jmj/pro_asp_ws/ws_px4_controls/install/vision_opencv:/home/jmj/pro_asp_ws/ws_px4_controls/install/utilities_pkg:/home/jmj/pro_asp_ws/ws_px4_controls/install/ugv_controller:/home/jmj/pro_asp_ws/ws_px4_controls/install/uav_controller_pkg:/home/jmj/pro_asp_ws/ws_px4_controls/install/px4_ros_com:/home/jmj/pro_asp_ws/ws_px4_controls/install/multi_tracker:/home/jmj/pro_asp_ws/ws_px4_controls/install/image_geometry:/home/jmj/pro_asp_ws/ws_px4_controls/install/gazebo_env_setup:/home/jmj/pro_asp_ws/ws_px4_controls/install/drone_takeoff_pub:/home/jmj/pro_asp_ws/ws_px4_controls/install/opencv_tests:/opt/ros/humble LD_LIBRARY_PATH=/home/jmj/pro_asp_ws/ws_px4_controls/install/px4_msgs/lib:/home/jmj/pro_asp_ws/ws_px4_controls/install/cv_bridge/lib:/home/jmj/pro_asp_ws/ws_px4_controls/install/aruco_interfaces/lib:/home/jmj/pro_asp_ws/ws_px4_controls/install/px4_ros_com/lib:/home/jmj/pro_asp_ws/ws_px4_controls/install/image_geometry/lib:/opt/ros/humble/opt/rviz_ogre_vendor/lib:/opt/ros/humble/lib/x86_64-linux-gnu:/opt/ros/humble/lib:/usr/local/cuda/lib64 /usr/bin/cmake /home/jmj/pro_asp_ws/ws_px4_controls/src/ws_aruco/src/multi_tracker -DCMAKE_INSTALL_PREFIX=/home/jmj/pro_asp_ws/ws_px4_controls/install/multi_tracker
[0.359s] -- The C compiler identification is GNU 11.4.0
[0.361s] -- The CXX compiler identification is GNU 11.4.0
[0.361s] -- Detecting C compiler ABI info
[0.361s] -- Detecting C compiler ABI info - done
[0.361s] -- Check for working C compiler: /usr/lib/ccache/gcc - skipped
[0.361s] -- Detecting C compile features
[0.362s] -- Detecting C compile features - done
[0.362s] -- Detecting CXX compiler ABI info
[0.363s] -- Detecting CXX compiler ABI info - done
[0.365s] -- Check for working CXX compiler: /usr/lib/ccache/g++ - skipped
[0.366s] -- Detecting CXX compile features
[0.366s] -- Detecting CXX compile features - done
[0.367s] -- Found ament_cmake: 1.3.11 (/opt/ros/humble/share/ament_cmake/cmake)
[0.558s] -- Found Python3: /usr/bin/python3 (found version "3.10.12") found components: Interpreter 
[0.688s] -- Found rclcpp: 16.0.12 (/opt/ros/humble/share/rclcpp/cmake)
[0.740s] -- Found rosidl_generator_c: 3.1.6 (/opt/ros/humble/share/rosidl_generator_c/cmake)
[0.746s] -- Found rosidl_adapter: 3.1.6 (/opt/ros/humble/share/rosidl_adapter/cmake)
[0.756s] -- Found rosidl_generator_cpp: 3.1.6 (/opt/ros/humble/share/rosidl_generator_cpp/cmake)
[0.769s] -- Using all available rosidl_typesupport_c: rosidl_typesupport_fastrtps_c;rosidl_typesupport_introspection_c
[0.787s] -- Using all available rosidl_typesupport_cpp: rosidl_typesupport_fastrtps_cpp;rosidl_typesupport_introspection_cpp
[0.850s] -- Found rmw_implementation_cmake: 6.1.2 (/opt/ros/humble/share/rmw_implementation_cmake/cmake)
[0.853s] -- Found rmw_fastrtps_cpp: 6.2.7 (/opt/ros/humble/share/rmw_fastrtps_cpp/cmake)
[0.957s] -- Found OpenSSL: /usr/lib/x86_64-linux-gnu/libcrypto.so (found version "3.0.2")  
[0.991s] -- Found FastRTPS: /opt/ros/humble/include  
[1.042s] -- Using RMW implementation 'rmw_fastrtps_cpp' as default
[1.052s] -- Looking for pthread.h
[1.122s] -- Looking for pthread.h - found
[1.123s] -- Performing Test CMAKE_HAVE_LIBC_PTHREAD
[1.195s] -- Performing Test CMAKE_HAVE_LIBC_PTHREAD - Success
[1.196s] -- Found Threads: TRUE  
[1.251s] -- Found sensor_msgs: 4.8.0 (/opt/ros/humble/share/sensor_msgs/cmake)
[1.290s] -- Found OpenCV: /usr (found version "4.5.4") 
[1.291s] -- Found cv_bridge: 3.2.1 (/home/jmj/pro_asp_ws/ws_px4_controls/install/cv_bridge/share/cv_bridge/cmake)
[1.302s] -- Found image_transport: 3.1.11 (/opt/ros/humble/share/image_transport/cmake)
[1.341s] -- Found tf2: 0.25.12 (/opt/ros/humble/share/tf2/cmake)
[1.347s] -- Found tf2_geometry_msgs: 0.25.12 (/opt/ros/humble/share/tf2_geometry_msgs/cmake)
[1.356s] -- Found eigen3_cmake_module: 0.1.1 (/opt/ros/humble/share/eigen3_cmake_module/cmake)
[1.357s] -- Found Eigen3: TRUE (found version "3.4.0") 
[1.357s] -- Ensuring Eigen3 include directory is part of orocos-kdl CMake target
[1.440s] -- Found px4_msgs: 2.0.1 (/home/jmj/pro_asp_ws/ws_px4_controls/install/px4_msgs/share/px4_msgs/cmake)
[1.454s] -- Found rosidl_default_generators: 1.2.0 (/opt/ros/humble/share/rosidl_default_generators/cmake)
[1.461s] -- Found aruco_interfaces: 0.0.0 (/home/jmj/pro_asp_ws/ws_px4_controls/install/aruco_interfaces/share/aruco_interfaces/cmake)
[1.548s] -- Configuring done
[1.567s] -- Generating done
[1.573s] -- Build files have been written to: /home/jmj/pro_asp_ws/ws_px4_controls/build/multi_tracker
[1.586s] Invoked command in '/home/jmj/pro_asp_ws/ws_px4_controls/build/multi_tracker' returned '0': CMAKE_PREFIX_PATH=/home/jmj/pro_asp_ws/ws_px4_controls/install/px4_msgs:/home/jmj/pro_asp_ws/ws_px4_controls/install/cv_bridge:/home/jmj/pro_asp_ws/ws_px4_controls/install/aruco_interfaces:/home/jmj/pro_asp_ws/ws_px4_controls/install/vision_opencv:/home/jmj/pro_asp_ws/ws_px4_controls/install/utilities_pkg:/home/jmj/pro_asp_ws/ws_px4_controls/install/ugv_controller:/home/jmj/pro_asp_ws/ws_px4_controls/install/uav_controller_pkg:/home/jmj/pro_asp_ws/ws_px4_controls/install/px4_ros_com:/home/jmj/pro_asp_ws/ws_px4_controls/install/multi_tracker:/home/jmj/pro_asp_ws/ws_px4_controls/install/image_geometry:/home/jmj/pro_asp_ws/ws_px4_controls/install/gazebo_env_setup:/home/jmj/pro_asp_ws/ws_px4_controls/install/drone_takeoff_pub:/home/jmj/pro_asp_ws/ws_px4_controls/install/opencv_tests:/opt/ros/humble LD_LIBRARY_PATH=/home/jmj/pro_asp_ws/ws_px4_controls/install/px4_msgs/lib:/home/jmj/pro_asp_ws/ws_px4_controls/install/cv_bridge/lib:/home/jmj/pro_asp_ws/ws_px4_controls/install/aruco_interfaces/lib:/home/jmj/pro_asp_ws/ws_px4_controls/install/px4_ros_com/lib:/home/jmj/pro_asp_ws/ws_px4_controls/install/image_geometry/lib:/opt/ros/humble/opt/rviz_ogre_vendor/lib:/opt/ros/humble/lib/x86_64-linux-gnu:/opt/ros/humble/lib:/usr/local/cuda/lib64 /usr/bin/cmake /home/jmj/pro_asp_ws/ws_px4_controls/src/ws_aruco/src/multi_tracker -DCMAKE_INSTALL_PREFIX=/home/jmj/pro_asp_ws/ws_px4_controls/install/multi_tracker
[1.588s] Invoking command in '/home/jmj/pro_asp_ws/ws_px4_controls/build/multi_tracker': CMAKE_PREFIX_PATH=/home/jmj/pro_asp_ws/ws_px4_controls/install/px4_msgs:/home/jmj/pro_asp_ws/ws_px4_controls/install/cv_bridge:/home/jmj/pro_asp_ws/ws_px4_controls/install/aruco_interfaces:/home/jmj/pro_asp_ws/ws_px4_controls/install/vision_opencv:/home/jmj/pro_asp_ws/ws_px4_controls/install/utilities_pkg:/home/jmj/pro_asp_ws/ws_px4_controls/install/ugv_controller:/home/jmj/pro_asp_ws/ws_px4_controls/install/uav_controller_pkg:/home/jmj/pro_asp_ws/ws_px4_controls/install/px4_ros_com:/home/jmj/pro_asp_ws/ws_px4_controls/install/multi_tracker:/home/jmj/pro_asp_ws/ws_px4_controls/install/image_geometry:/home/jmj/pro_asp_ws/ws_px4_controls/install/gazebo_env_setup:/home/jmj/pro_asp_ws/ws_px4_controls/install/drone_takeoff_pub:/home/jmj/pro_asp_ws/ws_px4_controls/install/opencv_tests:/opt/ros/humble LD_LIBRARY_PATH=/home/jmj/pro_asp_ws/ws_px4_controls/install/px4_msgs/lib:/home/jmj/pro_asp_ws/ws_px4_controls/install/cv_bridge/lib:/home/jmj/pro_asp_ws/ws_px4_controls/install/aruco_interfaces/lib:/home/jmj/pro_asp_ws/ws_px4_controls/install/px4_ros_com/lib:/home/jmj/pro_asp_ws/ws_px4_controls/install/image_geometry/lib:/opt/ros/humble/opt/rviz_ogre_vendor/lib:/opt/ros/humble/lib/x86_64-linux-gnu:/opt/ros/humble/lib:/usr/local/cuda/lib64 /usr/bin/cmake --build /home/jmj/pro_asp_ws/ws_px4_controls/build/multi_tracker -- -j20 -l20
[1.646s] [ 50%] [32mBuilding CXX object CMakeFiles/multi_tracker_node.dir/src/multi_tracker_node.cpp.o[0m
[1.663s] [01m[K/home/jmj/pro_asp_ws/ws_px4_controls/src/ws_aruco/src/multi_tracker/src/multi_tracker_node.cpp:[m[K In member function ‘[01m[Kvoid MultiTrackerNode::image_callback(sensor_msgs::msg::Image_<std::allocator<void> >::SharedPtr)[m[K’:
[1.663s] [01m[K/home/jmj/pro_asp_ws/ws_px4_controls/src/ws_aruco/src/multi_tracker/src/multi_tracker_node.cpp:143:13:[m[K [01;35m[Kwarning: [m[Kunused variable ‘[01m[Kselected_id[m[K’ [[01;35m[K-Wunused-variable[m[K]
[1.663s]   143 |         int [01;35m[Kselected_id[m[K = ids[best_marker_idx];
[1.663s]       |             [01;35m[K^~~~~~~~~~~[m[K
[1.684s] [100%] [32m[1mLinking CXX executable multi_tracker_node[0m
[3.207s] [100%] Built target multi_tracker_node
[3.221s] Invoked command in '/home/jmj/pro_asp_ws/ws_px4_controls/build/multi_tracker' returned '0': CMAKE_PREFIX_PATH=/home/jmj/pro_asp_ws/ws_px4_controls/install/px4_msgs:/home/jmj/pro_asp_ws/ws_px4_controls/install/cv_bridge:/home/jmj/pro_asp_ws/ws_px4_controls/install/aruco_interfaces:/home/jmj/pro_asp_ws/ws_px4_controls/install/vision_opencv:/home/jmj/pro_asp_ws/ws_px4_controls/install/utilities_pkg:/home/jmj/pro_asp_ws/ws_px4_controls/install/ugv_controller:/home/jmj/pro_asp_ws/ws_px4_controls/install/uav_controller_pkg:/home/jmj/pro_asp_ws/ws_px4_controls/install/px4_ros_com:/home/jmj/pro_asp_ws/ws_px4_controls/install/multi_tracker:/home/jmj/pro_asp_ws/ws_px4_controls/install/image_geometry:/home/jmj/pro_asp_ws/ws_px4_controls/install/gazebo_env_setup:/home/jmj/pro_asp_ws/ws_px4_controls/install/drone_takeoff_pub:/home/jmj/pro_asp_ws/ws_px4_controls/install/opencv_tests:/opt/ros/humble LD_LIBRARY_PATH=/home/jmj/pro_asp_ws/ws_px4_controls/install/px4_msgs/lib:/home/jmj/pro_asp_ws/ws_px4_controls/install/cv_bridge/lib:/home/jmj/pro_asp_ws/ws_px4_controls/install/aruco_interfaces/lib:/home/jmj/pro_asp_ws/ws_px4_controls/install/px4_ros_com/lib:/home/jmj/pro_asp_ws/ws_px4_controls/install/image_geometry/lib:/opt/ros/humble/opt/rviz_ogre_vendor/lib:/opt/ros/humble/lib/x86_64-linux-gnu:/opt/ros/humble/lib:/usr/local/cuda/lib64 /usr/bin/cmake --build /home/jmj/pro_asp_ws/ws_px4_controls/build/multi_tracker -- -j20 -l20
[3.223s] Invoking command in '/home/jmj/pro_asp_ws/ws_px4_controls/build/multi_tracker': CMAKE_PREFIX_PATH=/home/jmj/pro_asp_ws/ws_px4_controls/install/px4_msgs:/home/jmj/pro_asp_ws/ws_px4_controls/install/cv_bridge:/home/jmj/pro_asp_ws/ws_px4_controls/install/aruco_interfaces:/home/jmj/pro_asp_ws/ws_px4_controls/install/vision_opencv:/home/jmj/pro_asp_ws/ws_px4_controls/install/utilities_pkg:/home/jmj/pro_asp_ws/ws_px4_controls/install/ugv_controller:/home/jmj/pro_asp_ws/ws_px4_controls/install/uav_controller_pkg:/home/jmj/pro_asp_ws/ws_px4_controls/install/px4_ros_com:/home/jmj/pro_asp_ws/ws_px4_controls/install/multi_tracker:/home/jmj/pro_asp_ws/ws_px4_controls/install/image_geometry:/home/jmj/pro_asp_ws/ws_px4_controls/install/gazebo_env_setup:/home/jmj/pro_asp_ws/ws_px4_controls/install/drone_takeoff_pub:/home/jmj/pro_asp_ws/ws_px4_controls/install/opencv_tests:/opt/ros/humble LD_LIBRARY_PATH=/home/jmj/pro_asp_ws/ws_px4_controls/install/px4_msgs/lib:/home/jmj/pro_asp_ws/ws_px4_controls/install/cv_bridge/lib:/home/jmj/pro_asp_ws/ws_px4_controls/install/aruco_interfaces/lib:/home/jmj/pro_asp_ws/ws_px4_controls/install/px4_ros_com/lib:/home/jmj/pro_asp_ws/ws_px4_controls/install/image_geometry/lib:/opt/ros/humble/opt/rviz_ogre_vendor/lib:/opt/ros/humble/lib/x86_64-linux-gnu:/opt/ros/humble/lib:/usr/local/cuda/lib64 /usr/bin/cmake --install /home/jmj/pro_asp_ws/ws_px4_controls/build/multi_tracker
[3.233s] -- Install configuration: ""
[3.234s] -- Installing: /home/jmj/pro_asp_ws/ws_px4_controls/install/multi_tracker/lib/multi_tracker/multi_tracker_node
[3.239s] -- Set runtime path of "/home/jmj/pro_asp_ws/ws_px4_controls/install/multi_tracker/lib/multi_tracker/multi_tracker_node" to ""
[3.240s] -- Installing: /home/jmj/pro_asp_ws/ws_px4_controls/install/multi_tracker/share/multi_tracker//launch
[3.240s] -- Installing: /home/jmj/pro_asp_ws/ws_px4_controls/install/multi_tracker/share/multi_tracker//launch/x1_aruco_detector.launch.py
[3.240s] -- Installing: /home/jmj/pro_asp_ws/ws_px4_controls/install/multi_tracker/share/multi_tracker//launch/x500_aruco_detector.launch.py
[3.240s] -- Installing: /home/jmj/pro_asp_ws/ws_px4_controls/install/multi_tracker/share/ament_index/resource_index/package_run_dependencies/multi_tracker
[3.240s] -- Installing: /home/jmj/pro_asp_ws/ws_px4_controls/install/multi_tracker/share/ament_index/resource_index/parent_prefix_path/multi_tracker
[3.240s] -- Installing: /home/jmj/pro_asp_ws/ws_px4_controls/install/multi_tracker/share/multi_tracker/environment/ament_prefix_path.sh
[3.240s] -- Installing: /home/jmj/pro_asp_ws/ws_px4_controls/install/multi_tracker/share/multi_tracker/environment/ament_prefix_path.dsv
[3.240s] -- Installing: /home/jmj/pro_asp_ws/ws_px4_controls/install/multi_tracker/share/multi_tracker/environment/path.sh
[3.240s] -- Installing: /home/jmj/pro_asp_ws/ws_px4_controls/install/multi_tracker/share/multi_tracker/environment/path.dsv
[3.240s] -- Installing: /home/jmj/pro_asp_ws/ws_px4_controls/install/multi_tracker/share/multi_tracker/local_setup.bash
[3.240s] -- Installing: /home/jmj/pro_asp_ws/ws_px4_controls/install/multi_tracker/share/multi_tracker/local_setup.sh
[3.240s] -- Installing: /home/jmj/pro_asp_ws/ws_px4_controls/install/multi_tracker/share/multi_tracker/local_setup.zsh
[3.240s] -- Installing: /home/jmj/pro_asp_ws/ws_px4_controls/install/multi_tracker/share/multi_tracker/local_setup.dsv
[3.241s] -- Installing: /home/jmj/pro_asp_ws/ws_px4_controls/install/multi_tracker/share/multi_tracker/package.dsv
[3.241s] -- Installing: /home/jmj/pro_asp_ws/ws_px4_controls/install/multi_tracker/share/ament_index/resource_index/packages/multi_tracker
[3.241s] -- Installing: /home/jmj/pro_asp_ws/ws_px4_controls/install/multi_tracker/share/multi_tracker/cmake/ament_cmake_export_dependencies-extras.cmake
[3.241s] -- Installing: /home/jmj/pro_asp_ws/ws_px4_controls/install/multi_tracker/share/multi_tracker/cmake/multi_trackerConfig.cmake
[3.241s] -- Installing: /home/jmj/pro_asp_ws/ws_px4_controls/install/multi_tracker/share/multi_tracker/cmake/multi_trackerConfig-version.cmake
[3.241s] -- Installing: /home/jmj/pro_asp_ws/ws_px4_controls/install/multi_tracker/share/multi_tracker/package.xml
[3.244s] Invoked command in '/home/jmj/pro_asp_ws/ws_px4_controls/build/multi_tracker' returned '0': CMAKE_PREFIX_PATH=/home/jmj/pro_asp_ws/ws_px4_controls/install/px4_msgs:/home/jmj/pro_asp_ws/ws_px4_controls/install/cv_bridge:/home/jmj/pro_asp_ws/ws_px4_controls/install/aruco_interfaces:/home/jmj/pro_asp_ws/ws_px4_controls/install/vision_opencv:/home/jmj/pro_asp_ws/ws_px4_controls/install/utilities_pkg:/home/jmj/pro_asp_ws/ws_px4_controls/install/ugv_controller:/home/jmj/pro_asp_ws/ws_px4_controls/install/uav_controller_pkg:/home/jmj/pro_asp_ws/ws_px4_controls/install/px4_ros_com:/home/jmj/pro_asp_ws/ws_px4_controls/install/multi_tracker:/home/jmj/pro_asp_ws/ws_px4_controls/install/image_geometry:/home/jmj/pro_asp_ws/ws_px4_controls/install/gazebo_env_setup:/home/jmj/pro_asp_ws/ws_px4_controls/install/drone_takeoff_pub:/home/jmj/pro_asp_ws/ws_px4_controls/install/opencv_tests:/opt/ros/humble LD_LIBRARY_PATH=/home/jmj/pro_asp_ws/ws_px4_controls/install/px4_msgs/lib:/home/jmj/pro_asp_ws/ws_px4_controls/install/cv_bridge/lib:/home/jmj/pro_asp_ws/ws_px4_controls/install/aruco_interfaces/lib:/home/jmj/pro_asp_ws/ws_px4_controls/install/px4_ros_com/lib:/home/jmj/pro_asp_ws/ws_px4_controls/install/image_geometry/lib:/opt/ros/humble/opt/rviz_ogre_vendor/lib:/opt/ros/humble/lib/x86_64-linux-gnu:/opt/ros/humble/lib:/usr/local/cuda/lib64 /usr/bin/cmake --install /home/jmj/pro_asp_ws/ws_px4_controls/build/multi_tracker
