[0.010s] Invoking command in '/home/jmj/pro_asp_ws/ws_px4_controls/build/uav_controller_pkg': AMENT_PREFIX_PATH=/home/jmj/pro_asp_ws/ws_px4_controls/install/px4_msgs:/home/jmj/pro_asp_ws/ws_px4_controls/install/aruco_interfaces:${AMENT_PREFIX_PATH} CMAKE_PREFIX_PATH=/home/jmj/pro_asp_ws/ws_px4_controls/install/px4_msgs:/home/jmj/pro_asp_ws/ws_px4_controls/install/aruco_interfaces:/opt/ros/humble LD_LIBRARY_PATH=/home/jmj/pro_asp_ws/ws_px4_controls/install/px4_msgs/lib:/home/jmj/pro_asp_ws/ws_px4_controls/install/aruco_interfaces/lib:${LD_LIBRARY_PATH} PYTHONPATH=/home/jmj/pro_asp_ws/ws_px4_controls/install/px4_msgs/local/lib/python3.10/dist-packages:/home/jmj/pro_asp_ws/ws_px4_controls/install/aruco_interfaces/local/lib/python3.10/dist-packages:${PYTHONPATH} /usr/bin/cmake --build /home/jmj/pro_asp_ws/ws_px4_controls/build/uav_controller_pkg -- -j20 -l20
[0.052s] [35m[1mConsolidate compiler generated dependencies of target static_broadcaster[0m
[0.053s] [35m[1mConsolidate compiler generated dependencies of target uav_controller[0m
[0.066s] [ 33%] [32mBuilding CXX object CMakeFiles/static_broadcaster.dir/src/static_broadcaster.cpp.o[0m
[0.066s] [ 50%] Built target offboard_control_node
[0.068s] [ 83%] Built target uav_controller
[2.689s] [100%] [32m[1mLinking CXX executable static_broadcaster[0m
[2.834s] [100%] Built target static_broadcaster
[2.842s] Invoked command in '/home/jmj/pro_asp_ws/ws_px4_controls/build/uav_controller_pkg' returned '0': AMENT_PREFIX_PATH=/home/jmj/pro_asp_ws/ws_px4_controls/install/px4_msgs:/home/jmj/pro_asp_ws/ws_px4_controls/install/aruco_interfaces:${AMENT_PREFIX_PATH} CMAKE_PREFIX_PATH=/home/jmj/pro_asp_ws/ws_px4_controls/install/px4_msgs:/home/jmj/pro_asp_ws/ws_px4_controls/install/aruco_interfaces:/opt/ros/humble LD_LIBRARY_PATH=/home/jmj/pro_asp_ws/ws_px4_controls/install/px4_msgs/lib:/home/jmj/pro_asp_ws/ws_px4_controls/install/aruco_interfaces/lib:${LD_LIBRARY_PATH} PYTHONPATH=/home/jmj/pro_asp_ws/ws_px4_controls/install/px4_msgs/local/lib/python3.10/dist-packages:/home/jmj/pro_asp_ws/ws_px4_controls/install/aruco_interfaces/local/lib/python3.10/dist-packages:${PYTHONPATH} /usr/bin/cmake --build /home/jmj/pro_asp_ws/ws_px4_controls/build/uav_controller_pkg -- -j20 -l20
[2.849s] Invoking command in '/home/jmj/pro_asp_ws/ws_px4_controls/build/uav_controller_pkg': AMENT_PREFIX_PATH=/home/jmj/pro_asp_ws/ws_px4_controls/install/px4_msgs:/home/jmj/pro_asp_ws/ws_px4_controls/install/aruco_interfaces:${AMENT_PREFIX_PATH} CMAKE_PREFIX_PATH=/home/jmj/pro_asp_ws/ws_px4_controls/install/px4_msgs:/home/jmj/pro_asp_ws/ws_px4_controls/install/aruco_interfaces:/opt/ros/humble LD_LIBRARY_PATH=/home/jmj/pro_asp_ws/ws_px4_controls/install/px4_msgs/lib:/home/jmj/pro_asp_ws/ws_px4_controls/install/aruco_interfaces/lib:${LD_LIBRARY_PATH} PYTHONPATH=/home/jmj/pro_asp_ws/ws_px4_controls/install/px4_msgs/local/lib/python3.10/dist-packages:/home/jmj/pro_asp_ws/ws_px4_controls/install/aruco_interfaces/local/lib/python3.10/dist-packages:${PYTHONPATH} /usr/bin/cmake --install /home/jmj/pro_asp_ws/ws_px4_controls/build/uav_controller_pkg
[2.859s] -- Install configuration: ""
[2.861s] -- Up-to-date: /home/jmj/pro_asp_ws/ws_px4_controls/install/uav_controller_pkg/lib/uav_controller_pkg/offboard_control_node
[2.862s] -- Installing: /home/jmj/pro_asp_ws/ws_px4_controls/install/uav_controller_pkg/lib/uav_controller_pkg/uav_controller
[2.867s] -- Set runtime path of "/home/jmj/pro_asp_ws/ws_px4_controls/install/uav_controller_pkg/lib/uav_controller_pkg/uav_controller" to ""
[2.867s] -- Installing: /home/jmj/pro_asp_ws/ws_px4_controls/install/uav_controller_pkg/lib/uav_controller_pkg/static_broadcaster
[2.867s] -- Set runtime path of "/home/jmj/pro_asp_ws/ws_px4_controls/install/uav_controller_pkg/lib/uav_controller_pkg/static_broadcaster" to ""
[2.867s] -- Up-to-date: /home/jmj/pro_asp_ws/ws_px4_controls/install/uav_controller_pkg/share/ament_index/resource_index/package_run_dependencies/uav_controller_pkg
[2.868s] -- Installing: /home/jmj/pro_asp_ws/ws_px4_controls/install/uav_controller_pkg/share/ament_index/resource_index/parent_prefix_path/uav_controller_pkg
[2.868s] -- Up-to-date: /home/jmj/pro_asp_ws/ws_px4_controls/install/uav_controller_pkg/share/uav_controller_pkg/environment/ament_prefix_path.sh
[2.868s] -- Installing: /home/jmj/pro_asp_ws/ws_px4_controls/install/uav_controller_pkg/share/uav_controller_pkg/environment/ament_prefix_path.dsv
[2.868s] -- Up-to-date: /home/jmj/pro_asp_ws/ws_px4_controls/install/uav_controller_pkg/share/uav_controller_pkg/environment/path.sh
[2.868s] -- Installing: /home/jmj/pro_asp_ws/ws_px4_controls/install/uav_controller_pkg/share/uav_controller_pkg/environment/path.dsv
[2.868s] -- Up-to-date: /home/jmj/pro_asp_ws/ws_px4_controls/install/uav_controller_pkg/share/uav_controller_pkg/local_setup.bash
[2.868s] -- Up-to-date: /home/jmj/pro_asp_ws/ws_px4_controls/install/uav_controller_pkg/share/uav_controller_pkg/local_setup.sh
[2.868s] -- Up-to-date: /home/jmj/pro_asp_ws/ws_px4_controls/install/uav_controller_pkg/share/uav_controller_pkg/local_setup.zsh
[2.868s] -- Installing: /home/jmj/pro_asp_ws/ws_px4_controls/install/uav_controller_pkg/share/uav_controller_pkg/local_setup.dsv
[2.868s] -- Installing: /home/jmj/pro_asp_ws/ws_px4_controls/install/uav_controller_pkg/share/uav_controller_pkg/package.dsv
[2.868s] -- Up-to-date: /home/jmj/pro_asp_ws/ws_px4_controls/install/uav_controller_pkg/share/ament_index/resource_index/packages/uav_controller_pkg
[2.868s] -- Up-to-date: /home/jmj/pro_asp_ws/ws_px4_controls/install/uav_controller_pkg/share/uav_controller_pkg/cmake/uav_controller_pkgConfig.cmake
[2.868s] -- Up-to-date: /home/jmj/pro_asp_ws/ws_px4_controls/install/uav_controller_pkg/share/uav_controller_pkg/cmake/uav_controller_pkgConfig-version.cmake
[2.868s] -- Installing: /home/jmj/pro_asp_ws/ws_px4_controls/install/uav_controller_pkg/share/uav_controller_pkg/package.xml
[2.870s] Invoked command in '/home/jmj/pro_asp_ws/ws_px4_controls/build/uav_controller_pkg' returned '0': AMENT_PREFIX_PATH=/home/jmj/pro_asp_ws/ws_px4_controls/install/px4_msgs:/home/jmj/pro_asp_ws/ws_px4_controls/install/aruco_interfaces:${AMENT_PREFIX_PATH} CMAKE_PREFIX_PATH=/home/jmj/pro_asp_ws/ws_px4_controls/install/px4_msgs:/home/jmj/pro_asp_ws/ws_px4_controls/install/aruco_interfaces:/opt/ros/humble LD_LIBRARY_PATH=/home/jmj/pro_asp_ws/ws_px4_controls/install/px4_msgs/lib:/home/jmj/pro_asp_ws/ws_px4_controls/install/aruco_interfaces/lib:${LD_LIBRARY_PATH} PYTHONPATH=/home/jmj/pro_asp_ws/ws_px4_controls/install/px4_msgs/local/lib/python3.10/dist-packages:/home/jmj/pro_asp_ws/ws_px4_controls/install/aruco_interfaces/local/lib/python3.10/dist-packages:${PYTHONPATH} /usr/bin/cmake --install /home/jmj/pro_asp_ws/ws_px4_controls/build/uav_controller_pkg
