[0.012s] Invoking command in '/home/jmj/pro_asp_ws/ws_px4_controls/build/drone_takeoff_pub': CMAKE_PREFIX_PATH=${CMAKE_PREFIX_PATH}:/home/jmj/pro_asp_ws/ws_px4_controls/install/opencv_tests:/opt/ros/humble /usr/bin/cmake /home/jmj/pro_asp_ws/ws_px4_controls/src/ugv_ws/src/drone_takeoff_pub -DCMAKE_INSTALL_PREFIX=/home/jmj/pro_asp_ws/ws_px4_controls/install/drone_takeoff_pub
[0.049s] -- The C compiler identification is GNU 11.4.0
[0.088s] -- The CXX compiler identification is GNU 11.4.0
[0.094s] -- Detecting C compiler ABI info
[0.132s] -- Detecting C compiler ABI info - done
[0.137s] -- Check for working C compiler: /usr/lib/ccache/gcc - skipped
[0.137s] -- Detecting C compile features
[0.138s] -- Detecting C compile features - done
[0.139s] -- Detecting CXX compiler ABI info
[0.186s] -- Detecting CXX compiler ABI info - done
[0.193s] -- Check for working CXX compiler: /usr/lib/ccache/g++ - skipped
[0.193s] -- Detecting CXX compile features
[0.193s] -- Detecting CXX compile features - done
[0.195s] -- Found ament_cmake: 1.3.11 (/opt/ros/humble/share/ament_cmake/cmake)
[0.311s] -- Found Python3: /usr/bin/python3 (found version "3.10.12") found components: Interpreter 
[0.370s] -- Found rclcpp: 16.0.12 (/opt/ros/humble/share/rclcpp/cmake)
[0.399s] -- Found rosidl_generator_c: 3.1.6 (/opt/ros/humble/share/rosidl_generator_c/cmake)
[0.402s] -- Found rosidl_adapter: 3.1.6 (/opt/ros/humble/share/rosidl_adapter/cmake)
[0.407s] -- Found rosidl_generator_cpp: 3.1.6 (/opt/ros/humble/share/rosidl_generator_cpp/cmake)
[0.414s] -- Using all available rosidl_typesupport_c: rosidl_typesupport_fastrtps_c;rosidl_typesupport_introspection_c
[0.425s] -- Using all available rosidl_typesupport_cpp: rosidl_typesupport_fastrtps_cpp;rosidl_typesupport_introspection_cpp
[0.451s] -- Found rmw_implementation_cmake: 6.1.2 (/opt/ros/humble/share/rmw_implementation_cmake/cmake)
[0.452s] -- Found rmw_fastrtps_cpp: 6.2.7 (/opt/ros/humble/share/rmw_fastrtps_cpp/cmake)
[0.507s] -- Found OpenSSL: /usr/lib/x86_64-linux-gnu/libcrypto.so (found version "3.0.2")  
[0.531s] -- Found FastRTPS: /opt/ros/humble/include  
[0.580s] -- Using RMW implementation 'rmw_fastrtps_cpp' as default
[0.587s] -- Looking for pthread.h
[0.659s] -- Looking for pthread.h - found
[0.660s] -- Performing Test CMAKE_HAVE_LIBC_PTHREAD
[0.748s] -- Performing Test CMAKE_HAVE_LIBC_PTHREAD - Success
[0.751s] -- Found Threads: TRUE  
[0.844s] -- Configuring done
[0.850s] -- Generating done
[0.853s] -- Build files have been written to: /home/jmj/pro_asp_ws/ws_px4_controls/build/drone_takeoff_pub
[0.867s] Invoked command in '/home/jmj/pro_asp_ws/ws_px4_controls/build/drone_takeoff_pub' returned '0': CMAKE_PREFIX_PATH=${CMAKE_PREFIX_PATH}:/home/jmj/pro_asp_ws/ws_px4_controls/install/opencv_tests:/opt/ros/humble /usr/bin/cmake /home/jmj/pro_asp_ws/ws_px4_controls/src/ugv_ws/src/drone_takeoff_pub -DCMAKE_INSTALL_PREFIX=/home/jmj/pro_asp_ws/ws_px4_controls/install/drone_takeoff_pub
[0.869s] Invoking command in '/home/jmj/pro_asp_ws/ws_px4_controls/build/drone_takeoff_pub': CMAKE_PREFIX_PATH=${CMAKE_PREFIX_PATH}:/home/jmj/pro_asp_ws/ws_px4_controls/install/opencv_tests:/opt/ros/humble /usr/bin/cmake --build /home/jmj/pro_asp_ws/ws_px4_controls/build/drone_takeoff_pub -- -j20 -l20
[0.908s] [ 50%] [32mBuilding CXX object CMakeFiles/drone_takeoff_pub.dir/src/drone_takeoff_pub.cpp.o[0m
[0.929s] [100%] [32m[1mLinking CXX executable drone_takeoff_pub[0m
[1.087s] [100%] Built target drone_takeoff_pub
[1.096s] Invoked command in '/home/jmj/pro_asp_ws/ws_px4_controls/build/drone_takeoff_pub' returned '0': CMAKE_PREFIX_PATH=${CMAKE_PREFIX_PATH}:/home/jmj/pro_asp_ws/ws_px4_controls/install/opencv_tests:/opt/ros/humble /usr/bin/cmake --build /home/jmj/pro_asp_ws/ws_px4_controls/build/drone_takeoff_pub -- -j20 -l20
[1.106s] Invoking command in '/home/jmj/pro_asp_ws/ws_px4_controls/build/drone_takeoff_pub': CMAKE_PREFIX_PATH=${CMAKE_PREFIX_PATH}:/home/jmj/pro_asp_ws/ws_px4_controls/install/opencv_tests:/opt/ros/humble /usr/bin/cmake --install /home/jmj/pro_asp_ws/ws_px4_controls/build/drone_takeoff_pub
[1.113s] -- Install configuration: ""
[1.113s] -- Installing: /home/jmj/pro_asp_ws/ws_px4_controls/install/drone_takeoff_pub/lib/drone_takeoff_pub/drone_takeoff_pub
[1.114s] -- Set runtime path of "/home/jmj/pro_asp_ws/ws_px4_controls/install/drone_takeoff_pub/lib/drone_takeoff_pub/drone_takeoff_pub" to ""
[1.114s] -- Installing: /home/jmj/pro_asp_ws/ws_px4_controls/install/drone_takeoff_pub/share/ament_index/resource_index/package_run_dependencies/drone_takeoff_pub
[1.114s] -- Installing: /home/jmj/pro_asp_ws/ws_px4_controls/install/drone_takeoff_pub/share/ament_index/resource_index/parent_prefix_path/drone_takeoff_pub
[1.114s] -- Installing: /home/jmj/pro_asp_ws/ws_px4_controls/install/drone_takeoff_pub/share/drone_takeoff_pub/environment/ament_prefix_path.sh
[1.114s] -- Installing: /home/jmj/pro_asp_ws/ws_px4_controls/install/drone_takeoff_pub/share/drone_takeoff_pub/environment/ament_prefix_path.dsv
[1.114s] -- Installing: /home/jmj/pro_asp_ws/ws_px4_controls/install/drone_takeoff_pub/share/drone_takeoff_pub/environment/path.sh
[1.114s] -- Installing: /home/jmj/pro_asp_ws/ws_px4_controls/install/drone_takeoff_pub/share/drone_takeoff_pub/environment/path.dsv
[1.114s] -- Installing: /home/jmj/pro_asp_ws/ws_px4_controls/install/drone_takeoff_pub/share/drone_takeoff_pub/local_setup.bash
[1.114s] -- Installing: /home/jmj/pro_asp_ws/ws_px4_controls/install/drone_takeoff_pub/share/drone_takeoff_pub/local_setup.sh
[1.114s] -- Installing: /home/jmj/pro_asp_ws/ws_px4_controls/install/drone_takeoff_pub/share/drone_takeoff_pub/local_setup.zsh
[1.114s] -- Installing: /home/jmj/pro_asp_ws/ws_px4_controls/install/drone_takeoff_pub/share/drone_takeoff_pub/local_setup.dsv
[1.114s] -- Installing: /home/jmj/pro_asp_ws/ws_px4_controls/install/drone_takeoff_pub/share/drone_takeoff_pub/package.dsv
[1.114s] -- Installing: /home/jmj/pro_asp_ws/ws_px4_controls/install/drone_takeoff_pub/share/ament_index/resource_index/packages/drone_takeoff_pub
[1.114s] -- Installing: /home/jmj/pro_asp_ws/ws_px4_controls/install/drone_takeoff_pub/share/drone_takeoff_pub/cmake/drone_takeoff_pubConfig.cmake
[1.114s] -- Installing: /home/jmj/pro_asp_ws/ws_px4_controls/install/drone_takeoff_pub/share/drone_takeoff_pub/cmake/drone_takeoff_pubConfig-version.cmake
[1.114s] -- Installing: /home/jmj/pro_asp_ws/ws_px4_controls/install/drone_takeoff_pub/share/drone_takeoff_pub/package.xml
[1.118s] Invoked command in '/home/jmj/pro_asp_ws/ws_px4_controls/build/drone_takeoff_pub' returned '0': CMAKE_PREFIX_PATH=${CMAKE_PREFIX_PATH}:/home/jmj/pro_asp_ws/ws_px4_controls/install/opencv_tests:/opt/ros/humble /usr/bin/cmake --install /home/jmj/pro_asp_ws/ws_px4_controls/build/drone_takeoff_pub
