[0.016s] Invoking command in '/home/acdl1/mj_ws/ws_px4_controls/build/aruco_interfaces': CMAKE_PREFIX_PATH=/opt/ros/humble /usr/bin/cmake --build /home/acdl1/mj_ws/ws_px4_controls/build/aruco_interfaces -- -j16 -l16
[0.058s] [35m[1mConsolidate compiler generated dependencies of target aruco_interfaces__rosidl_generator_c[0m
[0.064s] [  3%] Built target aruco_interfaces__cpp
[0.067s] [ 12%] Built target aruco_interfaces__rosidl_generator_c
[0.080s] [ 12%] Built target ament_cmake_python_copy_aruco_interfaces
[0.083s] [35m[1mConsolidate compiler generated dependencies of target aruco_interfaces__rosidl_typesupport_cpp[0m
[0.087s] [35m[1mConsolidate compiler generated dependencies of target aruco_interfaces__rosidl_typesupport_fastrtps_cpp[0m
[0.088s] [35m[1mConsolidate compiler generated dependencies of target aruco_interfaces__rosidl_typesupport_introspection_c[0m
[0.088s] [35m[1mConsolidate compiler generated dependencies of target aruco_interfaces__rosidl_typesupport_c[0m
[0.090s] [35m[1mConsolidate compiler generated dependencies of target aruco_interfaces__rosidl_typesupport_introspection_cpp[0m
[0.093s] [35m[1mConsolidate compiler generated dependencies of target aruco_interfaces__rosidl_typesupport_fastrtps_c[0m
[0.110s] [ 22%] Built target aruco_interfaces__rosidl_typesupport_fastrtps_cpp
[0.110s] [ 32%] Built target aruco_interfaces__rosidl_typesupport_cpp
[0.113s] [ 41%] Built target aruco_interfaces__rosidl_typesupport_introspection_c
[0.120s] [ 51%] Built target aruco_interfaces__rosidl_typesupport_introspection_cpp
[0.120s] [ 61%] Built target aruco_interfaces__rosidl_typesupport_c
[0.120s] [ 70%] Built target aruco_interfaces__rosidl_typesupport_fastrtps_c
[0.147s] [ 70%] Built target aruco_interfaces
[0.167s] [ 74%] Built target aruco_interfaces__py
[0.176s] [35m[1mConsolidate compiler generated dependencies of target aruco_interfaces__rosidl_generator_py[0m
[0.191s] [ 80%] Built target aruco_interfaces__rosidl_generator_py
[0.202s] [35m[1mConsolidate compiler generated dependencies of target aruco_interfaces__rosidl_typesupport_c__pyext[0m
[0.202s] [35m[1mConsolidate compiler generated dependencies of target aruco_interfaces__rosidl_typesupport_fastrtps_c__pyext[0m
[0.202s] [35m[1mConsolidate compiler generated dependencies of target aruco_interfaces__rosidl_typesupport_introspection_c__pyext[0m
[0.214s] [ 96%] Built target aruco_interfaces__rosidl_typesupport_fastrtps_c__pyext
[0.214s] [ 96%] Built target aruco_interfaces__rosidl_typesupport_introspection_c__pyext
[0.214s] [100%] Built target aruco_interfaces__rosidl_typesupport_c__pyext
[0.322s] running egg_info
[0.337s] writing aruco_interfaces.egg-info/PKG-INFO
[0.338s] writing dependency_links to aruco_interfaces.egg-info/dependency_links.txt
[0.338s] writing top-level names to aruco_interfaces.egg-info/top_level.txt
[0.389s] reading manifest file 'aruco_interfaces.egg-info/SOURCES.txt'
[0.390s] writing manifest file 'aruco_interfaces.egg-info/SOURCES.txt'
[0.437s] [100%] Built target ament_cmake_python_build_aruco_interfaces_egg
[0.454s] Invoked command in '/home/acdl1/mj_ws/ws_px4_controls/build/aruco_interfaces' returned '0': CMAKE_PREFIX_PATH=/opt/ros/humble /usr/bin/cmake --build /home/acdl1/mj_ws/ws_px4_controls/build/aruco_interfaces -- -j16 -l16
[0.458s] Invoking command in '/home/acdl1/mj_ws/ws_px4_controls/build/aruco_interfaces': CMAKE_PREFIX_PATH=/opt/ros/humble /usr/bin/cmake --install /home/acdl1/mj_ws/ws_px4_controls/build/aruco_interfaces
[0.465s] -- Install configuration: ""
[0.465s] -- Up-to-date: /home/acdl1/mj_ws/ws_px4_controls/install/aruco_interfaces/share/ament_index/resource_index/rosidl_interfaces/aruco_interfaces
[0.465s] -- Up-to-date: /home/acdl1/mj_ws/ws_px4_controls/install/aruco_interfaces/include/aruco_interfaces/aruco_interfaces
[0.465s] -- Up-to-date: /home/acdl1/mj_ws/ws_px4_controls/install/aruco_interfaces/include/aruco_interfaces/aruco_interfaces/msg
[0.465s] -- Up-to-date: /home/acdl1/mj_ws/ws_px4_controls/install/aruco_interfaces/include/aruco_interfaces/aruco_interfaces/msg/rosidl_generator_c__visibility_control.h
[0.465s] -- Up-to-date: /home/acdl1/mj_ws/ws_px4_controls/install/aruco_interfaces/include/aruco_interfaces/aruco_interfaces/msg/detail
[0.465s] -- Up-to-date: /home/acdl1/mj_ws/ws_px4_controls/install/aruco_interfaces/include/aruco_interfaces/aruco_interfaces/msg/detail/marker_pose_id__functions.h
[0.465s] -- Up-to-date: /home/acdl1/mj_ws/ws_px4_controls/install/aruco_interfaces/include/aruco_interfaces/aruco_interfaces/msg/detail/marker_pose_id__functions.c
[0.466s] -- Up-to-date: /home/acdl1/mj_ws/ws_px4_controls/install/aruco_interfaces/include/aruco_interfaces/aruco_interfaces/msg/detail/marker_pose_id__struct.h
[0.466s] -- Up-to-date: /home/acdl1/mj_ws/ws_px4_controls/install/aruco_interfaces/include/aruco_interfaces/aruco_interfaces/msg/detail/marker_pose_id__type_support.h
[0.466s] -- Up-to-date: /home/acdl1/mj_ws/ws_px4_controls/install/aruco_interfaces/include/aruco_interfaces/aruco_interfaces/msg/marker_pose_id.h
[0.466s] -- Up-to-date: /home/acdl1/mj_ws/ws_px4_controls/install/aruco_interfaces/share/aruco_interfaces/environment/library_path.sh
[0.466s] -- Up-to-date: /home/acdl1/mj_ws/ws_px4_controls/install/aruco_interfaces/share/aruco_interfaces/environment/library_path.dsv
[0.466s] -- Up-to-date: /home/acdl1/mj_ws/ws_px4_controls/install/aruco_interfaces/lib/libaruco_interfaces__rosidl_generator_c.so
[0.466s] -- Up-to-date: /home/acdl1/mj_ws/ws_px4_controls/install/aruco_interfaces/include/aruco_interfaces/aruco_interfaces
[0.466s] -- Up-to-date: /home/acdl1/mj_ws/ws_px4_controls/install/aruco_interfaces/include/aruco_interfaces/aruco_interfaces/msg
[0.466s] -- Up-to-date: /home/acdl1/mj_ws/ws_px4_controls/install/aruco_interfaces/include/aruco_interfaces/aruco_interfaces/msg/rosidl_typesupport_fastrtps_c__visibility_control.h
[0.467s] -- Up-to-date: /home/acdl1/mj_ws/ws_px4_controls/install/aruco_interfaces/include/aruco_interfaces/aruco_interfaces/msg/detail
[0.467s] -- Up-to-date: /home/acdl1/mj_ws/ws_px4_controls/install/aruco_interfaces/include/aruco_interfaces/aruco_interfaces/msg/detail/marker_pose_id__rosidl_typesupport_fastrtps_c.h
[0.467s] -- Up-to-date: /home/acdl1/mj_ws/ws_px4_controls/install/aruco_interfaces/lib/libaruco_interfaces__rosidl_typesupport_fastrtps_c.so
[0.467s] -- Up-to-date: /home/acdl1/mj_ws/ws_px4_controls/install/aruco_interfaces/include/aruco_interfaces/aruco_interfaces
[0.468s] -- Up-to-date: /home/acdl1/mj_ws/ws_px4_controls/install/aruco_interfaces/include/aruco_interfaces/aruco_interfaces/msg
[0.468s] -- Up-to-date: /home/acdl1/mj_ws/ws_px4_controls/install/aruco_interfaces/include/aruco_interfaces/aruco_interfaces/msg/rosidl_generator_cpp__visibility_control.hpp
[0.468s] -- Up-to-date: /home/acdl1/mj_ws/ws_px4_controls/install/aruco_interfaces/include/aruco_interfaces/aruco_interfaces/msg/marker_pose_id.hpp
[0.468s] -- Up-to-date: /home/acdl1/mj_ws/ws_px4_controls/install/aruco_interfaces/include/aruco_interfaces/aruco_interfaces/msg/detail
[0.468s] -- Up-to-date: /home/acdl1/mj_ws/ws_px4_controls/install/aruco_interfaces/include/aruco_interfaces/aruco_interfaces/msg/detail/marker_pose_id__builder.hpp
[0.468s] -- Up-to-date: /home/acdl1/mj_ws/ws_px4_controls/install/aruco_interfaces/include/aruco_interfaces/aruco_interfaces/msg/detail/marker_pose_id__type_support.hpp
[0.468s] -- Up-to-date: /home/acdl1/mj_ws/ws_px4_controls/install/aruco_interfaces/include/aruco_interfaces/aruco_interfaces/msg/detail/marker_pose_id__struct.hpp
[0.468s] -- Up-to-date: /home/acdl1/mj_ws/ws_px4_controls/install/aruco_interfaces/include/aruco_interfaces/aruco_interfaces/msg/detail/marker_pose_id__traits.hpp
[0.468s] -- Up-to-date: /home/acdl1/mj_ws/ws_px4_controls/install/aruco_interfaces/include/aruco_interfaces/aruco_interfaces
[0.468s] -- Up-to-date: /home/acdl1/mj_ws/ws_px4_controls/install/aruco_interfaces/include/aruco_interfaces/aruco_interfaces/msg
[0.468s] -- Up-to-date: /home/acdl1/mj_ws/ws_px4_controls/install/aruco_interfaces/include/aruco_interfaces/aruco_interfaces/msg/rosidl_typesupport_fastrtps_cpp__visibility_control.h
[0.468s] -- Up-to-date: /home/acdl1/mj_ws/ws_px4_controls/install/aruco_interfaces/include/aruco_interfaces/aruco_interfaces/msg/detail
[0.469s] -- Up-to-date: /home/acdl1/mj_ws/ws_px4_controls/install/aruco_interfaces/include/aruco_interfaces/aruco_interfaces/msg/detail/dds_fastrtps
[0.469s] -- Up-to-date: /home/acdl1/mj_ws/ws_px4_controls/install/aruco_interfaces/include/aruco_interfaces/aruco_interfaces/msg/detail/marker_pose_id__rosidl_typesupport_fastrtps_cpp.hpp
[0.469s] -- Up-to-date: /home/acdl1/mj_ws/ws_px4_controls/install/aruco_interfaces/lib/libaruco_interfaces__rosidl_typesupport_fastrtps_cpp.so
[0.469s] -- Up-to-date: /home/acdl1/mj_ws/ws_px4_controls/install/aruco_interfaces/include/aruco_interfaces/aruco_interfaces
[0.469s] -- Up-to-date: /home/acdl1/mj_ws/ws_px4_controls/install/aruco_interfaces/include/aruco_interfaces/aruco_interfaces/msg
[0.469s] -- Up-to-date: /home/acdl1/mj_ws/ws_px4_controls/install/aruco_interfaces/include/aruco_interfaces/aruco_interfaces/msg/detail
[0.469s] -- Up-to-date: /home/acdl1/mj_ws/ws_px4_controls/install/aruco_interfaces/include/aruco_interfaces/aruco_interfaces/msg/detail/marker_pose_id__type_support.c
[0.469s] -- Up-to-date: /home/acdl1/mj_ws/ws_px4_controls/install/aruco_interfaces/include/aruco_interfaces/aruco_interfaces/msg/detail/marker_pose_id__rosidl_typesupport_introspection_c.h
[0.469s] -- Up-to-date: /home/acdl1/mj_ws/ws_px4_controls/install/aruco_interfaces/include/aruco_interfaces/aruco_interfaces/msg/rosidl_typesupport_introspection_c__visibility_control.h
[0.469s] -- Up-to-date: /home/acdl1/mj_ws/ws_px4_controls/install/aruco_interfaces/lib/libaruco_interfaces__rosidl_typesupport_introspection_c.so
[0.469s] -- Up-to-date: /home/acdl1/mj_ws/ws_px4_controls/install/aruco_interfaces/lib/libaruco_interfaces__rosidl_typesupport_c.so
[0.469s] -- Up-to-date: /home/acdl1/mj_ws/ws_px4_controls/install/aruco_interfaces/include/aruco_interfaces/aruco_interfaces
[0.469s] -- Up-to-date: /home/acdl1/mj_ws/ws_px4_controls/install/aruco_interfaces/include/aruco_interfaces/aruco_interfaces/msg
[0.469s] -- Up-to-date: /home/acdl1/mj_ws/ws_px4_controls/install/aruco_interfaces/include/aruco_interfaces/aruco_interfaces/msg/detail
[0.469s] -- Up-to-date: /home/acdl1/mj_ws/ws_px4_controls/install/aruco_interfaces/include/aruco_interfaces/aruco_interfaces/msg/detail/marker_pose_id__type_support.cpp
[0.470s] -- Up-to-date: /home/acdl1/mj_ws/ws_px4_controls/install/aruco_interfaces/include/aruco_interfaces/aruco_interfaces/msg/detail/marker_pose_id__rosidl_typesupport_introspection_cpp.hpp
[0.470s] -- Up-to-date: /home/acdl1/mj_ws/ws_px4_controls/install/aruco_interfaces/lib/libaruco_interfaces__rosidl_typesupport_introspection_cpp.so
[0.470s] -- Up-to-date: /home/acdl1/mj_ws/ws_px4_controls/install/aruco_interfaces/lib/libaruco_interfaces__rosidl_typesupport_cpp.so
[0.470s] -- Up-to-date: /home/acdl1/mj_ws/ws_px4_controls/install/aruco_interfaces/share/aruco_interfaces/environment/pythonpath.sh
[0.470s] -- Up-to-date: /home/acdl1/mj_ws/ws_px4_controls/install/aruco_interfaces/share/aruco_interfaces/environment/pythonpath.dsv
[0.470s] -- Up-to-date: /home/acdl1/mj_ws/ws_px4_controls/install/aruco_interfaces/local/lib/python3.10/dist-packages/aruco_interfaces-0.0.0-py3.10.egg-info
[0.470s] -- Installing: /home/acdl1/mj_ws/ws_px4_controls/install/aruco_interfaces/local/lib/python3.10/dist-packages/aruco_interfaces-0.0.0-py3.10.egg-info/SOURCES.txt
[0.470s] -- Installing: /home/acdl1/mj_ws/ws_px4_controls/install/aruco_interfaces/local/lib/python3.10/dist-packages/aruco_interfaces-0.0.0-py3.10.egg-info/PKG-INFO
[0.470s] -- Installing: /home/acdl1/mj_ws/ws_px4_controls/install/aruco_interfaces/local/lib/python3.10/dist-packages/aruco_interfaces-0.0.0-py3.10.egg-info/dependency_links.txt
[0.470s] -- Installing: /home/acdl1/mj_ws/ws_px4_controls/install/aruco_interfaces/local/lib/python3.10/dist-packages/aruco_interfaces-0.0.0-py3.10.egg-info/top_level.txt
[0.470s] -- Up-to-date: /home/acdl1/mj_ws/ws_px4_controls/install/aruco_interfaces/local/lib/python3.10/dist-packages/aruco_interfaces
[0.471s] -- Up-to-date: /home/acdl1/mj_ws/ws_px4_controls/install/aruco_interfaces/local/lib/python3.10/dist-packages/aruco_interfaces/msg
[0.471s] -- Up-to-date: /home/acdl1/mj_ws/ws_px4_controls/install/aruco_interfaces/local/lib/python3.10/dist-packages/aruco_interfaces/msg/_marker_pose_id.py
[0.471s] -- Up-to-date: /home/acdl1/mj_ws/ws_px4_controls/install/aruco_interfaces/local/lib/python3.10/dist-packages/aruco_interfaces/msg/_marker_pose_id_s.c
[0.471s] -- Up-to-date: /home/acdl1/mj_ws/ws_px4_controls/install/aruco_interfaces/local/lib/python3.10/dist-packages/aruco_interfaces/msg/__init__.py
[0.471s] -- Up-to-date: /home/acdl1/mj_ws/ws_px4_controls/install/aruco_interfaces/local/lib/python3.10/dist-packages/aruco_interfaces/aruco_interfaces_s__rosidl_typesupport_c.cpython-310-x86_64-linux-gnu.so
[0.471s] -- Up-to-date: /home/acdl1/mj_ws/ws_px4_controls/install/aruco_interfaces/local/lib/python3.10/dist-packages/aruco_interfaces/libaruco_interfaces__rosidl_generator_py.so
[0.471s] -- Up-to-date: /home/acdl1/mj_ws/ws_px4_controls/install/aruco_interfaces/local/lib/python3.10/dist-packages/aruco_interfaces/aruco_interfaces_s__rosidl_typesupport_fastrtps_c.cpython-310-x86_64-linux-gnu.so
[0.471s] -- Up-to-date: /home/acdl1/mj_ws/ws_px4_controls/install/aruco_interfaces/local/lib/python3.10/dist-packages/aruco_interfaces/_aruco_interfaces_s.ep.rosidl_typesupport_c.c
[0.471s] -- Up-to-date: /home/acdl1/mj_ws/ws_px4_controls/install/aruco_interfaces/local/lib/python3.10/dist-packages/aruco_interfaces/aruco_interfaces_s__rosidl_typesupport_introspection_c.cpython-310-x86_64-linux-gnu.so
[0.471s] -- Up-to-date: /home/acdl1/mj_ws/ws_px4_controls/install/aruco_interfaces/local/lib/python3.10/dist-packages/aruco_interfaces/_aruco_interfaces_s.ep.rosidl_typesupport_introspection_c.c
[0.471s] -- Up-to-date: /home/acdl1/mj_ws/ws_px4_controls/install/aruco_interfaces/local/lib/python3.10/dist-packages/aruco_interfaces/_aruco_interfaces_s.ep.rosidl_typesupport_fastrtps_c.c
[0.471s] -- Up-to-date: /home/acdl1/mj_ws/ws_px4_controls/install/aruco_interfaces/local/lib/python3.10/dist-packages/aruco_interfaces/__init__.py
[0.501s] Listing '/home/acdl1/mj_ws/ws_px4_controls/install/aruco_interfaces/local/lib/python3.10/dist-packages/aruco_interfaces'...
[0.502s] Listing '/home/acdl1/mj_ws/ws_px4_controls/install/aruco_interfaces/local/lib/python3.10/dist-packages/aruco_interfaces/msg'...
[0.516s] -- Up-to-date: /home/acdl1/mj_ws/ws_px4_controls/install/aruco_interfaces/local/lib/python3.10/dist-packages/aruco_interfaces/aruco_interfaces_s__rosidl_typesupport_fastrtps_c.cpython-310-x86_64-linux-gnu.so
[0.516s] -- Up-to-date: /home/acdl1/mj_ws/ws_px4_controls/install/aruco_interfaces/local/lib/python3.10/dist-packages/aruco_interfaces/aruco_interfaces_s__rosidl_typesupport_introspection_c.cpython-310-x86_64-linux-gnu.so
[0.516s] -- Up-to-date: /home/acdl1/mj_ws/ws_px4_controls/install/aruco_interfaces/local/lib/python3.10/dist-packages/aruco_interfaces/aruco_interfaces_s__rosidl_typesupport_c.cpython-310-x86_64-linux-gnu.so
[0.517s] -- Up-to-date: /home/acdl1/mj_ws/ws_px4_controls/install/aruco_interfaces/lib/libaruco_interfaces__rosidl_generator_py.so
[0.517s] -- Up-to-date: /home/acdl1/mj_ws/ws_px4_controls/install/aruco_interfaces/share/aruco_interfaces/msg/MarkerPoseId.idl
[0.517s] -- Up-to-date: /home/acdl1/mj_ws/ws_px4_controls/install/aruco_interfaces/share/aruco_interfaces/msg/MarkerPoseId.msg
[0.517s] -- Up-to-date: /home/acdl1/mj_ws/ws_px4_controls/install/aruco_interfaces/share/ament_index/resource_index/package_run_dependencies/aruco_interfaces
[0.517s] -- Up-to-date: /home/acdl1/mj_ws/ws_px4_controls/install/aruco_interfaces/share/ament_index/resource_index/parent_prefix_path/aruco_interfaces
[0.518s] -- Up-to-date: /home/acdl1/mj_ws/ws_px4_controls/install/aruco_interfaces/share/aruco_interfaces/environment/ament_prefix_path.sh
[0.518s] -- Up-to-date: /home/acdl1/mj_ws/ws_px4_controls/install/aruco_interfaces/share/aruco_interfaces/environment/ament_prefix_path.dsv
[0.518s] -- Up-to-date: /home/acdl1/mj_ws/ws_px4_controls/install/aruco_interfaces/share/aruco_interfaces/environment/path.sh
[0.518s] -- Up-to-date: /home/acdl1/mj_ws/ws_px4_controls/install/aruco_interfaces/share/aruco_interfaces/environment/path.dsv
[0.519s] -- Up-to-date: /home/acdl1/mj_ws/ws_px4_controls/install/aruco_interfaces/share/aruco_interfaces/local_setup.bash
[0.519s] -- Up-to-date: /home/acdl1/mj_ws/ws_px4_controls/install/aruco_interfaces/share/aruco_interfaces/local_setup.sh
[0.519s] -- Up-to-date: /home/acdl1/mj_ws/ws_px4_controls/install/aruco_interfaces/share/aruco_interfaces/local_setup.zsh
[0.519s] -- Up-to-date: /home/acdl1/mj_ws/ws_px4_controls/install/aruco_interfaces/share/aruco_interfaces/local_setup.dsv
[0.519s] -- Installing: /home/acdl1/mj_ws/ws_px4_controls/install/aruco_interfaces/share/aruco_interfaces/package.dsv
[0.519s] -- Up-to-date: /home/acdl1/mj_ws/ws_px4_controls/install/aruco_interfaces/share/ament_index/resource_index/packages/aruco_interfaces
[0.519s] -- Up-to-date: /home/acdl1/mj_ws/ws_px4_controls/install/aruco_interfaces/share/aruco_interfaces/cmake/export_aruco_interfaces__rosidl_generator_cExport.cmake
[0.519s] -- Up-to-date: /home/acdl1/mj_ws/ws_px4_controls/install/aruco_interfaces/share/aruco_interfaces/cmake/export_aruco_interfaces__rosidl_generator_cExport-noconfig.cmake
[0.519s] -- Up-to-date: /home/acdl1/mj_ws/ws_px4_controls/install/aruco_interfaces/share/aruco_interfaces/cmake/export_aruco_interfaces__rosidl_typesupport_fastrtps_cExport.cmake
[0.520s] -- Up-to-date: /home/acdl1/mj_ws/ws_px4_controls/install/aruco_interfaces/share/aruco_interfaces/cmake/export_aruco_interfaces__rosidl_typesupport_fastrtps_cExport-noconfig.cmake
[0.520s] -- Up-to-date: /home/acdl1/mj_ws/ws_px4_controls/install/aruco_interfaces/share/aruco_interfaces/cmake/export_aruco_interfaces__rosidl_generator_cppExport.cmake
[0.521s] -- Up-to-date: /home/acdl1/mj_ws/ws_px4_controls/install/aruco_interfaces/share/aruco_interfaces/cmake/export_aruco_interfaces__rosidl_typesupport_fastrtps_cppExport.cmake
[0.521s] -- Up-to-date: /home/acdl1/mj_ws/ws_px4_controls/install/aruco_interfaces/share/aruco_interfaces/cmake/export_aruco_interfaces__rosidl_typesupport_fastrtps_cppExport-noconfig.cmake
[0.521s] -- Up-to-date: /home/acdl1/mj_ws/ws_px4_controls/install/aruco_interfaces/share/aruco_interfaces/cmake/aruco_interfaces__rosidl_typesupport_introspection_cExport.cmake
[0.521s] -- Up-to-date: /home/acdl1/mj_ws/ws_px4_controls/install/aruco_interfaces/share/aruco_interfaces/cmake/aruco_interfaces__rosidl_typesupport_introspection_cExport-noconfig.cmake
[0.521s] -- Up-to-date: /home/acdl1/mj_ws/ws_px4_controls/install/aruco_interfaces/share/aruco_interfaces/cmake/aruco_interfaces__rosidl_typesupport_cExport.cmake
[0.521s] -- Up-to-date: /home/acdl1/mj_ws/ws_px4_controls/install/aruco_interfaces/share/aruco_interfaces/cmake/aruco_interfaces__rosidl_typesupport_cExport-noconfig.cmake
[0.521s] -- Up-to-date: /home/acdl1/mj_ws/ws_px4_controls/install/aruco_interfaces/share/aruco_interfaces/cmake/aruco_interfaces__rosidl_typesupport_introspection_cppExport.cmake
[0.521s] -- Up-to-date: /home/acdl1/mj_ws/ws_px4_controls/install/aruco_interfaces/share/aruco_interfaces/cmake/aruco_interfaces__rosidl_typesupport_introspection_cppExport-noconfig.cmake
[0.521s] -- Up-to-date: /home/acdl1/mj_ws/ws_px4_controls/install/aruco_interfaces/share/aruco_interfaces/cmake/aruco_interfaces__rosidl_typesupport_cppExport.cmake
[0.522s] -- Up-to-date: /home/acdl1/mj_ws/ws_px4_controls/install/aruco_interfaces/share/aruco_interfaces/cmake/aruco_interfaces__rosidl_typesupport_cppExport-noconfig.cmake
[0.522s] -- Up-to-date: /home/acdl1/mj_ws/ws_px4_controls/install/aruco_interfaces/share/aruco_interfaces/cmake/export_aruco_interfaces__rosidl_generator_pyExport.cmake
[0.522s] -- Up-to-date: /home/acdl1/mj_ws/ws_px4_controls/install/aruco_interfaces/share/aruco_interfaces/cmake/export_aruco_interfaces__rosidl_generator_pyExport-noconfig.cmake
[0.522s] -- Up-to-date: /home/acdl1/mj_ws/ws_px4_controls/install/aruco_interfaces/share/aruco_interfaces/cmake/rosidl_cmake-extras.cmake
[0.522s] -- Up-to-date: /home/acdl1/mj_ws/ws_px4_controls/install/aruco_interfaces/share/aruco_interfaces/cmake/ament_cmake_export_dependencies-extras.cmake
[0.522s] -- Up-to-date: /home/acdl1/mj_ws/ws_px4_controls/install/aruco_interfaces/share/aruco_interfaces/cmake/ament_cmake_export_include_directories-extras.cmake
[0.522s] -- Up-to-date: /home/acdl1/mj_ws/ws_px4_controls/install/aruco_interfaces/share/aruco_interfaces/cmake/ament_cmake_export_libraries-extras.cmake
[0.522s] -- Up-to-date: /home/acdl1/mj_ws/ws_px4_controls/install/aruco_interfaces/share/aruco_interfaces/cmake/ament_cmake_export_targets-extras.cmake
[0.522s] -- Up-to-date: /home/acdl1/mj_ws/ws_px4_controls/install/aruco_interfaces/share/aruco_interfaces/cmake/rosidl_cmake_export_typesupport_targets-extras.cmake
[0.522s] -- Up-to-date: /home/acdl1/mj_ws/ws_px4_controls/install/aruco_interfaces/share/aruco_interfaces/cmake/rosidl_cmake_export_typesupport_libraries-extras.cmake
[0.522s] -- Up-to-date: /home/acdl1/mj_ws/ws_px4_controls/install/aruco_interfaces/share/aruco_interfaces/cmake/aruco_interfacesConfig.cmake
[0.522s] -- Up-to-date: /home/acdl1/mj_ws/ws_px4_controls/install/aruco_interfaces/share/aruco_interfaces/cmake/aruco_interfacesConfig-version.cmake
[0.522s] -- Up-to-date: /home/acdl1/mj_ws/ws_px4_controls/install/aruco_interfaces/share/aruco_interfaces/package.xml
[0.531s] Invoked command in '/home/acdl1/mj_ws/ws_px4_controls/build/aruco_interfaces' returned '0': CMAKE_PREFIX_PATH=/opt/ros/humble /usr/bin/cmake --install /home/acdl1/mj_ws/ws_px4_controls/build/aruco_interfaces
