[35m[1mConsolidate compiler generated dependencies of target offboard_control_node[0m
[35m[1mConsolidate compiler generated dependencies of target pose_to_tf_broadcaster[0m
[ 16%] [32mBuilding CXX object CMakeFiles/uav_controller.dir/src/uav_controller.cpp.o[0m
[ 50%] Built target offboard_control_node
[ 83%] Built target pose_to_tf_broadcaster
[01m[K/home/jmj/pro_asp_ws/ws_px4_controls/src/uav_controller_pkg/src/uav_controller.cpp:83:26:[m[K [01;31m[Kerror: [m[K‘[01m[Kmulti_tracker[m[K’ was not declared in this scope
   83 |     rclcpp::Subscription<[01;31m[Kmulti_tracker[m[K::msg::MarkerPoseId>::SharedPtr marker_sub_;
      |                          [01;31m[K^~~~~~~~~~~~~[m[K
[01m[K/home/jmj/pro_asp_ws/ws_px4_controls/src/uav_controller_pkg/src/uav_controller.cpp:83:58:[m[K [01;31m[Kerror: [m[Ktemplate argument 1 is invalid
   83 |     rclcpp::Subscription<multi_tracker::msg::MarkerPoseId[01;31m[K>[m[K::SharedPtr marker_sub_;
      |                                                          [01;31m[K^[m[K
[01m[K/home/jmj/pro_asp_ws/ws_px4_controls/src/uav_controller_pkg/src/uav_controller.cpp:83:58:[m[K [01;31m[Kerror: [m[Ktemplate argument 3 is invalid
[01m[K/home/jmj/pro_asp_ws/ws_px4_controls/src/uav_controller_pkg/src/uav_controller.cpp:83:58:[m[K [01;31m[Kerror: [m[Ktemplate argument 4 is invalid
[01m[K/home/jmj/pro_asp_ws/ws_px4_controls/src/uav_controller_pkg/src/uav_controller.cpp:83:58:[m[K [01;31m[Kerror: [m[Ktemplate argument 5 is invalid
[01m[K/home/jmj/pro_asp_ws/ws_px4_controls/src/uav_controller_pkg/src/uav_controller.cpp:83:61:[m[K [01;31m[Kerror: [m[Kexpected ‘[01m[K;[m[K’ at end of member declaration
   83 |     rclcpp::Subscription<multi_tracker::msg::MarkerPoseId>::[01;31m[KSharedPtr[m[K marker_sub_;
      |                                                             [01;31m[K^~~~~~~~~[m[K
      |                                                                      [32m[K;[m[K
[01m[K/home/jmj/pro_asp_ws/ws_px4_controls/src/uav_controller_pkg/src/uav_controller.cpp:83:71:[m[K [01;31m[Kerror: [m[K‘[01m[Kmarker_sub_[m[K’ does not name a type
   83 |     rclcpp::Subscription<multi_tracker::msg::MarkerPoseId>::SharedPtr [01;31m[Kmarker_sub_[m[K;
      |                                                                       [01;31m[K^~~~~~~~~~~[m[K
[01m[K/home/jmj/pro_asp_ws/ws_px4_controls/src/uav_controller_pkg/src/uav_controller.cpp:191:32:[m[K [01;31m[Kerror: [m[K‘[01m[Kmulti_tracker[m[K’ does not name a type
  191 |     void aruco_marker_cb(const [01;31m[Kmulti_tracker[m[K::msg::MarkerPoseId::SharedPtr msg)
      |                                [01;31m[K^~~~~~~~~~~~~[m[K
[01m[K/home/jmj/pro_asp_ws/ws_px4_controls/src/uav_controller_pkg/src/uav_controller.cpp:191:50:[m[K [01;31m[Kerror: [m[Kexpected unqualified-id before ‘[01m[K::[m[K’ token
  191 |     void aruco_marker_cb(const multi_tracker::msg[01;31m[K::[m[KMarkerPoseId::SharedPtr msg)
      |                                                  [01;31m[K^~[m[K
[01m[K/home/jmj/pro_asp_ws/ws_px4_controls/src/uav_controller_pkg/src/uav_controller.cpp:191:50:[m[K [01;31m[Kerror: [m[Kexpected ‘[01m[K)[m[K’ before ‘[01m[K::[m[K’ token
  191 |     void aruco_marker_cb[34m[K([m[Kconst multi_tracker::msg[01;31m[K:[m[K[32m[K:[m[KMarkerPoseId::SharedPtr msg)
      |                         [34m[K~[m[K                        [01;31m[K^[m[K[32m[K~[m[K
      |                                                  [32m[K)[m[K
[01m[K/home/jmj/pro_asp_ws/ws_px4_controls/src/uav_controller_pkg/src/uav_controller.cpp:191:47:[m[K [01;31m[Kerror: [m[Kexpected ‘[01m[K;[m[K’ at end of member declaration
  191 |     void aruco_marker_cb(const multi_tracker::[01;31m[Kmsg[m[K::MarkerPoseId::SharedPtr msg)
      |                                               [01;31m[K^~~[m[K
      |                                                  [32m[K;[m[K
[01m[K/home/jmj/pro_asp_ws/ws_px4_controls/src/uav_controller_pkg/src/uav_controller.cpp:191:52:[m[K [01;31m[Kerror: [m[K‘[01m[KMarkerPoseId[m[K’ in namespace ‘[01m[K::[m[K’ does not name a type
  191 |     void aruco_marker_cb(const multi_tracker::msg::[01;31m[KMarkerPoseId[m[K::SharedPtr msg)
      |                                                    [01;31m[K^~~~~~~~~~~~[m[K
[01m[K/home/jmj/pro_asp_ws/ws_px4_controls/src/uav_controller_pkg/src/uav_controller.cpp:[m[K In constructor ‘[01m[KUavController::UavController()[m[K’:
[01m[K/home/jmj/pro_asp_ws/ws_px4_controls/src/uav_controller_pkg/src/uav_controller.cpp:54:9:[m[K [01;31m[Kerror: [m[K‘[01m[Kmarker_sub_[m[K’ was not declared in this scope
   54 |         [01;31m[Kmarker_sub_[m[K = create_subscription<multi_tracker::msg::MarkerPoseId>(
      |         [01;31m[K^~~~~~~~~~~[m[K
[01m[K/home/jmj/pro_asp_ws/ws_px4_controls/src/uav_controller_pkg/src/uav_controller.cpp:54:43:[m[K [01;31m[Kerror: [m[K‘[01m[Kmulti_tracker[m[K’ was not declared in this scope
   54 |         marker_sub_ = create_subscription<[01;31m[Kmulti_tracker[m[K::msg::MarkerPoseId>(
      |                                           [01;31m[K^~~~~~~~~~~~~[m[K
[01m[K/home/jmj/pro_asp_ws/ws_px4_controls/src/uav_controller_pkg/src/uav_controller.cpp:54:23:[m[K [01;31m[Kerror: [m[Kparse error in template argument list
   54 |         marker_sub_ = [01;31m[Kcreate_subscription<multi_tracker::msg::MarkerPoseId>[m[K(
      |                       [01;31m[K^~~~~~~~~~~~~~~~~~~~~~~~~~~~~~~~~~~~~~~~~~~~~~~~~~~~~[m[K
[01m[K/home/jmj/pro_asp_ws/ws_px4_controls/src/uav_controller_pkg/src/uav_controller.cpp:54:76:[m[K [01;31m[Kerror: [m[Kno matching function for call to ‘[01m[KUavController::create_subscription<<expression error> >(const char [13], rclcpp::QoS&, std::_Bind_helper<false, void (UavController::*)(...), UavController*, const std::_Placeholder<1>&>::type)[m[K’
   54 |         marker_sub_ = [01;31m[Kcreate_subscription<multi_tracker::msg::MarkerPoseId>([m[K
      |                       [01;31m[K~~~~~~~~~~~~~~~~~~~~~~~~~~~~~~~~~~~~~~~~~~~~~~~~~~~~~^[m[K
   55 | [01;31m[K        "/x500/target", pose_qos, // pose_qos는 적절히 정의되어 있다고 가정[m[K
      |         [01;31m[K~~~~~~~~~~~~~~~~~~~~~~~~~~~~~~~~~~~~~~~~~~~~~~~~~~~~~~~~~~~~~~~~~~~[m[K 
   56 | [01;31m[K        std::bind(&UavController::aruco_marker_cb, this, std::placeholders::_1))[m[K; // 추가
      |         [01;31m[K~~~~~~~~~~~~~~~~~~~~~~~~~~~~~~~~~~~~~~~~~~~~~~~~~~~~~~~~~~~~~~~~~~~~~~~~[m[K
In file included from [01m[K/opt/ros/humble/include/rclcpp/rclcpp/executors/single_threaded_executor.hpp:28[m[K,
                 from [01m[K/opt/ros/humble/include/rclcpp/rclcpp/executors.hpp:22[m[K,
                 from [01m[K/opt/ros/humble/include/rclcpp/rclcpp/rclcpp.hpp:155[m[K,
                 from [01m[K/home/jmj/pro_asp_ws/ws_px4_controls/src/uav_controller_pkg/src/uav_controller.cpp:11[m[K:
[01m[K/opt/ros/humble/include/rclcpp/rclcpp/node.hpp:219:3:[m[K [01;36m[Knote: [m[Kcandidate: ‘[01m[Ktemplate<class MessageT, class CallbackT, class AllocatorT, class SubscriptionT, class MessageMemoryStrategyT> std::shared_ptr<ROSMessageT> rclcpp::Node::create_subscription(const string&, const rclcpp::QoS&, CallbackT&&, const rclcpp::SubscriptionOptionsWithAllocator<AllocatorT>&, typename MessageMemoryStrategyT::SharedPtr)[m[K’
  219 |   [01;36m[Kcreate_subscription[m[K(
      |   [01;36m[K^~~~~~~~~~~~~~~~~~~[m[K
[01m[K/opt/ros/humble/include/rclcpp/rclcpp/node.hpp:219:3:[m[K [01;36m[Knote: [m[K  template argument deduction/substitution failed:
[01m[K/home/jmj/pro_asp_ws/ws_px4_controls/src/uav_controller_pkg/src/uav_controller.cpp:54:76:[m[K [01;31m[Kerror: [m[Ktemplate argument 1 is invalid
   54 |         marker_sub_ = [01;31m[Kcreate_subscription<multi_tracker::msg::MarkerPoseId>([m[K
      |                       [01;31m[K~~~~~~~~~~~~~~~~~~~~~~~~~~~~~~~~~~~~~~~~~~~~~~~~~~~~~^[m[K
   55 | [01;31m[K        "/x500/target", pose_qos, // pose_qos는 적절히 정의되어 있다고 가정[m[K
      |         [01;31m[K~~~~~~~~~~~~~~~~~~~~~~~~~~~~~~~~~~~~~~~~~~~~~~~~~~~~~~~~~~~~~~~~~~~[m[K 
   56 | [01;31m[K        std::bind(&UavController::aruco_marker_cb, this, std::placeholders::_1))[m[K; // 추가
      |         [01;31m[K~~~~~~~~~~~~~~~~~~~~~~~~~~~~~~~~~~~~~~~~~~~~~~~~~~~~~~~~~~~~~~~~~~~~~~~~[m[K
gmake[2]: *** [CMakeFiles/uav_controller.dir/build.make:76: CMakeFiles/uav_controller.dir/src/uav_controller.cpp.o] Error 1
gmake[1]: *** [CMakeFiles/Makefile2:167: CMakeFiles/uav_controller.dir/all] Error 2
gmake: *** [Makefile:146: all] Error 2
