[0.018s] Invoking command in '/home/acdl1/competition_ws/ws_px4_controls/build/drone_takeoff_pub': CMAKE_PREFIX_PATH=${CMAKE_PREFIX_PATH}:/opt/ros/humble /usr/bin/cmake /home/acdl1/competition_ws/ws_px4_controls/src/ugv_ws/src/drone_takeoff_pub -DCMAKE_INSTALL_PREFIX=/home/acdl1/competition_ws/ws_px4_controls/install/drone_takeoff_pub
[0.061s] -- The C compiler identification is GNU 11.4.0
[0.101s] -- The CXX compiler identification is GNU 11.4.0
[0.106s] -- Detecting C compiler ABI info
[0.156s] -- Detecting C compiler ABI info - done
[0.161s] -- Check for working C compiler: /usr/bin/cc - skipped
[0.161s] -- Detecting C compile features
[0.162s] -- Detecting C compile features - done
[0.164s] -- Detecting CXX compiler ABI info
[0.223s] -- Detecting CXX compiler ABI info - done
[0.229s] -- Check for working CXX compiler: /usr/bin/c++ - skipped
[0.229s] -- Detecting CXX compile features
[0.229s] -- Detecting CXX compile features - done
[0.231s] -- Found ament_cmake: 1.3.11 (/opt/ros/humble/share/ament_cmake/cmake)
[0.559s] -- Found Python3: /usr/bin/python3 (found version "3.10.12") found components: Interpreter 
[0.644s] -- Found rclcpp: 16.0.12 (/opt/ros/humble/share/rclcpp/cmake)
[0.674s] -- Found rosidl_generator_c: 3.1.6 (/opt/ros/humble/share/rosidl_generator_c/cmake)
[0.677s] -- Found rosidl_adapter: 3.1.6 (/opt/ros/humble/share/rosidl_adapter/cmake)
[0.682s] -- Found rosidl_generator_cpp: 3.1.6 (/opt/ros/humble/share/rosidl_generator_cpp/cmake)
[0.690s] -- Using all available rosidl_typesupport_c: rosidl_typesupport_fastrtps_c;rosidl_typesupport_introspection_c
[0.701s] -- Using all available rosidl_typesupport_cpp: rosidl_typesupport_fastrtps_cpp;rosidl_typesupport_introspection_cpp
[0.731s] -- Found rmw_implementation_cmake: 6.1.2 (/opt/ros/humble/share/rmw_implementation_cmake/cmake)
[0.732s] -- Found rmw_fastrtps_cpp: 6.2.7 (/opt/ros/humble/share/rmw_fastrtps_cpp/cmake)
[0.787s] -- Found OpenSSL: /usr/lib/x86_64-linux-gnu/libcrypto.so (found version "3.0.2")  
[0.807s] -- Found FastRTPS: /opt/ros/humble/include  
[0.837s] -- Using RMW implementation 'rmw_fastrtps_cpp' as default
[0.843s] -- Looking for pthread.h
[0.889s] -- Looking for pthread.h - found
[0.890s] -- Performing Test CMAKE_HAVE_LIBC_PTHREAD
[0.941s] -- Performing Test CMAKE_HAVE_LIBC_PTHREAD - Success
[0.942s] -- Found Threads: TRUE  
[1.056s] -- Configuring done
[1.065s] -- Generating done
[1.069s] -- Build files have been written to: /home/acdl1/competition_ws/ws_px4_controls/build/drone_takeoff_pub
[1.081s] Invoked command in '/home/acdl1/competition_ws/ws_px4_controls/build/drone_takeoff_pub' returned '0': CMAKE_PREFIX_PATH=${CMAKE_PREFIX_PATH}:/opt/ros/humble /usr/bin/cmake /home/acdl1/competition_ws/ws_px4_controls/src/ugv_ws/src/drone_takeoff_pub -DCMAKE_INSTALL_PREFIX=/home/acdl1/competition_ws/ws_px4_controls/install/drone_takeoff_pub
[1.082s] Invoking command in '/home/acdl1/competition_ws/ws_px4_controls/build/drone_takeoff_pub': CMAKE_PREFIX_PATH=${CMAKE_PREFIX_PATH}:/opt/ros/humble /usr/bin/cmake --build /home/acdl1/competition_ws/ws_px4_controls/build/drone_takeoff_pub -- -j16 -l16
[1.118s] [ 50%] [32mBuilding CXX object CMakeFiles/drone_takeoff_pub.dir/src/drone_takeoff_pub.cpp.o[0m
[7.772s] [100%] [32m[1mLinking CXX executable drone_takeoff_pub[0m
[8.115s] [100%] Built target drone_takeoff_pub
[8.140s] Invoked command in '/home/acdl1/competition_ws/ws_px4_controls/build/drone_takeoff_pub' returned '0': CMAKE_PREFIX_PATH=${CMAKE_PREFIX_PATH}:/opt/ros/humble /usr/bin/cmake --build /home/acdl1/competition_ws/ws_px4_controls/build/drone_takeoff_pub -- -j16 -l16
[8.141s] Invoking command in '/home/acdl1/competition_ws/ws_px4_controls/build/drone_takeoff_pub': CMAKE_PREFIX_PATH=${CMAKE_PREFIX_PATH}:/opt/ros/humble /usr/bin/cmake --install /home/acdl1/competition_ws/ws_px4_controls/build/drone_takeoff_pub
[8.151s] -- Install configuration: ""
[8.151s] -- Installing: /home/acdl1/competition_ws/ws_px4_controls/install/drone_takeoff_pub/lib/drone_takeoff_pub/drone_takeoff_pub
[8.152s] -- Set runtime path of "/home/acdl1/competition_ws/ws_px4_controls/install/drone_takeoff_pub/lib/drone_takeoff_pub/drone_takeoff_pub" to ""
[8.152s] -- Installing: /home/acdl1/competition_ws/ws_px4_controls/install/drone_takeoff_pub/share/ament_index/resource_index/package_run_dependencies/drone_takeoff_pub
[8.152s] -- Installing: /home/acdl1/competition_ws/ws_px4_controls/install/drone_takeoff_pub/share/ament_index/resource_index/parent_prefix_path/drone_takeoff_pub
[8.152s] -- Installing: /home/acdl1/competition_ws/ws_px4_controls/install/drone_takeoff_pub/share/drone_takeoff_pub/environment/ament_prefix_path.sh
[8.153s] -- Installing: /home/acdl1/competition_ws/ws_px4_controls/install/drone_takeoff_pub/share/drone_takeoff_pub/environment/ament_prefix_path.dsv
[8.153s] -- Installing: /home/acdl1/competition_ws/ws_px4_controls/install/drone_takeoff_pub/share/drone_takeoff_pub/environment/path.sh
[8.153s] -- Installing: /home/acdl1/competition_ws/ws_px4_controls/install/drone_takeoff_pub/share/drone_takeoff_pub/environment/path.dsv
[8.153s] -- Installing: /home/acdl1/competition_ws/ws_px4_controls/install/drone_takeoff_pub/share/drone_takeoff_pub/local_setup.bash
[8.153s] -- Installing: /home/acdl1/competition_ws/ws_px4_controls/install/drone_takeoff_pub/share/drone_takeoff_pub/local_setup.sh
[8.153s] -- Installing: /home/acdl1/competition_ws/ws_px4_controls/install/drone_takeoff_pub/share/drone_takeoff_pub/local_setup.zsh
[8.153s] -- Installing: /home/acdl1/competition_ws/ws_px4_controls/install/drone_takeoff_pub/share/drone_takeoff_pub/local_setup.dsv
[8.160s] -- Installing: /home/acdl1/competition_ws/ws_px4_controls/install/drone_takeoff_pub/share/drone_takeoff_pub/package.dsv
[8.160s] -- Installing: /home/acdl1/competition_ws/ws_px4_controls/install/drone_takeoff_pub/share/ament_index/resource_index/packages/drone_takeoff_pub
[8.160s] -- Installing: /home/acdl1/competition_ws/ws_px4_controls/install/drone_takeoff_pub/share/drone_takeoff_pub/cmake/drone_takeoff_pubConfig.cmake
[8.161s] -- Installing: /home/acdl1/competition_ws/ws_px4_controls/install/drone_takeoff_pub/share/drone_takeoff_pub/cmake/drone_takeoff_pubConfig-version.cmake
[8.161s] -- Installing: /home/acdl1/competition_ws/ws_px4_controls/install/drone_takeoff_pub/share/drone_takeoff_pub/package.xml
[8.164s] Invoked command in '/home/acdl1/competition_ws/ws_px4_controls/build/drone_takeoff_pub' returned '0': CMAKE_PREFIX_PATH=${CMAKE_PREFIX_PATH}:/opt/ros/humble /usr/bin/cmake --install /home/acdl1/competition_ws/ws_px4_controls/build/drone_takeoff_pub
